[1.514s] Invoking command in '/home/a/Solving-Maze/src/mazeSolve_pkg': DEBUGINFOD_URLS=https://debuginfod.ubuntu.com PYTHONPATH=/home/a/Solving-Maze/build/mazeSolve_pkg/prefix_override:/usr/lib/python3/dist-packages/colcon_core/task/python/colcon_distutils_commands:/home/a/Solving-Maze/install/mazeSolve_pkg/lib/python3.12/site-packages:${PYTHONPATH} /usr/bin/python3 -W ignore:setup.py install is deprecated -W ignore:easy_install command is deprecated setup.py egg_info --egg-base ../../build/mazeSolve_pkg build --build-base /home/a/Solving-Maze/build/mazeSolve_pkg/build install --record /home/a/Solving-Maze/build/mazeSolve_pkg/install.log --install-scripts $base/lib/mazeSolve_pkg --single-version-externally-managed install_data
[1.808s] running egg_info
[1.809s] creating ../../build/mazeSolve_pkg/mazeSolve_pkg.egg-info
[1.832s] writing ../../build/mazeSolve_pkg/mazeSolve_pkg.egg-info/PKG-INFO
[1.832s] writing dependency_links to ../../build/mazeSolve_pkg/mazeSolve_pkg.egg-info/dependency_links.txt
[1.832s] writing requirements to ../../build/mazeSolve_pkg/mazeSolve_pkg.egg-info/requires.txt
[1.832s] writing top-level names to ../../build/mazeSolve_pkg/mazeSolve_pkg.egg-info/top_level.txt
[1.833s] writing manifest file '../../build/mazeSolve_pkg/mazeSolve_pkg.egg-info/SOURCES.txt'
[1.875s] reading manifest file '../../build/mazeSolve_pkg/mazeSolve_pkg.egg-info/SOURCES.txt'
[1.876s] writing manifest file '../../build/mazeSolve_pkg/mazeSolve_pkg.egg-info/SOURCES.txt'
[1.876s] running build
[1.876s] running build_py
[1.876s] creating /home/a/Solving-Maze/build/mazeSolve_pkg/build
[1.876s] creating /home/a/Solving-Maze/build/mazeSolve_pkg/build/lib
[1.876s] creating /home/a/Solving-Maze/build/mazeSolve_pkg/build/lib/mazeSolve_pkg
[1.876s] copying mazeSolve_pkg/move_x_server.py -> /home/a/Solving-Maze/build/mazeSolve_pkg/build/lib/mazeSolve_pkg
[1.877s] copying mazeSolve_pkg/yaw_client.py -> /home/a/Solving-Maze/build/mazeSolve_pkg/build/lib/mazeSolve_pkg
[1.877s] copying mazeSolve_pkg/__init__.py -> /home/a/Solving-Maze/build/mazeSolve_pkg/build/lib/mazeSolve_pkg
[1.877s] running install
[1.883s] running install_lib
[1.905s] creating /home/a/Solving-Maze/install/mazeSolve_pkg/lib/python3.12/site-packages/mazeSolve_pkg
[1.905s] copying /home/a/Solving-Maze/build/mazeSolve_pkg/build/lib/mazeSolve_pkg/move_x_server.py -> /home/a/Solving-Maze/install/mazeSolve_pkg/lib/python3.12/site-packages/mazeSolve_pkg
[1.905s] copying /home/a/Solving-Maze/build/mazeSolve_pkg/build/lib/mazeSolve_pkg/yaw_client.py -> /home/a/Solving-Maze/install/mazeSolve_pkg/lib/python3.12/site-packages/mazeSolve_pkg
[1.905s] copying /home/a/Solving-Maze/build/mazeSolve_pkg/build/lib/mazeSolve_pkg/__init__.py -> /home/a/Solving-Maze/install/mazeSolve_pkg/lib/python3.12/site-packages/mazeSolve_pkg
[1.906s] byte-compiling /home/a/Solving-Maze/install/mazeSolve_pkg/lib/python3.12/site-packages/mazeSolve_pkg/move_x_server.py to move_x_server.cpython-312.pyc
[1.906s] byte-compiling /home/a/Solving-Maze/install/mazeSolve_pkg/lib/python3.12/site-packages/mazeSolve_pkg/yaw_client.py to yaw_client.cpython-312.pyc
[1.906s] byte-compiling /home/a/Solving-Maze/install/mazeSolve_pkg/lib/python3.12/site-packages/mazeSolve_pkg/__init__.py to __init__.cpython-312.pyc
[1.906s] running install_data
[1.907s] creating /home/a/Solving-Maze/install/mazeSolve_pkg/share/ament_index
[1.907s] creating /home/a/Solving-Maze/install/mazeSolve_pkg/share/ament_index/resource_index
[1.907s] creating /home/a/Solving-Maze/install/mazeSolve_pkg/share/ament_index/resource_index/packages
[1.907s] copying resource/mazeSolve_pkg -> /home/a/Solving-Maze/install/mazeSolve_pkg/share/ament_index/resource_index/packages
[1.907s] copying package.xml -> /home/a/Solving-Maze/install/mazeSolve_pkg/share/mazeSolve_pkg
[1.907s] running install_egg_info
[1.930s] Copying ../../build/mazeSolve_pkg/mazeSolve_pkg.egg-info to /home/a/Solving-Maze/install/mazeSolve_pkg/lib/python3.12/site-packages/mazeSolve_pkg-0.0.0-py3.12.egg-info
[1.930s] running install_scripts
[2.068s] writing list of installed files to '/home/a/Solving-Maze/build/mazeSolve_pkg/install.log'
[2.103s] Invoked command in '/home/a/Solving-Maze/src/mazeSolve_pkg' returned '0': DEBUGINFOD_URLS=https://debuginfod.ubuntu.com PYTHONPATH=/home/a/Solving-Maze/build/mazeSolve_pkg/prefix_override:/usr/lib/python3/dist-packages/colcon_core/task/python/colcon_distutils_commands:/home/a/Solving-Maze/install/mazeSolve_pkg/lib/python3.12/site-packages:${PYTHONPATH} /usr/bin/python3 -W ignore:setup.py install is deprecated -W ignore:easy_install command is deprecated setup.py egg_info --egg-base ../../build/mazeSolve_pkg build --build-base /home/a/Solving-Maze/build/mazeSolve_pkg/build install --record /home/a/Solving-Maze/build/mazeSolve_pkg/install.log --install-scripts $base/lib/mazeSolve_pkg --single-version-externally-managed install_data
