[1.478s] Invoking command in '/home/a/Solving-Maze/src/interfaces': DEBUGINFOD_URLS=https://debuginfod.ubuntu.com PYTHONPATH=/home/a/Solving-Maze/build/interfaces/prefix_override:/usr/lib/python3/dist-packages/colcon_core/task/python/colcon_distutils_commands:/home/a/Solving-Maze/install/interfaces/lib/python3.12/site-packages:${PYTHONPATH} /usr/bin/python3 -W ignore:setup.py install is deprecated -W ignore:easy_install command is deprecated setup.py egg_info --egg-base ../../build/interfaces build --build-base /home/a/Solving-Maze/build/interfaces/build install --record /home/a/Solving-Maze/build/interfaces/install.log --install-scripts $base/lib/interfaces --single-version-externally-managed install_data
[1.786s] running egg_info
[1.786s] creating ../../build/interfaces/interfaces.egg-info
[1.811s] writing ../../build/interfaces/interfaces.egg-info/PKG-INFO
[1.812s] writing dependency_links to ../../build/interfaces/interfaces.egg-info/dependency_links.txt
[1.812s] writing requirements to ../../build/interfaces/interfaces.egg-info/requires.txt
[1.812s] writing top-level names to ../../build/interfaces/interfaces.egg-info/top_level.txt
[1.812s] writing manifest file '../../build/interfaces/interfaces.egg-info/SOURCES.txt'
[1.853s] reading manifest file '../../build/interfaces/interfaces.egg-info/SOURCES.txt'
[1.854s] writing manifest file '../../build/interfaces/interfaces.egg-info/SOURCES.txt'
[1.854s] running build
[1.854s] running build_py
[1.855s] creating /home/a/Solving-Maze/build/interfaces/build
[1.855s] creating /home/a/Solving-Maze/build/interfaces/build/lib
[1.855s] creating /home/a/Solving-Maze/build/interfaces/build/lib/interfaces
[1.855s] copying interfaces/__init__.py -> /home/a/Solving-Maze/build/interfaces/build/lib/interfaces
[1.855s] running install
[1.863s] running install_lib
[1.888s] creating /home/a/Solving-Maze/install/interfaces/lib/python3.12/site-packages/interfaces
[1.888s] copying /home/a/Solving-Maze/build/interfaces/build/lib/interfaces/__init__.py -> /home/a/Solving-Maze/install/interfaces/lib/python3.12/site-packages/interfaces
[1.889s] byte-compiling /home/a/Solving-Maze/install/interfaces/lib/python3.12/site-packages/interfaces/__init__.py to __init__.cpython-312.pyc
[1.889s] running install_data
[1.889s] creating /home/a/Solving-Maze/install/interfaces/share/ament_index
[1.889s] creating /home/a/Solving-Maze/install/interfaces/share/ament_index/resource_index
[1.889s] creating /home/a/Solving-Maze/install/interfaces/share/ament_index/resource_index/packages
[1.889s] copying resource/interfaces -> /home/a/Solving-Maze/install/interfaces/share/ament_index/resource_index/packages
[1.890s] copying package.xml -> /home/a/Solving-Maze/install/interfaces/share/interfaces
[1.890s] running install_egg_info
[1.913s] Copying ../../build/interfaces/interfaces.egg-info to /home/a/Solving-Maze/install/interfaces/lib/python3.12/site-packages/interfaces-0.0.0-py3.12.egg-info
[1.914s] running install_scripts
[2.051s] writing list of installed files to '/home/a/Solving-Maze/build/interfaces/install.log'
[2.085s] Invoked command in '/home/a/Solving-Maze/src/interfaces' returned '0': DEBUGINFOD_URLS=https://debuginfod.ubuntu.com PYTHONPATH=/home/a/Solving-Maze/build/interfaces/prefix_override:/usr/lib/python3/dist-packages/colcon_core/task/python/colcon_distutils_commands:/home/a/Solving-Maze/install/interfaces/lib/python3.12/site-packages:${PYTHONPATH} /usr/bin/python3 -W ignore:setup.py install is deprecated -W ignore:easy_install command is deprecated setup.py egg_info --egg-base ../../build/interfaces build --build-base /home/a/Solving-Maze/build/interfaces/build install --record /home/a/Solving-Maze/build/interfaces/install.log --install-scripts $base/lib/interfaces --single-version-externally-managed install_data
