[0.026s] Invoking command in '/root/training_ws_merge2/src/build/interfaces': CMAKE_PREFIX_PATH=${CMAKE_PREFIX_PATH}:/root/training_ws_merge2/src/install/maze_control:/root/training_ws_merge2/src/install/mazeSolve_pkg:/root/training_ws_merge2/install/maze_control:/root/training_ws_merge2/install/mazeSolve_pkg:/root/training_ws/install/mazeSolve_pkg:/opt/ros/jazzy /usr/bin/cmake --build /root/training_ws_merge2/src/build/interfaces -- -j8 -l8
[0.137s] [  2%] Built target interfaces__rs
[0.138s] [  5%] Built target interfaces__rosidl_generator_type_description
[0.181s] [ 20%] Built target interfaces__rosidl_generator_c
[0.197s] [ 20%] Built target ament_cmake_python_symlink_interfaces
[0.222s] [ 22%] Built target interfaces__cpp
[0.242s] [ 31%] Built target interfaces__rosidl_typesupport_c
[0.291s] [ 40%] Built target interfaces__rosidl_typesupport_cpp
[0.343s] [ 48%] Built target interfaces__rosidl_typesupport_introspection_cpp
[0.394s] [ 57%] Built target interfaces__rosidl_typesupport_fastrtps_cpp
[0.443s] [ 65%] Built target interfaces__rosidl_typesupport_introspection_c
[0.494s] [ 74%] Built target interfaces__rosidl_typesupport_fastrtps_c
[0.539s] [ 74%] Built target interfaces
[0.588s] [ 77%] Built target interfaces__py
[0.638s] running egg_info
[0.645s] [ 82%] Built target interfaces__rosidl_generator_py
[0.679s] writing interfaces.egg-info/PKG-INFO
[0.680s] writing dependency_links to interfaces.egg-info/dependency_links.txt
[0.680s] writing top-level names to interfaces.egg-info/top_level.txt
[0.696s] [ 88%] Built target interfaces_s__rosidl_typesupport_fastrtps_c
[0.748s] [ 94%] Built target interfaces_s__rosidl_typesupport_c
[0.814s] [100%] Built target interfaces_s__rosidl_typesupport_introspection_c
[0.818s] reading manifest file 'interfaces.egg-info/SOURCES.txt'
[0.820s] writing manifest file 'interfaces.egg-info/SOURCES.txt'
[0.894s] [100%] Built target ament_cmake_python_build_interfaces_egg
[0.918s] Invoked command in '/root/training_ws_merge2/src/build/interfaces' returned '0': CMAKE_PREFIX_PATH=${CMAKE_PREFIX_PATH}:/root/training_ws_merge2/src/install/maze_control:/root/training_ws_merge2/src/install/mazeSolve_pkg:/root/training_ws_merge2/install/maze_control:/root/training_ws_merge2/install/mazeSolve_pkg:/root/training_ws/install/mazeSolve_pkg:/opt/ros/jazzy /usr/bin/cmake --build /root/training_ws_merge2/src/build/interfaces -- -j8 -l8
[0.940s] Invoking command in '/root/training_ws_merge2/src/build/interfaces': CMAKE_PREFIX_PATH=${CMAKE_PREFIX_PATH}:/root/training_ws_merge2/src/install/maze_control:/root/training_ws_merge2/src/install/mazeSolve_pkg:/root/training_ws_merge2/install/maze_control:/root/training_ws_merge2/install/mazeSolve_pkg:/root/training_ws/install/mazeSolve_pkg:/opt/ros/jazzy /usr/bin/cmake --install /root/training_ws_merge2/src/build/interfaces
[0.958s] -- Install configuration: ""
[0.960s] -- Execute custom install script
[0.960s] -- Up-to-date symlink: /root/training_ws_merge2/src/install/interfaces/share/ament_index/resource_index/rosidl_interfaces/interfaces
[0.961s] -- Up-to-date symlink: /root/training_ws_merge2/src/install/interfaces/share/interfaces/action/Move.json
[0.962s] -- Up-to-date symlink: /root/training_ws_merge2/src/install/interfaces/include/interfaces/interfaces/action/detail/move__functions.h
[0.962s] -- Up-to-date symlink: /root/training_ws_merge2/src/install/interfaces/include/interfaces/interfaces/action/detail/move__struct.h
[0.962s] -- Up-to-date symlink: /root/training_ws_merge2/src/install/interfaces/include/interfaces/interfaces/action/detail/move__type_support.h
[0.962s] -- Up-to-date symlink: /root/training_ws_merge2/src/install/interfaces/include/interfaces/interfaces/action/move.h
[0.963s] -- Up-to-date symlink: /root/training_ws_merge2/src/install/interfaces/include/interfaces/interfaces/msg/rosidl_generator_c__visibility_control.h
[0.963s] -- Up-to-date symlink: /root/training_ws_merge2/src/install/interfaces/share/interfaces/environment/library_path.sh
[0.963s] -- Up-to-date symlink: /root/training_ws_merge2/src/install/interfaces/share/interfaces/environment/library_path.dsv
[0.964s] -- Up-to-date symlink: /root/training_ws_merge2/src/install/interfaces/include/interfaces/interfaces/action/detail/move__rosidl_typesupport_fastrtps_c.h
[0.964s] -- Up-to-date symlink: /root/training_ws_merge2/src/install/interfaces/include/interfaces/interfaces/msg/rosidl_typesupport_fastrtps_c__visibility_control.h
[0.965s] -- Up-to-date symlink: /root/training_ws_merge2/src/install/interfaces/include/interfaces/interfaces/action/detail/move__rosidl_typesupport_introspection_c.h
[0.965s] -- Up-to-date symlink: /root/training_ws_merge2/src/install/interfaces/include/interfaces/interfaces/msg/rosidl_typesupport_introspection_c__visibility_control.h
[0.967s] -- Up-to-date symlink: /root/training_ws_merge2/src/install/interfaces/include/interfaces/interfaces/action/detail/move__builder.hpp
[0.967s] -- Up-to-date symlink: /root/training_ws_merge2/src/install/interfaces/include/interfaces/interfaces/action/detail/move__struct.hpp
[0.967s] -- Up-to-date symlink: /root/training_ws_merge2/src/install/interfaces/include/interfaces/interfaces/action/detail/move__traits.hpp
[0.967s] -- Up-to-date symlink: /root/training_ws_merge2/src/install/interfaces/include/interfaces/interfaces/action/detail/move__type_support.hpp
[0.967s] -- Up-to-date symlink: /root/training_ws_merge2/src/install/interfaces/include/interfaces/interfaces/action/move.hpp
[0.968s] -- Up-to-date symlink: /root/training_ws_merge2/src/install/interfaces/include/interfaces/interfaces/msg/rosidl_generator_cpp__visibility_control.hpp
[0.969s] -- Up-to-date symlink: /root/training_ws_merge2/src/install/interfaces/include/interfaces/interfaces/action/detail/move__rosidl_typesupport_fastrtps_cpp.hpp
[0.969s] -- Up-to-date symlink: /root/training_ws_merge2/src/install/interfaces/include/interfaces/interfaces/msg/rosidl_typesupport_fastrtps_cpp__visibility_control.h
[0.970s] -- Up-to-date symlink: /root/training_ws_merge2/src/install/interfaces/include/interfaces/interfaces/action/detail/move__rosidl_typesupport_introspection_cpp.hpp
[0.970s] -- Up-to-date symlink: /root/training_ws_merge2/src/install/interfaces/share/interfaces/environment/pythonpath.sh
[0.970s] -- Up-to-date symlink: /root/training_ws_merge2/src/install/interfaces/share/interfaces/environment/pythonpath.dsv
[0.971s] -- Up-to-date symlink: /root/training_ws_merge2/src/install/interfaces/lib/python3.12/site-packages/interfaces-0.0.0-py3.12.egg-info/PKG-INFO
[0.971s] -- Up-to-date symlink: /root/training_ws_merge2/src/install/interfaces/lib/python3.12/site-packages/interfaces-0.0.0-py3.12.egg-info/SOURCES.txt
[0.972s] -- Up-to-date symlink: /root/training_ws_merge2/src/install/interfaces/lib/python3.12/site-packages/interfaces-0.0.0-py3.12.egg-info/dependency_links.txt
[0.972s] -- Up-to-date symlink: /root/training_ws_merge2/src/install/interfaces/lib/python3.12/site-packages/interfaces-0.0.0-py3.12.egg-info/top_level.txt
[0.973s] -- Up-to-date symlink: /root/training_ws_merge2/src/install/interfaces/lib/python3.12/site-packages/interfaces/__init__.py
[0.973s] -- Up-to-date symlink: /root/training_ws_merge2/src/install/interfaces/lib/python3.12/site-packages/interfaces/_interfaces_s.ep.rosidl_typesupport_c.c
[0.973s] -- Up-to-date symlink: /root/training_ws_merge2/src/install/interfaces/lib/python3.12/site-packages/interfaces/_interfaces_s.ep.rosidl_typesupport_fastrtps_c.c
[0.974s] -- Up-to-date symlink: /root/training_ws_merge2/src/install/interfaces/lib/python3.12/site-packages/interfaces/_interfaces_s.ep.rosidl_typesupport_introspection_c.c
[0.975s] -- Up-to-date symlink: /root/training_ws_merge2/src/install/interfaces/lib/python3.12/site-packages/interfaces/action/__init__.py
[0.975s] -- Up-to-date symlink: /root/training_ws_merge2/src/install/interfaces/lib/python3.12/site-packages/interfaces/action/_move.py
[0.975s] -- Up-to-date symlink: /root/training_ws_merge2/src/install/interfaces/lib/python3.12/site-packages/interfaces/action/_move_s.c
[0.976s] -- Up-to-date symlink: /root/training_ws_merge2/src/install/interfaces/lib/python3.12/site-packages/interfaces/interfaces_s__rosidl_typesupport_c.so
[0.976s] -- Up-to-date symlink: /root/training_ws_merge2/src/install/interfaces/lib/python3.12/site-packages/interfaces/interfaces_s__rosidl_typesupport_fastrtps_c.so
[0.976s] -- Up-to-date symlink: /root/training_ws_merge2/src/install/interfaces/lib/python3.12/site-packages/interfaces/interfaces_s__rosidl_typesupport_introspection_c.so
[0.977s] -- Up-to-date symlink: /root/training_ws_merge2/src/install/interfaces/lib/python3.12/site-packages/interfaces/interfaces_s__rosidl_typesupport_fastrtps_c.so
[0.978s] -- Up-to-date symlink: /root/training_ws_merge2/src/install/interfaces/lib/python3.12/site-packages/interfaces/interfaces_s__rosidl_typesupport_introspection_c.so
[0.979s] -- Up-to-date symlink: /root/training_ws_merge2/src/install/interfaces/lib/python3.12/site-packages/interfaces/interfaces_s__rosidl_typesupport_c.so
[0.979s] -- Up-to-date symlink: /root/training_ws_merge2/src/install/interfaces/share/ament_index/resource_index/rust_packages/interfaces
[0.980s] -- Up-to-date symlink: /root/training_ws_merge2/src/install/interfaces/share/interfaces/rust/Cargo.toml
[0.980s] -- Up-to-date symlink: /root/training_ws_merge2/src/install/interfaces/share/interfaces/rust/build.rs
[0.981s] -- Up-to-date symlink: /root/training_ws_merge2/src/install/interfaces/share/interfaces/rust/src/action.rs
[0.981s] -- Up-to-date symlink: /root/training_ws_merge2/src/install/interfaces/share/interfaces/rust/src/action/rmw.rs
[0.981s] -- Up-to-date symlink: /root/training_ws_merge2/src/install/interfaces/share/interfaces/rust/src/lib.rs
[0.981s] -- Up-to-date symlink: /root/training_ws_merge2/src/install/interfaces/share/interfaces/action/Move.idl
[0.982s] -- Up-to-date symlink: /root/training_ws_merge2/src/install/interfaces/share/interfaces/action/Move.action
[0.982s] -- Up-to-date symlink: /root/training_ws_merge2/src/install/interfaces/share/ament_index/resource_index/package_run_dependencies/interfaces
[0.983s] -- Up-to-date symlink: /root/training_ws_merge2/src/install/interfaces/share/ament_index/resource_index/parent_prefix_path/interfaces
[0.983s] -- Up-to-date symlink: /root/training_ws_merge2/src/install/interfaces/share/interfaces/environment/ament_prefix_path.sh
[0.983s] -- Up-to-date symlink: /root/training_ws_merge2/src/install/interfaces/share/interfaces/environment/ament_prefix_path.dsv
[0.984s] -- Up-to-date symlink: /root/training_ws_merge2/src/install/interfaces/share/interfaces/environment/path.sh
[0.984s] -- Up-to-date symlink: /root/training_ws_merge2/src/install/interfaces/share/interfaces/environment/path.dsv
[0.984s] -- Up-to-date symlink: /root/training_ws_merge2/src/install/interfaces/share/interfaces/local_setup.bash
[0.985s] -- Up-to-date symlink: /root/training_ws_merge2/src/install/interfaces/share/interfaces/local_setup.sh
[0.985s] -- Up-to-date symlink: /root/training_ws_merge2/src/install/interfaces/share/interfaces/local_setup.zsh
[0.985s] -- Up-to-date symlink: /root/training_ws_merge2/src/install/interfaces/share/interfaces/local_setup.dsv
[0.986s] -- Symlinking: /root/training_ws_merge2/src/install/interfaces/share/interfaces/package.dsv
[1.006s] -- Up-to-date symlink: /root/training_ws_merge2/src/install/interfaces/share/ament_index/resource_index/packages/interfaces
[1.007s] -- Up-to-date symlink: /root/training_ws_merge2/src/install/interfaces/share/interfaces/cmake/rosidl_cmake-extras.cmake
[1.007s] -- Up-to-date symlink: /root/training_ws_merge2/src/install/interfaces/share/interfaces/cmake/ament_cmake_export_dependencies-extras.cmake
[1.008s] -- Up-to-date symlink: /root/training_ws_merge2/src/install/interfaces/share/interfaces/cmake/ament_cmake_export_include_directories-extras.cmake
[1.008s] -- Up-to-date symlink: /root/training_ws_merge2/src/install/interfaces/share/interfaces/cmake/ament_cmake_export_libraries-extras.cmake
[1.009s] -- Up-to-date symlink: /root/training_ws_merge2/src/install/interfaces/share/interfaces/cmake/ament_cmake_export_targets-extras.cmake
[1.009s] -- Up-to-date symlink: /root/training_ws_merge2/src/install/interfaces/share/interfaces/cmake/rosidl_cmake_export_typesupport_targets-extras.cmake
[1.011s] -- Up-to-date symlink: /root/training_ws_merge2/src/install/interfaces/share/interfaces/cmake/rosidl_cmake_export_typesupport_libraries-extras.cmake
[1.011s] -- Up-to-date symlink: /root/training_ws_merge2/src/install/interfaces/share/interfaces/cmake/rosidl_cmake_aggregate_target-extras.cmake
[1.012s] -- Up-to-date symlink: /root/training_ws_merge2/src/install/interfaces/share/interfaces/cmake/interfacesConfig.cmake
[1.012s] -- Up-to-date symlink: /root/training_ws_merge2/src/install/interfaces/share/interfaces/cmake/interfacesConfig-version.cmake
[1.012s] -- Up-to-date symlink: /root/training_ws_merge2/src/install/interfaces/share/interfaces/package.xml
[1.012s] -- Up-to-date: /root/training_ws_merge2/src/install/interfaces/lib/libinterfaces__rosidl_generator_c.so
[1.013s] -- Up-to-date: /root/training_ws_merge2/src/install/interfaces/lib/libinterfaces__rosidl_typesupport_fastrtps_c.so
[1.014s] -- Up-to-date: /root/training_ws_merge2/src/install/interfaces/lib/libinterfaces__rosidl_typesupport_introspection_c.so
[1.014s] -- Up-to-date: /root/training_ws_merge2/src/install/interfaces/lib/libinterfaces__rosidl_typesupport_c.so
[1.015s] -- Up-to-date: /root/training_ws_merge2/src/install/interfaces/lib/libinterfaces__rosidl_typesupport_fastrtps_cpp.so
[1.015s] -- Up-to-date: /root/training_ws_merge2/src/install/interfaces/lib/libinterfaces__rosidl_typesupport_introspection_cpp.so
[1.016s] -- Up-to-date: /root/training_ws_merge2/src/install/interfaces/lib/libinterfaces__rosidl_typesupport_cpp.so
[1.094s] Listing '/root/training_ws_merge2/src/install/interfaces/lib/python3.12/site-packages/interfaces'...
[1.094s] Listing '/root/training_ws_merge2/src/install/interfaces/lib/python3.12/site-packages/interfaces/action'...
[1.104s] -- Up-to-date: /root/training_ws_merge2/src/install/interfaces/lib/libinterfaces__rosidl_generator_py.so
[1.104s] -- Up-to-date: /root/training_ws_merge2/src/install/interfaces/share/interfaces/cmake/export_interfaces__rosidl_generator_cExport.cmake
[1.105s] -- Up-to-date: /root/training_ws_merge2/src/install/interfaces/share/interfaces/cmake/export_interfaces__rosidl_generator_cExport-noconfig.cmake
[1.105s] -- Up-to-date: /root/training_ws_merge2/src/install/interfaces/share/interfaces/cmake/export_interfaces__rosidl_typesupport_fastrtps_cExport.cmake
[1.106s] -- Up-to-date: /root/training_ws_merge2/src/install/interfaces/share/interfaces/cmake/export_interfaces__rosidl_typesupport_fastrtps_cExport-noconfig.cmake
[1.106s] -- Up-to-date: /root/training_ws_merge2/src/install/interfaces/share/interfaces/cmake/interfaces__rosidl_typesupport_introspection_cExport.cmake
[1.106s] -- Up-to-date: /root/training_ws_merge2/src/install/interfaces/share/interfaces/cmake/interfaces__rosidl_typesupport_introspection_cExport-noconfig.cmake
[1.107s] -- Up-to-date: /root/training_ws_merge2/src/install/interfaces/share/interfaces/cmake/interfaces__rosidl_typesupport_cExport.cmake
[1.107s] -- Up-to-date: /root/training_ws_merge2/src/install/interfaces/share/interfaces/cmake/interfaces__rosidl_typesupport_cExport-noconfig.cmake
[1.107s] -- Up-to-date: /root/training_ws_merge2/src/install/interfaces/share/interfaces/cmake/export_interfaces__rosidl_generator_cppExport.cmake
[1.107s] -- Up-to-date: /root/training_ws_merge2/src/install/interfaces/share/interfaces/cmake/export_interfaces__rosidl_typesupport_fastrtps_cppExport.cmake
[1.107s] -- Up-to-date: /root/training_ws_merge2/src/install/interfaces/share/interfaces/cmake/export_interfaces__rosidl_typesupport_fastrtps_cppExport-noconfig.cmake
[1.107s] -- Up-to-date: /root/training_ws_merge2/src/install/interfaces/share/interfaces/cmake/interfaces__rosidl_typesupport_introspection_cppExport.cmake
[1.107s] -- Up-to-date: /root/training_ws_merge2/src/install/interfaces/share/interfaces/cmake/interfaces__rosidl_typesupport_introspection_cppExport-noconfig.cmake
[1.108s] -- Up-to-date: /root/training_ws_merge2/src/install/interfaces/share/interfaces/cmake/interfaces__rosidl_typesupport_cppExport.cmake
[1.108s] -- Up-to-date: /root/training_ws_merge2/src/install/interfaces/share/interfaces/cmake/interfaces__rosidl_typesupport_cppExport-noconfig.cmake
[1.108s] -- Up-to-date: /root/training_ws_merge2/src/install/interfaces/share/interfaces/cmake/export_interfaces__rosidl_generator_pyExport.cmake
[1.108s] -- Up-to-date: /root/training_ws_merge2/src/install/interfaces/share/interfaces/cmake/export_interfaces__rosidl_generator_pyExport-noconfig.cmake
[1.112s] Invoked command in '/root/training_ws_merge2/src/build/interfaces' returned '0': CMAKE_PREFIX_PATH=${CMAKE_PREFIX_PATH}:/root/training_ws_merge2/src/install/maze_control:/root/training_ws_merge2/src/install/mazeSolve_pkg:/root/training_ws_merge2/install/maze_control:/root/training_ws_merge2/install/mazeSolve_pkg:/root/training_ws/install/mazeSolve_pkg:/opt/ros/jazzy /usr/bin/cmake --install /root/training_ws_merge2/src/build/interfaces
