[1.168s] Invoking command in '/home/mohamed-khaled/Solving-Maze/src/MIA26_phase2_ros_contest/maze_control': DEBUGINFOD_URLS=https://debuginfod.ubuntu.com PYTHONPATH=/home/mohamed-khaled/Solving-Maze/build/maze_control/prefix_override:/usr/lib/python3/dist-packages/colcon_core/task/python/colcon_distutils_commands:/home/mohamed-khaled/Solving-Maze/install/maze_control/lib/python3.12/site-packages:${PYTHONPATH} /usr/bin/python3 -W ignore:setup.py install is deprecated -W ignore:easy_install command is deprecated setup.py egg_info --egg-base ../../../build/maze_control build --build-base /home/mohamed-khaled/Solving-Maze/build/maze_control/build install --record /home/mohamed-khaled/Solving-Maze/build/maze_control/install.log --install-scripts $base/lib/maze_control --single-version-externally-managed install_data
[1.300s] /usr/lib/python3/dist-packages/setuptools/dist.py:744: SetuptoolsDeprecationWarning: Invalid dash-separated options
[1.300s] !!
[1.300s] 
[1.300s]         ********************************************************************************
[1.300s]         Usage of dash-separated 'script-dir' will not be supported in future
[1.300s]         versions. Please use the underscore name 'script_dir' instead.
[1.301s] 
[1.301s]         This deprecation is overdue, please update your project and remove deprecated
[1.301s]         calls to avoid build errors in the future.
[1.301s] 
[1.301s]         See https://setuptools.pypa.io/en/latest/userguide/declarative_config.html for details.
[1.301s]         ********************************************************************************
[1.301s] 
[1.301s] !!
[1.302s]   opt = self.warn_dash_deprecation(opt, section)
[1.470s] running egg_info
[1.470s] creating ../../../build/maze_control/maze_control.egg-info
[1.495s] writing ../../../build/maze_control/maze_control.egg-info/PKG-INFO
[1.495s] writing dependency_links to ../../../build/maze_control/maze_control.egg-info/dependency_links.txt
[1.495s] writing entry points to ../../../build/maze_control/maze_control.egg-info/entry_points.txt
[1.495s] writing requirements to ../../../build/maze_control/maze_control.egg-info/requires.txt
[1.496s] writing top-level names to ../../../build/maze_control/maze_control.egg-info/top_level.txt
[1.496s] writing manifest file '../../../build/maze_control/maze_control.egg-info/SOURCES.txt'
[1.545s] reading manifest file '../../../build/maze_control/maze_control.egg-info/SOURCES.txt'
[1.546s] writing manifest file '../../../build/maze_control/maze_control.egg-info/SOURCES.txt'
[1.546s] running build
[1.546s] running build_py
[1.546s] creating /home/mohamed-khaled/Solving-Maze/build/maze_control/build
[1.546s] creating /home/mohamed-khaled/Solving-Maze/build/maze_control/build/lib
[1.547s] creating /home/mohamed-khaled/Solving-Maze/build/maze_control/build/lib/maze_control
[1.547s] copying maze_control/wall_retraction_service.py -> /home/mohamed-khaled/Solving-Maze/build/maze_control/build/lib/maze_control
[1.547s] copying maze_control/__init__.py -> /home/mohamed-khaled/Solving-Maze/build/maze_control/build/lib/maze_control
[1.547s] copying maze_control/maze_timer_node.py -> /home/mohamed-khaled/Solving-Maze/build/maze_control/build/lib/maze_control
[1.547s] running install
[1.553s] running install_lib
[1.579s] creating /home/mohamed-khaled/Solving-Maze/install/maze_control/lib/python3.12/site-packages/maze_control
[1.579s] copying /home/mohamed-khaled/Solving-Maze/build/maze_control/build/lib/maze_control/wall_retraction_service.py -> /home/mohamed-khaled/Solving-Maze/install/maze_control/lib/python3.12/site-packages/maze_control
[1.579s] copying /home/mohamed-khaled/Solving-Maze/build/maze_control/build/lib/maze_control/__init__.py -> /home/mohamed-khaled/Solving-Maze/install/maze_control/lib/python3.12/site-packages/maze_control
[1.579s] copying /home/mohamed-khaled/Solving-Maze/build/maze_control/build/lib/maze_control/maze_timer_node.py -> /home/mohamed-khaled/Solving-Maze/install/maze_control/lib/python3.12/site-packages/maze_control
[1.580s] byte-compiling /home/mohamed-khaled/Solving-Maze/install/maze_control/lib/python3.12/site-packages/maze_control/wall_retraction_service.py to wall_retraction_service.cpython-312.pyc
[1.581s] byte-compiling /home/mohamed-khaled/Solving-Maze/install/maze_control/lib/python3.12/site-packages/maze_control/__init__.py to __init__.cpython-312.pyc
[1.581s] byte-compiling /home/mohamed-khaled/Solving-Maze/install/maze_control/lib/python3.12/site-packages/maze_control/maze_timer_node.py to maze_timer_node.cpython-312.pyc
[1.582s] running install_data
[1.582s] creating /home/mohamed-khaled/Solving-Maze/install/maze_control/share/ament_index
[1.582s] creating /home/mohamed-khaled/Solving-Maze/install/maze_control/share/ament_index/resource_index
[1.582s] creating /home/mohamed-khaled/Solving-Maze/install/maze_control/share/ament_index/resource_index/packages
[1.583s] copying resource/maze_control -> /home/mohamed-khaled/Solving-Maze/install/maze_control/share/ament_index/resource_index/packages
[1.583s] copying package.xml -> /home/mohamed-khaled/Solving-Maze/install/maze_control/share/maze_control
[1.583s] creating /home/mohamed-khaled/Solving-Maze/install/maze_control/share/maze_control/launch
[1.583s] copying launch/maze_simulation_tb3.launch.py -> /home/mohamed-khaled/Solving-Maze/install/maze_control/share/maze_control/launch
[1.583s] creating /home/mohamed-khaled/Solving-Maze/install/maze_control/share/maze_control/worlds
[1.583s] copying worlds/maze_world.sdf -> /home/mohamed-khaled/Solving-Maze/install/maze_control/share/maze_control/worlds
[1.583s] creating /home/mohamed-khaled/Solving-Maze/install/maze_control/share/maze_control/config
[1.583s] copying config/bridge_config.yaml -> /home/mohamed-khaled/Solving-Maze/install/maze_control/share/maze_control/config
[1.584s] copying config/gui.config -> /home/mohamed-khaled/Solving-Maze/install/maze_control/share/maze_control/config
[1.584s] creating /home/mohamed-khaled/Solving-Maze/install/maze_control/share/maze_control/models
[1.584s] creating /home/mohamed-khaled/Solving-Maze/install/maze_control/share/maze_control/models/simple_robot
[1.584s] running install_egg_info
[1.610s] Copying ../../../build/maze_control/maze_control.egg-info to /home/mohamed-khaled/Solving-Maze/install/maze_control/lib/python3.12/site-packages/maze_control-0.1.0-py3.12.egg-info
[1.611s] running install_scripts
[1.763s] Installing maze_timer_node script to /home/mohamed-khaled/Solving-Maze/install/maze_control/lib/maze_control
[1.763s] Installing wall_retraction_service script to /home/mohamed-khaled/Solving-Maze/install/maze_control/lib/maze_control
[1.764s] writing list of installed files to '/home/mohamed-khaled/Solving-Maze/build/maze_control/install.log'
[1.795s] Invoked command in '/home/mohamed-khaled/Solving-Maze/src/MIA26_phase2_ros_contest/maze_control' returned '0': DEBUGINFOD_URLS=https://debuginfod.ubuntu.com PYTHONPATH=/home/mohamed-khaled/Solving-Maze/build/maze_control/prefix_override:/usr/lib/python3/dist-packages/colcon_core/task/python/colcon_distutils_commands:/home/mohamed-khaled/Solving-Maze/install/maze_control/lib/python3.12/site-packages:${PYTHONPATH} /usr/bin/python3 -W ignore:setup.py install is deprecated -W ignore:easy_install command is deprecated setup.py egg_info --egg-base ../../../build/maze_control build --build-base /home/mohamed-khaled/Solving-Maze/build/maze_control/build install --record /home/mohamed-khaled/Solving-Maze/build/maze_control/install.log --install-scripts $base/lib/maze_control --single-version-externally-managed install_data
