[0.191s] DEBUG:colcon:Command line arguments: ['/usr/bin/colcon', 'build', '--packages-select', 'interfaces', 'mazeSolve_pkg']
[0.191s] DEBUG:colcon:Parsed command line arguments: Namespace(log_base=None, log_level=None, verb_name='build', build_base='build', install_base='install', merge_install=False, symlink_install=False, test_result_base=None, continue_on_error=False, executor='parallel', parallel_workers=8, event_handlers=None, ignore_user_meta=False, metas=['./colcon.meta'], base_paths=['.'], packages_ignore=None, packages_ignore_regex=None, paths=None, packages_up_to=None, packages_up_to_regex=None, packages_above=None, packages_above_and_dependencies=None, packages_above_depth=None, packages_select_by_dep=None, packages_skip_by_dep=None, packages_skip_up_to=None, packages_select_build_failed=False, packages_skip_build_finished=False, packages_select_test_failures=False, packages_skip_test_passed=False, packages_select=['interfaces', 'mazeSolve_pkg'], packages_skip=None, packages_select_regex=None, packages_skip_regex=None, packages_start=None, packages_end=None, cmake_args=None, cmake_target=None, cmake_target_skip_unavailable=False, cmake_clean_cache=False, cmake_clean_first=False, cmake_force_configure=False, ament_cmake_args=None, catkin_cmake_args=None, catkin_skip_building_tests=False, mixin_files=None, mixin=None, verb_parser=<colcon_mixin.mixin.mixin_argument.MixinArgumentDecorator object at 0x7f0a015b2db0>, verb_extension=<colcon_core.verb.build.BuildVerb object at 0x7f0a015b2060>, main=<bound method BuildVerb.main of <colcon_core.verb.build.BuildVerb object at 0x7f0a015b2060>>, mixin_verb=('build',))
[0.255s] Level 1:colcon.colcon_core.package_discovery:discover_packages(colcon_meta) check parameters
[0.256s] INFO:colcon.colcon_metadata.package_discovery.colcon_meta:Using configuration from '/root/.colcon/metadata/default/Gazebo.meta'
[0.257s] INFO:colcon.colcon_metadata.package_discovery.colcon_meta:Using configuration from '/root/.colcon/metadata/default/fastdds.meta'
[0.257s] INFO:colcon.colcon_metadata.package_discovery.colcon_meta:Using configuration from '/root/.colcon/metadata/default/fastrtps.meta'
[0.257s] Level 1:colcon.colcon_core.package_discovery:discover_packages(recursive) check parameters
[0.257s] Level 1:colcon.colcon_core.package_discovery:discover_packages(ignore) check parameters
[0.257s] Level 1:colcon.colcon_core.package_discovery:discover_packages(path) check parameters
[0.257s] Level 1:colcon.colcon_core.package_discovery:discover_packages(colcon_meta) discover
[0.258s] Level 1:colcon.colcon_core.package_discovery:discover_packages(recursive) discover
[0.258s] INFO:colcon.colcon_core.package_discovery:Crawling recursively for packages in '/root/training_ws_merge2/src'
[0.258s] Level 1:colcon.colcon_core.package_identification:_identify(.) by extensions ['ignore', 'ignore_ament_install']
[0.258s] Level 1:colcon.colcon_core.package_identification:_identify(.) by extension 'ignore'
[0.258s] Level 1:colcon.colcon_core.package_identification:_identify(.) by extension 'ignore_ament_install'
[0.258s] Level 1:colcon.colcon_core.package_identification:_identify(.) by extensions ['colcon_pkg']
[0.258s] Level 1:colcon.colcon_core.package_identification:_identify(.) by extension 'colcon_pkg'
[0.258s] Level 1:colcon.colcon_core.package_identification:_identify(.) by extensions ['colcon_meta']
[0.258s] Level 1:colcon.colcon_core.package_identification:_identify(.) by extension 'colcon_meta'
[0.258s] Level 1:colcon.colcon_core.package_identification:_identify(.) by extensions ['ros']
[0.258s] Level 1:colcon.colcon_core.package_identification:_identify(.) by extension 'ros'
[0.301s] Level 1:colcon.colcon_core.package_identification:_identify(.) by extensions ['cmake', 'python']
[0.301s] Level 1:colcon.colcon_core.package_identification:_identify(.) by extension 'cmake'
[0.301s] Level 1:colcon.colcon_core.package_identification:_identify(.) by extension 'python'
[0.301s] Level 1:colcon.colcon_core.package_identification:_identify(.) by extensions ['python_setup_py']
[0.301s] Level 1:colcon.colcon_core.package_identification:_identify(.) by extension 'python_setup_py'
[0.302s] Level 1:colcon.colcon_core.package_identification:_identify(MIA26_phase2_ros_contest) by extensions ['ignore', 'ignore_ament_install']
[0.302s] Level 1:colcon.colcon_core.package_identification:_identify(MIA26_phase2_ros_contest) by extension 'ignore'
[0.302s] Level 1:colcon.colcon_core.package_identification:_identify(MIA26_phase2_ros_contest) by extension 'ignore_ament_install'
[0.302s] Level 1:colcon.colcon_core.package_identification:_identify(MIA26_phase2_ros_contest) by extensions ['colcon_pkg']
[0.302s] Level 1:colcon.colcon_core.package_identification:_identify(MIA26_phase2_ros_contest) by extension 'colcon_pkg'
[0.302s] Level 1:colcon.colcon_core.package_identification:_identify(MIA26_phase2_ros_contest) by extensions ['colcon_meta']
[0.302s] Level 1:colcon.colcon_core.package_identification:_identify(MIA26_phase2_ros_contest) by extension 'colcon_meta'
[0.302s] Level 1:colcon.colcon_core.package_identification:_identify(MIA26_phase2_ros_contest) by extensions ['ros']
[0.302s] Level 1:colcon.colcon_core.package_identification:_identify(MIA26_phase2_ros_contest) by extension 'ros'
[0.302s] Level 1:colcon.colcon_core.package_identification:_identify(MIA26_phase2_ros_contest) by extensions ['cmake', 'python']
[0.302s] Level 1:colcon.colcon_core.package_identification:_identify(MIA26_phase2_ros_contest) by extension 'cmake'
[0.303s] Level 1:colcon.colcon_core.package_identification:_identify(MIA26_phase2_ros_contest) by extension 'python'
[0.303s] Level 1:colcon.colcon_core.package_identification:_identify(MIA26_phase2_ros_contest) by extensions ['python_setup_py']
[0.303s] Level 1:colcon.colcon_core.package_identification:_identify(MIA26_phase2_ros_contest) by extension 'python_setup_py'
[0.303s] Level 1:colcon.colcon_core.package_identification:_identify(MIA26_phase2_ros_contest/assets) by extensions ['ignore', 'ignore_ament_install']
[0.303s] Level 1:colcon.colcon_core.package_identification:_identify(MIA26_phase2_ros_contest/assets) by extension 'ignore'
[0.303s] Level 1:colcon.colcon_core.package_identification:_identify(MIA26_phase2_ros_contest/assets) by extension 'ignore_ament_install'
[0.303s] Level 1:colcon.colcon_core.package_identification:_identify(MIA26_phase2_ros_contest/assets) by extensions ['colcon_pkg']
[0.303s] Level 1:colcon.colcon_core.package_identification:_identify(MIA26_phase2_ros_contest/assets) by extension 'colcon_pkg'
[0.303s] Level 1:colcon.colcon_core.package_identification:_identify(MIA26_phase2_ros_contest/assets) by extensions ['colcon_meta']
[0.303s] Level 1:colcon.colcon_core.package_identification:_identify(MIA26_phase2_ros_contest/assets) by extension 'colcon_meta'
[0.303s] Level 1:colcon.colcon_core.package_identification:_identify(MIA26_phase2_ros_contest/assets) by extensions ['ros']
[0.303s] Level 1:colcon.colcon_core.package_identification:_identify(MIA26_phase2_ros_contest/assets) by extension 'ros'
[0.304s] Level 1:colcon.colcon_core.package_identification:_identify(MIA26_phase2_ros_contest/assets) by extensions ['cmake', 'python']
[0.304s] Level 1:colcon.colcon_core.package_identification:_identify(MIA26_phase2_ros_contest/assets) by extension 'cmake'
[0.304s] Level 1:colcon.colcon_core.package_identification:_identify(MIA26_phase2_ros_contest/assets) by extension 'python'
[0.304s] Level 1:colcon.colcon_core.package_identification:_identify(MIA26_phase2_ros_contest/assets) by extensions ['python_setup_py']
[0.304s] Level 1:colcon.colcon_core.package_identification:_identify(MIA26_phase2_ros_contest/assets) by extension 'python_setup_py'
[0.304s] Level 1:colcon.colcon_core.package_identification:_identify(MIA26_phase2_ros_contest/maze_control) by extensions ['ignore', 'ignore_ament_install']
[0.304s] Level 1:colcon.colcon_core.package_identification:_identify(MIA26_phase2_ros_contest/maze_control) by extension 'ignore'
[0.304s] Level 1:colcon.colcon_core.package_identification:_identify(MIA26_phase2_ros_contest/maze_control) by extension 'ignore_ament_install'
[0.304s] Level 1:colcon.colcon_core.package_identification:_identify(MIA26_phase2_ros_contest/maze_control) by extensions ['colcon_pkg']
[0.305s] Level 1:colcon.colcon_core.package_identification:_identify(MIA26_phase2_ros_contest/maze_control) by extension 'colcon_pkg'
[0.305s] Level 1:colcon.colcon_core.package_identification:_identify(MIA26_phase2_ros_contest/maze_control) by extensions ['colcon_meta']
[0.305s] Level 1:colcon.colcon_core.package_identification:_identify(MIA26_phase2_ros_contest/maze_control) by extension 'colcon_meta'
[0.305s] Level 1:colcon.colcon_core.package_identification:_identify(MIA26_phase2_ros_contest/maze_control) by extensions ['ros']
[0.305s] Level 1:colcon.colcon_core.package_identification:_identify(MIA26_phase2_ros_contest/maze_control) by extension 'ros'
[0.309s] DEBUG:colcon.colcon_core.package_identification:Package 'MIA26_phase2_ros_contest/maze_control' with type 'ros.ament_python' and name 'maze_control'
[0.309s] Level 1:colcon.colcon_core.package_identification:_identify(build) by extensions ['ignore', 'ignore_ament_install']
[0.309s] Level 1:colcon.colcon_core.package_identification:_identify(build) by extension 'ignore'
[0.309s] Level 1:colcon.colcon_core.package_identification:_identify(build) ignored
[0.309s] Level 1:colcon.colcon_core.package_identification:_identify(install) by extensions ['ignore', 'ignore_ament_install']
[0.309s] Level 1:colcon.colcon_core.package_identification:_identify(install) by extension 'ignore'
[0.309s] Level 1:colcon.colcon_core.package_identification:_identify(install) ignored
[0.309s] Level 1:colcon.colcon_core.package_identification:_identify(interfaces) by extensions ['ignore', 'ignore_ament_install']
[0.309s] Level 1:colcon.colcon_core.package_identification:_identify(interfaces) by extension 'ignore'
[0.310s] Level 1:colcon.colcon_core.package_identification:_identify(interfaces) by extension 'ignore_ament_install'
[0.310s] Level 1:colcon.colcon_core.package_identification:_identify(interfaces) by extensions ['colcon_pkg']
[0.310s] Level 1:colcon.colcon_core.package_identification:_identify(interfaces) by extension 'colcon_pkg'
[0.310s] Level 1:colcon.colcon_core.package_identification:_identify(interfaces) by extensions ['colcon_meta']
[0.310s] Level 1:colcon.colcon_core.package_identification:_identify(interfaces) by extension 'colcon_meta'
[0.310s] Level 1:colcon.colcon_core.package_identification:_identify(interfaces) by extensions ['ros']
[0.310s] Level 1:colcon.colcon_core.package_identification:_identify(interfaces) by extension 'ros'
[0.310s] DEBUG:colcon.colcon_core.package_identification:Package 'interfaces' with type 'ros.ament_cmake' and name 'interfaces'
[0.311s] Level 1:colcon.colcon_core.package_identification:_identify(log) by extensions ['ignore', 'ignore_ament_install']
[0.311s] Level 1:colcon.colcon_core.package_identification:_identify(log) by extension 'ignore'
[0.311s] Level 1:colcon.colcon_core.package_identification:_identify(log) ignored
[0.311s] Level 1:colcon.colcon_core.package_identification:_identify(mazeSolve_pkg) by extensions ['ignore', 'ignore_ament_install']
[0.311s] Level 1:colcon.colcon_core.package_identification:_identify(mazeSolve_pkg) by extension 'ignore'
[0.311s] Level 1:colcon.colcon_core.package_identification:_identify(mazeSolve_pkg) by extension 'ignore_ament_install'
[0.311s] Level 1:colcon.colcon_core.package_identification:_identify(mazeSolve_pkg) by extensions ['colcon_pkg']
[0.311s] Level 1:colcon.colcon_core.package_identification:_identify(mazeSolve_pkg) by extension 'colcon_pkg'
[0.311s] Level 1:colcon.colcon_core.package_identification:_identify(mazeSolve_pkg) by extensions ['colcon_meta']
[0.311s] Level 1:colcon.colcon_core.package_identification:_identify(mazeSolve_pkg) by extension 'colcon_meta'
[0.311s] Level 1:colcon.colcon_core.package_identification:_identify(mazeSolve_pkg) by extensions ['ros']
[0.311s] Level 1:colcon.colcon_core.package_identification:_identify(mazeSolve_pkg) by extension 'ros'
[0.312s] DEBUG:colcon.colcon_core.package_identification:Package 'mazeSolve_pkg' with type 'ros.ament_python' and name 'mazeSolve_pkg'
[0.312s] Level 1:colcon.colcon_core.package_discovery:discover_packages(recursive) using defaults
[0.313s] Level 1:colcon.colcon_core.package_discovery:discover_packages(ignore) discover
[0.313s] Level 1:colcon.colcon_core.package_discovery:discover_packages(ignore) using defaults
[0.313s] Level 1:colcon.colcon_core.package_discovery:discover_packages(path) discover
[0.313s] Level 1:colcon.colcon_core.package_discovery:discover_packages(path) using defaults
[0.345s] INFO:colcon.colcon_core.package_selection:Skipping not selected package 'maze_control' in 'MIA26_phase2_ros_contest/maze_control'
[0.346s] Level 5:colcon.colcon_core.verb:set package 'interfaces' build argument 'cmake_args' from command line to 'None'
[0.346s] Level 5:colcon.colcon_core.verb:set package 'interfaces' build argument 'cmake_target' from command line to 'None'
[0.346s] Level 5:colcon.colcon_core.verb:set package 'interfaces' build argument 'cmake_target_skip_unavailable' from command line to 'False'
[0.346s] Level 5:colcon.colcon_core.verb:set package 'interfaces' build argument 'cmake_clean_cache' from command line to 'False'
[0.346s] Level 5:colcon.colcon_core.verb:set package 'interfaces' build argument 'cmake_clean_first' from command line to 'False'
[0.346s] Level 5:colcon.colcon_core.verb:set package 'interfaces' build argument 'cmake_force_configure' from command line to 'False'
[0.346s] Level 5:colcon.colcon_core.verb:set package 'interfaces' build argument 'ament_cmake_args' from command line to 'None'
[0.346s] Level 5:colcon.colcon_core.verb:set package 'interfaces' build argument 'catkin_cmake_args' from command line to 'None'
[0.346s] Level 5:colcon.colcon_core.verb:set package 'interfaces' build argument 'catkin_skip_building_tests' from command line to 'False'
[0.346s] DEBUG:colcon.colcon_core.verb:Building package 'interfaces' with the following arguments: {'ament_cmake_args': None, 'build_base': '/root/training_ws_merge2/src/build/interfaces', 'catkin_cmake_args': None, 'catkin_skip_building_tests': False, 'cmake_args': None, 'cmake_clean_cache': False, 'cmake_clean_first': False, 'cmake_force_configure': False, 'cmake_target': None, 'cmake_target_skip_unavailable': False, 'install_base': '/root/training_ws_merge2/src/install/interfaces', 'merge_install': False, 'path': '/root/training_ws_merge2/src/interfaces', 'symlink_install': False, 'test_result_base': None}
[0.346s] Level 5:colcon.colcon_core.verb:set package 'mazeSolve_pkg' build argument 'cmake_args' from command line to 'None'
[0.347s] Level 5:colcon.colcon_core.verb:set package 'mazeSolve_pkg' build argument 'cmake_target' from command line to 'None'
[0.347s] Level 5:colcon.colcon_core.verb:set package 'mazeSolve_pkg' build argument 'cmake_target_skip_unavailable' from command line to 'False'
[0.347s] Level 5:colcon.colcon_core.verb:set package 'mazeSolve_pkg' build argument 'cmake_clean_cache' from command line to 'False'
[0.347s] Level 5:colcon.colcon_core.verb:set package 'mazeSolve_pkg' build argument 'cmake_clean_first' from command line to 'False'
[0.347s] Level 5:colcon.colcon_core.verb:set package 'mazeSolve_pkg' build argument 'cmake_force_configure' from command line to 'False'
[0.347s] Level 5:colcon.colcon_core.verb:set package 'mazeSolve_pkg' build argument 'ament_cmake_args' from command line to 'None'
[0.347s] Level 5:colcon.colcon_core.verb:set package 'mazeSolve_pkg' build argument 'catkin_cmake_args' from command line to 'None'
[0.347s] Level 5:colcon.colcon_core.verb:set package 'mazeSolve_pkg' build argument 'catkin_skip_building_tests' from command line to 'False'
[0.347s] DEBUG:colcon.colcon_core.verb:Building package 'mazeSolve_pkg' with the following arguments: {'ament_cmake_args': None, 'build_base': '/root/training_ws_merge2/src/build/mazeSolve_pkg', 'catkin_cmake_args': None, 'catkin_skip_building_tests': False, 'cmake_args': None, 'cmake_clean_cache': False, 'cmake_clean_first': False, 'cmake_force_configure': False, 'cmake_target': None, 'cmake_target_skip_unavailable': False, 'install_base': '/root/training_ws_merge2/src/install/mazeSolve_pkg', 'merge_install': False, 'path': '/root/training_ws_merge2/src/mazeSolve_pkg', 'symlink_install': False, 'test_result_base': None}
[0.347s] INFO:colcon.colcon_core.executor:Executing jobs using 'parallel' executor
[0.349s] DEBUG:colcon.colcon_parallel_executor.executor.parallel:run_until_complete
[0.349s] INFO:colcon.colcon_ros.task.ament_cmake.build:Building ROS package in '/root/training_ws_merge2/src/interfaces' with build type 'ament_cmake'
[0.350s] INFO:colcon.colcon_cmake.task.cmake.build:Building CMake package in '/root/training_ws_merge2/src/interfaces'
[0.354s] INFO:colcon.colcon_core.plugin_system:Skipping extension 'colcon_core.shell.bat': Not used on non-Windows systems
[0.354s] INFO:colcon.colcon_core.shell:Skip shell extension 'powershell' for command environment: Not usable outside of PowerShell
[0.354s] DEBUG:colcon.colcon_core.shell:Skip shell extension 'dsv' for command environment
[0.376s] DEBUG:colcon.colcon_core.event_handler.log_command:Invoking command in '/root/training_ws_merge2/src/build/interfaces': CMAKE_PREFIX_PATH=${CMAKE_PREFIX_PATH}:/root/training_ws_merge2/src/install/maze_control:/root/training_ws_merge2/src/install/mazeSolve_pkg:/root/training_ws_merge2/install/maze_control:/root/training_ws_merge2/install/mazeSolve_pkg:/root/training_ws/install/mazeSolve_pkg:/opt/ros/jazzy /usr/bin/cmake --build /root/training_ws_merge2/src/build/interfaces -- -j8 -l8
[1.171s] DEBUG:colcon.colcon_core.event_handler.log_command:Invoked command in '/root/training_ws_merge2/src/build/interfaces' returned '0': CMAKE_PREFIX_PATH=${CMAKE_PREFIX_PATH}:/root/training_ws_merge2/src/install/maze_control:/root/training_ws_merge2/src/install/mazeSolve_pkg:/root/training_ws_merge2/install/maze_control:/root/training_ws_merge2/install/mazeSolve_pkg:/root/training_ws/install/mazeSolve_pkg:/opt/ros/jazzy /usr/bin/cmake --build /root/training_ws_merge2/src/build/interfaces -- -j8 -l8
[1.192s] DEBUG:colcon.colcon_core.event_handler.log_command:Invoking command in '/root/training_ws_merge2/src/build/interfaces': CMAKE_PREFIX_PATH=${CMAKE_PREFIX_PATH}:/root/training_ws_merge2/src/install/maze_control:/root/training_ws_merge2/src/install/mazeSolve_pkg:/root/training_ws_merge2/install/maze_control:/root/training_ws_merge2/install/mazeSolve_pkg:/root/training_ws/install/mazeSolve_pkg:/opt/ros/jazzy /usr/bin/cmake --install /root/training_ws_merge2/src/build/interfaces
[1.352s] Level 1:colcon.colcon_core.environment:create_environment_scripts_only(interfaces)
[1.353s] DEBUG:colcon.colcon_core.event_handler.log_command:Invoked command in '/root/training_ws_merge2/src/build/interfaces' returned '0': CMAKE_PREFIX_PATH=${CMAKE_PREFIX_PATH}:/root/training_ws_merge2/src/install/maze_control:/root/training_ws_merge2/src/install/mazeSolve_pkg:/root/training_ws_merge2/install/maze_control:/root/training_ws_merge2/install/mazeSolve_pkg:/root/training_ws/install/mazeSolve_pkg:/opt/ros/jazzy /usr/bin/cmake --install /root/training_ws_merge2/src/build/interfaces
[1.357s] Level 1:colcon.colcon_core.environment:checking '/root/training_ws_merge2/src/install/interfaces' for CMake module files
[1.358s] Level 1:colcon.colcon_core.environment:checking '/root/training_ws_merge2/src/install/interfaces' for CMake config files
[1.359s] Level 1:colcon.colcon_core.shell:create_environment_hook('interfaces', 'cmake_prefix_path')
[1.359s] INFO:colcon.colcon_core.shell:Creating environment hook '/root/training_ws_merge2/src/install/interfaces/share/interfaces/hook/cmake_prefix_path.ps1'
[1.360s] INFO:colcon.colcon_core.shell:Creating environment descriptor '/root/training_ws_merge2/src/install/interfaces/share/interfaces/hook/cmake_prefix_path.dsv'
[1.361s] INFO:colcon.colcon_core.shell:Creating environment hook '/root/training_ws_merge2/src/install/interfaces/share/interfaces/hook/cmake_prefix_path.sh'
[1.363s] Level 1:colcon.colcon_core.environment:checking '/root/training_ws_merge2/src/install/interfaces/lib'
[1.364s] Level 1:colcon.colcon_core.shell:create_environment_hook('interfaces', 'ld_library_path_lib')
[1.365s] INFO:colcon.colcon_core.shell:Creating environment hook '/root/training_ws_merge2/src/install/interfaces/share/interfaces/hook/ld_library_path_lib.ps1'
[1.366s] INFO:colcon.colcon_core.shell:Creating environment descriptor '/root/training_ws_merge2/src/install/interfaces/share/interfaces/hook/ld_library_path_lib.dsv'
[1.368s] INFO:colcon.colcon_core.shell:Creating environment hook '/root/training_ws_merge2/src/install/interfaces/share/interfaces/hook/ld_library_path_lib.sh'
[1.370s] Level 1:colcon.colcon_core.environment:checking '/root/training_ws_merge2/src/install/interfaces/bin'
[1.370s] Level 1:colcon.colcon_core.environment:checking '/root/training_ws_merge2/src/install/interfaces/lib/pkgconfig/interfaces.pc'
[1.375s] Level 1:colcon.colcon_core.environment:checking '/root/training_ws_merge2/src/install/interfaces/lib/python3.12/site-packages'
[1.375s] Level 1:colcon.colcon_core.shell:create_environment_hook('interfaces', 'pythonpath')
[1.375s] INFO:colcon.colcon_core.shell:Creating environment hook '/root/training_ws_merge2/src/install/interfaces/share/interfaces/hook/pythonpath.ps1'
[1.376s] INFO:colcon.colcon_core.shell:Creating environment descriptor '/root/training_ws_merge2/src/install/interfaces/share/interfaces/hook/pythonpath.dsv'
[1.377s] INFO:colcon.colcon_core.shell:Creating environment hook '/root/training_ws_merge2/src/install/interfaces/share/interfaces/hook/pythonpath.sh'
[1.377s] Level 1:colcon.colcon_core.environment:checking '/root/training_ws_merge2/src/install/interfaces/bin'
[1.378s] INFO:colcon.colcon_core.shell:Creating package script '/root/training_ws_merge2/src/install/interfaces/share/interfaces/package.ps1'
[1.379s] INFO:colcon.colcon_core.shell:Creating package descriptor '/root/training_ws_merge2/src/install/interfaces/share/interfaces/package.dsv'
[1.381s] INFO:colcon.colcon_core.shell:Creating package script '/root/training_ws_merge2/src/install/interfaces/share/interfaces/package.sh'
[1.383s] INFO:colcon.colcon_core.shell:Creating package script '/root/training_ws_merge2/src/install/interfaces/share/interfaces/package.bash'
[1.384s] INFO:colcon.colcon_core.shell:Creating package script '/root/training_ws_merge2/src/install/interfaces/share/interfaces/package.zsh'
[1.385s] Level 1:colcon.colcon_core.environment:create_file_with_runtime_dependencies(/root/training_ws_merge2/src/install/interfaces/share/colcon-core/packages/interfaces)
[1.388s] Level 1:colcon.colcon_core.environment:create_environment_scripts_only(interfaces)
[1.388s] Level 1:colcon.colcon_core.environment:checking '/root/training_ws_merge2/src/install/interfaces' for CMake module files
[1.390s] Level 1:colcon.colcon_core.environment:checking '/root/training_ws_merge2/src/install/interfaces' for CMake config files
[1.392s] Level 1:colcon.colcon_core.shell:create_environment_hook('interfaces', 'cmake_prefix_path')
[1.392s] INFO:colcon.colcon_core.shell:Creating environment hook '/root/training_ws_merge2/src/install/interfaces/share/interfaces/hook/cmake_prefix_path.ps1'
[1.393s] INFO:colcon.colcon_core.shell:Creating environment descriptor '/root/training_ws_merge2/src/install/interfaces/share/interfaces/hook/cmake_prefix_path.dsv'
[1.393s] INFO:colcon.colcon_core.shell:Creating environment hook '/root/training_ws_merge2/src/install/interfaces/share/interfaces/hook/cmake_prefix_path.sh'
[1.394s] Level 1:colcon.colcon_core.environment:checking '/root/training_ws_merge2/src/install/interfaces/lib'
[1.394s] Level 1:colcon.colcon_core.shell:create_environment_hook('interfaces', 'ld_library_path_lib')
[1.394s] INFO:colcon.colcon_core.shell:Creating environment hook '/root/training_ws_merge2/src/install/interfaces/share/interfaces/hook/ld_library_path_lib.ps1'
[1.395s] INFO:colcon.colcon_core.shell:Creating environment descriptor '/root/training_ws_merge2/src/install/interfaces/share/interfaces/hook/ld_library_path_lib.dsv'
[1.396s] INFO:colcon.colcon_core.shell:Creating environment hook '/root/training_ws_merge2/src/install/interfaces/share/interfaces/hook/ld_library_path_lib.sh'
[1.397s] Level 1:colcon.colcon_core.environment:checking '/root/training_ws_merge2/src/install/interfaces/bin'
[1.397s] Level 1:colcon.colcon_core.environment:checking '/root/training_ws_merge2/src/install/interfaces/lib/pkgconfig/interfaces.pc'
[1.397s] Level 1:colcon.colcon_core.environment:checking '/root/training_ws_merge2/src/install/interfaces/lib/python3.12/site-packages'
[1.398s] Level 1:colcon.colcon_core.shell:create_environment_hook('interfaces', 'pythonpath')
[1.398s] INFO:colcon.colcon_core.shell:Creating environment hook '/root/training_ws_merge2/src/install/interfaces/share/interfaces/hook/pythonpath.ps1'
[1.399s] INFO:colcon.colcon_core.shell:Creating environment descriptor '/root/training_ws_merge2/src/install/interfaces/share/interfaces/hook/pythonpath.dsv'
[1.400s] INFO:colcon.colcon_core.shell:Creating environment hook '/root/training_ws_merge2/src/install/interfaces/share/interfaces/hook/pythonpath.sh'
[1.401s] Level 1:colcon.colcon_core.environment:checking '/root/training_ws_merge2/src/install/interfaces/bin'
[1.402s] INFO:colcon.colcon_core.shell:Creating package script '/root/training_ws_merge2/src/install/interfaces/share/interfaces/package.ps1'
[1.403s] INFO:colcon.colcon_core.shell:Creating package descriptor '/root/training_ws_merge2/src/install/interfaces/share/interfaces/package.dsv'
[1.405s] INFO:colcon.colcon_core.shell:Creating package script '/root/training_ws_merge2/src/install/interfaces/share/interfaces/package.sh'
[1.406s] INFO:colcon.colcon_core.shell:Creating package script '/root/training_ws_merge2/src/install/interfaces/share/interfaces/package.bash'
[1.406s] INFO:colcon.colcon_core.shell:Creating package script '/root/training_ws_merge2/src/install/interfaces/share/interfaces/package.zsh'
[1.407s] Level 1:colcon.colcon_core.environment:create_file_with_runtime_dependencies(/root/training_ws_merge2/src/install/interfaces/share/colcon-core/packages/interfaces)
[1.408s] INFO:colcon.colcon_ros.task.ament_python.build:Building ROS package in '/root/training_ws_merge2/src/mazeSolve_pkg' with build type 'ament_python'
[1.408s] Level 1:colcon.colcon_core.shell:create_environment_hook('mazeSolve_pkg', 'ament_prefix_path')
[1.408s] INFO:colcon.colcon_core.shell:Creating environment hook '/root/training_ws_merge2/src/install/mazeSolve_pkg/share/mazeSolve_pkg/hook/ament_prefix_path.ps1'
[1.409s] INFO:colcon.colcon_core.shell:Creating environment descriptor '/root/training_ws_merge2/src/install/mazeSolve_pkg/share/mazeSolve_pkg/hook/ament_prefix_path.dsv'
[1.410s] INFO:colcon.colcon_core.shell:Creating environment hook '/root/training_ws_merge2/src/install/mazeSolve_pkg/share/mazeSolve_pkg/hook/ament_prefix_path.sh'
[1.411s] INFO:colcon.colcon_core.shell:Skip shell extension 'powershell' for command environment: Not usable outside of PowerShell
[1.411s] DEBUG:colcon.colcon_core.shell:Skip shell extension 'dsv' for command environment
[1.843s] INFO:colcon.colcon_core.task.python.build:Building Python package in '/root/training_ws_merge2/src/mazeSolve_pkg'
[1.843s] INFO:colcon.colcon_core.shell:Skip shell extension 'powershell' for command environment: Not usable outside of PowerShell
[1.843s] DEBUG:colcon.colcon_core.shell:Skip shell extension 'dsv' for command environment
[2.877s] DEBUG:colcon.colcon_core.task.python.build:Available setuptools commands: saveopts, check, upload_docs, dist_info, install_egg_info, extract_messages, build_ext, register, easy_install, sdist, clean, bdist_egg, bdist_dumb, alias, install_lib, build, install, install_scripts, bdist_rpm, install_data, install_headers, compile_catalog, editable_wheel, build_py, symlink_data, rotate, build_scripts, egg_info, upload, bdist, test, update_catalog, setopt, build_clib, init_catalog, develop
[2.883s] DEBUG:colcon.colcon_core.event_handler.log_command:Invoking command in '/root/training_ws_merge2/src/mazeSolve_pkg': PYTHONPATH=/root/training_ws_merge2/src/build/mazeSolve_pkg/prefix_override:/usr/lib/python3/dist-packages/colcon_core/task/python/colcon_distutils_commands:/root/training_ws_merge2/src/install/mazeSolve_pkg/lib/python3.12/site-packages:/root/training_ws_merge2/src/install/interfaces/lib/python3.12/site-packages:/root/training_ws_merge2/build/maze_control:/root/training_ws_merge2/build/mazeSolve_pkg:/root/training_ws_merge2/src/build/maze_control:/root/training_ws_merge2/src/build/mazeSolve_pkg:/root/training_ws_merge2/src/install/maze_control/lib/python3.12/site-packages:/root/training_ws_merge2/src/install/mazeSolve_pkg/lib/python3.12/site-packages:/root/training_ws_merge2/install/maze_control/lib/python3.12/site-packages:/root/training_ws_merge2/install/mazeSolve_pkg/lib/python3.12/site-packages:/root/training_ws_merge2/install/interfaces/lib/python3.12/site-packages:/root/training_ws/install/maze_control/lib/python3.12/site-packages:/root/training_ws/install/mazeSolve_pkg/lib/python3.12/site-packages:/root/training_ws/install/interfaces/lib/python3.12/site-packages:/opt/ros/jazzy/lib/python3.12/site-packages /usr/bin/python3 -W ignore:setup.py install is deprecated -W ignore:easy_install command is deprecated setup.py egg_info --egg-base ../build/mazeSolve_pkg build --build-base /root/training_ws_merge2/src/build/mazeSolve_pkg/build install --record /root/training_ws_merge2/src/build/mazeSolve_pkg/install.log --install-scripts $base/lib/mazeSolve_pkg --single-version-externally-managed install_data
[3.796s] Level 1:colcon.colcon_core.environment:checking '/root/training_ws_merge2/src/install/mazeSolve_pkg' for CMake module files
[3.797s] DEBUG:colcon.colcon_core.event_handler.log_command:Invoked command in '/root/training_ws_merge2/src/mazeSolve_pkg' returned '0': PYTHONPATH=/root/training_ws_merge2/src/build/mazeSolve_pkg/prefix_override:/usr/lib/python3/dist-packages/colcon_core/task/python/colcon_distutils_commands:/root/training_ws_merge2/src/install/mazeSolve_pkg/lib/python3.12/site-packages:/root/training_ws_merge2/src/install/interfaces/lib/python3.12/site-packages:/root/training_ws_merge2/build/maze_control:/root/training_ws_merge2/build/mazeSolve_pkg:/root/training_ws_merge2/src/build/maze_control:/root/training_ws_merge2/src/build/mazeSolve_pkg:/root/training_ws_merge2/src/install/maze_control/lib/python3.12/site-packages:/root/training_ws_merge2/src/install/mazeSolve_pkg/lib/python3.12/site-packages:/root/training_ws_merge2/install/maze_control/lib/python3.12/site-packages:/root/training_ws_merge2/install/mazeSolve_pkg/lib/python3.12/site-packages:/root/training_ws_merge2/install/interfaces/lib/python3.12/site-packages:/root/training_ws/install/maze_control/lib/python3.12/site-packages:/root/training_ws/install/mazeSolve_pkg/lib/python3.12/site-packages:/root/training_ws/install/interfaces/lib/python3.12/site-packages:/opt/ros/jazzy/lib/python3.12/site-packages /usr/bin/python3 -W ignore:setup.py install is deprecated -W ignore:easy_install command is deprecated setup.py egg_info --egg-base ../build/mazeSolve_pkg build --build-base /root/training_ws_merge2/src/build/mazeSolve_pkg/build install --record /root/training_ws_merge2/src/build/mazeSolve_pkg/install.log --install-scripts $base/lib/mazeSolve_pkg --single-version-externally-managed install_data
[3.797s] Level 1:colcon.colcon_core.environment:checking '/root/training_ws_merge2/src/install/mazeSolve_pkg' for CMake config files
[3.799s] Level 1:colcon.colcon_core.environment:checking '/root/training_ws_merge2/src/install/mazeSolve_pkg/lib'
[3.799s] Level 1:colcon.colcon_core.environment:checking '/root/training_ws_merge2/src/install/mazeSolve_pkg/bin'
[3.799s] Level 1:colcon.colcon_core.environment:checking '/root/training_ws_merge2/src/install/mazeSolve_pkg/lib/pkgconfig/mazeSolve_pkg.pc'
[3.800s] Level 1:colcon.colcon_core.environment:checking '/root/training_ws_merge2/src/install/mazeSolve_pkg/lib/python3.12/site-packages'
[3.800s] Level 1:colcon.colcon_core.shell:create_environment_hook('mazeSolve_pkg', 'pythonpath')
[3.800s] INFO:colcon.colcon_core.shell:Creating environment hook '/root/training_ws_merge2/src/install/mazeSolve_pkg/share/mazeSolve_pkg/hook/pythonpath.ps1'
[3.802s] INFO:colcon.colcon_core.shell:Creating environment descriptor '/root/training_ws_merge2/src/install/mazeSolve_pkg/share/mazeSolve_pkg/hook/pythonpath.dsv'
[3.803s] INFO:colcon.colcon_core.shell:Creating environment hook '/root/training_ws_merge2/src/install/mazeSolve_pkg/share/mazeSolve_pkg/hook/pythonpath.sh'
[3.804s] Level 1:colcon.colcon_core.environment:checking '/root/training_ws_merge2/src/install/mazeSolve_pkg/bin'
[3.804s] Level 1:colcon.colcon_core.environment:create_environment_scripts_only(mazeSolve_pkg)
[3.804s] INFO:colcon.colcon_core.shell:Creating package script '/root/training_ws_merge2/src/install/mazeSolve_pkg/share/mazeSolve_pkg/package.ps1'
[3.805s] INFO:colcon.colcon_core.shell:Creating package descriptor '/root/training_ws_merge2/src/install/mazeSolve_pkg/share/mazeSolve_pkg/package.dsv'
[3.806s] INFO:colcon.colcon_core.shell:Creating package script '/root/training_ws_merge2/src/install/mazeSolve_pkg/share/mazeSolve_pkg/package.sh'
[3.807s] INFO:colcon.colcon_core.shell:Creating package script '/root/training_ws_merge2/src/install/mazeSolve_pkg/share/mazeSolve_pkg/package.bash'
[3.807s] INFO:colcon.colcon_core.shell:Creating package script '/root/training_ws_merge2/src/install/mazeSolve_pkg/share/mazeSolve_pkg/package.zsh'
[3.807s] Level 1:colcon.colcon_core.environment:create_file_with_runtime_dependencies(/root/training_ws_merge2/src/install/mazeSolve_pkg/share/colcon-core/packages/mazeSolve_pkg)
[3.808s] DEBUG:colcon.colcon_parallel_executor.executor.parallel:closing loop
[3.808s] DEBUG:colcon.colcon_parallel_executor.executor.parallel:loop closed
[3.808s] DEBUG:colcon.colcon_parallel_executor.executor.parallel:run_until_complete finished with '0'
[3.808s] DEBUG:colcon.colcon_core.event_reactor:joining thread
[3.820s] INFO:colcon.colcon_core.plugin_system:Skipping extension 'colcon_notification.desktop_notification.notify_send': Could not find 'notify-send'
[3.820s] INFO:colcon.colcon_core.plugin_system:Skipping extension 'colcon_notification.desktop_notification.terminal_notifier': Not used on non-Darwin systems
[3.820s] INFO:colcon.colcon_core.plugin_system:Skipping extension 'colcon_notification.desktop_notification.win32': Not used on non-Windows systems
[3.820s] INFO:colcon.colcon_notification.desktop_notification:Sending desktop notification using 'notify2'
[3.827s] DEBUG:colcon.colcon_notification.desktop_notification.notify2:Failed to initialize notify2: org.freedesktop.DBus.Error.Spawn.ExecFailed: /usr/bin/dbus-launch terminated abnormally without any error message
[3.827s] DEBUG:colcon.colcon_core.event_reactor:joined thread
[3.828s] INFO:colcon.colcon_core.shell:Creating prefix script '/root/training_ws_merge2/src/install/local_setup.ps1'
[3.830s] INFO:colcon.colcon_core.shell:Creating prefix util module '/root/training_ws_merge2/src/install/_local_setup_util_ps1.py'
[3.833s] INFO:colcon.colcon_core.shell:Creating prefix chain script '/root/training_ws_merge2/src/install/setup.ps1'
[3.836s] INFO:colcon.colcon_core.shell:Creating prefix script '/root/training_ws_merge2/src/install/local_setup.sh'
[3.837s] INFO:colcon.colcon_core.shell:Creating prefix util module '/root/training_ws_merge2/src/install/_local_setup_util_sh.py'
[3.838s] INFO:colcon.colcon_core.shell:Creating prefix chain script '/root/training_ws_merge2/src/install/setup.sh'
[3.840s] INFO:colcon.colcon_core.shell:Creating prefix script '/root/training_ws_merge2/src/install/local_setup.bash'
[3.841s] INFO:colcon.colcon_core.shell:Creating prefix chain script '/root/training_ws_merge2/src/install/setup.bash'
[3.843s] INFO:colcon.colcon_core.shell:Creating prefix script '/root/training_ws_merge2/src/install/local_setup.zsh'
[3.843s] INFO:colcon.colcon_core.shell:Creating prefix chain script '/root/training_ws_merge2/src/install/setup.zsh'
