[0.028s] Invoking command in '/home/a/Solving-Maze/build/interfaces': CMAKE_PREFIX_PATH=${CMAKE_PREFIX_PATH}:/home/a/Solving-Maze/install/mazeSolve_pkg:/opt/ros/jazzy DEBUGINFOD_URLS=https://debuginfod.ubuntu.com /usr/bin/cmake --build /home/a/Solving-Maze/build/interfaces -- -j8 -l8
[0.240s] -- Found ament_cmake: 2.5.6 (/opt/ros/jazzy/share/ament_cmake/cmake)
[0.241s] -- Found rosidl_default_generators: 1.6.1 (/opt/ros/jazzy/share/rosidl_default_generators/cmake)
[0.241s] -- Using all available rosidl_typesupport_c: rosidl_typesupport_fastrtps_c;rosidl_typesupport_introspection_c
[0.241s] -- Using all available rosidl_typesupport_cpp: rosidl_typesupport_fastrtps_cpp;rosidl_typesupport_introspection_cpp
[0.241s] -- Found rosidl_adapter: 4.6.9 (/opt/ros/jazzy/share/rosidl_adapter/cmake)
[0.241s] -- Found action_msgs: 2.0.4 (/opt/ros/jazzy/share/action_msgs/cmake)
[0.580s] -- Found ament_cmake_ros: 0.12.1 (/opt/ros/jazzy/share/ament_cmake_ros/cmake)
[0.686s] -- Using all available rosidl_typesupport_c: rosidl_typesupport_fastrtps_c;rosidl_typesupport_introspection_c
[0.833s] -- Using all available rosidl_typesupport_cpp: rosidl_typesupport_fastrtps_cpp;rosidl_typesupport_introspection_cpp
[0.835s] -- Found python_cmake_module: 0.11.1 (/opt/ros/jazzy/share/python_cmake_module/cmake)
[1.115s] -- Found Python3: /usr/bin/python3 (found version "3.12.3") found components: Interpreter Development NumPy Development.Module Development.Embed 
[1.163s] -- Found Python3: /usr/bin/python3 (found version "3.12.3") found components: Interpreter 
[1.171s] -- Configuring done (1.1s)
[1.213s] -- Generating done (0.0s)
[1.226s] -- Build files have been written to: /home/a/Solving-Maze/build/interfaces
[1.264s] [  2%] Built target interfaces__rosidl_generator_type_description
[1.266s] [  5%] Built target interfaces__rs
[1.278s] [  5%] Built target ament_cmake_python_copy_interfaces
[1.288s] [ 20%] Built target interfaces__rosidl_generator_c
[1.290s] [ 22%] Built target interfaces__cpp
[1.332s] [ 31%] Built target interfaces__rosidl_typesupport_introspection_c
[1.335s] [ 48%] Built target interfaces__rosidl_typesupport_c
[1.335s] [ 48%] Built target interfaces__rosidl_typesupport_cpp
[1.336s] [ 57%] Built target interfaces__rosidl_typesupport_fastrtps_cpp
[1.343s] [ 65%] Built target interfaces__rosidl_typesupport_introspection_cpp
[1.346s] [ 74%] Built target interfaces__rosidl_typesupport_fastrtps_c
[1.366s] [ 74%] Built target interfaces
[1.389s] [ 77%] Built target interfaces__py
[1.418s] [ 82%] Built target interfaces__rosidl_generator_py
[1.453s] [ 97%] Built target interfaces_s__rosidl_typesupport_c
[1.453s] [ 97%] Built target interfaces_s__rosidl_typesupport_fastrtps_c
[1.453s] [100%] Built target interfaces_s__rosidl_typesupport_introspection_c
[1.596s] running egg_info
[1.619s] writing interfaces.egg-info/PKG-INFO
[1.619s] writing dependency_links to interfaces.egg-info/dependency_links.txt
[1.619s] writing top-level names to interfaces.egg-info/top_level.txt
[1.685s] reading manifest file 'interfaces.egg-info/SOURCES.txt'
[1.686s] writing manifest file 'interfaces.egg-info/SOURCES.txt'
[1.716s] [100%] Built target ament_cmake_python_build_interfaces_egg
[1.727s] Invoked command in '/home/a/Solving-Maze/build/interfaces' returned '0': CMAKE_PREFIX_PATH=${CMAKE_PREFIX_PATH}:/home/a/Solving-Maze/install/mazeSolve_pkg:/opt/ros/jazzy DEBUGINFOD_URLS=https://debuginfod.ubuntu.com /usr/bin/cmake --build /home/a/Solving-Maze/build/interfaces -- -j8 -l8
[1.737s] Invoking command in '/home/a/Solving-Maze/build/interfaces': CMAKE_PREFIX_PATH=${CMAKE_PREFIX_PATH}:/home/a/Solving-Maze/install/mazeSolve_pkg:/opt/ros/jazzy DEBUGINFOD_URLS=https://debuginfod.ubuntu.com /usr/bin/cmake --install /home/a/Solving-Maze/build/interfaces
[1.744s] -- Install configuration: ""
[1.745s] -- Up-to-date: /home/a/Solving-Maze/install/interfaces/share/ament_index/resource_index/rosidl_interfaces/interfaces
[1.745s] -- Up-to-date: /home/a/Solving-Maze/install/interfaces/share/interfaces/action/MoveX.json
[1.745s] -- Up-to-date: /home/a/Solving-Maze/install/interfaces/include/interfaces/interfaces
[1.745s] -- Up-to-date: /home/a/Solving-Maze/install/interfaces/include/interfaces/interfaces/msg
[1.745s] -- Up-to-date: /home/a/Solving-Maze/install/interfaces/include/interfaces/interfaces/msg/rosidl_generator_c__visibility_control.h
[1.745s] -- Up-to-date: /home/a/Solving-Maze/install/interfaces/include/interfaces/interfaces/action
[1.746s] -- Up-to-date: /home/a/Solving-Maze/install/interfaces/include/interfaces/interfaces/action/move_x.h
[1.746s] -- Up-to-date: /home/a/Solving-Maze/install/interfaces/include/interfaces/interfaces/action/detail
[1.746s] -- Up-to-date: /home/a/Solving-Maze/install/interfaces/include/interfaces/interfaces/action/detail/move_x__functions.h
[1.746s] -- Up-to-date: /home/a/Solving-Maze/install/interfaces/include/interfaces/interfaces/action/detail/move_x__description.c
[1.746s] -- Up-to-date: /home/a/Solving-Maze/install/interfaces/include/interfaces/interfaces/action/detail/move_x__type_support.h
[1.746s] -- Up-to-date: /home/a/Solving-Maze/install/interfaces/include/interfaces/interfaces/action/detail/move_x__functions.c
[1.747s] -- Up-to-date: /home/a/Solving-Maze/install/interfaces/include/interfaces/interfaces/action/detail/move_x__type_support.c
[1.747s] -- Up-to-date: /home/a/Solving-Maze/install/interfaces/include/interfaces/interfaces/action/detail/move_x__struct.h
[1.747s] -- Up-to-date: /home/a/Solving-Maze/install/interfaces/share/interfaces/environment/library_path.sh
[1.747s] -- Up-to-date: /home/a/Solving-Maze/install/interfaces/share/interfaces/environment/library_path.dsv
[1.747s] -- Up-to-date: /home/a/Solving-Maze/install/interfaces/lib/libinterfaces__rosidl_generator_c.so
[1.747s] -- Up-to-date: /home/a/Solving-Maze/install/interfaces/include/interfaces/interfaces
[1.747s] -- Up-to-date: /home/a/Solving-Maze/install/interfaces/include/interfaces/interfaces/msg
[1.748s] -- Up-to-date: /home/a/Solving-Maze/install/interfaces/include/interfaces/interfaces/msg/rosidl_typesupport_fastrtps_c__visibility_control.h
[1.748s] -- Up-to-date: /home/a/Solving-Maze/install/interfaces/include/interfaces/interfaces/action
[1.748s] -- Up-to-date: /home/a/Solving-Maze/install/interfaces/include/interfaces/interfaces/action/detail
[1.748s] -- Up-to-date: /home/a/Solving-Maze/install/interfaces/include/interfaces/interfaces/action/detail/move_x__rosidl_typesupport_fastrtps_c.h
[1.748s] -- Up-to-date: /home/a/Solving-Maze/install/interfaces/lib/libinterfaces__rosidl_typesupport_fastrtps_c.so
[1.748s] -- Up-to-date: /home/a/Solving-Maze/install/interfaces/include/interfaces/interfaces
[1.748s] -- Up-to-date: /home/a/Solving-Maze/install/interfaces/include/interfaces/interfaces/msg
[1.749s] -- Up-to-date: /home/a/Solving-Maze/install/interfaces/include/interfaces/interfaces/msg/rosidl_typesupport_introspection_c__visibility_control.h
[1.749s] -- Up-to-date: /home/a/Solving-Maze/install/interfaces/include/interfaces/interfaces/action
[1.749s] -- Up-to-date: /home/a/Solving-Maze/install/interfaces/include/interfaces/interfaces/action/detail
[1.749s] -- Up-to-date: /home/a/Solving-Maze/install/interfaces/include/interfaces/interfaces/action/detail/move_x__rosidl_typesupport_introspection_c.h
[1.749s] -- Up-to-date: /home/a/Solving-Maze/install/interfaces/include/interfaces/interfaces/action/detail/move_x__type_support.c
[1.749s] -- Up-to-date: /home/a/Solving-Maze/install/interfaces/lib/libinterfaces__rosidl_typesupport_introspection_c.so
[1.749s] -- Up-to-date: /home/a/Solving-Maze/install/interfaces/lib/libinterfaces__rosidl_typesupport_c.so
[1.749s] -- Up-to-date: /home/a/Solving-Maze/install/interfaces/include/interfaces/interfaces
[1.750s] -- Up-to-date: /home/a/Solving-Maze/install/interfaces/include/interfaces/interfaces/msg
[1.750s] -- Up-to-date: /home/a/Solving-Maze/install/interfaces/include/interfaces/interfaces/msg/rosidl_generator_cpp__visibility_control.hpp
[1.750s] -- Up-to-date: /home/a/Solving-Maze/install/interfaces/include/interfaces/interfaces/action
[1.750s] -- Up-to-date: /home/a/Solving-Maze/install/interfaces/include/interfaces/interfaces/action/move_x.hpp
[1.750s] -- Up-to-date: /home/a/Solving-Maze/install/interfaces/include/interfaces/interfaces/action/detail
[1.750s] -- Up-to-date: /home/a/Solving-Maze/install/interfaces/include/interfaces/interfaces/action/detail/move_x__builder.hpp
[1.750s] -- Up-to-date: /home/a/Solving-Maze/install/interfaces/include/interfaces/interfaces/action/detail/move_x__type_support.hpp
[1.750s] -- Up-to-date: /home/a/Solving-Maze/install/interfaces/include/interfaces/interfaces/action/detail/move_x__traits.hpp
[1.751s] -- Up-to-date: /home/a/Solving-Maze/install/interfaces/include/interfaces/interfaces/action/detail/move_x__struct.hpp
[1.751s] -- Up-to-date: /home/a/Solving-Maze/install/interfaces/include/interfaces/interfaces
[1.751s] -- Up-to-date: /home/a/Solving-Maze/install/interfaces/include/interfaces/interfaces/msg
[1.751s] -- Up-to-date: /home/a/Solving-Maze/install/interfaces/include/interfaces/interfaces/msg/rosidl_typesupport_fastrtps_cpp__visibility_control.h
[1.751s] -- Up-to-date: /home/a/Solving-Maze/install/interfaces/include/interfaces/interfaces/action
[1.751s] -- Up-to-date: /home/a/Solving-Maze/install/interfaces/include/interfaces/interfaces/action/detail
[1.751s] -- Up-to-date: /home/a/Solving-Maze/install/interfaces/include/interfaces/interfaces/action/detail/move_x__rosidl_typesupport_fastrtps_cpp.hpp
[1.751s] -- Up-to-date: /home/a/Solving-Maze/install/interfaces/include/interfaces/interfaces/action/detail/dds_fastrtps
[1.752s] -- Up-to-date: /home/a/Solving-Maze/install/interfaces/lib/libinterfaces__rosidl_typesupport_fastrtps_cpp.so
[1.752s] -- Up-to-date: /home/a/Solving-Maze/install/interfaces/include/interfaces/interfaces
[1.752s] -- Up-to-date: /home/a/Solving-Maze/install/interfaces/include/interfaces/interfaces/action
[1.752s] -- Up-to-date: /home/a/Solving-Maze/install/interfaces/include/interfaces/interfaces/action/detail
[1.752s] -- Up-to-date: /home/a/Solving-Maze/install/interfaces/include/interfaces/interfaces/action/detail/move_x__rosidl_typesupport_introspection_cpp.hpp
[1.752s] -- Up-to-date: /home/a/Solving-Maze/install/interfaces/include/interfaces/interfaces/action/detail/move_x__type_support.cpp
[1.752s] -- Up-to-date: /home/a/Solving-Maze/install/interfaces/lib/libinterfaces__rosidl_typesupport_introspection_cpp.so
[1.752s] -- Up-to-date: /home/a/Solving-Maze/install/interfaces/lib/libinterfaces__rosidl_typesupport_cpp.so
[1.753s] -- Up-to-date: /home/a/Solving-Maze/install/interfaces/share/interfaces/environment/pythonpath.sh
[1.753s] -- Up-to-date: /home/a/Solving-Maze/install/interfaces/share/interfaces/environment/pythonpath.dsv
[1.753s] -- Up-to-date: /home/a/Solving-Maze/install/interfaces/lib/python3.12/site-packages/interfaces-0.0.0-py3.12.egg-info
[1.753s] -- Installing: /home/a/Solving-Maze/install/interfaces/lib/python3.12/site-packages/interfaces-0.0.0-py3.12.egg-info/top_level.txt
[1.753s] -- Installing: /home/a/Solving-Maze/install/interfaces/lib/python3.12/site-packages/interfaces-0.0.0-py3.12.egg-info/PKG-INFO
[1.753s] -- Installing: /home/a/Solving-Maze/install/interfaces/lib/python3.12/site-packages/interfaces-0.0.0-py3.12.egg-info/dependency_links.txt
[1.753s] -- Installing: /home/a/Solving-Maze/install/interfaces/lib/python3.12/site-packages/interfaces-0.0.0-py3.12.egg-info/SOURCES.txt
[1.753s] -- Up-to-date: /home/a/Solving-Maze/install/interfaces/lib/python3.12/site-packages/interfaces
[1.754s] -- Up-to-date: /home/a/Solving-Maze/install/interfaces/lib/python3.12/site-packages/interfaces/interfaces_s__rosidl_typesupport_c.so
[1.754s] -- Up-to-date: /home/a/Solving-Maze/install/interfaces/lib/python3.12/site-packages/interfaces/_interfaces_s.ep.rosidl_typesupport_fastrtps_c.c
[1.754s] -- Up-to-date: /home/a/Solving-Maze/install/interfaces/lib/python3.12/site-packages/interfaces/interfaces_s__rosidl_typesupport_fastrtps_c.so
[1.754s] -- Up-to-date: /home/a/Solving-Maze/install/interfaces/lib/python3.12/site-packages/interfaces/_interfaces_s.ep.rosidl_typesupport_introspection_c.c
[1.754s] -- Installing: /home/a/Solving-Maze/install/interfaces/lib/python3.12/site-packages/interfaces/__init__.py
[1.754s] -- Up-to-date: /home/a/Solving-Maze/install/interfaces/lib/python3.12/site-packages/interfaces/interfaces_s__rosidl_typesupport_introspection_c.so
[1.754s] -- Up-to-date: /home/a/Solving-Maze/install/interfaces/lib/python3.12/site-packages/interfaces/_interfaces_s.ep.rosidl_typesupport_c.c
[1.754s] -- Up-to-date: /home/a/Solving-Maze/install/interfaces/lib/python3.12/site-packages/interfaces/action
[1.754s] -- Up-to-date: /home/a/Solving-Maze/install/interfaces/lib/python3.12/site-packages/interfaces/action/_move_x_s.c
[1.755s] -- Up-to-date: /home/a/Solving-Maze/install/interfaces/lib/python3.12/site-packages/interfaces/action/_move_x.py
[1.755s] -- Up-to-date: /home/a/Solving-Maze/install/interfaces/lib/python3.12/site-packages/interfaces/action/__init__.py
[1.784s] Listing '/home/a/Solving-Maze/install/interfaces/lib/python3.12/site-packages/interfaces'...
[1.785s] Compiling '/home/a/Solving-Maze/install/interfaces/lib/python3.12/site-packages/interfaces/__init__.py'...
[1.785s] Listing '/home/a/Solving-Maze/install/interfaces/lib/python3.12/site-packages/interfaces/action'...
[1.790s] -- Up-to-date: /home/a/Solving-Maze/install/interfaces/lib/python3.12/site-packages/interfaces/interfaces_s__rosidl_typesupport_fastrtps_c.so
[1.790s] -- Up-to-date: /home/a/Solving-Maze/install/interfaces/lib/python3.12/site-packages/interfaces/interfaces_s__rosidl_typesupport_introspection_c.so
[1.790s] -- Up-to-date: /home/a/Solving-Maze/install/interfaces/lib/python3.12/site-packages/interfaces/interfaces_s__rosidl_typesupport_c.so
[1.791s] -- Up-to-date: /home/a/Solving-Maze/install/interfaces/lib/libinterfaces__rosidl_generator_py.so
[1.793s] -- Up-to-date: /home/a/Solving-Maze/install/interfaces/share/ament_index/resource_index/rust_packages/interfaces
[1.793s] -- Up-to-date: /home/a/Solving-Maze/install/interfaces/share/interfaces/rust
[1.793s] -- Up-to-date: /home/a/Solving-Maze/install/interfaces/share/interfaces/rust/src
[1.793s] -- Up-to-date: /home/a/Solving-Maze/install/interfaces/share/interfaces/rust/src/action.rs
[1.793s] -- Up-to-date: /home/a/Solving-Maze/install/interfaces/share/interfaces/rust/src/lib.rs
[1.793s] -- Up-to-date: /home/a/Solving-Maze/install/interfaces/share/interfaces/rust/src/action
[1.793s] -- Up-to-date: /home/a/Solving-Maze/install/interfaces/share/interfaces/rust/src/action/rmw.rs
[1.793s] -- Up-to-date: /home/a/Solving-Maze/install/interfaces/share/interfaces/rust/Cargo.toml
[1.794s] -- Up-to-date: /home/a/Solving-Maze/install/interfaces/share/interfaces/rust/build.rs
[1.794s] -- Up-to-date: /home/a/Solving-Maze/install/interfaces/share/interfaces/action/MoveX.idl
[1.794s] -- Up-to-date: /home/a/Solving-Maze/install/interfaces/share/interfaces/action/MoveX.action
[1.794s] -- Installing: /home/a/Solving-Maze/install/interfaces/share/ament_index/resource_index/package_run_dependencies/interfaces
[1.794s] -- Up-to-date: /home/a/Solving-Maze/install/interfaces/share/ament_index/resource_index/parent_prefix_path/interfaces
[1.794s] -- Up-to-date: /home/a/Solving-Maze/install/interfaces/share/interfaces/environment/ament_prefix_path.sh
[1.794s] -- Up-to-date: /home/a/Solving-Maze/install/interfaces/share/interfaces/environment/ament_prefix_path.dsv
[1.794s] -- Up-to-date: /home/a/Solving-Maze/install/interfaces/share/interfaces/environment/path.sh
[1.795s] -- Up-to-date: /home/a/Solving-Maze/install/interfaces/share/interfaces/environment/path.dsv
[1.795s] -- Up-to-date: /home/a/Solving-Maze/install/interfaces/share/interfaces/local_setup.bash
[1.795s] -- Up-to-date: /home/a/Solving-Maze/install/interfaces/share/interfaces/local_setup.sh
[1.795s] -- Up-to-date: /home/a/Solving-Maze/install/interfaces/share/interfaces/local_setup.zsh
[1.795s] -- Up-to-date: /home/a/Solving-Maze/install/interfaces/share/interfaces/local_setup.dsv
[1.795s] -- Installing: /home/a/Solving-Maze/install/interfaces/share/interfaces/package.dsv
[1.795s] -- Up-to-date: /home/a/Solving-Maze/install/interfaces/share/ament_index/resource_index/packages/interfaces
[1.795s] -- Up-to-date: /home/a/Solving-Maze/install/interfaces/share/interfaces/cmake/export_interfaces__rosidl_generator_cExport.cmake
[1.795s] -- Up-to-date: /home/a/Solving-Maze/install/interfaces/share/interfaces/cmake/export_interfaces__rosidl_generator_cExport-noconfig.cmake
[1.795s] -- Up-to-date: /home/a/Solving-Maze/install/interfaces/share/interfaces/cmake/export_interfaces__rosidl_typesupport_fastrtps_cExport.cmake
[1.795s] -- Up-to-date: /home/a/Solving-Maze/install/interfaces/share/interfaces/cmake/export_interfaces__rosidl_typesupport_fastrtps_cExport-noconfig.cmake
[1.795s] -- Up-to-date: /home/a/Solving-Maze/install/interfaces/share/interfaces/cmake/interfaces__rosidl_typesupport_introspection_cExport.cmake
[1.795s] -- Up-to-date: /home/a/Solving-Maze/install/interfaces/share/interfaces/cmake/interfaces__rosidl_typesupport_introspection_cExport-noconfig.cmake
[1.796s] -- Up-to-date: /home/a/Solving-Maze/install/interfaces/share/interfaces/cmake/interfaces__rosidl_typesupport_cExport.cmake
[1.796s] -- Up-to-date: /home/a/Solving-Maze/install/interfaces/share/interfaces/cmake/interfaces__rosidl_typesupport_cExport-noconfig.cmake
[1.796s] -- Up-to-date: /home/a/Solving-Maze/install/interfaces/share/interfaces/cmake/export_interfaces__rosidl_generator_cppExport.cmake
[1.796s] -- Up-to-date: /home/a/Solving-Maze/install/interfaces/share/interfaces/cmake/export_interfaces__rosidl_typesupport_fastrtps_cppExport.cmake
[1.796s] -- Up-to-date: /home/a/Solving-Maze/install/interfaces/share/interfaces/cmake/export_interfaces__rosidl_typesupport_fastrtps_cppExport-noconfig.cmake
[1.796s] -- Up-to-date: /home/a/Solving-Maze/install/interfaces/share/interfaces/cmake/interfaces__rosidl_typesupport_introspection_cppExport.cmake
[1.796s] -- Up-to-date: /home/a/Solving-Maze/install/interfaces/share/interfaces/cmake/interfaces__rosidl_typesupport_introspection_cppExport-noconfig.cmake
[1.796s] -- Up-to-date: /home/a/Solving-Maze/install/interfaces/share/interfaces/cmake/interfaces__rosidl_typesupport_cppExport.cmake
[1.796s] -- Up-to-date: /home/a/Solving-Maze/install/interfaces/share/interfaces/cmake/interfaces__rosidl_typesupport_cppExport-noconfig.cmake
[1.796s] -- Up-to-date: /home/a/Solving-Maze/install/interfaces/share/interfaces/cmake/export_interfaces__rosidl_generator_pyExport.cmake
[1.796s] -- Up-to-date: /home/a/Solving-Maze/install/interfaces/share/interfaces/cmake/export_interfaces__rosidl_generator_pyExport-noconfig.cmake
[1.796s] -- Up-to-date: /home/a/Solving-Maze/install/interfaces/share/interfaces/cmake/rosidl_cmake-extras.cmake
[1.796s] -- Up-to-date: /home/a/Solving-Maze/install/interfaces/share/interfaces/cmake/ament_cmake_export_dependencies-extras.cmake
[1.797s] -- Up-to-date: /home/a/Solving-Maze/install/interfaces/share/interfaces/cmake/ament_cmake_export_include_directories-extras.cmake
[1.797s] -- Up-to-date: /home/a/Solving-Maze/install/interfaces/share/interfaces/cmake/ament_cmake_export_libraries-extras.cmake
[1.797s] -- Up-to-date: /home/a/Solving-Maze/install/interfaces/share/interfaces/cmake/ament_cmake_export_targets-extras.cmake
[1.797s] -- Up-to-date: /home/a/Solving-Maze/install/interfaces/share/interfaces/cmake/rosidl_cmake_export_typesupport_targets-extras.cmake
[1.798s] -- Up-to-date: /home/a/Solving-Maze/install/interfaces/share/interfaces/cmake/rosidl_cmake_export_typesupport_libraries-extras.cmake
[1.798s] -- Up-to-date: /home/a/Solving-Maze/install/interfaces/share/interfaces/cmake/rosidl_cmake_aggregate_target-extras.cmake
[1.798s] -- Up-to-date: /home/a/Solving-Maze/install/interfaces/share/interfaces/cmake/interfacesConfig.cmake
[1.799s] -- Up-to-date: /home/a/Solving-Maze/install/interfaces/share/interfaces/cmake/interfacesConfig-version.cmake
[1.799s] -- Installing: /home/a/Solving-Maze/install/interfaces/share/interfaces/package.xml
[1.799s] Invoked command in '/home/a/Solving-Maze/build/interfaces' returned '0': CMAKE_PREFIX_PATH=${CMAKE_PREFIX_PATH}:/home/a/Solving-Maze/install/mazeSolve_pkg:/opt/ros/jazzy DEBUGINFOD_URLS=https://debuginfod.ubuntu.com /usr/bin/cmake --install /home/a/Solving-Maze/build/interfaces
