[1.180s] Invoking command in '/home/a/Solving-Maze/src/MIA26_phase2_ros_contest/maze_control': DEBUGINFOD_URLS=https://debuginfod.ubuntu.com PYTHONPATH=/home/a/Solving-Maze/build/maze_control/prefix_override:/usr/lib/python3/dist-packages/colcon_core/task/python/colcon_distutils_commands:/home/a/Solving-Maze/install/maze_control/lib/python3.12/site-packages:${PYTHONPATH} /usr/bin/python3 -W ignore:setup.py install is deprecated -W ignore:easy_install command is deprecated setup.py egg_info --egg-base ../../../build/maze_control build --build-base /home/a/Solving-Maze/build/maze_control/build install --record /home/a/Solving-Maze/build/maze_control/install.log --install-scripts $base/lib/maze_control --single-version-externally-managed install_data
[1.364s] /usr/lib/python3/dist-packages/setuptools/dist.py:744: SetuptoolsDeprecationWarning: Invalid dash-separated options
[1.364s] !!
[1.364s] 
[1.365s]         ********************************************************************************
[1.365s]         Usage of dash-separated 'script-dir' will not be supported in future
[1.365s]         versions. Please use the underscore name 'script_dir' instead.
[1.365s] 
[1.365s]         This deprecation is overdue, please update your project and remove deprecated
[1.365s]         calls to avoid build errors in the future.
[1.365s] 
[1.365s]         See https://setuptools.pypa.io/en/latest/userguide/declarative_config.html for details.
[1.365s]         ********************************************************************************
[1.366s] 
[1.366s] !!
[1.366s]   opt = self.warn_dash_deprecation(opt, section)
[1.561s] running egg_info
[1.583s] writing ../../../build/maze_control/maze_control.egg-info/PKG-INFO
[1.583s] writing dependency_links to ../../../build/maze_control/maze_control.egg-info/dependency_links.txt
[1.583s] writing entry points to ../../../build/maze_control/maze_control.egg-info/entry_points.txt
[1.583s] writing requirements to ../../../build/maze_control/maze_control.egg-info/requires.txt
[1.584s] writing top-level names to ../../../build/maze_control/maze_control.egg-info/top_level.txt
[1.628s] reading manifest file '../../../build/maze_control/maze_control.egg-info/SOURCES.txt'
[1.629s] writing manifest file '../../../build/maze_control/maze_control.egg-info/SOURCES.txt'
[1.629s] running build
[1.629s] running build_py
[1.630s] running install
[1.636s] running install_lib
[1.658s] running install_data
[1.658s] running install_egg_info
[1.681s] removing '/home/a/Solving-Maze/install/maze_control/lib/python3.12/site-packages/maze_control-0.1.0-py3.12.egg-info' (and everything under it)
[1.681s] Copying ../../../build/maze_control/maze_control.egg-info to /home/a/Solving-Maze/install/maze_control/lib/python3.12/site-packages/maze_control-0.1.0-py3.12.egg-info
[1.682s] running install_scripts
[1.845s] Installing maze_timer_node script to /home/a/Solving-Maze/install/maze_control/lib/maze_control
[1.845s] Installing wall_retraction_service script to /home/a/Solving-Maze/install/maze_control/lib/maze_control
[1.846s] writing list of installed files to '/home/a/Solving-Maze/build/maze_control/install.log'
[1.890s] Invoked command in '/home/a/Solving-Maze/src/MIA26_phase2_ros_contest/maze_control' returned '0': DEBUGINFOD_URLS=https://debuginfod.ubuntu.com PYTHONPATH=/home/a/Solving-Maze/build/maze_control/prefix_override:/usr/lib/python3/dist-packages/colcon_core/task/python/colcon_distutils_commands:/home/a/Solving-Maze/install/maze_control/lib/python3.12/site-packages:${PYTHONPATH} /usr/bin/python3 -W ignore:setup.py install is deprecated -W ignore:easy_install command is deprecated setup.py egg_info --egg-base ../../../build/maze_control build --build-base /home/a/Solving-Maze/build/maze_control/build install --record /home/a/Solving-Maze/build/maze_control/install.log --install-scripts $base/lib/maze_control --single-version-externally-managed install_data
