[2.987s] Invoking command in '/home/mohamed-khaled/Solving-Maze/src/MIA26_phase2_ros_contest/maze_control': DEBUGINFOD_URLS=https://debuginfod.ubuntu.com PYTHONPATH=/home/mohamed-khaled/Solving-Maze/build/maze_control/prefix_override:/usr/lib/python3/dist-packages/colcon_core/task/python/colcon_distutils_commands:/home/mohamed-khaled/Solving-Maze/install/maze_control/lib/python3.12/site-packages:${PYTHONPATH} /usr/bin/python3 -W ignore:setup.py install is deprecated -W ignore:easy_install command is deprecated setup.py egg_info --egg-base ../../../build/maze_control build --build-base /home/mohamed-khaled/Solving-Maze/build/maze_control/build install --record /home/mohamed-khaled/Solving-Maze/build/maze_control/install.log --install-scripts $base/lib/maze_control --single-version-externally-managed install_data
[3.336s] /usr/lib/python3/dist-packages/setuptools/dist.py:744: SetuptoolsDeprecationWarning: Invalid dash-separated options
[3.337s] !!
[3.337s] 
[3.337s]         ********************************************************************************
[3.337s]         Usage of dash-separated 'script-dir' will not be supported in future
[3.337s]         versions. Please use the underscore name 'script_dir' instead.
[3.338s] 
[3.338s]         This deprecation is overdue, please update your project and remove deprecated
[3.338s]         calls to avoid build errors in the future.
[3.338s] 
[3.338s]         See https://setuptools.pypa.io/en/latest/userguide/declarative_config.html for details.
[3.339s]         ********************************************************************************
[3.339s] 
[3.339s] !!
[3.339s]   opt = self.warn_dash_deprecation(opt, section)
[3.765s] running egg_info
[3.817s] writing ../../../build/maze_control/maze_control.egg-info/PKG-INFO
[3.818s] writing dependency_links to ../../../build/maze_control/maze_control.egg-info/dependency_links.txt
[3.818s] writing entry points to ../../../build/maze_control/maze_control.egg-info/entry_points.txt
[3.818s] writing requirements to ../../../build/maze_control/maze_control.egg-info/requires.txt
[3.818s] writing top-level names to ../../../build/maze_control/maze_control.egg-info/top_level.txt
[3.934s] reading manifest file '../../../build/maze_control/maze_control.egg-info/SOURCES.txt'
[3.935s] writing manifest file '../../../build/maze_control/maze_control.egg-info/SOURCES.txt'
[3.936s] running build
[3.936s] running build_py
[3.936s] running install
[3.952s] running install_lib
[4.010s] running install_data
[4.010s] running install_egg_info
[4.068s] removing '/home/mohamed-khaled/Solving-Maze/install/maze_control/lib/python3.12/site-packages/maze_control-0.1.0-py3.12.egg-info' (and everything under it)
[4.068s] Copying ../../../build/maze_control/maze_control.egg-info to /home/mohamed-khaled/Solving-Maze/install/maze_control/lib/python3.12/site-packages/maze_control-0.1.0-py3.12.egg-info
[4.070s] running install_scripts
[4.471s] Installing maze_timer_node script to /home/mohamed-khaled/Solving-Maze/install/maze_control/lib/maze_control
[4.471s] Installing wall_retraction_service script to /home/mohamed-khaled/Solving-Maze/install/maze_control/lib/maze_control
[4.472s] writing list of installed files to '/home/mohamed-khaled/Solving-Maze/build/maze_control/install.log'
[4.564s] Invoked command in '/home/mohamed-khaled/Solving-Maze/src/MIA26_phase2_ros_contest/maze_control' returned '0': DEBUGINFOD_URLS=https://debuginfod.ubuntu.com PYTHONPATH=/home/mohamed-khaled/Solving-Maze/build/maze_control/prefix_override:/usr/lib/python3/dist-packages/colcon_core/task/python/colcon_distutils_commands:/home/mohamed-khaled/Solving-Maze/install/maze_control/lib/python3.12/site-packages:${PYTHONPATH} /usr/bin/python3 -W ignore:setup.py install is deprecated -W ignore:easy_install command is deprecated setup.py egg_info --egg-base ../../../build/maze_control build --build-base /home/mohamed-khaled/Solving-Maze/build/maze_control/build install --record /home/mohamed-khaled/Solving-Maze/build/maze_control/install.log --install-scripts $base/lib/maze_control --single-version-externally-managed install_data
