[0.011s] Invoking command in '/home/a/Solving-Maze/build/interfaces': CMAKE_PREFIX_PATH=${CMAKE_PREFIX_PATH}:/home/a/Solving-Maze/install/mazeSolve_pkg:/opt/ros/jazzy DEBUGINFOD_URLS=https://debuginfod.ubuntu.com /usr/bin/cmake --build /home/a/Solving-Maze/build/interfaces -- -j8 -l8
[0.053s] [  5%] Built target interfaces__rosidl_generator_type_description
[0.053s] [  5%] Built target interfaces__rs
[0.061s] [  5%] Built target ament_cmake_python_copy_interfaces
[0.070s] [ 11%] Built target interfaces__cpp
[0.070s] [ 22%] Built target interfaces__rosidl_generator_c
[0.100s] [ 65%] Built target interfaces__rosidl_typesupport_fastrtps_c
[0.100s] [ 65%] Built target interfaces__rosidl_typesupport_introspection_cpp
[0.100s] [ 65%] Built target interfaces__rosidl_typesupport_cpp
[0.101s] [ 65%] Built target interfaces__rosidl_typesupport_fastrtps_cpp
[0.101s] [ 65%] Built target interfaces__rosidl_typesupport_introspection_c
[0.102s] [ 74%] Built target interfaces__rosidl_typesupport_c
[0.118s] [ 74%] Built target interfaces
[0.135s] [ 77%] Built target interfaces__py
[0.153s] [ 82%] Built target interfaces__rosidl_generator_py
[0.173s] [ 88%] Built target interfaces_s__rosidl_typesupport_introspection_c
[0.174s] [ 94%] Built target interfaces_s__rosidl_typesupport_fastrtps_c
[0.180s] [100%] Built target interfaces_s__rosidl_typesupport_c
[0.272s] running egg_info
[0.289s] writing interfaces.egg-info/PKG-INFO
[0.289s] writing dependency_links to interfaces.egg-info/dependency_links.txt
[0.289s] writing top-level names to interfaces.egg-info/top_level.txt
[0.345s] reading manifest file 'interfaces.egg-info/SOURCES.txt'
[0.346s] writing manifest file 'interfaces.egg-info/SOURCES.txt'
[0.368s] [100%] Built target ament_cmake_python_build_interfaces_egg
[0.378s] Invoked command in '/home/a/Solving-Maze/build/interfaces' returned '0': CMAKE_PREFIX_PATH=${CMAKE_PREFIX_PATH}:/home/a/Solving-Maze/install/mazeSolve_pkg:/opt/ros/jazzy DEBUGINFOD_URLS=https://debuginfod.ubuntu.com /usr/bin/cmake --build /home/a/Solving-Maze/build/interfaces -- -j8 -l8
[0.385s] Invoking command in '/home/a/Solving-Maze/build/interfaces': CMAKE_PREFIX_PATH=${CMAKE_PREFIX_PATH}:/home/a/Solving-Maze/install/mazeSolve_pkg:/opt/ros/jazzy DEBUGINFOD_URLS=https://debuginfod.ubuntu.com /usr/bin/cmake --install /home/a/Solving-Maze/build/interfaces
[0.392s] -- Install configuration: ""
[0.392s] -- Up-to-date: /home/a/Solving-Maze/install/interfaces/share/ament_index/resource_index/rosidl_interfaces/interfaces
[0.392s] -- Up-to-date: /home/a/Solving-Maze/install/interfaces/share/interfaces/action/Move.json
[0.392s] -- Up-to-date: /home/a/Solving-Maze/install/interfaces/include/interfaces/interfaces
[0.392s] -- Up-to-date: /home/a/Solving-Maze/install/interfaces/include/interfaces/interfaces/msg
[0.392s] -- Up-to-date: /home/a/Solving-Maze/install/interfaces/include/interfaces/interfaces/msg/rosidl_generator_c__visibility_control.h
[0.392s] -- Up-to-date: /home/a/Solving-Maze/install/interfaces/include/interfaces/interfaces/action
[0.392s] -- Up-to-date: /home/a/Solving-Maze/install/interfaces/include/interfaces/interfaces/action/move_x.h
[0.392s] -- Up-to-date: /home/a/Solving-Maze/install/interfaces/include/interfaces/interfaces/action/detail
[0.392s] -- Up-to-date: /home/a/Solving-Maze/install/interfaces/include/interfaces/interfaces/action/detail/move_x__functions.h
[0.392s] -- Up-to-date: /home/a/Solving-Maze/install/interfaces/include/interfaces/interfaces/action/detail/move__functions.h
[0.392s] -- Up-to-date: /home/a/Solving-Maze/install/interfaces/include/interfaces/interfaces/action/detail/move__functions.c
[0.393s] -- Up-to-date: /home/a/Solving-Maze/install/interfaces/include/interfaces/interfaces/action/detail/move_x__description.c
[0.393s] -- Up-to-date: /home/a/Solving-Maze/install/interfaces/include/interfaces/interfaces/action/detail/move_x__type_support.h
[0.393s] -- Up-to-date: /home/a/Solving-Maze/install/interfaces/include/interfaces/interfaces/action/detail/move__type_support.c
[0.393s] -- Up-to-date: /home/a/Solving-Maze/install/interfaces/include/interfaces/interfaces/action/detail/move_x__functions.c
[0.393s] -- Up-to-date: /home/a/Solving-Maze/install/interfaces/include/interfaces/interfaces/action/detail/move__struct.h
[0.393s] -- Up-to-date: /home/a/Solving-Maze/install/interfaces/include/interfaces/interfaces/action/detail/move_x__type_support.c
[0.393s] -- Up-to-date: /home/a/Solving-Maze/install/interfaces/include/interfaces/interfaces/action/detail/move_x__struct.h
[0.393s] -- Up-to-date: /home/a/Solving-Maze/install/interfaces/include/interfaces/interfaces/action/detail/move__type_support.h
[0.393s] -- Up-to-date: /home/a/Solving-Maze/install/interfaces/include/interfaces/interfaces/action/detail/move__description.c
[0.393s] -- Up-to-date: /home/a/Solving-Maze/install/interfaces/include/interfaces/interfaces/action/move.h
[0.393s] -- Up-to-date: /home/a/Solving-Maze/install/interfaces/share/interfaces/environment/library_path.sh
[0.393s] -- Up-to-date: /home/a/Solving-Maze/install/interfaces/share/interfaces/environment/library_path.dsv
[0.393s] -- Up-to-date: /home/a/Solving-Maze/install/interfaces/lib/libinterfaces__rosidl_generator_c.so
[0.393s] -- Up-to-date: /home/a/Solving-Maze/install/interfaces/include/interfaces/interfaces
[0.394s] -- Up-to-date: /home/a/Solving-Maze/install/interfaces/include/interfaces/interfaces/msg
[0.394s] -- Up-to-date: /home/a/Solving-Maze/install/interfaces/include/interfaces/interfaces/msg/rosidl_typesupport_fastrtps_c__visibility_control.h
[0.394s] -- Up-to-date: /home/a/Solving-Maze/install/interfaces/include/interfaces/interfaces/action
[0.394s] -- Up-to-date: /home/a/Solving-Maze/install/interfaces/include/interfaces/interfaces/action/detail
[0.394s] -- Up-to-date: /home/a/Solving-Maze/install/interfaces/include/interfaces/interfaces/action/detail/move__rosidl_typesupport_fastrtps_c.h
[0.394s] -- Up-to-date: /home/a/Solving-Maze/install/interfaces/include/interfaces/interfaces/action/detail/move_x__rosidl_typesupport_fastrtps_c.h
[0.394s] -- Up-to-date: /home/a/Solving-Maze/install/interfaces/lib/libinterfaces__rosidl_typesupport_fastrtps_c.so
[0.394s] -- Up-to-date: /home/a/Solving-Maze/install/interfaces/include/interfaces/interfaces
[0.394s] -- Up-to-date: /home/a/Solving-Maze/install/interfaces/include/interfaces/interfaces/msg
[0.394s] -- Up-to-date: /home/a/Solving-Maze/install/interfaces/include/interfaces/interfaces/msg/rosidl_typesupport_introspection_c__visibility_control.h
[0.394s] -- Up-to-date: /home/a/Solving-Maze/install/interfaces/include/interfaces/interfaces/action
[0.394s] -- Up-to-date: /home/a/Solving-Maze/install/interfaces/include/interfaces/interfaces/action/detail
[0.394s] -- Up-to-date: /home/a/Solving-Maze/install/interfaces/include/interfaces/interfaces/action/detail/move_x__rosidl_typesupport_introspection_c.h
[0.394s] -- Up-to-date: /home/a/Solving-Maze/install/interfaces/include/interfaces/interfaces/action/detail/move__type_support.c
[0.394s] -- Up-to-date: /home/a/Solving-Maze/install/interfaces/include/interfaces/interfaces/action/detail/move__rosidl_typesupport_introspection_c.h
[0.395s] -- Up-to-date: /home/a/Solving-Maze/install/interfaces/include/interfaces/interfaces/action/detail/move_x__type_support.c
[0.395s] -- Up-to-date: /home/a/Solving-Maze/install/interfaces/lib/libinterfaces__rosidl_typesupport_introspection_c.so
[0.395s] -- Up-to-date: /home/a/Solving-Maze/install/interfaces/lib/libinterfaces__rosidl_typesupport_c.so
[0.395s] -- Up-to-date: /home/a/Solving-Maze/install/interfaces/include/interfaces/interfaces
[0.395s] -- Up-to-date: /home/a/Solving-Maze/install/interfaces/include/interfaces/interfaces/msg
[0.395s] -- Up-to-date: /home/a/Solving-Maze/install/interfaces/include/interfaces/interfaces/msg/rosidl_generator_cpp__visibility_control.hpp
[0.395s] -- Up-to-date: /home/a/Solving-Maze/install/interfaces/include/interfaces/interfaces/action
[0.395s] -- Up-to-date: /home/a/Solving-Maze/install/interfaces/include/interfaces/interfaces/action/move.hpp
[0.395s] -- Up-to-date: /home/a/Solving-Maze/install/interfaces/include/interfaces/interfaces/action/move_x.hpp
[0.395s] -- Up-to-date: /home/a/Solving-Maze/install/interfaces/include/interfaces/interfaces/action/detail
[0.395s] -- Up-to-date: /home/a/Solving-Maze/install/interfaces/include/interfaces/interfaces/action/detail/move_x__builder.hpp
[0.395s] -- Up-to-date: /home/a/Solving-Maze/install/interfaces/include/interfaces/interfaces/action/detail/move__builder.hpp
[0.395s] -- Up-to-date: /home/a/Solving-Maze/install/interfaces/include/interfaces/interfaces/action/detail/move_x__type_support.hpp
[0.395s] -- Up-to-date: /home/a/Solving-Maze/install/interfaces/include/interfaces/interfaces/action/detail/move_x__traits.hpp
[0.395s] -- Up-to-date: /home/a/Solving-Maze/install/interfaces/include/interfaces/interfaces/action/detail/move__type_support.hpp
[0.395s] -- Up-to-date: /home/a/Solving-Maze/install/interfaces/include/interfaces/interfaces/action/detail/move__struct.hpp
[0.395s] -- Up-to-date: /home/a/Solving-Maze/install/interfaces/include/interfaces/interfaces/action/detail/move_x__struct.hpp
[0.395s] -- Up-to-date: /home/a/Solving-Maze/install/interfaces/include/interfaces/interfaces/action/detail/move__traits.hpp
[0.395s] -- Up-to-date: /home/a/Solving-Maze/install/interfaces/include/interfaces/interfaces
[0.396s] -- Up-to-date: /home/a/Solving-Maze/install/interfaces/include/interfaces/interfaces/msg
[0.396s] -- Up-to-date: /home/a/Solving-Maze/install/interfaces/include/interfaces/interfaces/msg/rosidl_typesupport_fastrtps_cpp__visibility_control.h
[0.396s] -- Up-to-date: /home/a/Solving-Maze/install/interfaces/include/interfaces/interfaces/action
[0.396s] -- Up-to-date: /home/a/Solving-Maze/install/interfaces/include/interfaces/interfaces/action/detail
[0.396s] -- Up-to-date: /home/a/Solving-Maze/install/interfaces/include/interfaces/interfaces/action/detail/move_x__rosidl_typesupport_fastrtps_cpp.hpp
[0.396s] -- Up-to-date: /home/a/Solving-Maze/install/interfaces/include/interfaces/interfaces/action/detail/move__rosidl_typesupport_fastrtps_cpp.hpp
[0.396s] -- Up-to-date: /home/a/Solving-Maze/install/interfaces/include/interfaces/interfaces/action/detail/dds_fastrtps
[0.396s] -- Up-to-date: /home/a/Solving-Maze/install/interfaces/lib/libinterfaces__rosidl_typesupport_fastrtps_cpp.so
[0.396s] -- Up-to-date: /home/a/Solving-Maze/install/interfaces/include/interfaces/interfaces
[0.396s] -- Up-to-date: /home/a/Solving-Maze/install/interfaces/include/interfaces/interfaces/action
[0.396s] -- Up-to-date: /home/a/Solving-Maze/install/interfaces/include/interfaces/interfaces/action/detail
[0.396s] -- Up-to-date: /home/a/Solving-Maze/install/interfaces/include/interfaces/interfaces/action/detail/move__type_support.cpp
[0.396s] -- Up-to-date: /home/a/Solving-Maze/install/interfaces/include/interfaces/interfaces/action/detail/move__rosidl_typesupport_introspection_cpp.hpp
[0.396s] -- Up-to-date: /home/a/Solving-Maze/install/interfaces/include/interfaces/interfaces/action/detail/move_x__rosidl_typesupport_introspection_cpp.hpp
[0.396s] -- Up-to-date: /home/a/Solving-Maze/install/interfaces/include/interfaces/interfaces/action/detail/move_x__type_support.cpp
[0.396s] -- Up-to-date: /home/a/Solving-Maze/install/interfaces/lib/libinterfaces__rosidl_typesupport_introspection_cpp.so
[0.396s] -- Up-to-date: /home/a/Solving-Maze/install/interfaces/lib/libinterfaces__rosidl_typesupport_cpp.so
[0.397s] -- Up-to-date: /home/a/Solving-Maze/install/interfaces/share/interfaces/environment/pythonpath.sh
[0.397s] -- Up-to-date: /home/a/Solving-Maze/install/interfaces/share/interfaces/environment/pythonpath.dsv
[0.397s] -- Up-to-date: /home/a/Solving-Maze/install/interfaces/lib/python3.12/site-packages/interfaces-0.0.0-py3.12.egg-info
[0.397s] -- Installing: /home/a/Solving-Maze/install/interfaces/lib/python3.12/site-packages/interfaces-0.0.0-py3.12.egg-info/top_level.txt
[0.397s] -- Installing: /home/a/Solving-Maze/install/interfaces/lib/python3.12/site-packages/interfaces-0.0.0-py3.12.egg-info/PKG-INFO
[0.397s] -- Installing: /home/a/Solving-Maze/install/interfaces/lib/python3.12/site-packages/interfaces-0.0.0-py3.12.egg-info/dependency_links.txt
[0.397s] -- Installing: /home/a/Solving-Maze/install/interfaces/lib/python3.12/site-packages/interfaces-0.0.0-py3.12.egg-info/SOURCES.txt
[0.397s] -- Up-to-date: /home/a/Solving-Maze/install/interfaces/lib/python3.12/site-packages/interfaces
[0.397s] -- Up-to-date: /home/a/Solving-Maze/install/interfaces/lib/python3.12/site-packages/interfaces/interfaces_s__rosidl_typesupport_c.so
[0.397s] -- Up-to-date: /home/a/Solving-Maze/install/interfaces/lib/python3.12/site-packages/interfaces/_interfaces_s.ep.rosidl_typesupport_fastrtps_c.c
[0.397s] -- Up-to-date: /home/a/Solving-Maze/install/interfaces/lib/python3.12/site-packages/interfaces/interfaces_s__rosidl_typesupport_fastrtps_c.so
[0.397s] -- Up-to-date: /home/a/Solving-Maze/install/interfaces/lib/python3.12/site-packages/interfaces/_interfaces_s.ep.rosidl_typesupport_introspection_c.c
[0.397s] -- Up-to-date: /home/a/Solving-Maze/install/interfaces/lib/python3.12/site-packages/interfaces/__init__.py
[0.397s] -- Up-to-date: /home/a/Solving-Maze/install/interfaces/lib/python3.12/site-packages/interfaces/interfaces_s__rosidl_typesupport_introspection_c.so
[0.397s] -- Up-to-date: /home/a/Solving-Maze/install/interfaces/lib/python3.12/site-packages/interfaces/_interfaces_s.ep.rosidl_typesupport_c.c
[0.397s] -- Up-to-date: /home/a/Solving-Maze/install/interfaces/lib/python3.12/site-packages/interfaces/action
[0.397s] -- Up-to-date: /home/a/Solving-Maze/install/interfaces/lib/python3.12/site-packages/interfaces/action/_move_x_s.c
[0.398s] -- Up-to-date: /home/a/Solving-Maze/install/interfaces/lib/python3.12/site-packages/interfaces/action/_move.py
[0.398s] -- Up-to-date: /home/a/Solving-Maze/install/interfaces/lib/python3.12/site-packages/interfaces/action/_move_x.py
[0.398s] -- Up-to-date: /home/a/Solving-Maze/install/interfaces/lib/python3.12/site-packages/interfaces/action/_move_s.c
[0.398s] -- Up-to-date: /home/a/Solving-Maze/install/interfaces/lib/python3.12/site-packages/interfaces/action/__init__.py
[0.422s] Listing '/home/a/Solving-Maze/install/interfaces/lib/python3.12/site-packages/interfaces'...
[0.422s] Listing '/home/a/Solving-Maze/install/interfaces/lib/python3.12/site-packages/interfaces/action'...
[0.427s] -- Up-to-date: /home/a/Solving-Maze/install/interfaces/lib/python3.12/site-packages/interfaces/interfaces_s__rosidl_typesupport_fastrtps_c.so
[0.427s] -- Up-to-date: /home/a/Solving-Maze/install/interfaces/lib/python3.12/site-packages/interfaces/interfaces_s__rosidl_typesupport_introspection_c.so
[0.427s] -- Up-to-date: /home/a/Solving-Maze/install/interfaces/lib/python3.12/site-packages/interfaces/interfaces_s__rosidl_typesupport_c.so
[0.427s] -- Up-to-date: /home/a/Solving-Maze/install/interfaces/lib/libinterfaces__rosidl_generator_py.so
[0.427s] -- Up-to-date: /home/a/Solving-Maze/install/interfaces/share/ament_index/resource_index/rust_packages/interfaces
[0.427s] -- Up-to-date: /home/a/Solving-Maze/install/interfaces/share/interfaces/rust
[0.428s] -- Up-to-date: /home/a/Solving-Maze/install/interfaces/share/interfaces/rust/src
[0.428s] -- Up-to-date: /home/a/Solving-Maze/install/interfaces/share/interfaces/rust/src/action.rs
[0.428s] -- Up-to-date: /home/a/Solving-Maze/install/interfaces/share/interfaces/rust/src/lib.rs
[0.428s] -- Up-to-date: /home/a/Solving-Maze/install/interfaces/share/interfaces/rust/src/action
[0.428s] -- Up-to-date: /home/a/Solving-Maze/install/interfaces/share/interfaces/rust/src/action/rmw.rs
[0.428s] -- Up-to-date: /home/a/Solving-Maze/install/interfaces/share/interfaces/rust/Cargo.toml
[0.428s] -- Up-to-date: /home/a/Solving-Maze/install/interfaces/share/interfaces/rust/build.rs
[0.428s] -- Up-to-date: /home/a/Solving-Maze/install/interfaces/share/interfaces/action/Move.idl
[0.428s] -- Up-to-date: /home/a/Solving-Maze/install/interfaces/share/interfaces/action/Move.action
[0.428s] -- Up-to-date: /home/a/Solving-Maze/install/interfaces/share/ament_index/resource_index/package_run_dependencies/interfaces
[0.428s] -- Up-to-date: /home/a/Solving-Maze/install/interfaces/share/ament_index/resource_index/parent_prefix_path/interfaces
[0.428s] -- Up-to-date: /home/a/Solving-Maze/install/interfaces/share/interfaces/environment/ament_prefix_path.sh
[0.428s] -- Up-to-date: /home/a/Solving-Maze/install/interfaces/share/interfaces/environment/ament_prefix_path.dsv
[0.428s] -- Up-to-date: /home/a/Solving-Maze/install/interfaces/share/interfaces/environment/path.sh
[0.429s] -- Up-to-date: /home/a/Solving-Maze/install/interfaces/share/interfaces/environment/path.dsv
[0.429s] -- Up-to-date: /home/a/Solving-Maze/install/interfaces/share/interfaces/local_setup.bash
[0.429s] -- Up-to-date: /home/a/Solving-Maze/install/interfaces/share/interfaces/local_setup.sh
[0.429s] -- Up-to-date: /home/a/Solving-Maze/install/interfaces/share/interfaces/local_setup.zsh
[0.429s] -- Up-to-date: /home/a/Solving-Maze/install/interfaces/share/interfaces/local_setup.dsv
[0.429s] -- Installing: /home/a/Solving-Maze/install/interfaces/share/interfaces/package.dsv
[0.429s] -- Up-to-date: /home/a/Solving-Maze/install/interfaces/share/ament_index/resource_index/packages/interfaces
[0.429s] -- Up-to-date: /home/a/Solving-Maze/install/interfaces/share/interfaces/cmake/export_interfaces__rosidl_generator_cExport.cmake
[0.429s] -- Up-to-date: /home/a/Solving-Maze/install/interfaces/share/interfaces/cmake/export_interfaces__rosidl_generator_cExport-noconfig.cmake
[0.429s] -- Up-to-date: /home/a/Solving-Maze/install/interfaces/share/interfaces/cmake/export_interfaces__rosidl_typesupport_fastrtps_cExport.cmake
[0.429s] -- Up-to-date: /home/a/Solving-Maze/install/interfaces/share/interfaces/cmake/export_interfaces__rosidl_typesupport_fastrtps_cExport-noconfig.cmake
[0.429s] -- Up-to-date: /home/a/Solving-Maze/install/interfaces/share/interfaces/cmake/interfaces__rosidl_typesupport_introspection_cExport.cmake
[0.429s] -- Up-to-date: /home/a/Solving-Maze/install/interfaces/share/interfaces/cmake/interfaces__rosidl_typesupport_introspection_cExport-noconfig.cmake
[0.429s] -- Up-to-date: /home/a/Solving-Maze/install/interfaces/share/interfaces/cmake/interfaces__rosidl_typesupport_cExport.cmake
[0.429s] -- Up-to-date: /home/a/Solving-Maze/install/interfaces/share/interfaces/cmake/interfaces__rosidl_typesupport_cExport-noconfig.cmake
[0.430s] -- Up-to-date: /home/a/Solving-Maze/install/interfaces/share/interfaces/cmake/export_interfaces__rosidl_generator_cppExport.cmake
[0.430s] -- Up-to-date: /home/a/Solving-Maze/install/interfaces/share/interfaces/cmake/export_interfaces__rosidl_typesupport_fastrtps_cppExport.cmake
[0.430s] -- Up-to-date: /home/a/Solving-Maze/install/interfaces/share/interfaces/cmake/export_interfaces__rosidl_typesupport_fastrtps_cppExport-noconfig.cmake
[0.430s] -- Up-to-date: /home/a/Solving-Maze/install/interfaces/share/interfaces/cmake/interfaces__rosidl_typesupport_introspection_cppExport.cmake
[0.430s] -- Up-to-date: /home/a/Solving-Maze/install/interfaces/share/interfaces/cmake/interfaces__rosidl_typesupport_introspection_cppExport-noconfig.cmake
[0.430s] -- Up-to-date: /home/a/Solving-Maze/install/interfaces/share/interfaces/cmake/interfaces__rosidl_typesupport_cppExport.cmake
[0.430s] -- Up-to-date: /home/a/Solving-Maze/install/interfaces/share/interfaces/cmake/interfaces__rosidl_typesupport_cppExport-noconfig.cmake
[0.430s] -- Up-to-date: /home/a/Solving-Maze/install/interfaces/share/interfaces/cmake/export_interfaces__rosidl_generator_pyExport.cmake
[0.430s] -- Up-to-date: /home/a/Solving-Maze/install/interfaces/share/interfaces/cmake/export_interfaces__rosidl_generator_pyExport-noconfig.cmake
[0.430s] -- Up-to-date: /home/a/Solving-Maze/install/interfaces/share/interfaces/cmake/rosidl_cmake-extras.cmake
[0.430s] -- Up-to-date: /home/a/Solving-Maze/install/interfaces/share/interfaces/cmake/ament_cmake_export_dependencies-extras.cmake
[0.430s] -- Up-to-date: /home/a/Solving-Maze/install/interfaces/share/interfaces/cmake/ament_cmake_export_include_directories-extras.cmake
[0.430s] -- Up-to-date: /home/a/Solving-Maze/install/interfaces/share/interfaces/cmake/ament_cmake_export_libraries-extras.cmake
[0.430s] -- Up-to-date: /home/a/Solving-Maze/install/interfaces/share/interfaces/cmake/ament_cmake_export_targets-extras.cmake
[0.430s] -- Up-to-date: /home/a/Solving-Maze/install/interfaces/share/interfaces/cmake/rosidl_cmake_export_typesupport_targets-extras.cmake
[0.430s] -- Up-to-date: /home/a/Solving-Maze/install/interfaces/share/interfaces/cmake/rosidl_cmake_export_typesupport_libraries-extras.cmake
[0.430s] -- Up-to-date: /home/a/Solving-Maze/install/interfaces/share/interfaces/cmake/rosidl_cmake_aggregate_target-extras.cmake
[0.430s] -- Up-to-date: /home/a/Solving-Maze/install/interfaces/share/interfaces/cmake/interfacesConfig.cmake
[0.431s] -- Up-to-date: /home/a/Solving-Maze/install/interfaces/share/interfaces/cmake/interfacesConfig-version.cmake
[0.431s] -- Up-to-date: /home/a/Solving-Maze/install/interfaces/share/interfaces/package.xml
[0.432s] Invoked command in '/home/a/Solving-Maze/build/interfaces' returned '0': CMAKE_PREFIX_PATH=${CMAKE_PREFIX_PATH}:/home/a/Solving-Maze/install/mazeSolve_pkg:/opt/ros/jazzy DEBUGINFOD_URLS=https://debuginfod.ubuntu.com /usr/bin/cmake --install /home/a/Solving-Maze/build/interfaces
