[0.205s] DEBUG:colcon:Command line arguments: ['/usr/bin/colcon', 'build', '--symlink-install']
[0.205s] DEBUG:colcon:Parsed command line arguments: Namespace(log_base=None, log_level=None, verb_name='build', build_base='build', install_base='install', merge_install=False, symlink_install=True, test_result_base=None, continue_on_error=False, executor='parallel', parallel_workers=8, event_handlers=None, ignore_user_meta=False, metas=['./colcon.meta'], base_paths=['.'], packages_ignore=None, packages_ignore_regex=None, paths=None, packages_up_to=None, packages_up_to_regex=None, packages_above=None, packages_above_and_dependencies=None, packages_above_depth=None, packages_select_by_dep=None, packages_skip_by_dep=None, packages_skip_up_to=None, packages_select_build_failed=False, packages_skip_build_finished=False, packages_select_test_failures=False, packages_skip_test_passed=False, packages_select=None, packages_skip=None, packages_select_regex=None, packages_skip_regex=None, packages_start=None, packages_end=None, cmake_args=None, cmake_target=None, cmake_target_skip_unavailable=False, cmake_clean_cache=False, cmake_clean_first=False, cmake_force_configure=False, ament_cmake_args=None, catkin_cmake_args=None, catkin_skip_building_tests=False, mixin_files=None, mixin=None, verb_parser=<colcon_mixin.mixin.mixin_argument.MixinArgumentDecorator object at 0x7f088f9d2870>, verb_extension=<colcon_core.verb.build.BuildVerb object at 0x7f088fad5310>, main=<bound method BuildVerb.main of <colcon_core.verb.build.BuildVerb object at 0x7f088fad5310>>, mixin_verb=('build',))
[0.267s] Level 1:colcon.colcon_core.package_discovery:discover_packages(colcon_meta) check parameters
[0.268s] INFO:colcon.colcon_metadata.package_discovery.colcon_meta:Using configuration from '/root/.colcon/metadata/default/Gazebo.meta'
[0.268s] INFO:colcon.colcon_metadata.package_discovery.colcon_meta:Using configuration from '/root/.colcon/metadata/default/fastdds.meta'
[0.269s] INFO:colcon.colcon_metadata.package_discovery.colcon_meta:Using configuration from '/root/.colcon/metadata/default/fastrtps.meta'
[0.269s] Level 1:colcon.colcon_core.package_discovery:discover_packages(recursive) check parameters
[0.269s] Level 1:colcon.colcon_core.package_discovery:discover_packages(ignore) check parameters
[0.269s] Level 1:colcon.colcon_core.package_discovery:discover_packages(path) check parameters
[0.269s] Level 1:colcon.colcon_core.package_discovery:discover_packages(colcon_meta) discover
[0.269s] Level 1:colcon.colcon_core.package_discovery:discover_packages(recursive) discover
[0.269s] INFO:colcon.colcon_core.package_discovery:Crawling recursively for packages in '/root/training_ws_merge2/src'
[0.269s] Level 1:colcon.colcon_core.package_identification:_identify(.) by extensions ['ignore', 'ignore_ament_install']
[0.269s] Level 1:colcon.colcon_core.package_identification:_identify(.) by extension 'ignore'
[0.269s] Level 1:colcon.colcon_core.package_identification:_identify(.) by extension 'ignore_ament_install'
[0.269s] Level 1:colcon.colcon_core.package_identification:_identify(.) by extensions ['colcon_pkg']
[0.269s] Level 1:colcon.colcon_core.package_identification:_identify(.) by extension 'colcon_pkg'
[0.270s] Level 1:colcon.colcon_core.package_identification:_identify(.) by extensions ['colcon_meta']
[0.270s] Level 1:colcon.colcon_core.package_identification:_identify(.) by extension 'colcon_meta'
[0.270s] Level 1:colcon.colcon_core.package_identification:_identify(.) by extensions ['ros']
[0.270s] Level 1:colcon.colcon_core.package_identification:_identify(.) by extension 'ros'
[0.311s] Level 1:colcon.colcon_core.package_identification:_identify(.) by extensions ['cmake', 'python']
[0.311s] Level 1:colcon.colcon_core.package_identification:_identify(.) by extension 'cmake'
[0.311s] Level 1:colcon.colcon_core.package_identification:_identify(.) by extension 'python'
[0.311s] Level 1:colcon.colcon_core.package_identification:_identify(.) by extensions ['python_setup_py']
[0.311s] Level 1:colcon.colcon_core.package_identification:_identify(.) by extension 'python_setup_py'
[0.311s] Level 1:colcon.colcon_core.package_identification:_identify(MIA26_phase2_ros_contest) by extensions ['ignore', 'ignore_ament_install']
[0.311s] Level 1:colcon.colcon_core.package_identification:_identify(MIA26_phase2_ros_contest) by extension 'ignore'
[0.311s] Level 1:colcon.colcon_core.package_identification:_identify(MIA26_phase2_ros_contest) by extension 'ignore_ament_install'
[0.311s] Level 1:colcon.colcon_core.package_identification:_identify(MIA26_phase2_ros_contest) by extensions ['colcon_pkg']
[0.311s] Level 1:colcon.colcon_core.package_identification:_identify(MIA26_phase2_ros_contest) by extension 'colcon_pkg'
[0.311s] Level 1:colcon.colcon_core.package_identification:_identify(MIA26_phase2_ros_contest) by extensions ['colcon_meta']
[0.311s] Level 1:colcon.colcon_core.package_identification:_identify(MIA26_phase2_ros_contest) by extension 'colcon_meta'
[0.311s] Level 1:colcon.colcon_core.package_identification:_identify(MIA26_phase2_ros_contest) by extensions ['ros']
[0.311s] Level 1:colcon.colcon_core.package_identification:_identify(MIA26_phase2_ros_contest) by extension 'ros'
[0.312s] Level 1:colcon.colcon_core.package_identification:_identify(MIA26_phase2_ros_contest) by extensions ['cmake', 'python']
[0.312s] Level 1:colcon.colcon_core.package_identification:_identify(MIA26_phase2_ros_contest) by extension 'cmake'
[0.312s] Level 1:colcon.colcon_core.package_identification:_identify(MIA26_phase2_ros_contest) by extension 'python'
[0.312s] Level 1:colcon.colcon_core.package_identification:_identify(MIA26_phase2_ros_contest) by extensions ['python_setup_py']
[0.312s] Level 1:colcon.colcon_core.package_identification:_identify(MIA26_phase2_ros_contest) by extension 'python_setup_py'
[0.312s] Level 1:colcon.colcon_core.package_identification:_identify(MIA26_phase2_ros_contest/assets) by extensions ['ignore', 'ignore_ament_install']
[0.312s] Level 1:colcon.colcon_core.package_identification:_identify(MIA26_phase2_ros_contest/assets) by extension 'ignore'
[0.312s] Level 1:colcon.colcon_core.package_identification:_identify(MIA26_phase2_ros_contest/assets) by extension 'ignore_ament_install'
[0.312s] Level 1:colcon.colcon_core.package_identification:_identify(MIA26_phase2_ros_contest/assets) by extensions ['colcon_pkg']
[0.312s] Level 1:colcon.colcon_core.package_identification:_identify(MIA26_phase2_ros_contest/assets) by extension 'colcon_pkg'
[0.312s] Level 1:colcon.colcon_core.package_identification:_identify(MIA26_phase2_ros_contest/assets) by extensions ['colcon_meta']
[0.312s] Level 1:colcon.colcon_core.package_identification:_identify(MIA26_phase2_ros_contest/assets) by extension 'colcon_meta'
[0.312s] Level 1:colcon.colcon_core.package_identification:_identify(MIA26_phase2_ros_contest/assets) by extensions ['ros']
[0.312s] Level 1:colcon.colcon_core.package_identification:_identify(MIA26_phase2_ros_contest/assets) by extension 'ros'
[0.313s] Level 1:colcon.colcon_core.package_identification:_identify(MIA26_phase2_ros_contest/assets) by extensions ['cmake', 'python']
[0.313s] Level 1:colcon.colcon_core.package_identification:_identify(MIA26_phase2_ros_contest/assets) by extension 'cmake'
[0.313s] Level 1:colcon.colcon_core.package_identification:_identify(MIA26_phase2_ros_contest/assets) by extension 'python'
[0.313s] Level 1:colcon.colcon_core.package_identification:_identify(MIA26_phase2_ros_contest/assets) by extensions ['python_setup_py']
[0.313s] Level 1:colcon.colcon_core.package_identification:_identify(MIA26_phase2_ros_contest/assets) by extension 'python_setup_py'
[0.313s] Level 1:colcon.colcon_core.package_identification:_identify(MIA26_phase2_ros_contest/maze_control) by extensions ['ignore', 'ignore_ament_install']
[0.313s] Level 1:colcon.colcon_core.package_identification:_identify(MIA26_phase2_ros_contest/maze_control) by extension 'ignore'
[0.313s] Level 1:colcon.colcon_core.package_identification:_identify(MIA26_phase2_ros_contest/maze_control) by extension 'ignore_ament_install'
[0.313s] Level 1:colcon.colcon_core.package_identification:_identify(MIA26_phase2_ros_contest/maze_control) by extensions ['colcon_pkg']
[0.313s] Level 1:colcon.colcon_core.package_identification:_identify(MIA26_phase2_ros_contest/maze_control) by extension 'colcon_pkg'
[0.313s] Level 1:colcon.colcon_core.package_identification:_identify(MIA26_phase2_ros_contest/maze_control) by extensions ['colcon_meta']
[0.313s] Level 1:colcon.colcon_core.package_identification:_identify(MIA26_phase2_ros_contest/maze_control) by extension 'colcon_meta'
[0.313s] Level 1:colcon.colcon_core.package_identification:_identify(MIA26_phase2_ros_contest/maze_control) by extensions ['ros']
[0.313s] Level 1:colcon.colcon_core.package_identification:_identify(MIA26_phase2_ros_contest/maze_control) by extension 'ros'
[0.317s] DEBUG:colcon.colcon_core.package_identification:Package 'MIA26_phase2_ros_contest/maze_control' with type 'ros.ament_python' and name 'maze_control'
[0.318s] Level 1:colcon.colcon_core.package_identification:_identify(build) by extensions ['ignore', 'ignore_ament_install']
[0.318s] Level 1:colcon.colcon_core.package_identification:_identify(build) by extension 'ignore'
[0.318s] Level 1:colcon.colcon_core.package_identification:_identify(build) ignored
[0.318s] Level 1:colcon.colcon_core.package_identification:_identify(install) by extensions ['ignore', 'ignore_ament_install']
[0.318s] Level 1:colcon.colcon_core.package_identification:_identify(install) by extension 'ignore'
[0.318s] Level 1:colcon.colcon_core.package_identification:_identify(install) ignored
[0.318s] Level 1:colcon.colcon_core.package_identification:_identify(interfaces) by extensions ['ignore', 'ignore_ament_install']
[0.318s] Level 1:colcon.colcon_core.package_identification:_identify(interfaces) by extension 'ignore'
[0.318s] Level 1:colcon.colcon_core.package_identification:_identify(interfaces) by extension 'ignore_ament_install'
[0.318s] Level 1:colcon.colcon_core.package_identification:_identify(interfaces) by extensions ['colcon_pkg']
[0.319s] Level 1:colcon.colcon_core.package_identification:_identify(interfaces) by extension 'colcon_pkg'
[0.319s] Level 1:colcon.colcon_core.package_identification:_identify(interfaces) by extensions ['colcon_meta']
[0.319s] Level 1:colcon.colcon_core.package_identification:_identify(interfaces) by extension 'colcon_meta'
[0.319s] Level 1:colcon.colcon_core.package_identification:_identify(interfaces) by extensions ['ros']
[0.319s] Level 1:colcon.colcon_core.package_identification:_identify(interfaces) by extension 'ros'
[0.319s] DEBUG:colcon.colcon_core.package_identification:Package 'interfaces' with type 'ros.ament_cmake' and name 'interfaces'
[0.319s] Level 1:colcon.colcon_core.package_identification:_identify(log) by extensions ['ignore', 'ignore_ament_install']
[0.320s] Level 1:colcon.colcon_core.package_identification:_identify(log) by extension 'ignore'
[0.320s] Level 1:colcon.colcon_core.package_identification:_identify(log) ignored
[0.320s] Level 1:colcon.colcon_core.package_identification:_identify(mazeSolve_pkg) by extensions ['ignore', 'ignore_ament_install']
[0.320s] Level 1:colcon.colcon_core.package_identification:_identify(mazeSolve_pkg) by extension 'ignore'
[0.320s] Level 1:colcon.colcon_core.package_identification:_identify(mazeSolve_pkg) by extension 'ignore_ament_install'
[0.320s] Level 1:colcon.colcon_core.package_identification:_identify(mazeSolve_pkg) by extensions ['colcon_pkg']
[0.320s] Level 1:colcon.colcon_core.package_identification:_identify(mazeSolve_pkg) by extension 'colcon_pkg'
[0.320s] Level 1:colcon.colcon_core.package_identification:_identify(mazeSolve_pkg) by extensions ['colcon_meta']
[0.320s] Level 1:colcon.colcon_core.package_identification:_identify(mazeSolve_pkg) by extension 'colcon_meta'
[0.320s] Level 1:colcon.colcon_core.package_identification:_identify(mazeSolve_pkg) by extensions ['ros']
[0.320s] Level 1:colcon.colcon_core.package_identification:_identify(mazeSolve_pkg) by extension 'ros'
[0.321s] DEBUG:colcon.colcon_core.package_identification:Package 'mazeSolve_pkg' with type 'ros.ament_python' and name 'mazeSolve_pkg'
[0.321s] Level 1:colcon.colcon_core.package_discovery:discover_packages(recursive) using defaults
[0.321s] Level 1:colcon.colcon_core.package_discovery:discover_packages(ignore) discover
[0.321s] Level 1:colcon.colcon_core.package_discovery:discover_packages(ignore) using defaults
[0.321s] Level 1:colcon.colcon_core.package_discovery:discover_packages(path) discover
[0.321s] Level 1:colcon.colcon_core.package_discovery:discover_packages(path) using defaults
[0.353s] Level 5:colcon.colcon_core.verb:set package 'interfaces' build argument 'cmake_args' from command line to 'None'
[0.353s] Level 5:colcon.colcon_core.verb:set package 'interfaces' build argument 'cmake_target' from command line to 'None'
[0.353s] Level 5:colcon.colcon_core.verb:set package 'interfaces' build argument 'cmake_target_skip_unavailable' from command line to 'False'
[0.353s] Level 5:colcon.colcon_core.verb:set package 'interfaces' build argument 'cmake_clean_cache' from command line to 'False'
[0.353s] Level 5:colcon.colcon_core.verb:set package 'interfaces' build argument 'cmake_clean_first' from command line to 'False'
[0.353s] Level 5:colcon.colcon_core.verb:set package 'interfaces' build argument 'cmake_force_configure' from command line to 'False'
[0.353s] Level 5:colcon.colcon_core.verb:set package 'interfaces' build argument 'ament_cmake_args' from command line to 'None'
[0.353s] Level 5:colcon.colcon_core.verb:set package 'interfaces' build argument 'catkin_cmake_args' from command line to 'None'
[0.353s] Level 5:colcon.colcon_core.verb:set package 'interfaces' build argument 'catkin_skip_building_tests' from command line to 'False'
[0.353s] DEBUG:colcon.colcon_core.verb:Building package 'interfaces' with the following arguments: {'ament_cmake_args': None, 'build_base': '/root/training_ws_merge2/src/build/interfaces', 'catkin_cmake_args': None, 'catkin_skip_building_tests': False, 'cmake_args': None, 'cmake_clean_cache': False, 'cmake_clean_first': False, 'cmake_force_configure': False, 'cmake_target': None, 'cmake_target_skip_unavailable': False, 'install_base': '/root/training_ws_merge2/src/install/interfaces', 'merge_install': False, 'path': '/root/training_ws_merge2/src/interfaces', 'symlink_install': True, 'test_result_base': None}
[0.354s] Level 5:colcon.colcon_core.verb:set package 'mazeSolve_pkg' build argument 'cmake_args' from command line to 'None'
[0.354s] Level 5:colcon.colcon_core.verb:set package 'mazeSolve_pkg' build argument 'cmake_target' from command line to 'None'
[0.354s] Level 5:colcon.colcon_core.verb:set package 'mazeSolve_pkg' build argument 'cmake_target_skip_unavailable' from command line to 'False'
[0.354s] Level 5:colcon.colcon_core.verb:set package 'mazeSolve_pkg' build argument 'cmake_clean_cache' from command line to 'False'
[0.354s] Level 5:colcon.colcon_core.verb:set package 'mazeSolve_pkg' build argument 'cmake_clean_first' from command line to 'False'
[0.354s] Level 5:colcon.colcon_core.verb:set package 'mazeSolve_pkg' build argument 'cmake_force_configure' from command line to 'False'
[0.354s] Level 5:colcon.colcon_core.verb:set package 'mazeSolve_pkg' build argument 'ament_cmake_args' from command line to 'None'
[0.354s] Level 5:colcon.colcon_core.verb:set package 'mazeSolve_pkg' build argument 'catkin_cmake_args' from command line to 'None'
[0.354s] Level 5:colcon.colcon_core.verb:set package 'mazeSolve_pkg' build argument 'catkin_skip_building_tests' from command line to 'False'
[0.354s] DEBUG:colcon.colcon_core.verb:Building package 'mazeSolve_pkg' with the following arguments: {'ament_cmake_args': None, 'build_base': '/root/training_ws_merge2/src/build/mazeSolve_pkg', 'catkin_cmake_args': None, 'catkin_skip_building_tests': False, 'cmake_args': None, 'cmake_clean_cache': False, 'cmake_clean_first': False, 'cmake_force_configure': False, 'cmake_target': None, 'cmake_target_skip_unavailable': False, 'install_base': '/root/training_ws_merge2/src/install/mazeSolve_pkg', 'merge_install': False, 'path': '/root/training_ws_merge2/src/mazeSolve_pkg', 'symlink_install': True, 'test_result_base': None}
[0.355s] Level 5:colcon.colcon_core.verb:set package 'maze_control' build argument 'cmake_args' from command line to 'None'
[0.355s] Level 5:colcon.colcon_core.verb:set package 'maze_control' build argument 'cmake_target' from command line to 'None'
[0.355s] Level 5:colcon.colcon_core.verb:set package 'maze_control' build argument 'cmake_target_skip_unavailable' from command line to 'False'
[0.355s] Level 5:colcon.colcon_core.verb:set package 'maze_control' build argument 'cmake_clean_cache' from command line to 'False'
[0.355s] Level 5:colcon.colcon_core.verb:set package 'maze_control' build argument 'cmake_clean_first' from command line to 'False'
[0.355s] Level 5:colcon.colcon_core.verb:set package 'maze_control' build argument 'cmake_force_configure' from command line to 'False'
[0.355s] Level 5:colcon.colcon_core.verb:set package 'maze_control' build argument 'ament_cmake_args' from command line to 'None'
[0.355s] Level 5:colcon.colcon_core.verb:set package 'maze_control' build argument 'catkin_cmake_args' from command line to 'None'
[0.355s] Level 5:colcon.colcon_core.verb:set package 'maze_control' build argument 'catkin_skip_building_tests' from command line to 'False'
[0.355s] DEBUG:colcon.colcon_core.verb:Building package 'maze_control' with the following arguments: {'ament_cmake_args': None, 'build_base': '/root/training_ws_merge2/src/build/maze_control', 'catkin_cmake_args': None, 'catkin_skip_building_tests': False, 'cmake_args': None, 'cmake_clean_cache': False, 'cmake_clean_first': False, 'cmake_force_configure': False, 'cmake_target': None, 'cmake_target_skip_unavailable': False, 'install_base': '/root/training_ws_merge2/src/install/maze_control', 'merge_install': False, 'path': '/root/training_ws_merge2/src/MIA26_phase2_ros_contest/maze_control', 'symlink_install': True, 'test_result_base': None}
[0.356s] INFO:colcon.colcon_core.executor:Executing jobs using 'parallel' executor
[0.357s] DEBUG:colcon.colcon_parallel_executor.executor.parallel:run_until_complete
[0.358s] INFO:colcon.colcon_ros.task.ament_cmake.build:Building ROS package in '/root/training_ws_merge2/src/interfaces' with build type 'ament_cmake'
[0.358s] INFO:colcon.colcon_cmake.task.cmake.build:Building CMake package in '/root/training_ws_merge2/src/interfaces'
[0.362s] INFO:colcon.colcon_core.plugin_system:Skipping extension 'colcon_core.shell.bat': Not used on non-Windows systems
[0.362s] INFO:colcon.colcon_core.shell:Skip shell extension 'powershell' for command environment: Not usable outside of PowerShell
[0.362s] DEBUG:colcon.colcon_core.shell:Skip shell extension 'dsv' for command environment
[0.363s] WARNING:colcon.colcon_ros.prefix_path.ament:The path '/root/training_ws_merge2/src/install/maze_control' in the environment variable AMENT_PREFIX_PATH doesn't exist
[0.364s] WARNING:colcon.colcon_ros.prefix_path.ament:The path '/root/training_ws_merge2/src/install/mazeSolve_pkg' in the environment variable AMENT_PREFIX_PATH doesn't exist
[0.364s] WARNING:colcon.colcon_ros.prefix_path.ament:The path '/root/training_ws_merge2/src/install/interfaces' in the environment variable AMENT_PREFIX_PATH doesn't exist
[0.364s] WARNING:colcon.colcon_ros.prefix_path.ament:The path '/root/training_ws_merge2/install/maze_control' in the environment variable AMENT_PREFIX_PATH doesn't contain any 'local_setup.*' files.
[0.364s] WARNING:colcon.colcon_ros.prefix_path.ament:The path '/root/training_ws_merge2/install/mazeSolve_pkg' in the environment variable AMENT_PREFIX_PATH doesn't exist
[0.364s] WARNING:colcon.colcon_ros.prefix_path.ament:The path '/root/training_ws_merge2/install/interfaces' in the environment variable AMENT_PREFIX_PATH doesn't contain any 'local_setup.*' files.
[0.364s] WARNING:colcon.colcon_ros.prefix_path.catkin:The path '/root/training_ws_merge2/src/install/interfaces' in the environment variable CMAKE_PREFIX_PATH doesn't exist
[0.367s] DEBUG:colcon.colcon_core.shell:Ignoring prefix path '/root/training_ws_merge2/install'
[0.382s] DEBUG:colcon.colcon_core.event_handler.log_command:Invoking command in '/root/training_ws_merge2/src/build/interfaces': CMAKE_PREFIX_PATH=${CMAKE_PREFIX_PATH}:/root/training_ws_merge2/src/install/maze_control:/root/training_ws_merge2/src/install/mazeSolve_pkg:/root/training_ws_merge2/install/maze_control:/root/training_ws_merge2/install/mazeSolve_pkg:/root/training_ws/install/mazeSolve_pkg:/opt/ros/jazzy /usr/bin/cmake /root/training_ws_merge2/src/interfaces -DAMENT_CMAKE_SYMLINK_INSTALL=1 -DCMAKE_INSTALL_PREFIX=/root/training_ws_merge2/src/install/interfaces
[6.300s] DEBUG:colcon.colcon_core.event_handler.log_command:Invoked command in '/root/training_ws_merge2/src/build/interfaces' returned '0': CMAKE_PREFIX_PATH=${CMAKE_PREFIX_PATH}:/root/training_ws_merge2/src/install/maze_control:/root/training_ws_merge2/src/install/mazeSolve_pkg:/root/training_ws_merge2/install/maze_control:/root/training_ws_merge2/install/mazeSolve_pkg:/root/training_ws/install/mazeSolve_pkg:/opt/ros/jazzy /usr/bin/cmake /root/training_ws_merge2/src/interfaces -DAMENT_CMAKE_SYMLINK_INSTALL=1 -DCMAKE_INSTALL_PREFIX=/root/training_ws_merge2/src/install/interfaces
[6.302s] DEBUG:colcon.colcon_core.event_handler.log_command:Invoking command in '/root/training_ws_merge2/src/build/interfaces': CMAKE_PREFIX_PATH=${CMAKE_PREFIX_PATH}:/root/training_ws_merge2/src/install/maze_control:/root/training_ws_merge2/src/install/mazeSolve_pkg:/root/training_ws_merge2/install/maze_control:/root/training_ws_merge2/install/mazeSolve_pkg:/root/training_ws/install/mazeSolve_pkg:/opt/ros/jazzy /usr/bin/cmake --build /root/training_ws_merge2/src/build/interfaces -- -j8 -l8
[14.263s] DEBUG:colcon.colcon_core.event_handler.log_command:Invoked command in '/root/training_ws_merge2/src/build/interfaces' returned '0': CMAKE_PREFIX_PATH=${CMAKE_PREFIX_PATH}:/root/training_ws_merge2/src/install/maze_control:/root/training_ws_merge2/src/install/mazeSolve_pkg:/root/training_ws_merge2/install/maze_control:/root/training_ws_merge2/install/mazeSolve_pkg:/root/training_ws/install/mazeSolve_pkg:/opt/ros/jazzy /usr/bin/cmake --build /root/training_ws_merge2/src/build/interfaces -- -j8 -l8
[14.283s] DEBUG:colcon.colcon_core.event_handler.log_command:Invoking command in '/root/training_ws_merge2/src/build/interfaces': CMAKE_PREFIX_PATH=${CMAKE_PREFIX_PATH}:/root/training_ws_merge2/src/install/maze_control:/root/training_ws_merge2/src/install/mazeSolve_pkg:/root/training_ws_merge2/install/maze_control:/root/training_ws_merge2/install/mazeSolve_pkg:/root/training_ws/install/mazeSolve_pkg:/opt/ros/jazzy /usr/bin/cmake --install /root/training_ws_merge2/src/build/interfaces
[15.729s] Level 1:colcon.colcon_core.environment:create_environment_scripts_only(interfaces)
[15.730s] DEBUG:colcon.colcon_core.event_handler.log_command:Invoked command in '/root/training_ws_merge2/src/build/interfaces' returned '0': CMAKE_PREFIX_PATH=${CMAKE_PREFIX_PATH}:/root/training_ws_merge2/src/install/maze_control:/root/training_ws_merge2/src/install/mazeSolve_pkg:/root/training_ws_merge2/install/maze_control:/root/training_ws_merge2/install/mazeSolve_pkg:/root/training_ws/install/mazeSolve_pkg:/opt/ros/jazzy /usr/bin/cmake --install /root/training_ws_merge2/src/build/interfaces
[15.733s] Level 1:colcon.colcon_core.environment:checking '/root/training_ws_merge2/src/install/interfaces' for CMake module files
[15.735s] Level 1:colcon.colcon_core.environment:checking '/root/training_ws_merge2/src/install/interfaces' for CMake config files
[15.737s] Level 1:colcon.colcon_core.shell:create_environment_hook('interfaces', 'cmake_prefix_path')
[15.737s] INFO:colcon.colcon_core.shell:Creating environment hook '/root/training_ws_merge2/src/install/interfaces/share/interfaces/hook/cmake_prefix_path.ps1'
[15.738s] INFO:colcon.colcon_core.shell:Creating environment descriptor '/root/training_ws_merge2/src/install/interfaces/share/interfaces/hook/cmake_prefix_path.dsv'
[15.739s] INFO:colcon.colcon_core.shell:Creating environment hook '/root/training_ws_merge2/src/install/interfaces/share/interfaces/hook/cmake_prefix_path.sh'
[15.740s] Level 1:colcon.colcon_core.environment:checking '/root/training_ws_merge2/src/install/interfaces/lib'
[15.741s] Level 1:colcon.colcon_core.shell:create_environment_hook('interfaces', 'ld_library_path_lib')
[15.741s] INFO:colcon.colcon_core.shell:Creating environment hook '/root/training_ws_merge2/src/install/interfaces/share/interfaces/hook/ld_library_path_lib.ps1'
[15.742s] INFO:colcon.colcon_core.shell:Creating environment descriptor '/root/training_ws_merge2/src/install/interfaces/share/interfaces/hook/ld_library_path_lib.dsv'
[15.742s] INFO:colcon.colcon_core.shell:Creating environment hook '/root/training_ws_merge2/src/install/interfaces/share/interfaces/hook/ld_library_path_lib.sh'
[15.743s] Level 1:colcon.colcon_core.environment:checking '/root/training_ws_merge2/src/install/interfaces/bin'
[15.743s] Level 1:colcon.colcon_core.environment:checking '/root/training_ws_merge2/src/install/interfaces/lib/pkgconfig/interfaces.pc'
[15.746s] Level 1:colcon.colcon_core.environment:checking '/root/training_ws_merge2/src/install/interfaces/lib/python3.12/site-packages'
[15.746s] Level 1:colcon.colcon_core.shell:create_environment_hook('interfaces', 'pythonpath')
[15.747s] INFO:colcon.colcon_core.shell:Creating environment hook '/root/training_ws_merge2/src/install/interfaces/share/interfaces/hook/pythonpath.ps1'
[15.748s] INFO:colcon.colcon_core.shell:Creating environment descriptor '/root/training_ws_merge2/src/install/interfaces/share/interfaces/hook/pythonpath.dsv'
[15.748s] INFO:colcon.colcon_core.shell:Creating environment hook '/root/training_ws_merge2/src/install/interfaces/share/interfaces/hook/pythonpath.sh'
[15.750s] Level 1:colcon.colcon_core.environment:checking '/root/training_ws_merge2/src/install/interfaces/bin'
[15.750s] INFO:colcon.colcon_core.shell:Creating package script '/root/training_ws_merge2/src/install/interfaces/share/interfaces/package.ps1'
[15.752s] INFO:colcon.colcon_core.shell:Creating package descriptor '/root/training_ws_merge2/src/install/interfaces/share/interfaces/package.dsv'
[15.753s] INFO:colcon.colcon_core.shell:Creating package script '/root/training_ws_merge2/src/install/interfaces/share/interfaces/package.sh'
[15.754s] INFO:colcon.colcon_core.shell:Creating package script '/root/training_ws_merge2/src/install/interfaces/share/interfaces/package.bash'
[15.756s] INFO:colcon.colcon_core.shell:Creating package script '/root/training_ws_merge2/src/install/interfaces/share/interfaces/package.zsh'
[15.757s] Level 1:colcon.colcon_core.environment:create_file_with_runtime_dependencies(/root/training_ws_merge2/src/install/interfaces/share/colcon-core/packages/interfaces)
[15.759s] Level 1:colcon.colcon_core.environment:create_environment_scripts_only(interfaces)
[15.759s] Level 1:colcon.colcon_core.environment:checking '/root/training_ws_merge2/src/install/interfaces' for CMake module files
[15.760s] Level 1:colcon.colcon_core.environment:checking '/root/training_ws_merge2/src/install/interfaces' for CMake config files
[15.761s] Level 1:colcon.colcon_core.shell:create_environment_hook('interfaces', 'cmake_prefix_path')
[15.762s] INFO:colcon.colcon_core.shell:Creating environment hook '/root/training_ws_merge2/src/install/interfaces/share/interfaces/hook/cmake_prefix_path.ps1'
[15.762s] INFO:colcon.colcon_core.shell:Creating environment descriptor '/root/training_ws_merge2/src/install/interfaces/share/interfaces/hook/cmake_prefix_path.dsv'
[15.763s] INFO:colcon.colcon_core.shell:Creating environment hook '/root/training_ws_merge2/src/install/interfaces/share/interfaces/hook/cmake_prefix_path.sh'
[15.764s] Level 1:colcon.colcon_core.environment:checking '/root/training_ws_merge2/src/install/interfaces/lib'
[15.764s] Level 1:colcon.colcon_core.shell:create_environment_hook('interfaces', 'ld_library_path_lib')
[15.764s] INFO:colcon.colcon_core.shell:Creating environment hook '/root/training_ws_merge2/src/install/interfaces/share/interfaces/hook/ld_library_path_lib.ps1'
[15.765s] INFO:colcon.colcon_core.shell:Creating environment descriptor '/root/training_ws_merge2/src/install/interfaces/share/interfaces/hook/ld_library_path_lib.dsv'
[15.765s] INFO:colcon.colcon_core.shell:Creating environment hook '/root/training_ws_merge2/src/install/interfaces/share/interfaces/hook/ld_library_path_lib.sh'
[15.766s] Level 1:colcon.colcon_core.environment:checking '/root/training_ws_merge2/src/install/interfaces/bin'
[15.766s] Level 1:colcon.colcon_core.environment:checking '/root/training_ws_merge2/src/install/interfaces/lib/pkgconfig/interfaces.pc'
[15.766s] Level 1:colcon.colcon_core.environment:checking '/root/training_ws_merge2/src/install/interfaces/lib/python3.12/site-packages'
[15.767s] Level 1:colcon.colcon_core.shell:create_environment_hook('interfaces', 'pythonpath')
[15.767s] INFO:colcon.colcon_core.shell:Creating environment hook '/root/training_ws_merge2/src/install/interfaces/share/interfaces/hook/pythonpath.ps1'
[15.768s] INFO:colcon.colcon_core.shell:Creating environment descriptor '/root/training_ws_merge2/src/install/interfaces/share/interfaces/hook/pythonpath.dsv'
[15.769s] INFO:colcon.colcon_core.shell:Creating environment hook '/root/training_ws_merge2/src/install/interfaces/share/interfaces/hook/pythonpath.sh'
[15.771s] Level 1:colcon.colcon_core.environment:checking '/root/training_ws_merge2/src/install/interfaces/bin'
[15.772s] INFO:colcon.colcon_core.shell:Creating package script '/root/training_ws_merge2/src/install/interfaces/share/interfaces/package.ps1'
[15.773s] INFO:colcon.colcon_core.shell:Creating package descriptor '/root/training_ws_merge2/src/install/interfaces/share/interfaces/package.dsv'
[15.774s] INFO:colcon.colcon_core.shell:Creating package script '/root/training_ws_merge2/src/install/interfaces/share/interfaces/package.sh'
[15.775s] INFO:colcon.colcon_core.shell:Creating package script '/root/training_ws_merge2/src/install/interfaces/share/interfaces/package.bash'
[15.776s] INFO:colcon.colcon_core.shell:Creating package script '/root/training_ws_merge2/src/install/interfaces/share/interfaces/package.zsh'
[15.777s] Level 1:colcon.colcon_core.environment:create_file_with_runtime_dependencies(/root/training_ws_merge2/src/install/interfaces/share/colcon-core/packages/interfaces)
[15.777s] INFO:colcon.colcon_ros.task.ament_python.build:Building ROS package in '/root/training_ws_merge2/src/mazeSolve_pkg' with build type 'ament_python'
[15.778s] Level 1:colcon.colcon_core.shell:create_environment_hook('mazeSolve_pkg', 'ament_prefix_path')
[15.778s] INFO:colcon.colcon_core.shell:Creating environment hook '/root/training_ws_merge2/src/install/mazeSolve_pkg/share/mazeSolve_pkg/hook/ament_prefix_path.ps1'
[15.780s] INFO:colcon.colcon_core.shell:Creating environment descriptor '/root/training_ws_merge2/src/install/mazeSolve_pkg/share/mazeSolve_pkg/hook/ament_prefix_path.dsv'
[15.780s] INFO:colcon.colcon_core.shell:Creating environment hook '/root/training_ws_merge2/src/install/mazeSolve_pkg/share/mazeSolve_pkg/hook/ament_prefix_path.sh'
[15.781s] INFO:colcon.colcon_core.shell:Skip shell extension 'powershell' for command environment: Not usable outside of PowerShell
[15.781s] DEBUG:colcon.colcon_core.shell:Skip shell extension 'dsv' for command environment
[15.783s] DEBUG:colcon.colcon_core.shell:Ignoring prefix path '/root/training_ws_merge2/install'
[15.791s] INFO:colcon.colcon_ros.task.ament_python.build:Building ROS package in '/root/training_ws_merge2/src/MIA26_phase2_ros_contest/maze_control' with build type 'ament_python'
[15.791s] Level 1:colcon.colcon_core.shell:create_environment_hook('maze_control', 'ament_prefix_path')
[15.792s] INFO:colcon.colcon_core.shell:Creating environment hook '/root/training_ws_merge2/src/install/maze_control/share/maze_control/hook/ament_prefix_path.ps1'
[15.793s] INFO:colcon.colcon_core.shell:Creating environment descriptor '/root/training_ws_merge2/src/install/maze_control/share/maze_control/hook/ament_prefix_path.dsv'
[15.794s] INFO:colcon.colcon_core.shell:Creating environment hook '/root/training_ws_merge2/src/install/maze_control/share/maze_control/hook/ament_prefix_path.sh'
[15.795s] INFO:colcon.colcon_core.shell:Skip shell extension 'powershell' for command environment: Not usable outside of PowerShell
[15.796s] DEBUG:colcon.colcon_core.shell:Skip shell extension 'dsv' for command environment
[15.798s] DEBUG:colcon.colcon_core.shell:Ignoring prefix path '/root/training_ws_merge2/install'
[16.198s] INFO:colcon.colcon_core.task.python.build:Building Python package in '/root/training_ws_merge2/src/mazeSolve_pkg'
[16.199s] INFO:colcon.colcon_core.shell:Skip shell extension 'powershell' for command environment: Not usable outside of PowerShell
[16.199s] DEBUG:colcon.colcon_core.shell:Skip shell extension 'dsv' for command environment
[16.201s] DEBUG:colcon.colcon_core.shell:Ignoring prefix path '/root/training_ws_merge2/install'
[16.612s] INFO:colcon.colcon_core.task.python.build:Building Python package in '/root/training_ws_merge2/src/MIA26_phase2_ros_contest/maze_control'
[16.612s] INFO:colcon.colcon_core.shell:Skip shell extension 'powershell' for command environment: Not usable outside of PowerShell
[16.612s] DEBUG:colcon.colcon_core.shell:Skip shell extension 'dsv' for command environment
[16.615s] DEBUG:colcon.colcon_core.shell:Ignoring prefix path '/root/training_ws_merge2/install'
[17.679s] DEBUG:colcon.colcon_core.task.python.build:Available setuptools commands: check, bdist_dumb, editable_wheel, egg_info, build, saveopts, upload_docs, install_scripts, install_egg_info, register, bdist_rpm, setopt, clean, compile_catalog, install_lib, dist_info, rotate, symlink_data, install_headers, build_clib, easy_install, alias, upload, bdist, init_catalog, build_py, install_data, build_ext, extract_messages, sdist, bdist_egg, build_scripts, test, update_catalog, install, develop
[17.777s] DEBUG:colcon.colcon_core.task.python.build:Available setuptools commands: check, bdist_dumb, editable_wheel, egg_info, build, saveopts, upload_docs, install_scripts, install_egg_info, register, bdist_rpm, setopt, clean, compile_catalog, install_lib, dist_info, rotate, symlink_data, install_headers, build_clib, easy_install, alias, upload, bdist, init_catalog, build_py, install_data, build_ext, extract_messages, sdist, bdist_egg, build_scripts, test, update_catalog, install, develop
[18.283s] DEBUG:colcon.colcon_core.task.python.build:Available setuptools 'develop' options: --verbose, --install-dir, --editable, --prefix, --quiet, --optimize, --zip-ok, --always-unzip, --force-installation-into-system-dir, --upgrade, --user, --exclude-scripts, --site-dirs, --always-copy, --build-directory, --multi-version, --uninstall, --help, --local-snapshots-ok, --version, --no-deps, --no-find-links, --no-user-cfg, --index-url, --find-links, --install-layout, --dry-run, --record, --allow-hosts, --egg-path, --script-dir
[18.288s] DEBUG:colcon.colcon_core.event_handler.log_command:Invoking command in '/root/training_ws_merge2/src/build/maze_control': PYTHONPATH=/root/training_ws_merge2/src/build/maze_control/prefix_override:/usr/lib/python3/dist-packages/colcon_core/task/python/colcon_distutils_commands:/root/training_ws_merge2/src/install/maze_control/lib/python3.12/site-packages:/root/training_ws_merge2/src/install/interfaces/lib/python3.12/site-packages:/root/training_ws_merge2/src/install/maze_control/lib/python3.12/site-packages:/root/training_ws_merge2/src/install/mazeSolve_pkg/lib/python3.12/site-packages:/root/training_ws_merge2/install/maze_control/lib/python3.12/site-packages:/root/training_ws_merge2/install/mazeSolve_pkg/lib/python3.12/site-packages:/root/training_ws_merge2/install/interfaces/lib/python3.12/site-packages:/root/training_ws/install/maze_control/lib/python3.12/site-packages:/root/training_ws/install/mazeSolve_pkg/lib/python3.12/site-packages:/root/training_ws/install/interfaces/lib/python3.12/site-packages:/opt/ros/jazzy/lib/python3.12/site-packages /usr/bin/python3 -W ignore:setup.py install is deprecated -W ignore:easy_install command is deprecated setup.py develop --editable --build-directory /root/training_ws_merge2/src/build/maze_control/build --no-deps symlink_data
[18.420s] DEBUG:colcon.colcon_core.task.python.build:Available setuptools 'develop' options: --verbose, --install-dir, --editable, --prefix, --quiet, --optimize, --zip-ok, --always-unzip, --force-installation-into-system-dir, --upgrade, --user, --exclude-scripts, --site-dirs, --always-copy, --build-directory, --multi-version, --uninstall, --help, --local-snapshots-ok, --version, --no-deps, --no-find-links, --no-user-cfg, --index-url, --find-links, --install-layout, --dry-run, --record, --allow-hosts, --egg-path, --script-dir
[18.427s] DEBUG:colcon.colcon_core.event_handler.log_command:Invoking command in '/root/training_ws_merge2/src/build/mazeSolve_pkg': PYTHONPATH=/root/training_ws_merge2/src/build/mazeSolve_pkg/prefix_override:/usr/lib/python3/dist-packages/colcon_core/task/python/colcon_distutils_commands:/root/training_ws_merge2/src/install/mazeSolve_pkg/lib/python3.12/site-packages:/root/training_ws_merge2/src/install/interfaces/lib/python3.12/site-packages:/root/training_ws_merge2/src/install/maze_control/lib/python3.12/site-packages:/root/training_ws_merge2/src/install/mazeSolve_pkg/lib/python3.12/site-packages:/root/training_ws_merge2/install/maze_control/lib/python3.12/site-packages:/root/training_ws_merge2/install/mazeSolve_pkg/lib/python3.12/site-packages:/root/training_ws_merge2/install/interfaces/lib/python3.12/site-packages:/root/training_ws/install/maze_control/lib/python3.12/site-packages:/root/training_ws/install/mazeSolve_pkg/lib/python3.12/site-packages:/root/training_ws/install/interfaces/lib/python3.12/site-packages:/opt/ros/jazzy/lib/python3.12/site-packages /usr/bin/python3 -W ignore:setup.py install is deprecated -W ignore:easy_install command is deprecated setup.py develop --editable --build-directory /root/training_ws_merge2/src/build/mazeSolve_pkg/build --no-deps symlink_data
[19.553s] Level 1:colcon.colcon_core.shell:create_environment_hook('maze_control', 'pythonpath_develop')
[19.554s] INFO:colcon.colcon_core.shell:Creating environment hook '/root/training_ws_merge2/src/build/maze_control/share/maze_control/hook/pythonpath_develop.ps1'
[19.554s] DEBUG:colcon.colcon_core.event_handler.log_command:Invoked command in '/root/training_ws_merge2/src/build/maze_control' returned '0': PYTHONPATH=/root/training_ws_merge2/src/build/maze_control/prefix_override:/usr/lib/python3/dist-packages/colcon_core/task/python/colcon_distutils_commands:/root/training_ws_merge2/src/install/maze_control/lib/python3.12/site-packages:/root/training_ws_merge2/src/install/interfaces/lib/python3.12/site-packages:/root/training_ws_merge2/src/install/maze_control/lib/python3.12/site-packages:/root/training_ws_merge2/src/install/mazeSolve_pkg/lib/python3.12/site-packages:/root/training_ws_merge2/install/maze_control/lib/python3.12/site-packages:/root/training_ws_merge2/install/mazeSolve_pkg/lib/python3.12/site-packages:/root/training_ws_merge2/install/interfaces/lib/python3.12/site-packages:/root/training_ws/install/maze_control/lib/python3.12/site-packages:/root/training_ws/install/mazeSolve_pkg/lib/python3.12/site-packages:/root/training_ws/install/interfaces/lib/python3.12/site-packages:/opt/ros/jazzy/lib/python3.12/site-packages /usr/bin/python3 -W ignore:setup.py install is deprecated -W ignore:easy_install command is deprecated setup.py develop --editable --build-directory /root/training_ws_merge2/src/build/maze_control/build --no-deps symlink_data
[19.556s] INFO:colcon.colcon_core.shell:Creating environment descriptor '/root/training_ws_merge2/src/build/maze_control/share/maze_control/hook/pythonpath_develop.dsv'
[19.556s] INFO:colcon.colcon_core.shell:Creating environment hook '/root/training_ws_merge2/src/build/maze_control/share/maze_control/hook/pythonpath_develop.sh'
[19.558s] Level 1:colcon.colcon_core.environment:checking '/root/training_ws_merge2/src/install/maze_control' for CMake module files
[19.561s] Level 1:colcon.colcon_core.environment:checking '/root/training_ws_merge2/src/install/maze_control' for CMake config files
[19.566s] Level 1:colcon.colcon_core.environment:checking '/root/training_ws_merge2/src/install/maze_control/lib'
[19.566s] Level 1:colcon.colcon_core.environment:checking '/root/training_ws_merge2/src/install/maze_control/bin'
[19.566s] Level 1:colcon.colcon_core.environment:checking '/root/training_ws_merge2/src/install/maze_control/lib/pkgconfig/maze_control.pc'
[19.567s] Level 1:colcon.colcon_core.environment:checking '/root/training_ws_merge2/src/install/maze_control/lib/python3.12/site-packages'
[19.567s] Level 1:colcon.colcon_core.shell:create_environment_hook('maze_control', 'pythonpath')
[19.568s] INFO:colcon.colcon_core.shell:Creating environment hook '/root/training_ws_merge2/src/install/maze_control/share/maze_control/hook/pythonpath.ps1'
[19.569s] INFO:colcon.colcon_core.shell:Creating environment descriptor '/root/training_ws_merge2/src/install/maze_control/share/maze_control/hook/pythonpath.dsv'
[19.570s] INFO:colcon.colcon_core.shell:Creating environment hook '/root/training_ws_merge2/src/install/maze_control/share/maze_control/hook/pythonpath.sh'
[19.572s] Level 1:colcon.colcon_core.environment:checking '/root/training_ws_merge2/src/install/maze_control/bin'
[19.573s] Level 1:colcon.colcon_core.environment:create_environment_scripts_only(maze_control)
[19.573s] INFO:colcon.colcon_core.shell:Creating package script '/root/training_ws_merge2/src/install/maze_control/share/maze_control/package.ps1'
[19.576s] INFO:colcon.colcon_core.shell:Creating package descriptor '/root/training_ws_merge2/src/install/maze_control/share/maze_control/package.dsv'
[19.578s] INFO:colcon.colcon_core.shell:Creating package script '/root/training_ws_merge2/src/install/maze_control/share/maze_control/package.sh'
[19.579s] INFO:colcon.colcon_core.shell:Creating package script '/root/training_ws_merge2/src/install/maze_control/share/maze_control/package.bash'
[19.580s] INFO:colcon.colcon_core.shell:Creating package script '/root/training_ws_merge2/src/install/maze_control/share/maze_control/package.zsh'
[19.581s] Level 1:colcon.colcon_core.environment:create_file_with_runtime_dependencies(/root/training_ws_merge2/src/install/maze_control/share/colcon-core/packages/maze_control)
[19.660s] Level 1:colcon.colcon_core.shell:create_environment_hook('mazeSolve_pkg', 'pythonpath_develop')
[19.661s] INFO:colcon.colcon_core.shell:Creating environment hook '/root/training_ws_merge2/src/build/mazeSolve_pkg/share/mazeSolve_pkg/hook/pythonpath_develop.ps1'
[19.662s] DEBUG:colcon.colcon_core.event_handler.log_command:Invoked command in '/root/training_ws_merge2/src/build/mazeSolve_pkg' returned '0': PYTHONPATH=/root/training_ws_merge2/src/build/mazeSolve_pkg/prefix_override:/usr/lib/python3/dist-packages/colcon_core/task/python/colcon_distutils_commands:/root/training_ws_merge2/src/install/mazeSolve_pkg/lib/python3.12/site-packages:/root/training_ws_merge2/src/install/interfaces/lib/python3.12/site-packages:/root/training_ws_merge2/src/install/maze_control/lib/python3.12/site-packages:/root/training_ws_merge2/src/install/mazeSolve_pkg/lib/python3.12/site-packages:/root/training_ws_merge2/install/maze_control/lib/python3.12/site-packages:/root/training_ws_merge2/install/mazeSolve_pkg/lib/python3.12/site-packages:/root/training_ws_merge2/install/interfaces/lib/python3.12/site-packages:/root/training_ws/install/maze_control/lib/python3.12/site-packages:/root/training_ws/install/mazeSolve_pkg/lib/python3.12/site-packages:/root/training_ws/install/interfaces/lib/python3.12/site-packages:/opt/ros/jazzy/lib/python3.12/site-packages /usr/bin/python3 -W ignore:setup.py install is deprecated -W ignore:easy_install command is deprecated setup.py develop --editable --build-directory /root/training_ws_merge2/src/build/mazeSolve_pkg/build --no-deps symlink_data
[19.663s] INFO:colcon.colcon_core.shell:Creating environment descriptor '/root/training_ws_merge2/src/build/mazeSolve_pkg/share/mazeSolve_pkg/hook/pythonpath_develop.dsv'
[19.664s] INFO:colcon.colcon_core.shell:Creating environment hook '/root/training_ws_merge2/src/build/mazeSolve_pkg/share/mazeSolve_pkg/hook/pythonpath_develop.sh'
[19.665s] Level 1:colcon.colcon_core.environment:checking '/root/training_ws_merge2/src/install/mazeSolve_pkg' for CMake module files
[19.667s] Level 1:colcon.colcon_core.environment:checking '/root/training_ws_merge2/src/install/mazeSolve_pkg' for CMake config files
[19.668s] Level 1:colcon.colcon_core.environment:checking '/root/training_ws_merge2/src/install/mazeSolve_pkg/lib'
[19.668s] Level 1:colcon.colcon_core.environment:checking '/root/training_ws_merge2/src/install/mazeSolve_pkg/bin'
[19.668s] Level 1:colcon.colcon_core.environment:checking '/root/training_ws_merge2/src/install/mazeSolve_pkg/lib/pkgconfig/mazeSolve_pkg.pc'
[19.669s] Level 1:colcon.colcon_core.environment:checking '/root/training_ws_merge2/src/install/mazeSolve_pkg/lib/python3.12/site-packages'
[19.669s] Level 1:colcon.colcon_core.shell:create_environment_hook('mazeSolve_pkg', 'pythonpath')
[19.670s] INFO:colcon.colcon_core.shell:Creating environment hook '/root/training_ws_merge2/src/install/mazeSolve_pkg/share/mazeSolve_pkg/hook/pythonpath.ps1'
[19.671s] INFO:colcon.colcon_core.shell:Creating environment descriptor '/root/training_ws_merge2/src/install/mazeSolve_pkg/share/mazeSolve_pkg/hook/pythonpath.dsv'
[19.672s] INFO:colcon.colcon_core.shell:Creating environment hook '/root/training_ws_merge2/src/install/mazeSolve_pkg/share/mazeSolve_pkg/hook/pythonpath.sh'
[19.674s] Level 1:colcon.colcon_core.environment:checking '/root/training_ws_merge2/src/install/mazeSolve_pkg/bin'
[19.674s] Level 1:colcon.colcon_core.environment:create_environment_scripts_only(mazeSolve_pkg)
[19.675s] INFO:colcon.colcon_core.shell:Creating package script '/root/training_ws_merge2/src/install/mazeSolve_pkg/share/mazeSolve_pkg/package.ps1'
[19.677s] INFO:colcon.colcon_core.shell:Creating package descriptor '/root/training_ws_merge2/src/install/mazeSolve_pkg/share/mazeSolve_pkg/package.dsv'
[19.678s] INFO:colcon.colcon_core.shell:Creating package script '/root/training_ws_merge2/src/install/mazeSolve_pkg/share/mazeSolve_pkg/package.sh'
[19.679s] INFO:colcon.colcon_core.shell:Creating package script '/root/training_ws_merge2/src/install/mazeSolve_pkg/share/mazeSolve_pkg/package.bash'
[19.680s] INFO:colcon.colcon_core.shell:Creating package script '/root/training_ws_merge2/src/install/mazeSolve_pkg/share/mazeSolve_pkg/package.zsh'
[19.681s] Level 1:colcon.colcon_core.environment:create_file_with_runtime_dependencies(/root/training_ws_merge2/src/install/mazeSolve_pkg/share/colcon-core/packages/mazeSolve_pkg)
[19.682s] DEBUG:colcon.colcon_parallel_executor.executor.parallel:closing loop
[19.683s] DEBUG:colcon.colcon_parallel_executor.executor.parallel:loop closed
[19.683s] DEBUG:colcon.colcon_parallel_executor.executor.parallel:run_until_complete finished with '0'
[19.683s] DEBUG:colcon.colcon_core.event_reactor:joining thread
[19.695s] INFO:colcon.colcon_core.plugin_system:Skipping extension 'colcon_notification.desktop_notification.notify_send': Could not find 'notify-send'
[19.695s] INFO:colcon.colcon_core.plugin_system:Skipping extension 'colcon_notification.desktop_notification.terminal_notifier': Not used on non-Darwin systems
[19.695s] INFO:colcon.colcon_core.plugin_system:Skipping extension 'colcon_notification.desktop_notification.win32': Not used on non-Windows systems
[19.696s] INFO:colcon.colcon_notification.desktop_notification:Sending desktop notification using 'notify2'
[19.702s] DEBUG:colcon.colcon_notification.desktop_notification.notify2:Failed to initialize notify2: org.freedesktop.DBus.Error.Spawn.ExecFailed: /usr/bin/dbus-launch terminated abnormally without any error message
[19.702s] DEBUG:colcon.colcon_core.event_reactor:joined thread
[19.703s] INFO:colcon.colcon_core.shell:Creating prefix script '/root/training_ws_merge2/src/install/local_setup.ps1'
[19.705s] INFO:colcon.colcon_core.shell:Creating prefix util module '/root/training_ws_merge2/src/install/_local_setup_util_ps1.py'
[19.707s] INFO:colcon.colcon_core.shell:Creating prefix chain script '/root/training_ws_merge2/src/install/setup.ps1'
[19.709s] INFO:colcon.colcon_core.shell:Creating prefix script '/root/training_ws_merge2/src/install/local_setup.sh'
[19.710s] INFO:colcon.colcon_core.shell:Creating prefix util module '/root/training_ws_merge2/src/install/_local_setup_util_sh.py'
[19.711s] INFO:colcon.colcon_core.shell:Creating prefix chain script '/root/training_ws_merge2/src/install/setup.sh'
[19.713s] INFO:colcon.colcon_core.shell:Creating prefix script '/root/training_ws_merge2/src/install/local_setup.bash'
[19.714s] INFO:colcon.colcon_core.shell:Creating prefix chain script '/root/training_ws_merge2/src/install/setup.bash'
[19.718s] INFO:colcon.colcon_core.shell:Creating prefix script '/root/training_ws_merge2/src/install/local_setup.zsh'
[19.719s] INFO:colcon.colcon_core.shell:Creating prefix chain script '/root/training_ws_merge2/src/install/setup.zsh'
