[1.532s] Invoking command in '/home/mohamed-khaled/Solving-Maze/src/MIA26_phase2_ros_contest/maze_control': DEBUGINFOD_URLS=https://debuginfod.ubuntu.com PYTHONPATH=/home/mohamed-khaled/Solving-Maze/build/maze_control/prefix_override:/usr/lib/python3/dist-packages/colcon_core/task/python/colcon_distutils_commands:/home/mohamed-khaled/Solving-Maze/install/maze_control/lib/python3.12/site-packages:${PYTHONPATH} /usr/bin/python3 -W ignore:setup.py install is deprecated -W ignore:easy_install command is deprecated setup.py egg_info --egg-base ../../../build/maze_control build --build-base /home/mohamed-khaled/Solving-Maze/build/maze_control/build install --record /home/mohamed-khaled/Solving-Maze/build/maze_control/install.log --install-scripts $base/lib/maze_control --single-version-externally-managed install_data
[1.717s] /usr/lib/python3/dist-packages/setuptools/dist.py:744: SetuptoolsDeprecationWarning: Invalid dash-separated options
[1.717s] !!
[1.717s] 
[1.717s]         ********************************************************************************
[1.718s]         Usage of dash-separated 'script-dir' will not be supported in future
[1.718s]         versions. Please use the underscore name 'script_dir' instead.
[1.718s] 
[1.718s]         This deprecation is overdue, please update your project and remove deprecated
[1.718s]         calls to avoid build errors in the future.
[1.718s] 
[1.718s]         See https://setuptools.pypa.io/en/latest/userguide/declarative_config.html for details.
[1.718s]         ********************************************************************************
[1.718s] 
[1.718s] !!
[1.718s]   opt = self.warn_dash_deprecation(opt, section)
[1.957s] running egg_info
[1.958s] creating ../../../build/maze_control/maze_control.egg-info
[1.991s] writing ../../../build/maze_control/maze_control.egg-info/PKG-INFO
[1.991s] writing dependency_links to ../../../build/maze_control/maze_control.egg-info/dependency_links.txt
[1.991s] writing entry points to ../../../build/maze_control/maze_control.egg-info/entry_points.txt
[1.992s] writing requirements to ../../../build/maze_control/maze_control.egg-info/requires.txt
[1.992s] writing top-level names to ../../../build/maze_control/maze_control.egg-info/top_level.txt
[1.992s] writing manifest file '../../../build/maze_control/maze_control.egg-info/SOURCES.txt'
[2.060s] reading manifest file '../../../build/maze_control/maze_control.egg-info/SOURCES.txt'
[2.061s] writing manifest file '../../../build/maze_control/maze_control.egg-info/SOURCES.txt'
[2.061s] running build
[2.061s] running build_py
[2.061s] creating /home/mohamed-khaled/Solving-Maze/build/maze_control/build
[2.061s] creating /home/mohamed-khaled/Solving-Maze/build/maze_control/build/lib
[2.062s] creating /home/mohamed-khaled/Solving-Maze/build/maze_control/build/lib/maze_control
[2.062s] copying maze_control/wall_retraction_service.py -> /home/mohamed-khaled/Solving-Maze/build/maze_control/build/lib/maze_control
[2.062s] copying maze_control/__init__.py -> /home/mohamed-khaled/Solving-Maze/build/maze_control/build/lib/maze_control
[2.062s] copying maze_control/maze_timer_node.py -> /home/mohamed-khaled/Solving-Maze/build/maze_control/build/lib/maze_control
[2.062s] running install
[2.071s] running install_lib
[2.105s] creating /home/mohamed-khaled/Solving-Maze/install/maze_control/lib/python3.12/site-packages/maze_control
[2.105s] copying /home/mohamed-khaled/Solving-Maze/build/maze_control/build/lib/maze_control/wall_retraction_service.py -> /home/mohamed-khaled/Solving-Maze/install/maze_control/lib/python3.12/site-packages/maze_control
[2.106s] copying /home/mohamed-khaled/Solving-Maze/build/maze_control/build/lib/maze_control/__init__.py -> /home/mohamed-khaled/Solving-Maze/install/maze_control/lib/python3.12/site-packages/maze_control
[2.106s] copying /home/mohamed-khaled/Solving-Maze/build/maze_control/build/lib/maze_control/maze_timer_node.py -> /home/mohamed-khaled/Solving-Maze/install/maze_control/lib/python3.12/site-packages/maze_control
[2.106s] byte-compiling /home/mohamed-khaled/Solving-Maze/install/maze_control/lib/python3.12/site-packages/maze_control/wall_retraction_service.py to wall_retraction_service.cpython-312.pyc
[2.108s] byte-compiling /home/mohamed-khaled/Solving-Maze/install/maze_control/lib/python3.12/site-packages/maze_control/__init__.py to __init__.cpython-312.pyc
[2.108s] byte-compiling /home/mohamed-khaled/Solving-Maze/install/maze_control/lib/python3.12/site-packages/maze_control/maze_timer_node.py to maze_timer_node.cpython-312.pyc
[2.109s] running install_data
[2.109s] creating /home/mohamed-khaled/Solving-Maze/install/maze_control/share/ament_index
[2.109s] creating /home/mohamed-khaled/Solving-Maze/install/maze_control/share/ament_index/resource_index
[2.109s] creating /home/mohamed-khaled/Solving-Maze/install/maze_control/share/ament_index/resource_index/packages
[2.110s] copying resource/maze_control -> /home/mohamed-khaled/Solving-Maze/install/maze_control/share/ament_index/resource_index/packages
[2.110s] copying package.xml -> /home/mohamed-khaled/Solving-Maze/install/maze_control/share/maze_control
[2.110s] creating /home/mohamed-khaled/Solving-Maze/install/maze_control/share/maze_control/launch
[2.110s] copying launch/maze_simulation_tb3.launch.py -> /home/mohamed-khaled/Solving-Maze/install/maze_control/share/maze_control/launch
[2.110s] creating /home/mohamed-khaled/Solving-Maze/install/maze_control/share/maze_control/worlds
[2.110s] copying worlds/maze_world.sdf -> /home/mohamed-khaled/Solving-Maze/install/maze_control/share/maze_control/worlds
[2.111s] creating /home/mohamed-khaled/Solving-Maze/install/maze_control/share/maze_control/config
[2.111s] copying config/bridge_config.yaml -> /home/mohamed-khaled/Solving-Maze/install/maze_control/share/maze_control/config
[2.111s] copying config/gui.config -> /home/mohamed-khaled/Solving-Maze/install/maze_control/share/maze_control/config
[2.111s] creating /home/mohamed-khaled/Solving-Maze/install/maze_control/share/maze_control/models
[2.111s] creating /home/mohamed-khaled/Solving-Maze/install/maze_control/share/maze_control/models/simple_robot
[2.111s] running install_egg_info
[2.146s] Copying ../../../build/maze_control/maze_control.egg-info to /home/mohamed-khaled/Solving-Maze/install/maze_control/lib/python3.12/site-packages/maze_control-0.1.0-py3.12.egg-info
[2.147s] running install_scripts
[2.358s] Installing maze_timer_node script to /home/mohamed-khaled/Solving-Maze/install/maze_control/lib/maze_control
[2.358s] Installing wall_retraction_service script to /home/mohamed-khaled/Solving-Maze/install/maze_control/lib/maze_control
[2.358s] writing list of installed files to '/home/mohamed-khaled/Solving-Maze/build/maze_control/install.log'
[2.396s] Invoked command in '/home/mohamed-khaled/Solving-Maze/src/MIA26_phase2_ros_contest/maze_control' returned '0': DEBUGINFOD_URLS=https://debuginfod.ubuntu.com PYTHONPATH=/home/mohamed-khaled/Solving-Maze/build/maze_control/prefix_override:/usr/lib/python3/dist-packages/colcon_core/task/python/colcon_distutils_commands:/home/mohamed-khaled/Solving-Maze/install/maze_control/lib/python3.12/site-packages:${PYTHONPATH} /usr/bin/python3 -W ignore:setup.py install is deprecated -W ignore:easy_install command is deprecated setup.py egg_info --egg-base ../../../build/maze_control build --build-base /home/mohamed-khaled/Solving-Maze/build/maze_control/build install --record /home/mohamed-khaled/Solving-Maze/build/maze_control/install.log --install-scripts $base/lib/maze_control --single-version-externally-managed install_data
