[0.036s] Invoking command in '/home/a/Solving-Maze/build/interfaces': CMAKE_PREFIX_PATH=${CMAKE_PREFIX_PATH}:/home/a/Solving-Maze/install/mazeSolve_pkg:/opt/ros/jazzy DEBUGINFOD_URLS=https://debuginfod.ubuntu.com /usr/bin/cmake --build /home/a/Solving-Maze/build/interfaces -- -j8 -l8
[0.257s] [  2%] Built target interfaces__rosidl_generator_type_description
[0.264s] [  5%] Built target interfaces__rs
[0.289s] [  5%] Built target ament_cmake_python_copy_interfaces
[0.305s] [  8%] Built target interfaces__cpp
[0.325s] [ 22%] Built target interfaces__rosidl_generator_c
[0.396s] [ 31%] Built target interfaces__rosidl_typesupport_introspection_c
[0.396s] [ 40%] Built target interfaces__rosidl_typesupport_c
[0.408s] [ 48%] Built target interfaces__rosidl_typesupport_fastrtps_cpp
[0.412s] [ 57%] Built target interfaces__rosidl_typesupport_cpp
[0.414s] [ 65%] Built target interfaces__rosidl_typesupport_introspection_cpp
[0.416s] [ 74%] Built target interfaces__rosidl_typesupport_fastrtps_c
[0.463s] [ 74%] Built target interfaces
[0.524s] [ 77%] Built target interfaces__py
[0.580s] [ 82%] Built target interfaces__rosidl_generator_py
[0.884s] running egg_info
[0.940s] writing interfaces.egg-info/PKG-INFO
[0.942s] writing dependency_links to interfaces.egg-info/dependency_links.txt
[0.942s] writing top-level names to interfaces.egg-info/top_level.txt
[1.104s] reading manifest file 'interfaces.egg-info/SOURCES.txt'
[1.112s] writing manifest file 'interfaces.egg-info/SOURCES.txt'
[1.184s] [ 82%] Built target ament_cmake_python_build_interfaces_egg
[1.229s] [ 88%] Built target interfaces_s__rosidl_typesupport_c
[1.275s] [ 94%] Built target interfaces_s__rosidl_typesupport_introspection_c
[1.320s] [100%] Built target interfaces_s__rosidl_typesupport_fastrtps_c
[1.344s] Invoked command in '/home/a/Solving-Maze/build/interfaces' returned '0': CMAKE_PREFIX_PATH=${CMAKE_PREFIX_PATH}:/home/a/Solving-Maze/install/mazeSolve_pkg:/opt/ros/jazzy DEBUGINFOD_URLS=https://debuginfod.ubuntu.com /usr/bin/cmake --build /home/a/Solving-Maze/build/interfaces -- -j8 -l8
[1.366s] Invoking command in '/home/a/Solving-Maze/build/interfaces': CMAKE_PREFIX_PATH=${CMAKE_PREFIX_PATH}:/home/a/Solving-Maze/install/mazeSolve_pkg:/opt/ros/jazzy DEBUGINFOD_URLS=https://debuginfod.ubuntu.com /usr/bin/cmake --install /home/a/Solving-Maze/build/interfaces
[1.381s] -- Install configuration: ""
[1.382s] -- Up-to-date: /home/a/Solving-Maze/install/interfaces/share/ament_index/resource_index/rosidl_interfaces/interfaces
[1.383s] -- Up-to-date: /home/a/Solving-Maze/install/interfaces/share/interfaces/action/Move.json
[1.384s] -- Up-to-date: /home/a/Solving-Maze/install/interfaces/include/interfaces/interfaces
[1.384s] -- Up-to-date: /home/a/Solving-Maze/install/interfaces/include/interfaces/interfaces/msg
[1.384s] -- Up-to-date: /home/a/Solving-Maze/install/interfaces/include/interfaces/interfaces/msg/rosidl_generator_c__visibility_control.h
[1.384s] -- Up-to-date: /home/a/Solving-Maze/install/interfaces/include/interfaces/interfaces/action
[1.385s] -- Up-to-date: /home/a/Solving-Maze/install/interfaces/include/interfaces/interfaces/action/move_x.h
[1.385s] -- Up-to-date: /home/a/Solving-Maze/install/interfaces/include/interfaces/interfaces/action/detail
[1.386s] -- Up-to-date: /home/a/Solving-Maze/install/interfaces/include/interfaces/interfaces/action/detail/move_x__functions.h
[1.386s] -- Up-to-date: /home/a/Solving-Maze/install/interfaces/include/interfaces/interfaces/action/detail/move__functions.h
[1.386s] -- Up-to-date: /home/a/Solving-Maze/install/interfaces/include/interfaces/interfaces/action/detail/move__functions.c
[1.386s] -- Up-to-date: /home/a/Solving-Maze/install/interfaces/include/interfaces/interfaces/action/detail/move_x__description.c
[1.386s] -- Up-to-date: /home/a/Solving-Maze/install/interfaces/include/interfaces/interfaces/action/detail/move_x__type_support.h
[1.387s] -- Up-to-date: /home/a/Solving-Maze/install/interfaces/include/interfaces/interfaces/action/detail/move__type_support.c
[1.387s] -- Up-to-date: /home/a/Solving-Maze/install/interfaces/include/interfaces/interfaces/action/detail/move_x__functions.c
[1.387s] -- Up-to-date: /home/a/Solving-Maze/install/interfaces/include/interfaces/interfaces/action/detail/move__struct.h
[1.387s] -- Up-to-date: /home/a/Solving-Maze/install/interfaces/include/interfaces/interfaces/action/detail/move_x__type_support.c
[1.387s] -- Up-to-date: /home/a/Solving-Maze/install/interfaces/include/interfaces/interfaces/action/detail/move_x__struct.h
[1.387s] -- Up-to-date: /home/a/Solving-Maze/install/interfaces/include/interfaces/interfaces/action/detail/move__type_support.h
[1.387s] -- Up-to-date: /home/a/Solving-Maze/install/interfaces/include/interfaces/interfaces/action/detail/move__description.c
[1.388s] -- Up-to-date: /home/a/Solving-Maze/install/interfaces/include/interfaces/interfaces/action/move.h
[1.388s] -- Up-to-date: /home/a/Solving-Maze/install/interfaces/share/interfaces/environment/library_path.sh
[1.388s] -- Up-to-date: /home/a/Solving-Maze/install/interfaces/share/interfaces/environment/library_path.dsv
[1.388s] -- Up-to-date: /home/a/Solving-Maze/install/interfaces/lib/libinterfaces__rosidl_generator_c.so
[1.389s] -- Up-to-date: /home/a/Solving-Maze/install/interfaces/include/interfaces/interfaces
[1.389s] -- Up-to-date: /home/a/Solving-Maze/install/interfaces/include/interfaces/interfaces/msg
[1.389s] -- Up-to-date: /home/a/Solving-Maze/install/interfaces/include/interfaces/interfaces/msg/rosidl_typesupport_fastrtps_c__visibility_control.h
[1.389s] -- Up-to-date: /home/a/Solving-Maze/install/interfaces/include/interfaces/interfaces/action
[1.390s] -- Up-to-date: /home/a/Solving-Maze/install/interfaces/include/interfaces/interfaces/action/detail
[1.390s] -- Up-to-date: /home/a/Solving-Maze/install/interfaces/include/interfaces/interfaces/action/detail/move__rosidl_typesupport_fastrtps_c.h
[1.390s] -- Up-to-date: /home/a/Solving-Maze/install/interfaces/include/interfaces/interfaces/action/detail/move_x__rosidl_typesupport_fastrtps_c.h
[1.390s] -- Up-to-date: /home/a/Solving-Maze/install/interfaces/lib/libinterfaces__rosidl_typesupport_fastrtps_c.so
[1.391s] -- Up-to-date: /home/a/Solving-Maze/install/interfaces/include/interfaces/interfaces
[1.391s] -- Up-to-date: /home/a/Solving-Maze/install/interfaces/include/interfaces/interfaces/msg
[1.391s] -- Up-to-date: /home/a/Solving-Maze/install/interfaces/include/interfaces/interfaces/msg/rosidl_typesupport_introspection_c__visibility_control.h
[1.391s] -- Up-to-date: /home/a/Solving-Maze/install/interfaces/include/interfaces/interfaces/action
[1.391s] -- Up-to-date: /home/a/Solving-Maze/install/interfaces/include/interfaces/interfaces/action/detail
[1.392s] -- Up-to-date: /home/a/Solving-Maze/install/interfaces/include/interfaces/interfaces/action/detail/move_x__rosidl_typesupport_introspection_c.h
[1.392s] -- Up-to-date: /home/a/Solving-Maze/install/interfaces/include/interfaces/interfaces/action/detail/move__type_support.c
[1.392s] -- Up-to-date: /home/a/Solving-Maze/install/interfaces/include/interfaces/interfaces/action/detail/move__rosidl_typesupport_introspection_c.h
[1.392s] -- Up-to-date: /home/a/Solving-Maze/install/interfaces/include/interfaces/interfaces/action/detail/move_x__type_support.c
[1.392s] -- Up-to-date: /home/a/Solving-Maze/install/interfaces/lib/libinterfaces__rosidl_typesupport_introspection_c.so
[1.392s] -- Up-to-date: /home/a/Solving-Maze/install/interfaces/lib/libinterfaces__rosidl_typesupport_c.so
[1.393s] -- Up-to-date: /home/a/Solving-Maze/install/interfaces/include/interfaces/interfaces
[1.393s] -- Up-to-date: /home/a/Solving-Maze/install/interfaces/include/interfaces/interfaces/msg
[1.393s] -- Up-to-date: /home/a/Solving-Maze/install/interfaces/include/interfaces/interfaces/msg/rosidl_generator_cpp__visibility_control.hpp
[1.393s] -- Up-to-date: /home/a/Solving-Maze/install/interfaces/include/interfaces/interfaces/action
[1.394s] -- Up-to-date: /home/a/Solving-Maze/install/interfaces/include/interfaces/interfaces/action/move.hpp
[1.394s] -- Up-to-date: /home/a/Solving-Maze/install/interfaces/include/interfaces/interfaces/action/move_x.hpp
[1.394s] -- Up-to-date: /home/a/Solving-Maze/install/interfaces/include/interfaces/interfaces/action/detail
[1.395s] -- Up-to-date: /home/a/Solving-Maze/install/interfaces/include/interfaces/interfaces/action/detail/move_x__builder.hpp
[1.395s] -- Up-to-date: /home/a/Solving-Maze/install/interfaces/include/interfaces/interfaces/action/detail/move__builder.hpp
[1.395s] -- Up-to-date: /home/a/Solving-Maze/install/interfaces/include/interfaces/interfaces/action/detail/move_x__type_support.hpp
[1.395s] -- Up-to-date: /home/a/Solving-Maze/install/interfaces/include/interfaces/interfaces/action/detail/move_x__traits.hpp
[1.395s] -- Up-to-date: /home/a/Solving-Maze/install/interfaces/include/interfaces/interfaces/action/detail/move__type_support.hpp
[1.396s] -- Up-to-date: /home/a/Solving-Maze/install/interfaces/include/interfaces/interfaces/action/detail/move__struct.hpp
[1.396s] -- Up-to-date: /home/a/Solving-Maze/install/interfaces/include/interfaces/interfaces/action/detail/move_x__struct.hpp
[1.396s] -- Up-to-date: /home/a/Solving-Maze/install/interfaces/include/interfaces/interfaces/action/detail/move__traits.hpp
[1.396s] -- Up-to-date: /home/a/Solving-Maze/install/interfaces/include/interfaces/interfaces
[1.396s] -- Up-to-date: /home/a/Solving-Maze/install/interfaces/include/interfaces/interfaces/msg
[1.396s] -- Up-to-date: /home/a/Solving-Maze/install/interfaces/include/interfaces/interfaces/msg/rosidl_typesupport_fastrtps_cpp__visibility_control.h
[1.397s] -- Up-to-date: /home/a/Solving-Maze/install/interfaces/include/interfaces/interfaces/action
[1.397s] -- Up-to-date: /home/a/Solving-Maze/install/interfaces/include/interfaces/interfaces/action/detail
[1.397s] -- Up-to-date: /home/a/Solving-Maze/install/interfaces/include/interfaces/interfaces/action/detail/move_x__rosidl_typesupport_fastrtps_cpp.hpp
[1.397s] -- Up-to-date: /home/a/Solving-Maze/install/interfaces/include/interfaces/interfaces/action/detail/move__rosidl_typesupport_fastrtps_cpp.hpp
[1.397s] -- Up-to-date: /home/a/Solving-Maze/install/interfaces/include/interfaces/interfaces/action/detail/dds_fastrtps
[1.398s] -- Up-to-date: /home/a/Solving-Maze/install/interfaces/lib/libinterfaces__rosidl_typesupport_fastrtps_cpp.so
[1.398s] -- Up-to-date: /home/a/Solving-Maze/install/interfaces/include/interfaces/interfaces
[1.399s] -- Up-to-date: /home/a/Solving-Maze/install/interfaces/include/interfaces/interfaces/action
[1.399s] -- Up-to-date: /home/a/Solving-Maze/install/interfaces/include/interfaces/interfaces/action/detail
[1.399s] -- Up-to-date: /home/a/Solving-Maze/install/interfaces/include/interfaces/interfaces/action/detail/move__type_support.cpp
[1.400s] -- Up-to-date: /home/a/Solving-Maze/install/interfaces/include/interfaces/interfaces/action/detail/move__rosidl_typesupport_introspection_cpp.hpp
[1.400s] -- Up-to-date: /home/a/Solving-Maze/install/interfaces/include/interfaces/interfaces/action/detail/move_x__rosidl_typesupport_introspection_cpp.hpp
[1.400s] -- Up-to-date: /home/a/Solving-Maze/install/interfaces/include/interfaces/interfaces/action/detail/move_x__type_support.cpp
[1.400s] -- Up-to-date: /home/a/Solving-Maze/install/interfaces/lib/libinterfaces__rosidl_typesupport_introspection_cpp.so
[1.401s] -- Up-to-date: /home/a/Solving-Maze/install/interfaces/lib/libinterfaces__rosidl_typesupport_cpp.so
[1.402s] -- Up-to-date: /home/a/Solving-Maze/install/interfaces/share/interfaces/environment/pythonpath.sh
[1.403s] -- Up-to-date: /home/a/Solving-Maze/install/interfaces/share/interfaces/environment/pythonpath.dsv
[1.403s] -- Up-to-date: /home/a/Solving-Maze/install/interfaces/lib/python3.12/site-packages/interfaces-0.0.0-py3.12.egg-info
[1.404s] -- Installing: /home/a/Solving-Maze/install/interfaces/lib/python3.12/site-packages/interfaces-0.0.0-py3.12.egg-info/top_level.txt
[1.404s] -- Installing: /home/a/Solving-Maze/install/interfaces/lib/python3.12/site-packages/interfaces-0.0.0-py3.12.egg-info/PKG-INFO
[1.404s] -- Installing: /home/a/Solving-Maze/install/interfaces/lib/python3.12/site-packages/interfaces-0.0.0-py3.12.egg-info/dependency_links.txt
[1.405s] -- Installing: /home/a/Solving-Maze/install/interfaces/lib/python3.12/site-packages/interfaces-0.0.0-py3.12.egg-info/SOURCES.txt
[1.405s] -- Up-to-date: /home/a/Solving-Maze/install/interfaces/lib/python3.12/site-packages/interfaces
[1.405s] -- Up-to-date: /home/a/Solving-Maze/install/interfaces/lib/python3.12/site-packages/interfaces/interfaces_s__rosidl_typesupport_c.so
[1.405s] -- Up-to-date: /home/a/Solving-Maze/install/interfaces/lib/python3.12/site-packages/interfaces/_interfaces_s.ep.rosidl_typesupport_fastrtps_c.c
[1.406s] -- Up-to-date: /home/a/Solving-Maze/install/interfaces/lib/python3.12/site-packages/interfaces/interfaces_s__rosidl_typesupport_fastrtps_c.so
[1.406s] -- Up-to-date: /home/a/Solving-Maze/install/interfaces/lib/python3.12/site-packages/interfaces/_interfaces_s.ep.rosidl_typesupport_introspection_c.c
[1.406s] -- Up-to-date: /home/a/Solving-Maze/install/interfaces/lib/python3.12/site-packages/interfaces/__init__.py
[1.406s] -- Up-to-date: /home/a/Solving-Maze/install/interfaces/lib/python3.12/site-packages/interfaces/interfaces_s__rosidl_typesupport_introspection_c.so
[1.407s] -- Up-to-date: /home/a/Solving-Maze/install/interfaces/lib/python3.12/site-packages/interfaces/_interfaces_s.ep.rosidl_typesupport_c.c
[1.407s] -- Up-to-date: /home/a/Solving-Maze/install/interfaces/lib/python3.12/site-packages/interfaces/action
[1.407s] -- Up-to-date: /home/a/Solving-Maze/install/interfaces/lib/python3.12/site-packages/interfaces/action/_move_x_s.c
[1.407s] -- Up-to-date: /home/a/Solving-Maze/install/interfaces/lib/python3.12/site-packages/interfaces/action/_move.py
[1.408s] -- Up-to-date: /home/a/Solving-Maze/install/interfaces/lib/python3.12/site-packages/interfaces/action/_move_x.py
[1.408s] -- Up-to-date: /home/a/Solving-Maze/install/interfaces/lib/python3.12/site-packages/interfaces/action/_move_s.c
[1.408s] -- Up-to-date: /home/a/Solving-Maze/install/interfaces/lib/python3.12/site-packages/interfaces/action/__init__.py
[1.492s] Listing '/home/a/Solving-Maze/install/interfaces/lib/python3.12/site-packages/interfaces'...
[1.492s] Listing '/home/a/Solving-Maze/install/interfaces/lib/python3.12/site-packages/interfaces/action'...
[1.509s] -- Up-to-date: /home/a/Solving-Maze/install/interfaces/lib/python3.12/site-packages/interfaces/interfaces_s__rosidl_typesupport_fastrtps_c.so
[1.511s] -- Up-to-date: /home/a/Solving-Maze/install/interfaces/lib/python3.12/site-packages/interfaces/interfaces_s__rosidl_typesupport_introspection_c.so
[1.512s] -- Up-to-date: /home/a/Solving-Maze/install/interfaces/lib/python3.12/site-packages/interfaces/interfaces_s__rosidl_typesupport_c.so
[1.513s] -- Up-to-date: /home/a/Solving-Maze/install/interfaces/lib/libinterfaces__rosidl_generator_py.so
[1.514s] -- Up-to-date: /home/a/Solving-Maze/install/interfaces/share/ament_index/resource_index/rust_packages/interfaces
[1.514s] -- Up-to-date: /home/a/Solving-Maze/install/interfaces/share/interfaces/rust
[1.515s] -- Up-to-date: /home/a/Solving-Maze/install/interfaces/share/interfaces/rust/src
[1.515s] -- Up-to-date: /home/a/Solving-Maze/install/interfaces/share/interfaces/rust/src/action.rs
[1.515s] -- Up-to-date: /home/a/Solving-Maze/install/interfaces/share/interfaces/rust/src/lib.rs
[1.515s] -- Up-to-date: /home/a/Solving-Maze/install/interfaces/share/interfaces/rust/src/action
[1.516s] -- Up-to-date: /home/a/Solving-Maze/install/interfaces/share/interfaces/rust/src/action/rmw.rs
[1.516s] -- Up-to-date: /home/a/Solving-Maze/install/interfaces/share/interfaces/rust/Cargo.toml
[1.517s] -- Up-to-date: /home/a/Solving-Maze/install/interfaces/share/interfaces/rust/build.rs
[1.518s] -- Up-to-date: /home/a/Solving-Maze/install/interfaces/share/interfaces/action/Move.idl
[1.518s] -- Up-to-date: /home/a/Solving-Maze/install/interfaces/share/interfaces/action/Move.action
[1.518s] -- Up-to-date: /home/a/Solving-Maze/install/interfaces/share/ament_index/resource_index/package_run_dependencies/interfaces
[1.519s] -- Up-to-date: /home/a/Solving-Maze/install/interfaces/share/ament_index/resource_index/parent_prefix_path/interfaces
[1.519s] -- Up-to-date: /home/a/Solving-Maze/install/interfaces/share/interfaces/environment/ament_prefix_path.sh
[1.519s] -- Up-to-date: /home/a/Solving-Maze/install/interfaces/share/interfaces/environment/ament_prefix_path.dsv
[1.520s] -- Up-to-date: /home/a/Solving-Maze/install/interfaces/share/interfaces/environment/path.sh
[1.520s] -- Up-to-date: /home/a/Solving-Maze/install/interfaces/share/interfaces/environment/path.dsv
[1.520s] -- Up-to-date: /home/a/Solving-Maze/install/interfaces/share/interfaces/local_setup.bash
[1.520s] -- Up-to-date: /home/a/Solving-Maze/install/interfaces/share/interfaces/local_setup.sh
[1.520s] -- Up-to-date: /home/a/Solving-Maze/install/interfaces/share/interfaces/local_setup.zsh
[1.520s] -- Up-to-date: /home/a/Solving-Maze/install/interfaces/share/interfaces/local_setup.dsv
[1.520s] -- Installing: /home/a/Solving-Maze/install/interfaces/share/interfaces/package.dsv
[1.521s] -- Up-to-date: /home/a/Solving-Maze/install/interfaces/share/ament_index/resource_index/packages/interfaces
[1.521s] -- Up-to-date: /home/a/Solving-Maze/install/interfaces/share/interfaces/cmake/export_interfaces__rosidl_generator_cExport.cmake
[1.521s] -- Up-to-date: /home/a/Solving-Maze/install/interfaces/share/interfaces/cmake/export_interfaces__rosidl_generator_cExport-noconfig.cmake
[1.521s] -- Up-to-date: /home/a/Solving-Maze/install/interfaces/share/interfaces/cmake/export_interfaces__rosidl_typesupport_fastrtps_cExport.cmake
[1.521s] -- Up-to-date: /home/a/Solving-Maze/install/interfaces/share/interfaces/cmake/export_interfaces__rosidl_typesupport_fastrtps_cExport-noconfig.cmake
[1.521s] -- Up-to-date: /home/a/Solving-Maze/install/interfaces/share/interfaces/cmake/interfaces__rosidl_typesupport_introspection_cExport.cmake
[1.521s] -- Up-to-date: /home/a/Solving-Maze/install/interfaces/share/interfaces/cmake/interfaces__rosidl_typesupport_introspection_cExport-noconfig.cmake
[1.522s] -- Up-to-date: /home/a/Solving-Maze/install/interfaces/share/interfaces/cmake/interfaces__rosidl_typesupport_cExport.cmake
[1.522s] -- Up-to-date: /home/a/Solving-Maze/install/interfaces/share/interfaces/cmake/interfaces__rosidl_typesupport_cExport-noconfig.cmake
[1.522s] -- Up-to-date: /home/a/Solving-Maze/install/interfaces/share/interfaces/cmake/export_interfaces__rosidl_generator_cppExport.cmake
[1.523s] -- Up-to-date: /home/a/Solving-Maze/install/interfaces/share/interfaces/cmake/export_interfaces__rosidl_typesupport_fastrtps_cppExport.cmake
[1.523s] -- Up-to-date: /home/a/Solving-Maze/install/interfaces/share/interfaces/cmake/export_interfaces__rosidl_typesupport_fastrtps_cppExport-noconfig.cmake
[1.523s] -- Up-to-date: /home/a/Solving-Maze/install/interfaces/share/interfaces/cmake/interfaces__rosidl_typesupport_introspection_cppExport.cmake
[1.523s] -- Up-to-date: /home/a/Solving-Maze/install/interfaces/share/interfaces/cmake/interfaces__rosidl_typesupport_introspection_cppExport-noconfig.cmake
[1.523s] -- Up-to-date: /home/a/Solving-Maze/install/interfaces/share/interfaces/cmake/interfaces__rosidl_typesupport_cppExport.cmake
[1.523s] -- Up-to-date: /home/a/Solving-Maze/install/interfaces/share/interfaces/cmake/interfaces__rosidl_typesupport_cppExport-noconfig.cmake
[1.524s] -- Up-to-date: /home/a/Solving-Maze/install/interfaces/share/interfaces/cmake/export_interfaces__rosidl_generator_pyExport.cmake
[1.524s] -- Up-to-date: /home/a/Solving-Maze/install/interfaces/share/interfaces/cmake/export_interfaces__rosidl_generator_pyExport-noconfig.cmake
[1.524s] -- Up-to-date: /home/a/Solving-Maze/install/interfaces/share/interfaces/cmake/rosidl_cmake-extras.cmake
[1.524s] -- Up-to-date: /home/a/Solving-Maze/install/interfaces/share/interfaces/cmake/ament_cmake_export_dependencies-extras.cmake
[1.524s] -- Up-to-date: /home/a/Solving-Maze/install/interfaces/share/interfaces/cmake/ament_cmake_export_include_directories-extras.cmake
[1.525s] -- Up-to-date: /home/a/Solving-Maze/install/interfaces/share/interfaces/cmake/ament_cmake_export_libraries-extras.cmake
[1.525s] -- Up-to-date: /home/a/Solving-Maze/install/interfaces/share/interfaces/cmake/ament_cmake_export_targets-extras.cmake
[1.525s] -- Up-to-date: /home/a/Solving-Maze/install/interfaces/share/interfaces/cmake/rosidl_cmake_export_typesupport_targets-extras.cmake
[1.525s] -- Up-to-date: /home/a/Solving-Maze/install/interfaces/share/interfaces/cmake/rosidl_cmake_export_typesupport_libraries-extras.cmake
[1.526s] -- Up-to-date: /home/a/Solving-Maze/install/interfaces/share/interfaces/cmake/rosidl_cmake_aggregate_target-extras.cmake
[1.526s] -- Up-to-date: /home/a/Solving-Maze/install/interfaces/share/interfaces/cmake/interfacesConfig.cmake
[1.526s] -- Up-to-date: /home/a/Solving-Maze/install/interfaces/share/interfaces/cmake/interfacesConfig-version.cmake
[1.526s] -- Up-to-date: /home/a/Solving-Maze/install/interfaces/share/interfaces/package.xml
[1.530s] Invoked command in '/home/a/Solving-Maze/build/interfaces' returned '0': CMAKE_PREFIX_PATH=${CMAKE_PREFIX_PATH}:/home/a/Solving-Maze/install/mazeSolve_pkg:/opt/ros/jazzy DEBUGINFOD_URLS=https://debuginfod.ubuntu.com /usr/bin/cmake --install /home/a/Solving-Maze/build/interfaces
