[6.417s] Invoking command in '/root/training_ws_merge2/build/mazeSolve_pkg': PYTHONPATH=/root/training_ws_merge2/build/mazeSolve_pkg/prefix_override:/usr/lib/python3/dist-packages/colcon_core/task/python/colcon_distutils_commands:/root/training_ws_merge2/install/mazeSolve_pkg/lib/python3.12/site-packages:/root/training_ws_merge2/install/interfaces/lib/python3.12/site-packages:/root/training_ws_merge2/build/maze_control:/root/training_ws_merge2/install/maze_control/lib/python3.12/site-packages:/root/training_ws_merge2/build/mazeSolve_pkg:/root/training_ws_merge2/install/mazeSolve_pkg/lib/python3.12/site-packages:/opt/ros/jazzy/lib/python3.12/site-packages /usr/bin/python3 -W ignore:setup.py install is deprecated -W ignore:easy_install command is deprecated setup.py develop --editable --build-directory /root/training_ws_merge2/build/mazeSolve_pkg/build --no-deps symlink_data
[8.481s] running develop
[9.699s] running egg_info
[9.798s] writing mazeSolve_pkg.egg-info/PKG-INFO
[9.799s] writing dependency_links to mazeSolve_pkg.egg-info/dependency_links.txt
[9.800s] writing entry points to mazeSolve_pkg.egg-info/entry_points.txt
[9.801s] writing requirements to mazeSolve_pkg.egg-info/requires.txt
[9.803s] writing top-level names to mazeSolve_pkg.egg-info/top_level.txt
[10.050s] reading manifest file 'mazeSolve_pkg.egg-info/SOURCES.txt'
[10.054s] writing manifest file 'mazeSolve_pkg.egg-info/SOURCES.txt'
[10.177s] running build_ext
[10.179s] Creating /root/training_ws_merge2/install/mazeSolve_pkg/lib/python3.12/site-packages/mazeSolve-pkg.egg-link (link to .)
[10.182s] Installing action_x_server script to /root/training_ws_merge2/install/mazeSolve_pkg/lib/mazeSolve_pkg
[10.184s] Installing yaw_client script to /root/training_ws_merge2/install/mazeSolve_pkg/lib/mazeSolve_pkg
[10.187s] Installing yaw_pid_server script to /root/training_ws_merge2/install/mazeSolve_pkg/lib/mazeSolve_pkg
[10.191s] Installing yawserver script to /root/training_ws_merge2/install/mazeSolve_pkg/lib/mazeSolve_pkg
[10.192s] Installing yawserverNew script to /root/training_ws_merge2/install/mazeSolve_pkg/lib/mazeSolve_pkg
[10.197s] 
[10.197s] Installed /root/training_ws_merge2/build/mazeSolve_pkg
[10.197s] running symlink_data
[10.418s] Invoked command in '/root/training_ws_merge2/build/mazeSolve_pkg' returned '0': PYTHONPATH=/root/training_ws_merge2/build/mazeSolve_pkg/prefix_override:/usr/lib/python3/dist-packages/colcon_core/task/python/colcon_distutils_commands:/root/training_ws_merge2/install/mazeSolve_pkg/lib/python3.12/site-packages:/root/training_ws_merge2/install/interfaces/lib/python3.12/site-packages:/root/training_ws_merge2/build/maze_control:/root/training_ws_merge2/install/maze_control/lib/python3.12/site-packages:/root/training_ws_merge2/build/mazeSolve_pkg:/root/training_ws_merge2/install/mazeSolve_pkg/lib/python3.12/site-packages:/opt/ros/jazzy/lib/python3.12/site-packages /usr/bin/python3 -W ignore:setup.py install is deprecated -W ignore:easy_install command is deprecated setup.py develop --editable --build-directory /root/training_ws_merge2/build/mazeSolve_pkg/build --no-deps symlink_data
