[1.575s] Invoking command in '/root/training_ws_merge2/src/mazeSolve_pkg': PYTHONPATH=/root/training_ws_merge2/build/mazeSolve_pkg/prefix_override:/usr/lib/python3/dist-packages/colcon_core/task/python/colcon_distutils_commands:/root/training_ws_merge2/install/mazeSolve_pkg/lib/python3.12/site-packages:/root/training_ws_merge2/install/interfaces/lib/python3.12/site-packages:/root/training_ws_merge2/install/maze_control/lib/python3.12/site-packages:/root/training_ws_merge2/install/mazeSolve_pkg/lib/python3.12/site-packages:/root/training_ws/install/maze_control/lib/python3.12/site-packages:/root/training_ws/install/mazeSolve_pkg/lib/python3.12/site-packages:/root/training_ws/install/interfaces/lib/python3.12/site-packages:/opt/ros/jazzy/lib/python3.12/site-packages /usr/bin/python3 -W ignore:setup.py install is deprecated -W ignore:easy_install command is deprecated setup.py egg_info --egg-base ../../build/mazeSolve_pkg build --build-base /root/training_ws_merge2/build/mazeSolve_pkg/build install --record /root/training_ws_merge2/build/mazeSolve_pkg/install.log --install-scripts $base/lib/mazeSolve_pkg --single-version-externally-managed install_data
[2.106s] running egg_info
[2.149s] writing ../../build/mazeSolve_pkg/mazeSolve_pkg.egg-info/PKG-INFO
[2.149s] writing dependency_links to ../../build/mazeSolve_pkg/mazeSolve_pkg.egg-info/dependency_links.txt
[2.150s] writing entry points to ../../build/mazeSolve_pkg/mazeSolve_pkg.egg-info/entry_points.txt
[2.150s] writing requirements to ../../build/mazeSolve_pkg/mazeSolve_pkg.egg-info/requires.txt
[2.151s] writing top-level names to ../../build/mazeSolve_pkg/mazeSolve_pkg.egg-info/top_level.txt
[2.219s] reading manifest file '../../build/mazeSolve_pkg/mazeSolve_pkg.egg-info/SOURCES.txt'
[2.222s] writing manifest file '../../build/mazeSolve_pkg/mazeSolve_pkg.egg-info/SOURCES.txt'
[2.222s] running build
[2.222s] running build_py
[2.223s] copying mazeSolve_pkg/yaw_client.py -> /root/training_ws_merge2/build/mazeSolve_pkg/build/lib/mazeSolve_pkg
[2.223s] running install
[2.235s] running install_lib
[2.267s] copying /root/training_ws_merge2/build/mazeSolve_pkg/build/lib/mazeSolve_pkg/yaw_client.py -> /root/training_ws_merge2/install/mazeSolve_pkg/lib/python3.12/site-packages/mazeSolve_pkg
[2.269s] byte-compiling /root/training_ws_merge2/install/mazeSolve_pkg/lib/python3.12/site-packages/mazeSolve_pkg/yaw_client.py to yaw_client.cpython-312.pyc
[2.271s] running install_data
[2.272s] running install_egg_info
[2.305s] removing '/root/training_ws_merge2/install/mazeSolve_pkg/lib/python3.12/site-packages/mazeSolve_pkg-0.0.0-py3.12.egg-info' (and everything under it)
[2.306s] Copying ../../build/mazeSolve_pkg/mazeSolve_pkg.egg-info to /root/training_ws_merge2/install/mazeSolve_pkg/lib/python3.12/site-packages/mazeSolve_pkg-0.0.0-py3.12.egg-info
[2.308s] running install_scripts
[2.537s] Installing action_x_server script to /root/training_ws_merge2/install/mazeSolve_pkg/lib/mazeSolve_pkg
[2.537s] Installing yaw_client script to /root/training_ws_merge2/install/mazeSolve_pkg/lib/mazeSolve_pkg
[2.537s] Installing yawserver script to /root/training_ws_merge2/install/mazeSolve_pkg/lib/mazeSolve_pkg
[2.538s] writing list of installed files to '/root/training_ws_merge2/build/mazeSolve_pkg/install.log'
[2.617s] Invoked command in '/root/training_ws_merge2/src/mazeSolve_pkg' returned '0': PYTHONPATH=/root/training_ws_merge2/build/mazeSolve_pkg/prefix_override:/usr/lib/python3/dist-packages/colcon_core/task/python/colcon_distutils_commands:/root/training_ws_merge2/install/mazeSolve_pkg/lib/python3.12/site-packages:/root/training_ws_merge2/install/interfaces/lib/python3.12/site-packages:/root/training_ws_merge2/install/maze_control/lib/python3.12/site-packages:/root/training_ws_merge2/install/mazeSolve_pkg/lib/python3.12/site-packages:/root/training_ws/install/maze_control/lib/python3.12/site-packages:/root/training_ws/install/mazeSolve_pkg/lib/python3.12/site-packages:/root/training_ws/install/interfaces/lib/python3.12/site-packages:/opt/ros/jazzy/lib/python3.12/site-packages /usr/bin/python3 -W ignore:setup.py install is deprecated -W ignore:easy_install command is deprecated setup.py egg_info --egg-base ../../build/mazeSolve_pkg build --build-base /root/training_ws_merge2/build/mazeSolve_pkg/build install --record /root/training_ws_merge2/build/mazeSolve_pkg/install.log --install-scripts $base/lib/mazeSolve_pkg --single-version-externally-managed install_data
