[1.520s] Invoking command in '/root/training_ws_merge2/src/mazeSolve_pkg': PYTHONPATH=/root/training_ws_merge2/build/mazeSolve_pkg/prefix_override:/usr/lib/python3/dist-packages/colcon_core/task/python/colcon_distutils_commands:/root/training_ws_merge2/install/mazeSolve_pkg/lib/python3.12/site-packages:/root/training_ws_merge2/install/interfaces/lib/python3.12/site-packages:/root/training_ws_merge2/install/maze_control/lib/python3.12/site-packages:/root/training_ws_merge2/install/mazeSolve_pkg/lib/python3.12/site-packages:/opt/ros/jazzy/lib/python3.12/site-packages /usr/bin/python3 -W ignore:setup.py install is deprecated -W ignore:easy_install command is deprecated setup.py egg_info --egg-base ../../build/mazeSolve_pkg build --build-base /root/training_ws_merge2/build/mazeSolve_pkg/build install --record /root/training_ws_merge2/build/mazeSolve_pkg/install.log --install-scripts $base/lib/mazeSolve_pkg --single-version-externally-managed install_data
[2.009s] running egg_info
[2.047s] writing ../../build/mazeSolve_pkg/mazeSolve_pkg.egg-info/PKG-INFO
[2.048s] writing dependency_links to ../../build/mazeSolve_pkg/mazeSolve_pkg.egg-info/dependency_links.txt
[2.048s] writing entry points to ../../build/mazeSolve_pkg/mazeSolve_pkg.egg-info/entry_points.txt
[2.048s] writing requirements to ../../build/mazeSolve_pkg/mazeSolve_pkg.egg-info/requires.txt
[2.049s] writing top-level names to ../../build/mazeSolve_pkg/mazeSolve_pkg.egg-info/top_level.txt
[2.126s] reading manifest file '../../build/mazeSolve_pkg/mazeSolve_pkg.egg-info/SOURCES.txt'
[2.127s] writing manifest file '../../build/mazeSolve_pkg/mazeSolve_pkg.egg-info/SOURCES.txt'
[2.128s] running build
[2.128s] running build_py
[2.128s] running install
[2.139s] running install_lib
[2.176s] running install_data
[2.177s] running install_egg_info
[2.213s] removing '/root/training_ws_merge2/install/mazeSolve_pkg/lib/python3.12/site-packages/mazeSolve_pkg-0.0.0-py3.12.egg-info' (and everything under it)
[2.213s] Copying ../../build/mazeSolve_pkg/mazeSolve_pkg.egg-info to /root/training_ws_merge2/install/mazeSolve_pkg/lib/python3.12/site-packages/mazeSolve_pkg-0.0.0-py3.12.egg-info
[2.215s] running install_scripts
[2.457s] Installing action_x_server script to /root/training_ws_merge2/install/mazeSolve_pkg/lib/mazeSolve_pkg
[2.457s] Installing yaw_client script to /root/training_ws_merge2/install/mazeSolve_pkg/lib/mazeSolve_pkg
[2.458s] Installing yawserver script to /root/training_ws_merge2/install/mazeSolve_pkg/lib/mazeSolve_pkg
[2.459s] writing list of installed files to '/root/training_ws_merge2/build/mazeSolve_pkg/install.log'
[2.528s] Invoked command in '/root/training_ws_merge2/src/mazeSolve_pkg' returned '0': PYTHONPATH=/root/training_ws_merge2/build/mazeSolve_pkg/prefix_override:/usr/lib/python3/dist-packages/colcon_core/task/python/colcon_distutils_commands:/root/training_ws_merge2/install/mazeSolve_pkg/lib/python3.12/site-packages:/root/training_ws_merge2/install/interfaces/lib/python3.12/site-packages:/root/training_ws_merge2/install/maze_control/lib/python3.12/site-packages:/root/training_ws_merge2/install/mazeSolve_pkg/lib/python3.12/site-packages:/opt/ros/jazzy/lib/python3.12/site-packages /usr/bin/python3 -W ignore:setup.py install is deprecated -W ignore:easy_install command is deprecated setup.py egg_info --egg-base ../../build/mazeSolve_pkg build --build-base /root/training_ws_merge2/build/mazeSolve_pkg/build install --record /root/training_ws_merge2/build/mazeSolve_pkg/install.log --install-scripts $base/lib/mazeSolve_pkg --single-version-externally-managed install_data
