running egg_info
creating ../../build/mazeSolve_pkg/mazeSolve_pkg.egg-info
writing ../../build/mazeSolve_pkg/mazeSolve_pkg.egg-info/PKG-INFO
writing dependency_links to ../../build/mazeSolve_pkg/mazeSolve_pkg.egg-info/dependency_links.txt
writing requirements to ../../build/mazeSolve_pkg/mazeSolve_pkg.egg-info/requires.txt
writing top-level names to ../../build/mazeSolve_pkg/mazeSolve_pkg.egg-info/top_level.txt
writing manifest file '../../build/mazeSolve_pkg/mazeSolve_pkg.egg-info/SOURCES.txt'
reading manifest file '../../build/mazeSolve_pkg/mazeSolve_pkg.egg-info/SOURCES.txt'
writing manifest file '../../build/mazeSolve_pkg/mazeSolve_pkg.egg-info/SOURCES.txt'
running build
running build_py
creating /root/training_ws/build/mazeSolve_pkg/build
creating /root/training_ws/build/mazeSolve_pkg/build/lib
creating /root/training_ws/build/mazeSolve_pkg/build/lib/mazeSolve_pkg
copying mazeSolve_pkg/__init__.py -> /root/training_ws/build/mazeSolve_pkg/build/lib/mazeSolve_pkg
running install
running install_lib
creating /root/training_ws/install/mazeSolve_pkg/lib/python3.12/site-packages/mazeSolve_pkg
copying /root/training_ws/build/mazeSolve_pkg/build/lib/mazeSolve_pkg/__init__.py -> /root/training_ws/install/mazeSolve_pkg/lib/python3.12/site-packages/mazeSolve_pkg
byte-compiling /root/training_ws/install/mazeSolve_pkg/lib/python3.12/site-packages/mazeSolve_pkg/__init__.py to __init__.cpython-312.pyc
running install_data
creating /root/training_ws/install/mazeSolve_pkg/share/ament_index
creating /root/training_ws/install/mazeSolve_pkg/share/ament_index/resource_index
creating /root/training_ws/install/mazeSolve_pkg/share/ament_index/resource_index/packages
copying resource/mazeSolve_pkg -> /root/training_ws/install/mazeSolve_pkg/share/ament_index/resource_index/packages
copying package.xml -> /root/training_ws/install/mazeSolve_pkg/share/mazeSolve_pkg
running install_egg_info
Copying ../../build/mazeSolve_pkg/mazeSolve_pkg.egg-info to /root/training_ws/install/mazeSolve_pkg/lib/python3.12/site-packages/mazeSolve_pkg-0.0.0-py3.12.egg-info
running install_scripts
writing list of installed files to '/root/training_ws/build/mazeSolve_pkg/install.log'
