[2.213s] Invoking command in '/root/training_ws/src/mazeSolve_pkg': PYTHONPATH=/root/training_ws/build/mazeSolve_pkg/prefix_override:/usr/lib/python3/dist-packages/colcon_core/task/python/colcon_distutils_commands:/root/training_ws/install/mazeSolve_pkg/lib/python3.12/site-packages:${PYTHONPATH} /usr/bin/python3 -W ignore:setup.py install is deprecated -W ignore:easy_install command is deprecated setup.py egg_info --egg-base ../../build/mazeSolve_pkg build --build-base /root/training_ws/build/mazeSolve_pkg/build install --record /root/training_ws/build/mazeSolve_pkg/install.log --install-scripts $base/lib/mazeSolve_pkg --single-version-externally-managed install_data
[2.733s] running egg_info
[2.733s] creating ../../build/mazeSolve_pkg/mazeSolve_pkg.egg-info
[2.770s] writing ../../build/mazeSolve_pkg/mazeSolve_pkg.egg-info/PKG-INFO
[2.770s] writing dependency_links to ../../build/mazeSolve_pkg/mazeSolve_pkg.egg-info/dependency_links.txt
[2.771s] writing requirements to ../../build/mazeSolve_pkg/mazeSolve_pkg.egg-info/requires.txt
[2.771s] writing top-level names to ../../build/mazeSolve_pkg/mazeSolve_pkg.egg-info/top_level.txt
[2.771s] writing manifest file '../../build/mazeSolve_pkg/mazeSolve_pkg.egg-info/SOURCES.txt'
[2.850s] reading manifest file '../../build/mazeSolve_pkg/mazeSolve_pkg.egg-info/SOURCES.txt'
[2.851s] writing manifest file '../../build/mazeSolve_pkg/mazeSolve_pkg.egg-info/SOURCES.txt'
[2.852s] running build
[2.852s] running build_py
[2.853s] creating /root/training_ws/build/mazeSolve_pkg/build
[2.853s] creating /root/training_ws/build/mazeSolve_pkg/build/lib
[2.854s] creating /root/training_ws/build/mazeSolve_pkg/build/lib/mazeSolve_pkg
[2.854s] copying mazeSolve_pkg/__init__.py -> /root/training_ws/build/mazeSolve_pkg/build/lib/mazeSolve_pkg
[2.854s] running install
[2.865s] running install_lib
[2.909s] creating /root/training_ws/install/mazeSolve_pkg/lib/python3.12/site-packages/mazeSolve_pkg
[2.910s] copying /root/training_ws/build/mazeSolve_pkg/build/lib/mazeSolve_pkg/__init__.py -> /root/training_ws/install/mazeSolve_pkg/lib/python3.12/site-packages/mazeSolve_pkg
[2.911s] byte-compiling /root/training_ws/install/mazeSolve_pkg/lib/python3.12/site-packages/mazeSolve_pkg/__init__.py to __init__.cpython-312.pyc
[2.913s] running install_data
[2.913s] creating /root/training_ws/install/mazeSolve_pkg/share/ament_index
[2.913s] creating /root/training_ws/install/mazeSolve_pkg/share/ament_index/resource_index
[2.913s] creating /root/training_ws/install/mazeSolve_pkg/share/ament_index/resource_index/packages
[2.914s] copying resource/mazeSolve_pkg -> /root/training_ws/install/mazeSolve_pkg/share/ament_index/resource_index/packages
[2.914s] copying package.xml -> /root/training_ws/install/mazeSolve_pkg/share/mazeSolve_pkg
[2.914s] running install_egg_info
[2.964s] Copying ../../build/mazeSolve_pkg/mazeSolve_pkg.egg-info to /root/training_ws/install/mazeSolve_pkg/lib/python3.12/site-packages/mazeSolve_pkg-0.0.0-py3.12.egg-info
[2.967s] running install_scripts
[3.283s] writing list of installed files to '/root/training_ws/build/mazeSolve_pkg/install.log'
[3.410s] Invoked command in '/root/training_ws/src/mazeSolve_pkg' returned '0': PYTHONPATH=/root/training_ws/build/mazeSolve_pkg/prefix_override:/usr/lib/python3/dist-packages/colcon_core/task/python/colcon_distutils_commands:/root/training_ws/install/mazeSolve_pkg/lib/python3.12/site-packages:${PYTHONPATH} /usr/bin/python3 -W ignore:setup.py install is deprecated -W ignore:easy_install command is deprecated setup.py egg_info --egg-base ../../build/mazeSolve_pkg build --build-base /root/training_ws/build/mazeSolve_pkg/build install --record /root/training_ws/build/mazeSolve_pkg/install.log --install-scripts $base/lib/mazeSolve_pkg --single-version-externally-managed install_data
