[0.348s] DEBUG:colcon:Command line arguments: ['/usr/bin/colcon', 'build', '--packages-select', 'interfaces', 'mazeSolve_pkg']
[0.348s] DEBUG:colcon:Parsed command line arguments: Namespace(log_base=None, log_level=None, verb_name='build', build_base='build', install_base='install', merge_install=False, symlink_install=False, test_result_base=None, continue_on_error=False, executor='parallel', parallel_workers=8, event_handlers=None, ignore_user_meta=False, metas=['./colcon.meta'], base_paths=['.'], packages_ignore=None, packages_ignore_regex=None, paths=None, packages_up_to=None, packages_up_to_regex=None, packages_above=None, packages_above_and_dependencies=None, packages_above_depth=None, packages_select_by_dep=None, packages_skip_by_dep=None, packages_skip_up_to=None, packages_select_build_failed=False, packages_skip_build_finished=False, packages_select_test_failures=False, packages_skip_test_passed=False, packages_select=['interfaces', 'mazeSolve_pkg'], packages_skip=None, packages_select_regex=None, packages_skip_regex=None, packages_start=None, packages_end=None, cmake_args=None, cmake_target=None, cmake_target_skip_unavailable=False, cmake_clean_cache=False, cmake_clean_first=False, cmake_force_configure=False, ament_cmake_args=None, catkin_cmake_args=None, catkin_skip_building_tests=False, mixin_files=None, mixin=None, verb_parser=<colcon_mixin.mixin.mixin_argument.MixinArgumentDecorator object at 0x7f05428dad20>, verb_extension=<colcon_core.verb.build.BuildVerb object at 0x7f05432b2240>, main=<bound method BuildVerb.main of <colcon_core.verb.build.BuildVerb object at 0x7f05432b2240>>, mixin_verb=('build',))
[0.470s] Level 1:colcon.colcon_core.package_discovery:discover_packages(colcon_meta) check parameters
[0.471s] INFO:colcon.colcon_metadata.package_discovery.colcon_meta:Using configuration from '/root/.colcon/metadata/default/Gazebo.meta'
[0.472s] INFO:colcon.colcon_metadata.package_discovery.colcon_meta:Using configuration from '/root/.colcon/metadata/default/fastdds.meta'
[0.473s] INFO:colcon.colcon_metadata.package_discovery.colcon_meta:Using configuration from '/root/.colcon/metadata/default/fastrtps.meta'
[0.474s] Level 1:colcon.colcon_core.package_discovery:discover_packages(recursive) check parameters
[0.474s] Level 1:colcon.colcon_core.package_discovery:discover_packages(ignore) check parameters
[0.474s] Level 1:colcon.colcon_core.package_discovery:discover_packages(path) check parameters
[0.474s] Level 1:colcon.colcon_core.package_discovery:discover_packages(colcon_meta) discover
[0.474s] Level 1:colcon.colcon_core.package_discovery:discover_packages(recursive) discover
[0.474s] INFO:colcon.colcon_core.package_discovery:Crawling recursively for packages in '/root/training_ws_merge2/src'
[0.474s] Level 1:colcon.colcon_core.package_identification:_identify(.) by extensions ['ignore', 'ignore_ament_install']
[0.475s] Level 1:colcon.colcon_core.package_identification:_identify(.) by extension 'ignore'
[0.475s] Level 1:colcon.colcon_core.package_identification:_identify(.) by extension 'ignore_ament_install'
[0.475s] Level 1:colcon.colcon_core.package_identification:_identify(.) by extensions ['colcon_pkg']
[0.475s] Level 1:colcon.colcon_core.package_identification:_identify(.) by extension 'colcon_pkg'
[0.476s] Level 1:colcon.colcon_core.package_identification:_identify(.) by extensions ['colcon_meta']
[0.476s] Level 1:colcon.colcon_core.package_identification:_identify(.) by extension 'colcon_meta'
[0.476s] Level 1:colcon.colcon_core.package_identification:_identify(.) by extensions ['ros']
[0.476s] Level 1:colcon.colcon_core.package_identification:_identify(.) by extension 'ros'
[0.543s] Level 1:colcon.colcon_core.package_identification:_identify(.) by extensions ['cmake', 'python']
[0.543s] Level 1:colcon.colcon_core.package_identification:_identify(.) by extension 'cmake'
[0.543s] Level 1:colcon.colcon_core.package_identification:_identify(.) by extension 'python'
[0.544s] Level 1:colcon.colcon_core.package_identification:_identify(.) by extensions ['python_setup_py']
[0.544s] Level 1:colcon.colcon_core.package_identification:_identify(.) by extension 'python_setup_py'
[0.544s] Level 1:colcon.colcon_core.package_identification:_identify(MIA26_phase2_ros_contest) by extensions ['ignore', 'ignore_ament_install']
[0.544s] Level 1:colcon.colcon_core.package_identification:_identify(MIA26_phase2_ros_contest) by extension 'ignore'
[0.545s] Level 1:colcon.colcon_core.package_identification:_identify(MIA26_phase2_ros_contest) by extension 'ignore_ament_install'
[0.545s] Level 1:colcon.colcon_core.package_identification:_identify(MIA26_phase2_ros_contest) by extensions ['colcon_pkg']
[0.545s] Level 1:colcon.colcon_core.package_identification:_identify(MIA26_phase2_ros_contest) by extension 'colcon_pkg'
[0.545s] Level 1:colcon.colcon_core.package_identification:_identify(MIA26_phase2_ros_contest) by extensions ['colcon_meta']
[0.545s] Level 1:colcon.colcon_core.package_identification:_identify(MIA26_phase2_ros_contest) by extension 'colcon_meta'
[0.545s] Level 1:colcon.colcon_core.package_identification:_identify(MIA26_phase2_ros_contest) by extensions ['ros']
[0.545s] Level 1:colcon.colcon_core.package_identification:_identify(MIA26_phase2_ros_contest) by extension 'ros'
[0.546s] Level 1:colcon.colcon_core.package_identification:_identify(MIA26_phase2_ros_contest) by extensions ['cmake', 'python']
[0.546s] Level 1:colcon.colcon_core.package_identification:_identify(MIA26_phase2_ros_contest) by extension 'cmake'
[0.546s] Level 1:colcon.colcon_core.package_identification:_identify(MIA26_phase2_ros_contest) by extension 'python'
[0.546s] Level 1:colcon.colcon_core.package_identification:_identify(MIA26_phase2_ros_contest) by extensions ['python_setup_py']
[0.546s] Level 1:colcon.colcon_core.package_identification:_identify(MIA26_phase2_ros_contest) by extension 'python_setup_py'
[0.546s] Level 1:colcon.colcon_core.package_identification:_identify(MIA26_phase2_ros_contest/assets) by extensions ['ignore', 'ignore_ament_install']
[0.547s] Level 1:colcon.colcon_core.package_identification:_identify(MIA26_phase2_ros_contest/assets) by extension 'ignore'
[0.547s] Level 1:colcon.colcon_core.package_identification:_identify(MIA26_phase2_ros_contest/assets) by extension 'ignore_ament_install'
[0.547s] Level 1:colcon.colcon_core.package_identification:_identify(MIA26_phase2_ros_contest/assets) by extensions ['colcon_pkg']
[0.547s] Level 1:colcon.colcon_core.package_identification:_identify(MIA26_phase2_ros_contest/assets) by extension 'colcon_pkg'
[0.547s] Level 1:colcon.colcon_core.package_identification:_identify(MIA26_phase2_ros_contest/assets) by extensions ['colcon_meta']
[0.547s] Level 1:colcon.colcon_core.package_identification:_identify(MIA26_phase2_ros_contest/assets) by extension 'colcon_meta'
[0.547s] Level 1:colcon.colcon_core.package_identification:_identify(MIA26_phase2_ros_contest/assets) by extensions ['ros']
[0.547s] Level 1:colcon.colcon_core.package_identification:_identify(MIA26_phase2_ros_contest/assets) by extension 'ros'
[0.548s] Level 1:colcon.colcon_core.package_identification:_identify(MIA26_phase2_ros_contest/assets) by extensions ['cmake', 'python']
[0.548s] Level 1:colcon.colcon_core.package_identification:_identify(MIA26_phase2_ros_contest/assets) by extension 'cmake'
[0.548s] Level 1:colcon.colcon_core.package_identification:_identify(MIA26_phase2_ros_contest/assets) by extension 'python'
[0.548s] Level 1:colcon.colcon_core.package_identification:_identify(MIA26_phase2_ros_contest/assets) by extensions ['python_setup_py']
[0.548s] Level 1:colcon.colcon_core.package_identification:_identify(MIA26_phase2_ros_contest/assets) by extension 'python_setup_py'
[0.548s] Level 1:colcon.colcon_core.package_identification:_identify(MIA26_phase2_ros_contest/maze_control) by extensions ['ignore', 'ignore_ament_install']
[0.548s] Level 1:colcon.colcon_core.package_identification:_identify(MIA26_phase2_ros_contest/maze_control) by extension 'ignore'
[0.549s] Level 1:colcon.colcon_core.package_identification:_identify(MIA26_phase2_ros_contest/maze_control) by extension 'ignore_ament_install'
[0.549s] Level 1:colcon.colcon_core.package_identification:_identify(MIA26_phase2_ros_contest/maze_control) by extensions ['colcon_pkg']
[0.549s] Level 1:colcon.colcon_core.package_identification:_identify(MIA26_phase2_ros_contest/maze_control) by extension 'colcon_pkg'
[0.549s] Level 1:colcon.colcon_core.package_identification:_identify(MIA26_phase2_ros_contest/maze_control) by extensions ['colcon_meta']
[0.549s] Level 1:colcon.colcon_core.package_identification:_identify(MIA26_phase2_ros_contest/maze_control) by extension 'colcon_meta'
[0.549s] Level 1:colcon.colcon_core.package_identification:_identify(MIA26_phase2_ros_contest/maze_control) by extensions ['ros']
[0.549s] Level 1:colcon.colcon_core.package_identification:_identify(MIA26_phase2_ros_contest/maze_control) by extension 'ros'
[0.556s] DEBUG:colcon.colcon_core.package_identification:Package 'MIA26_phase2_ros_contest/maze_control' with type 'ros.ament_python' and name 'maze_control'
[0.556s] Level 1:colcon.colcon_core.package_identification:_identify(build) by extensions ['ignore', 'ignore_ament_install']
[0.556s] Level 1:colcon.colcon_core.package_identification:_identify(build) by extension 'ignore'
[0.557s] Level 1:colcon.colcon_core.package_identification:_identify(build) ignored
[0.557s] Level 1:colcon.colcon_core.package_identification:_identify(install) by extensions ['ignore', 'ignore_ament_install']
[0.557s] Level 1:colcon.colcon_core.package_identification:_identify(install) by extension 'ignore'
[0.557s] Level 1:colcon.colcon_core.package_identification:_identify(install) ignored
[0.557s] Level 1:colcon.colcon_core.package_identification:_identify(interfaces) by extensions ['ignore', 'ignore_ament_install']
[0.557s] Level 1:colcon.colcon_core.package_identification:_identify(interfaces) by extension 'ignore'
[0.558s] Level 1:colcon.colcon_core.package_identification:_identify(interfaces) by extension 'ignore_ament_install'
[0.558s] Level 1:colcon.colcon_core.package_identification:_identify(interfaces) by extensions ['colcon_pkg']
[0.558s] Level 1:colcon.colcon_core.package_identification:_identify(interfaces) by extension 'colcon_pkg'
[0.558s] Level 1:colcon.colcon_core.package_identification:_identify(interfaces) by extensions ['colcon_meta']
[0.558s] Level 1:colcon.colcon_core.package_identification:_identify(interfaces) by extension 'colcon_meta'
[0.558s] Level 1:colcon.colcon_core.package_identification:_identify(interfaces) by extensions ['ros']
[0.558s] Level 1:colcon.colcon_core.package_identification:_identify(interfaces) by extension 'ros'
[0.559s] DEBUG:colcon.colcon_core.package_identification:Package 'interfaces' with type 'ros.ament_cmake' and name 'interfaces'
[0.560s] Level 1:colcon.colcon_core.package_identification:_identify(log) by extensions ['ignore', 'ignore_ament_install']
[0.560s] Level 1:colcon.colcon_core.package_identification:_identify(log) by extension 'ignore'
[0.560s] Level 1:colcon.colcon_core.package_identification:_identify(log) ignored
[0.561s] Level 1:colcon.colcon_core.package_identification:_identify(mazeSolve_pkg) by extensions ['ignore', 'ignore_ament_install']
[0.561s] Level 1:colcon.colcon_core.package_identification:_identify(mazeSolve_pkg) by extension 'ignore'
[0.561s] Level 1:colcon.colcon_core.package_identification:_identify(mazeSolve_pkg) by extension 'ignore_ament_install'
[0.561s] Level 1:colcon.colcon_core.package_identification:_identify(mazeSolve_pkg) by extensions ['colcon_pkg']
[0.561s] Level 1:colcon.colcon_core.package_identification:_identify(mazeSolve_pkg) by extension 'colcon_pkg'
[0.561s] Level 1:colcon.colcon_core.package_identification:_identify(mazeSolve_pkg) by extensions ['colcon_meta']
[0.562s] Level 1:colcon.colcon_core.package_identification:_identify(mazeSolve_pkg) by extension 'colcon_meta'
[0.562s] Level 1:colcon.colcon_core.package_identification:_identify(mazeSolve_pkg) by extensions ['ros']
[0.562s] Level 1:colcon.colcon_core.package_identification:_identify(mazeSolve_pkg) by extension 'ros'
[0.564s] DEBUG:colcon.colcon_core.package_identification:Package 'mazeSolve_pkg' with type 'ros.ament_python' and name 'mazeSolve_pkg'
[0.564s] Level 1:colcon.colcon_core.package_discovery:discover_packages(recursive) using defaults
[0.564s] Level 1:colcon.colcon_core.package_discovery:discover_packages(ignore) discover
[0.564s] Level 1:colcon.colcon_core.package_discovery:discover_packages(ignore) using defaults
[0.565s] Level 1:colcon.colcon_core.package_discovery:discover_packages(path) discover
[0.565s] Level 1:colcon.colcon_core.package_discovery:discover_packages(path) using defaults
[0.624s] INFO:colcon.colcon_core.package_selection:Skipping not selected package 'maze_control' in 'MIA26_phase2_ros_contest/maze_control'
[0.626s] Level 5:colcon.colcon_core.verb:set package 'interfaces' build argument 'cmake_args' from command line to 'None'
[0.626s] Level 5:colcon.colcon_core.verb:set package 'interfaces' build argument 'cmake_target' from command line to 'None'
[0.626s] Level 5:colcon.colcon_core.verb:set package 'interfaces' build argument 'cmake_target_skip_unavailable' from command line to 'False'
[0.626s] Level 5:colcon.colcon_core.verb:set package 'interfaces' build argument 'cmake_clean_cache' from command line to 'False'
[0.626s] Level 5:colcon.colcon_core.verb:set package 'interfaces' build argument 'cmake_clean_first' from command line to 'False'
[0.626s] Level 5:colcon.colcon_core.verb:set package 'interfaces' build argument 'cmake_force_configure' from command line to 'False'
[0.626s] Level 5:colcon.colcon_core.verb:set package 'interfaces' build argument 'ament_cmake_args' from command line to 'None'
[0.626s] Level 5:colcon.colcon_core.verb:set package 'interfaces' build argument 'catkin_cmake_args' from command line to 'None'
[0.626s] Level 5:colcon.colcon_core.verb:set package 'interfaces' build argument 'catkin_skip_building_tests' from command line to 'False'
[0.626s] DEBUG:colcon.colcon_core.verb:Building package 'interfaces' with the following arguments: {'ament_cmake_args': None, 'build_base': '/root/training_ws_merge2/src/build/interfaces', 'catkin_cmake_args': None, 'catkin_skip_building_tests': False, 'cmake_args': None, 'cmake_clean_cache': False, 'cmake_clean_first': False, 'cmake_force_configure': False, 'cmake_target': None, 'cmake_target_skip_unavailable': False, 'install_base': '/root/training_ws_merge2/src/install/interfaces', 'merge_install': False, 'path': '/root/training_ws_merge2/src/interfaces', 'symlink_install': False, 'test_result_base': None}
[0.628s] Level 5:colcon.colcon_core.verb:set package 'mazeSolve_pkg' build argument 'cmake_args' from command line to 'None'
[0.628s] Level 5:colcon.colcon_core.verb:set package 'mazeSolve_pkg' build argument 'cmake_target' from command line to 'None'
[0.628s] Level 5:colcon.colcon_core.verb:set package 'mazeSolve_pkg' build argument 'cmake_target_skip_unavailable' from command line to 'False'
[0.628s] Level 5:colcon.colcon_core.verb:set package 'mazeSolve_pkg' build argument 'cmake_clean_cache' from command line to 'False'
[0.628s] Level 5:colcon.colcon_core.verb:set package 'mazeSolve_pkg' build argument 'cmake_clean_first' from command line to 'False'
[0.628s] Level 5:colcon.colcon_core.verb:set package 'mazeSolve_pkg' build argument 'cmake_force_configure' from command line to 'False'
[0.628s] Level 5:colcon.colcon_core.verb:set package 'mazeSolve_pkg' build argument 'ament_cmake_args' from command line to 'None'
[0.628s] Level 5:colcon.colcon_core.verb:set package 'mazeSolve_pkg' build argument 'catkin_cmake_args' from command line to 'None'
[0.628s] Level 5:colcon.colcon_core.verb:set package 'mazeSolve_pkg' build argument 'catkin_skip_building_tests' from command line to 'False'
[0.628s] DEBUG:colcon.colcon_core.verb:Building package 'mazeSolve_pkg' with the following arguments: {'ament_cmake_args': None, 'build_base': '/root/training_ws_merge2/src/build/mazeSolve_pkg', 'catkin_cmake_args': None, 'catkin_skip_building_tests': False, 'cmake_args': None, 'cmake_clean_cache': False, 'cmake_clean_first': False, 'cmake_force_configure': False, 'cmake_target': None, 'cmake_target_skip_unavailable': False, 'install_base': '/root/training_ws_merge2/src/install/mazeSolve_pkg', 'merge_install': False, 'path': '/root/training_ws_merge2/src/mazeSolve_pkg', 'symlink_install': False, 'test_result_base': None}
[0.629s] INFO:colcon.colcon_core.executor:Executing jobs using 'parallel' executor
[0.631s] DEBUG:colcon.colcon_parallel_executor.executor.parallel:run_until_complete
[0.632s] INFO:colcon.colcon_ros.task.ament_cmake.build:Building ROS package in '/root/training_ws_merge2/src/interfaces' with build type 'ament_cmake'
[0.632s] INFO:colcon.colcon_cmake.task.cmake.build:Building CMake package in '/root/training_ws_merge2/src/interfaces'
[0.644s] INFO:colcon.colcon_core.plugin_system:Skipping extension 'colcon_core.shell.bat': Not used on non-Windows systems
[0.645s] INFO:colcon.colcon_core.shell:Skip shell extension 'powershell' for command environment: Not usable outside of PowerShell
[0.645s] DEBUG:colcon.colcon_core.shell:Skip shell extension 'dsv' for command environment
[0.690s] DEBUG:colcon.colcon_core.event_handler.log_command:Invoking command in '/root/training_ws_merge2/src/build/interfaces': CMAKE_PREFIX_PATH=${CMAKE_PREFIX_PATH}:/root/training_ws_merge2/src/install/maze_control:/root/training_ws_merge2/src/install/mazeSolve_pkg:/root/training_ws_merge2/install/maze_control:/root/training_ws_merge2/install/mazeSolve_pkg:/root/training_ws/install/mazeSolve_pkg:/opt/ros/jazzy /usr/bin/cmake --build /root/training_ws_merge2/src/build/interfaces -- -j8 -l8
[3.534s] DEBUG:colcon.colcon_core.event_handler.log_command:Invoked command in '/root/training_ws_merge2/src/build/interfaces' returned '0': CMAKE_PREFIX_PATH=${CMAKE_PREFIX_PATH}:/root/training_ws_merge2/src/install/maze_control:/root/training_ws_merge2/src/install/mazeSolve_pkg:/root/training_ws_merge2/install/maze_control:/root/training_ws_merge2/install/mazeSolve_pkg:/root/training_ws/install/mazeSolve_pkg:/opt/ros/jazzy /usr/bin/cmake --build /root/training_ws_merge2/src/build/interfaces -- -j8 -l8
[3.569s] DEBUG:colcon.colcon_core.event_handler.log_command:Invoking command in '/root/training_ws_merge2/src/build/interfaces': CMAKE_PREFIX_PATH=${CMAKE_PREFIX_PATH}:/root/training_ws_merge2/src/install/maze_control:/root/training_ws_merge2/src/install/mazeSolve_pkg:/root/training_ws_merge2/install/maze_control:/root/training_ws_merge2/install/mazeSolve_pkg:/root/training_ws/install/mazeSolve_pkg:/opt/ros/jazzy /usr/bin/cmake --install /root/training_ws_merge2/src/build/interfaces
[3.894s] Level 1:colcon.colcon_core.environment:create_environment_scripts_only(interfaces)
[3.895s] DEBUG:colcon.colcon_core.event_handler.log_command:Invoked command in '/root/training_ws_merge2/src/build/interfaces' returned '0': CMAKE_PREFIX_PATH=${CMAKE_PREFIX_PATH}:/root/training_ws_merge2/src/install/maze_control:/root/training_ws_merge2/src/install/mazeSolve_pkg:/root/training_ws_merge2/install/maze_control:/root/training_ws_merge2/install/mazeSolve_pkg:/root/training_ws/install/mazeSolve_pkg:/opt/ros/jazzy /usr/bin/cmake --install /root/training_ws_merge2/src/build/interfaces
[3.905s] Level 1:colcon.colcon_core.environment:checking '/root/training_ws_merge2/src/install/interfaces' for CMake module files
[3.907s] Level 1:colcon.colcon_core.environment:checking '/root/training_ws_merge2/src/install/interfaces' for CMake config files
[3.909s] Level 1:colcon.colcon_core.shell:create_environment_hook('interfaces', 'cmake_prefix_path')
[3.910s] INFO:colcon.colcon_core.shell:Creating environment hook '/root/training_ws_merge2/src/install/interfaces/share/interfaces/hook/cmake_prefix_path.ps1'
[3.912s] INFO:colcon.colcon_core.shell:Creating environment descriptor '/root/training_ws_merge2/src/install/interfaces/share/interfaces/hook/cmake_prefix_path.dsv'
[3.913s] INFO:colcon.colcon_core.shell:Creating environment hook '/root/training_ws_merge2/src/install/interfaces/share/interfaces/hook/cmake_prefix_path.sh'
[3.917s] Level 1:colcon.colcon_core.environment:checking '/root/training_ws_merge2/src/install/interfaces/lib'
[3.917s] Level 1:colcon.colcon_core.shell:create_environment_hook('interfaces', 'ld_library_path_lib')
[3.918s] INFO:colcon.colcon_core.shell:Creating environment hook '/root/training_ws_merge2/src/install/interfaces/share/interfaces/hook/ld_library_path_lib.ps1'
[3.919s] INFO:colcon.colcon_core.shell:Creating environment descriptor '/root/training_ws_merge2/src/install/interfaces/share/interfaces/hook/ld_library_path_lib.dsv'
[3.921s] INFO:colcon.colcon_core.shell:Creating environment hook '/root/training_ws_merge2/src/install/interfaces/share/interfaces/hook/ld_library_path_lib.sh'
[3.922s] Level 1:colcon.colcon_core.environment:checking '/root/training_ws_merge2/src/install/interfaces/bin'
[3.923s] Level 1:colcon.colcon_core.environment:checking '/root/training_ws_merge2/src/install/interfaces/lib/pkgconfig/interfaces.pc'
[3.930s] Level 1:colcon.colcon_core.environment:checking '/root/training_ws_merge2/src/install/interfaces/lib/python3.12/site-packages'
[3.930s] Level 1:colcon.colcon_core.shell:create_environment_hook('interfaces', 'pythonpath')
[3.931s] INFO:colcon.colcon_core.shell:Creating environment hook '/root/training_ws_merge2/src/install/interfaces/share/interfaces/hook/pythonpath.ps1'
[3.932s] INFO:colcon.colcon_core.shell:Creating environment descriptor '/root/training_ws_merge2/src/install/interfaces/share/interfaces/hook/pythonpath.dsv'
[3.933s] INFO:colcon.colcon_core.shell:Creating environment hook '/root/training_ws_merge2/src/install/interfaces/share/interfaces/hook/pythonpath.sh'
[3.935s] Level 1:colcon.colcon_core.environment:checking '/root/training_ws_merge2/src/install/interfaces/bin'
[3.936s] INFO:colcon.colcon_core.shell:Creating package script '/root/training_ws_merge2/src/install/interfaces/share/interfaces/package.ps1'
[3.939s] INFO:colcon.colcon_core.shell:Creating package descriptor '/root/training_ws_merge2/src/install/interfaces/share/interfaces/package.dsv'
[3.941s] INFO:colcon.colcon_core.shell:Creating package script '/root/training_ws_merge2/src/install/interfaces/share/interfaces/package.sh'
[3.943s] INFO:colcon.colcon_core.shell:Creating package script '/root/training_ws_merge2/src/install/interfaces/share/interfaces/package.bash'
[3.946s] INFO:colcon.colcon_core.shell:Creating package script '/root/training_ws_merge2/src/install/interfaces/share/interfaces/package.zsh'
[3.949s] Level 1:colcon.colcon_core.environment:create_file_with_runtime_dependencies(/root/training_ws_merge2/src/install/interfaces/share/colcon-core/packages/interfaces)
[3.951s] Level 1:colcon.colcon_core.environment:create_environment_scripts_only(interfaces)
[3.951s] Level 1:colcon.colcon_core.environment:checking '/root/training_ws_merge2/src/install/interfaces' for CMake module files
[3.953s] Level 1:colcon.colcon_core.environment:checking '/root/training_ws_merge2/src/install/interfaces' for CMake config files
[3.955s] Level 1:colcon.colcon_core.shell:create_environment_hook('interfaces', 'cmake_prefix_path')
[3.955s] INFO:colcon.colcon_core.shell:Creating environment hook '/root/training_ws_merge2/src/install/interfaces/share/interfaces/hook/cmake_prefix_path.ps1'
[3.957s] INFO:colcon.colcon_core.shell:Creating environment descriptor '/root/training_ws_merge2/src/install/interfaces/share/interfaces/hook/cmake_prefix_path.dsv'
[3.959s] INFO:colcon.colcon_core.shell:Creating environment hook '/root/training_ws_merge2/src/install/interfaces/share/interfaces/hook/cmake_prefix_path.sh'
[3.961s] Level 1:colcon.colcon_core.environment:checking '/root/training_ws_merge2/src/install/interfaces/lib'
[3.962s] Level 1:colcon.colcon_core.shell:create_environment_hook('interfaces', 'ld_library_path_lib')
[3.964s] INFO:colcon.colcon_core.shell:Creating environment hook '/root/training_ws_merge2/src/install/interfaces/share/interfaces/hook/ld_library_path_lib.ps1'
[3.965s] INFO:colcon.colcon_core.shell:Creating environment descriptor '/root/training_ws_merge2/src/install/interfaces/share/interfaces/hook/ld_library_path_lib.dsv'
[3.966s] INFO:colcon.colcon_core.shell:Creating environment hook '/root/training_ws_merge2/src/install/interfaces/share/interfaces/hook/ld_library_path_lib.sh'
[3.967s] Level 1:colcon.colcon_core.environment:checking '/root/training_ws_merge2/src/install/interfaces/bin'
[3.968s] Level 1:colcon.colcon_core.environment:checking '/root/training_ws_merge2/src/install/interfaces/lib/pkgconfig/interfaces.pc'
[3.968s] Level 1:colcon.colcon_core.environment:checking '/root/training_ws_merge2/src/install/interfaces/lib/python3.12/site-packages'
[3.969s] Level 1:colcon.colcon_core.shell:create_environment_hook('interfaces', 'pythonpath')
[3.969s] INFO:colcon.colcon_core.shell:Creating environment hook '/root/training_ws_merge2/src/install/interfaces/share/interfaces/hook/pythonpath.ps1'
[3.970s] INFO:colcon.colcon_core.shell:Creating environment descriptor '/root/training_ws_merge2/src/install/interfaces/share/interfaces/hook/pythonpath.dsv'
[3.971s] INFO:colcon.colcon_core.shell:Creating environment hook '/root/training_ws_merge2/src/install/interfaces/share/interfaces/hook/pythonpath.sh'
[3.974s] Level 1:colcon.colcon_core.environment:checking '/root/training_ws_merge2/src/install/interfaces/bin'
[3.977s] INFO:colcon.colcon_core.shell:Creating package script '/root/training_ws_merge2/src/install/interfaces/share/interfaces/package.ps1'
[3.979s] INFO:colcon.colcon_core.shell:Creating package descriptor '/root/training_ws_merge2/src/install/interfaces/share/interfaces/package.dsv'
[3.981s] INFO:colcon.colcon_core.shell:Creating package script '/root/training_ws_merge2/src/install/interfaces/share/interfaces/package.sh'
[3.982s] INFO:colcon.colcon_core.shell:Creating package script '/root/training_ws_merge2/src/install/interfaces/share/interfaces/package.bash'
[3.984s] INFO:colcon.colcon_core.shell:Creating package script '/root/training_ws_merge2/src/install/interfaces/share/interfaces/package.zsh'
[3.985s] Level 1:colcon.colcon_core.environment:create_file_with_runtime_dependencies(/root/training_ws_merge2/src/install/interfaces/share/colcon-core/packages/interfaces)
[3.986s] INFO:colcon.colcon_ros.task.ament_python.build:Building ROS package in '/root/training_ws_merge2/src/mazeSolve_pkg' with build type 'ament_python'
[3.987s] Level 1:colcon.colcon_core.shell:create_environment_hook('mazeSolve_pkg', 'ament_prefix_path')
[3.987s] INFO:colcon.colcon_core.shell:Creating environment hook '/root/training_ws_merge2/src/install/mazeSolve_pkg/share/mazeSolve_pkg/hook/ament_prefix_path.ps1'
[3.989s] INFO:colcon.colcon_core.shell:Creating environment descriptor '/root/training_ws_merge2/src/install/mazeSolve_pkg/share/mazeSolve_pkg/hook/ament_prefix_path.dsv'
[3.990s] INFO:colcon.colcon_core.shell:Creating environment hook '/root/training_ws_merge2/src/install/mazeSolve_pkg/share/mazeSolve_pkg/hook/ament_prefix_path.sh'
[3.992s] INFO:colcon.colcon_core.shell:Skip shell extension 'powershell' for command environment: Not usable outside of PowerShell
[3.993s] DEBUG:colcon.colcon_core.shell:Skip shell extension 'dsv' for command environment
[4.720s] INFO:colcon.colcon_core.task.python.build:Building Python package in '/root/training_ws_merge2/src/mazeSolve_pkg'
[4.720s] INFO:colcon.colcon_core.shell:Skip shell extension 'powershell' for command environment: Not usable outside of PowerShell
[4.721s] DEBUG:colcon.colcon_core.shell:Skip shell extension 'dsv' for command environment
[6.448s] DEBUG:colcon.colcon_core.task.python.build:Available setuptools commands: compile_catalog, develop, rotate, build_clib, dist_info, build, upload_docs, install_headers, bdist, install_data, update_catalog, build_ext, egg_info, install_lib, bdist_dumb, alias, install_egg_info, build_py, install, bdist_egg, build_scripts, install_scripts, saveopts, check, register, symlink_data, extract_messages, editable_wheel, setopt, easy_install, clean, test, sdist, upload, init_catalog, bdist_rpm
[6.454s] DEBUG:colcon.colcon_core.event_handler.log_command:Invoking command in '/root/training_ws_merge2/src/mazeSolve_pkg': PYTHONPATH=/root/training_ws_merge2/src/build/mazeSolve_pkg/prefix_override:/usr/lib/python3/dist-packages/colcon_core/task/python/colcon_distutils_commands:/root/training_ws_merge2/src/install/mazeSolve_pkg/lib/python3.12/site-packages:/root/training_ws_merge2/src/install/interfaces/lib/python3.12/site-packages:/root/training_ws_merge2/build/maze_control:/root/training_ws_merge2/build/mazeSolve_pkg:/root/training_ws_merge2/src/build/maze_control:/root/training_ws_merge2/src/build/mazeSolve_pkg:/root/training_ws_merge2/src/install/maze_control/lib/python3.12/site-packages:/root/training_ws_merge2/src/install/mazeSolve_pkg/lib/python3.12/site-packages:/root/training_ws_merge2/install/maze_control/lib/python3.12/site-packages:/root/training_ws_merge2/install/mazeSolve_pkg/lib/python3.12/site-packages:/root/training_ws_merge2/install/interfaces/lib/python3.12/site-packages:/root/training_ws/install/maze_control/lib/python3.12/site-packages:/root/training_ws/install/mazeSolve_pkg/lib/python3.12/site-packages:/root/training_ws/install/interfaces/lib/python3.12/site-packages:/opt/ros/jazzy/lib/python3.12/site-packages /usr/bin/python3 -W ignore:setup.py install is deprecated -W ignore:easy_install command is deprecated setup.py egg_info --egg-base ../build/mazeSolve_pkg build --build-base /root/training_ws_merge2/src/build/mazeSolve_pkg/build install --record /root/training_ws_merge2/src/build/mazeSolve_pkg/install.log --install-scripts $base/lib/mazeSolve_pkg --single-version-externally-managed install_data
[7.823s] Level 1:colcon.colcon_core.environment:checking '/root/training_ws_merge2/src/install/mazeSolve_pkg' for CMake module files
[7.824s] DEBUG:colcon.colcon_core.event_handler.log_command:Invoked command in '/root/training_ws_merge2/src/mazeSolve_pkg' returned '0': PYTHONPATH=/root/training_ws_merge2/src/build/mazeSolve_pkg/prefix_override:/usr/lib/python3/dist-packages/colcon_core/task/python/colcon_distutils_commands:/root/training_ws_merge2/src/install/mazeSolve_pkg/lib/python3.12/site-packages:/root/training_ws_merge2/src/install/interfaces/lib/python3.12/site-packages:/root/training_ws_merge2/build/maze_control:/root/training_ws_merge2/build/mazeSolve_pkg:/root/training_ws_merge2/src/build/maze_control:/root/training_ws_merge2/src/build/mazeSolve_pkg:/root/training_ws_merge2/src/install/maze_control/lib/python3.12/site-packages:/root/training_ws_merge2/src/install/mazeSolve_pkg/lib/python3.12/site-packages:/root/training_ws_merge2/install/maze_control/lib/python3.12/site-packages:/root/training_ws_merge2/install/mazeSolve_pkg/lib/python3.12/site-packages:/root/training_ws_merge2/install/interfaces/lib/python3.12/site-packages:/root/training_ws/install/maze_control/lib/python3.12/site-packages:/root/training_ws/install/mazeSolve_pkg/lib/python3.12/site-packages:/root/training_ws/install/interfaces/lib/python3.12/site-packages:/opt/ros/jazzy/lib/python3.12/site-packages /usr/bin/python3 -W ignore:setup.py install is deprecated -W ignore:easy_install command is deprecated setup.py egg_info --egg-base ../build/mazeSolve_pkg build --build-base /root/training_ws_merge2/src/build/mazeSolve_pkg/build install --record /root/training_ws_merge2/src/build/mazeSolve_pkg/install.log --install-scripts $base/lib/mazeSolve_pkg --single-version-externally-managed install_data
[7.826s] Level 1:colcon.colcon_core.environment:checking '/root/training_ws_merge2/src/install/mazeSolve_pkg' for CMake config files
[7.827s] Level 1:colcon.colcon_core.environment:checking '/root/training_ws_merge2/src/install/mazeSolve_pkg/lib'
[7.828s] Level 1:colcon.colcon_core.environment:checking '/root/training_ws_merge2/src/install/mazeSolve_pkg/bin'
[7.828s] Level 1:colcon.colcon_core.environment:checking '/root/training_ws_merge2/src/install/mazeSolve_pkg/lib/pkgconfig/mazeSolve_pkg.pc'
[7.829s] Level 1:colcon.colcon_core.environment:checking '/root/training_ws_merge2/src/install/mazeSolve_pkg/lib/python3.12/site-packages'
[7.829s] Level 1:colcon.colcon_core.shell:create_environment_hook('mazeSolve_pkg', 'pythonpath')
[7.830s] INFO:colcon.colcon_core.shell:Creating environment hook '/root/training_ws_merge2/src/install/mazeSolve_pkg/share/mazeSolve_pkg/hook/pythonpath.ps1'
[7.831s] INFO:colcon.colcon_core.shell:Creating environment descriptor '/root/training_ws_merge2/src/install/mazeSolve_pkg/share/mazeSolve_pkg/hook/pythonpath.dsv'
[7.833s] INFO:colcon.colcon_core.shell:Creating environment hook '/root/training_ws_merge2/src/install/mazeSolve_pkg/share/mazeSolve_pkg/hook/pythonpath.sh'
[7.835s] Level 1:colcon.colcon_core.environment:checking '/root/training_ws_merge2/src/install/mazeSolve_pkg/bin'
[7.835s] Level 1:colcon.colcon_core.environment:create_environment_scripts_only(mazeSolve_pkg)
[7.836s] INFO:colcon.colcon_core.shell:Creating package script '/root/training_ws_merge2/src/install/mazeSolve_pkg/share/mazeSolve_pkg/package.ps1'
[7.838s] INFO:colcon.colcon_core.shell:Creating package descriptor '/root/training_ws_merge2/src/install/mazeSolve_pkg/share/mazeSolve_pkg/package.dsv'
[7.840s] INFO:colcon.colcon_core.shell:Creating package script '/root/training_ws_merge2/src/install/mazeSolve_pkg/share/mazeSolve_pkg/package.sh'
[7.841s] INFO:colcon.colcon_core.shell:Creating package script '/root/training_ws_merge2/src/install/mazeSolve_pkg/share/mazeSolve_pkg/package.bash'
[7.843s] INFO:colcon.colcon_core.shell:Creating package script '/root/training_ws_merge2/src/install/mazeSolve_pkg/share/mazeSolve_pkg/package.zsh'
[7.844s] Level 1:colcon.colcon_core.environment:create_file_with_runtime_dependencies(/root/training_ws_merge2/src/install/mazeSolve_pkg/share/colcon-core/packages/mazeSolve_pkg)
[7.845s] DEBUG:colcon.colcon_parallel_executor.executor.parallel:closing loop
[7.846s] DEBUG:colcon.colcon_parallel_executor.executor.parallel:loop closed
[7.846s] DEBUG:colcon.colcon_parallel_executor.executor.parallel:run_until_complete finished with '0'
[7.846s] DEBUG:colcon.colcon_core.event_reactor:joining thread
[7.869s] INFO:colcon.colcon_core.plugin_system:Skipping extension 'colcon_notification.desktop_notification.notify_send': Could not find 'notify-send'
[7.869s] INFO:colcon.colcon_core.plugin_system:Skipping extension 'colcon_notification.desktop_notification.terminal_notifier': Not used on non-Darwin systems
[7.869s] INFO:colcon.colcon_core.plugin_system:Skipping extension 'colcon_notification.desktop_notification.win32': Not used on non-Windows systems
[7.870s] INFO:colcon.colcon_notification.desktop_notification:Sending desktop notification using 'notify2'
[7.876s] DEBUG:colcon.colcon_notification.desktop_notification.notify2:Failed to initialize notify2: org.freedesktop.DBus.Error.Spawn.ExecFailed: /usr/bin/dbus-launch terminated abnormally without any error message
[7.877s] DEBUG:colcon.colcon_core.event_reactor:joined thread
[7.878s] INFO:colcon.colcon_core.shell:Creating prefix script '/root/training_ws_merge2/src/install/local_setup.ps1'
[7.881s] INFO:colcon.colcon_core.shell:Creating prefix util module '/root/training_ws_merge2/src/install/_local_setup_util_ps1.py'
[7.884s] INFO:colcon.colcon_core.shell:Creating prefix chain script '/root/training_ws_merge2/src/install/setup.ps1'
[7.889s] INFO:colcon.colcon_core.shell:Creating prefix script '/root/training_ws_merge2/src/install/local_setup.sh'
[7.891s] INFO:colcon.colcon_core.shell:Creating prefix util module '/root/training_ws_merge2/src/install/_local_setup_util_sh.py'
[7.892s] INFO:colcon.colcon_core.shell:Creating prefix chain script '/root/training_ws_merge2/src/install/setup.sh'
[7.895s] INFO:colcon.colcon_core.shell:Creating prefix script '/root/training_ws_merge2/src/install/local_setup.bash'
[7.896s] INFO:colcon.colcon_core.shell:Creating prefix chain script '/root/training_ws_merge2/src/install/setup.bash'
[7.900s] INFO:colcon.colcon_core.shell:Creating prefix script '/root/training_ws_merge2/src/install/local_setup.zsh'
[7.902s] INFO:colcon.colcon_core.shell:Creating prefix chain script '/root/training_ws_merge2/src/install/setup.zsh'
