[0.138s] DEBUG:colcon:Command line arguments: ['/usr/bin/colcon', 'build']
[0.138s] DEBUG:colcon:Parsed command line arguments: Namespace(log_base=None, log_level=None, verb_name='build', build_base='build', install_base='install', merge_install=False, symlink_install=False, test_result_base=None, continue_on_error=False, executor='parallel', parallel_workers=12, event_handlers=None, ignore_user_meta=False, metas=['./colcon.meta'], base_paths=['.'], packages_ignore=None, packages_ignore_regex=None, paths=None, packages_up_to=None, packages_up_to_regex=None, packages_above=None, packages_above_and_dependencies=None, packages_above_depth=None, packages_select_by_dep=None, packages_skip_by_dep=None, packages_skip_up_to=None, packages_select_build_failed=False, packages_skip_build_finished=False, packages_select_test_failures=False, packages_skip_test_passed=False, packages_select=None, packages_skip=None, packages_select_regex=None, packages_skip_regex=None, packages_start=None, packages_end=None, allow_overriding=[], cmake_args=None, cmake_target=None, cmake_target_skip_unavailable=False, cmake_clean_cache=False, cmake_clean_first=False, cmake_force_configure=False, ament_cmake_args=None, catkin_cmake_args=None, catkin_skip_building_tests=False, mixin_files=None, mixin=None, verb_parser=<colcon_mixin.mixin.mixin_argument.MixinArgumentDecorator object at 0x7ef14c4a4950>, verb_extension=<colcon_core.verb.build.BuildVerb object at 0x7ef14c4a46b0>, main=<bound method BuildVerb.main of <colcon_core.verb.build.BuildVerb object at 0x7ef14c4a46b0>>, mixin_verb=('build',))
[0.177s] Level 1:colcon.colcon_core.package_discovery:discover_packages(colcon_meta) check parameters
[0.177s] Level 1:colcon.colcon_core.package_discovery:discover_packages(recursive) check parameters
[0.177s] Level 1:colcon.colcon_core.package_discovery:discover_packages(ignore) check parameters
[0.177s] Level 1:colcon.colcon_core.package_discovery:discover_packages(path) check parameters
[0.177s] Level 1:colcon.colcon_core.package_discovery:discover_packages(colcon_meta) discover
[0.177s] Level 1:colcon.colcon_core.package_discovery:discover_packages(recursive) discover
[0.177s] INFO:colcon.colcon_core.package_discovery:Crawling recursively for packages in '/home/mohamed-khaled/Solving-Maze'
[0.178s] Level 1:colcon.colcon_core.package_identification:_identify(.) by extensions ['ignore', 'ignore_ament_install']
[0.178s] Level 1:colcon.colcon_core.package_identification:_identify(.) by extension 'ignore'
[0.178s] Level 1:colcon.colcon_core.package_identification:_identify(.) by extension 'ignore_ament_install'
[0.178s] Level 1:colcon.colcon_core.package_identification:_identify(.) by extensions ['colcon_pkg']
[0.178s] Level 1:colcon.colcon_core.package_identification:_identify(.) by extension 'colcon_pkg'
[0.178s] Level 1:colcon.colcon_core.package_identification:_identify(.) by extensions ['colcon_meta']
[0.178s] Level 1:colcon.colcon_core.package_identification:_identify(.) by extension 'colcon_meta'
[0.178s] Level 1:colcon.colcon_core.package_identification:_identify(.) by extensions ['ros']
[0.178s] Level 1:colcon.colcon_core.package_identification:_identify(.) by extension 'ros'
[0.205s] Level 1:colcon.colcon_core.package_identification:_identify(.) by extensions ['cmake', 'python']
[0.205s] Level 1:colcon.colcon_core.package_identification:_identify(.) by extension 'cmake'
[0.205s] Level 1:colcon.colcon_core.package_identification:_identify(.) by extension 'python'
[0.205s] Level 1:colcon.colcon_core.package_identification:_identify(.) by extensions ['python_setup_py']
[0.205s] Level 1:colcon.colcon_core.package_identification:_identify(.) by extension 'python_setup_py'
[0.205s] Level 1:colcon.colcon_core.package_identification:_identify(build) by extensions ['ignore', 'ignore_ament_install']
[0.205s] Level 1:colcon.colcon_core.package_identification:_identify(build) by extension 'ignore'
[0.205s] Level 1:colcon.colcon_core.package_identification:_identify(build) ignored
[0.205s] Level 1:colcon.colcon_core.package_identification:_identify(install) by extensions ['ignore', 'ignore_ament_install']
[0.206s] Level 1:colcon.colcon_core.package_identification:_identify(install) by extension 'ignore'
[0.206s] Level 1:colcon.colcon_core.package_identification:_identify(install) ignored
[0.206s] Level 1:colcon.colcon_core.package_identification:_identify(log) by extensions ['ignore', 'ignore_ament_install']
[0.206s] Level 1:colcon.colcon_core.package_identification:_identify(log) by extension 'ignore'
[0.206s] Level 1:colcon.colcon_core.package_identification:_identify(log) ignored
[0.206s] Level 1:colcon.colcon_core.package_identification:_identify(src) by extensions ['ignore', 'ignore_ament_install']
[0.206s] Level 1:colcon.colcon_core.package_identification:_identify(src) by extension 'ignore'
[0.206s] Level 1:colcon.colcon_core.package_identification:_identify(src) by extension 'ignore_ament_install'
[0.206s] Level 1:colcon.colcon_core.package_identification:_identify(src) by extensions ['colcon_pkg']
[0.206s] Level 1:colcon.colcon_core.package_identification:_identify(src) by extension 'colcon_pkg'
[0.206s] Level 1:colcon.colcon_core.package_identification:_identify(src) by extensions ['colcon_meta']
[0.206s] Level 1:colcon.colcon_core.package_identification:_identify(src) by extension 'colcon_meta'
[0.206s] Level 1:colcon.colcon_core.package_identification:_identify(src) by extensions ['ros']
[0.206s] Level 1:colcon.colcon_core.package_identification:_identify(src) by extension 'ros'
[0.207s] Level 1:colcon.colcon_core.package_identification:_identify(src) by extensions ['cmake', 'python']
[0.207s] Level 1:colcon.colcon_core.package_identification:_identify(src) by extension 'cmake'
[0.207s] Level 1:colcon.colcon_core.package_identification:_identify(src) by extension 'python'
[0.207s] Level 1:colcon.colcon_core.package_identification:_identify(src) by extensions ['python_setup_py']
[0.207s] Level 1:colcon.colcon_core.package_identification:_identify(src) by extension 'python_setup_py'
[0.207s] Level 1:colcon.colcon_core.package_identification:_identify(src/MIA26_phase2_ros_contest) by extensions ['ignore', 'ignore_ament_install']
[0.207s] Level 1:colcon.colcon_core.package_identification:_identify(src/MIA26_phase2_ros_contest) by extension 'ignore'
[0.207s] Level 1:colcon.colcon_core.package_identification:_identify(src/MIA26_phase2_ros_contest) by extension 'ignore_ament_install'
[0.207s] Level 1:colcon.colcon_core.package_identification:_identify(src/MIA26_phase2_ros_contest) by extensions ['colcon_pkg']
[0.207s] Level 1:colcon.colcon_core.package_identification:_identify(src/MIA26_phase2_ros_contest) by extension 'colcon_pkg'
[0.207s] Level 1:colcon.colcon_core.package_identification:_identify(src/MIA26_phase2_ros_contest) by extensions ['colcon_meta']
[0.207s] Level 1:colcon.colcon_core.package_identification:_identify(src/MIA26_phase2_ros_contest) by extension 'colcon_meta'
[0.207s] Level 1:colcon.colcon_core.package_identification:_identify(src/MIA26_phase2_ros_contest) by extensions ['ros']
[0.207s] Level 1:colcon.colcon_core.package_identification:_identify(src/MIA26_phase2_ros_contest) by extension 'ros'
[0.207s] Level 1:colcon.colcon_core.package_identification:_identify(src/MIA26_phase2_ros_contest) by extensions ['cmake', 'python']
[0.207s] Level 1:colcon.colcon_core.package_identification:_identify(src/MIA26_phase2_ros_contest) by extension 'cmake'
[0.207s] Level 1:colcon.colcon_core.package_identification:_identify(src/MIA26_phase2_ros_contest) by extension 'python'
[0.207s] Level 1:colcon.colcon_core.package_identification:_identify(src/MIA26_phase2_ros_contest) by extensions ['python_setup_py']
[0.207s] Level 1:colcon.colcon_core.package_identification:_identify(src/MIA26_phase2_ros_contest) by extension 'python_setup_py'
[0.208s] Level 1:colcon.colcon_core.package_identification:_identify(src/MIA26_phase2_ros_contest/assets) by extensions ['ignore', 'ignore_ament_install']
[0.208s] Level 1:colcon.colcon_core.package_identification:_identify(src/MIA26_phase2_ros_contest/assets) by extension 'ignore'
[0.208s] Level 1:colcon.colcon_core.package_identification:_identify(src/MIA26_phase2_ros_contest/assets) by extension 'ignore_ament_install'
[0.208s] Level 1:colcon.colcon_core.package_identification:_identify(src/MIA26_phase2_ros_contest/assets) by extensions ['colcon_pkg']
[0.208s] Level 1:colcon.colcon_core.package_identification:_identify(src/MIA26_phase2_ros_contest/assets) by extension 'colcon_pkg'
[0.208s] Level 1:colcon.colcon_core.package_identification:_identify(src/MIA26_phase2_ros_contest/assets) by extensions ['colcon_meta']
[0.208s] Level 1:colcon.colcon_core.package_identification:_identify(src/MIA26_phase2_ros_contest/assets) by extension 'colcon_meta'
[0.208s] Level 1:colcon.colcon_core.package_identification:_identify(src/MIA26_phase2_ros_contest/assets) by extensions ['ros']
[0.208s] Level 1:colcon.colcon_core.package_identification:_identify(src/MIA26_phase2_ros_contest/assets) by extension 'ros'
[0.208s] Level 1:colcon.colcon_core.package_identification:_identify(src/MIA26_phase2_ros_contest/assets) by extensions ['cmake', 'python']
[0.208s] Level 1:colcon.colcon_core.package_identification:_identify(src/MIA26_phase2_ros_contest/assets) by extension 'cmake'
[0.208s] Level 1:colcon.colcon_core.package_identification:_identify(src/MIA26_phase2_ros_contest/assets) by extension 'python'
[0.208s] Level 1:colcon.colcon_core.package_identification:_identify(src/MIA26_phase2_ros_contest/assets) by extensions ['python_setup_py']
[0.208s] Level 1:colcon.colcon_core.package_identification:_identify(src/MIA26_phase2_ros_contest/assets) by extension 'python_setup_py'
[0.208s] Level 1:colcon.colcon_core.package_identification:_identify(src/MIA26_phase2_ros_contest/maze_control) by extensions ['ignore', 'ignore_ament_install']
[0.208s] Level 1:colcon.colcon_core.package_identification:_identify(src/MIA26_phase2_ros_contest/maze_control) by extension 'ignore'
[0.209s] Level 1:colcon.colcon_core.package_identification:_identify(src/MIA26_phase2_ros_contest/maze_control) by extension 'ignore_ament_install'
[0.209s] Level 1:colcon.colcon_core.package_identification:_identify(src/MIA26_phase2_ros_contest/maze_control) by extensions ['colcon_pkg']
[0.209s] Level 1:colcon.colcon_core.package_identification:_identify(src/MIA26_phase2_ros_contest/maze_control) by extension 'colcon_pkg'
[0.209s] Level 1:colcon.colcon_core.package_identification:_identify(src/MIA26_phase2_ros_contest/maze_control) by extensions ['colcon_meta']
[0.209s] Level 1:colcon.colcon_core.package_identification:_identify(src/MIA26_phase2_ros_contest/maze_control) by extension 'colcon_meta'
[0.209s] Level 1:colcon.colcon_core.package_identification:_identify(src/MIA26_phase2_ros_contest/maze_control) by extensions ['ros']
[0.209s] Level 1:colcon.colcon_core.package_identification:_identify(src/MIA26_phase2_ros_contest/maze_control) by extension 'ros'
[0.211s] DEBUG:colcon.colcon_core.package_identification:Package 'src/MIA26_phase2_ros_contest/maze_control' with type 'ros.ament_python' and name 'maze_control'
[0.211s] Level 1:colcon.colcon_core.package_identification:_identify(src/interfaces) by extensions ['ignore', 'ignore_ament_install']
[0.211s] Level 1:colcon.colcon_core.package_identification:_identify(src/interfaces) by extension 'ignore'
[0.211s] Level 1:colcon.colcon_core.package_identification:_identify(src/interfaces) by extension 'ignore_ament_install'
[0.211s] Level 1:colcon.colcon_core.package_identification:_identify(src/interfaces) by extensions ['colcon_pkg']
[0.211s] Level 1:colcon.colcon_core.package_identification:_identify(src/interfaces) by extension 'colcon_pkg'
[0.211s] Level 1:colcon.colcon_core.package_identification:_identify(src/interfaces) by extensions ['colcon_meta']
[0.211s] Level 1:colcon.colcon_core.package_identification:_identify(src/interfaces) by extension 'colcon_meta'
[0.212s] Level 1:colcon.colcon_core.package_identification:_identify(src/interfaces) by extensions ['ros']
[0.212s] Level 1:colcon.colcon_core.package_identification:_identify(src/interfaces) by extension 'ros'
[0.212s] DEBUG:colcon.colcon_core.package_identification:Package 'src/interfaces' with type 'ros.ament_cmake' and name 'interfaces'
[0.212s] Level 1:colcon.colcon_core.package_identification:_identify(src/mazeSolve_pkg) by extensions ['ignore', 'ignore_ament_install']
[0.212s] Level 1:colcon.colcon_core.package_identification:_identify(src/mazeSolve_pkg) by extension 'ignore'
[0.212s] Level 1:colcon.colcon_core.package_identification:_identify(src/mazeSolve_pkg) by extension 'ignore_ament_install'
[0.212s] Level 1:colcon.colcon_core.package_identification:_identify(src/mazeSolve_pkg) by extensions ['colcon_pkg']
[0.212s] Level 1:colcon.colcon_core.package_identification:_identify(src/mazeSolve_pkg) by extension 'colcon_pkg'
[0.212s] Level 1:colcon.colcon_core.package_identification:_identify(src/mazeSolve_pkg) by extensions ['colcon_meta']
[0.212s] Level 1:colcon.colcon_core.package_identification:_identify(src/mazeSolve_pkg) by extension 'colcon_meta'
[0.213s] Level 1:colcon.colcon_core.package_identification:_identify(src/mazeSolve_pkg) by extensions ['ros']
[0.213s] Level 1:colcon.colcon_core.package_identification:_identify(src/mazeSolve_pkg) by extension 'ros'
[0.213s] DEBUG:colcon.colcon_core.package_identification:Package 'src/mazeSolve_pkg' with type 'ros.ament_python' and name 'mazeSolve_pkg'
[0.213s] Level 1:colcon.colcon_core.package_discovery:discover_packages(recursive) using defaults
[0.213s] Level 1:colcon.colcon_core.package_discovery:discover_packages(ignore) discover
[0.213s] Level 1:colcon.colcon_core.package_discovery:discover_packages(ignore) using defaults
[0.213s] Level 1:colcon.colcon_core.package_discovery:discover_packages(path) discover
[0.213s] Level 1:colcon.colcon_core.package_discovery:discover_packages(path) using defaults
[0.232s] Level 1:colcon.colcon_core.package_discovery:discover_packages(prefix_path) check parameters
[0.232s] Level 1:colcon.colcon_core.package_discovery:discover_packages(prefix_path) discover
[0.235s] DEBUG:colcon.colcon_installed_package_information.package_discovery:Found 405 installed packages in /opt/ros/jazzy
[0.237s] Level 1:colcon.colcon_core.package_discovery:discover_packages(prefix_path) using defaults
[0.297s] Level 5:colcon.colcon_core.verb:set package 'interfaces' build argument 'cmake_args' from command line to 'None'
[0.297s] Level 5:colcon.colcon_core.verb:set package 'interfaces' build argument 'cmake_target' from command line to 'None'
[0.297s] Level 5:colcon.colcon_core.verb:set package 'interfaces' build argument 'cmake_target_skip_unavailable' from command line to 'False'
[0.297s] Level 5:colcon.colcon_core.verb:set package 'interfaces' build argument 'cmake_clean_cache' from command line to 'False'
[0.297s] Level 5:colcon.colcon_core.verb:set package 'interfaces' build argument 'cmake_clean_first' from command line to 'False'
[0.297s] Level 5:colcon.colcon_core.verb:set package 'interfaces' build argument 'cmake_force_configure' from command line to 'False'
[0.297s] Level 5:colcon.colcon_core.verb:set package 'interfaces' build argument 'ament_cmake_args' from command line to 'None'
[0.298s] Level 5:colcon.colcon_core.verb:set package 'interfaces' build argument 'catkin_cmake_args' from command line to 'None'
[0.298s] Level 5:colcon.colcon_core.verb:set package 'interfaces' build argument 'catkin_skip_building_tests' from command line to 'False'
[0.298s] DEBUG:colcon.colcon_core.verb:Building package 'interfaces' with the following arguments: {'ament_cmake_args': None, 'build_base': '/home/mohamed-khaled/Solving-Maze/build/interfaces', 'catkin_cmake_args': None, 'catkin_skip_building_tests': False, 'cmake_args': None, 'cmake_clean_cache': False, 'cmake_clean_first': False, 'cmake_force_configure': False, 'cmake_target': None, 'cmake_target_skip_unavailable': False, 'install_base': '/home/mohamed-khaled/Solving-Maze/install/interfaces', 'merge_install': False, 'path': '/home/mohamed-khaled/Solving-Maze/src/interfaces', 'symlink_install': False, 'test_result_base': None}
[0.298s] Level 5:colcon.colcon_core.verb:set package 'mazeSolve_pkg' build argument 'cmake_args' from command line to 'None'
[0.298s] Level 5:colcon.colcon_core.verb:set package 'mazeSolve_pkg' build argument 'cmake_target' from command line to 'None'
[0.298s] Level 5:colcon.colcon_core.verb:set package 'mazeSolve_pkg' build argument 'cmake_target_skip_unavailable' from command line to 'False'
[0.298s] Level 5:colcon.colcon_core.verb:set package 'mazeSolve_pkg' build argument 'cmake_clean_cache' from command line to 'False'
[0.298s] Level 5:colcon.colcon_core.verb:set package 'mazeSolve_pkg' build argument 'cmake_clean_first' from command line to 'False'
[0.298s] Level 5:colcon.colcon_core.verb:set package 'mazeSolve_pkg' build argument 'cmake_force_configure' from command line to 'False'
[0.298s] Level 5:colcon.colcon_core.verb:set package 'mazeSolve_pkg' build argument 'ament_cmake_args' from command line to 'None'
[0.298s] Level 5:colcon.colcon_core.verb:set package 'mazeSolve_pkg' build argument 'catkin_cmake_args' from command line to 'None'
[0.298s] Level 5:colcon.colcon_core.verb:set package 'mazeSolve_pkg' build argument 'catkin_skip_building_tests' from command line to 'False'
[0.298s] DEBUG:colcon.colcon_core.verb:Building package 'mazeSolve_pkg' with the following arguments: {'ament_cmake_args': None, 'build_base': '/home/mohamed-khaled/Solving-Maze/build/mazeSolve_pkg', 'catkin_cmake_args': None, 'catkin_skip_building_tests': False, 'cmake_args': None, 'cmake_clean_cache': False, 'cmake_clean_first': False, 'cmake_force_configure': False, 'cmake_target': None, 'cmake_target_skip_unavailable': False, 'install_base': '/home/mohamed-khaled/Solving-Maze/install/mazeSolve_pkg', 'merge_install': False, 'path': '/home/mohamed-khaled/Solving-Maze/src/mazeSolve_pkg', 'symlink_install': False, 'test_result_base': None}
[0.298s] Level 5:colcon.colcon_core.verb:set package 'maze_control' build argument 'cmake_args' from command line to 'None'
[0.298s] Level 5:colcon.colcon_core.verb:set package 'maze_control' build argument 'cmake_target' from command line to 'None'
[0.298s] Level 5:colcon.colcon_core.verb:set package 'maze_control' build argument 'cmake_target_skip_unavailable' from command line to 'False'
[0.299s] Level 5:colcon.colcon_core.verb:set package 'maze_control' build argument 'cmake_clean_cache' from command line to 'False'
[0.299s] Level 5:colcon.colcon_core.verb:set package 'maze_control' build argument 'cmake_clean_first' from command line to 'False'
[0.299s] Level 5:colcon.colcon_core.verb:set package 'maze_control' build argument 'cmake_force_configure' from command line to 'False'
[0.299s] Level 5:colcon.colcon_core.verb:set package 'maze_control' build argument 'ament_cmake_args' from command line to 'None'
[0.299s] Level 5:colcon.colcon_core.verb:set package 'maze_control' build argument 'catkin_cmake_args' from command line to 'None'
[0.299s] Level 5:colcon.colcon_core.verb:set package 'maze_control' build argument 'catkin_skip_building_tests' from command line to 'False'
[0.299s] DEBUG:colcon.colcon_core.verb:Building package 'maze_control' with the following arguments: {'ament_cmake_args': None, 'build_base': '/home/mohamed-khaled/Solving-Maze/build/maze_control', 'catkin_cmake_args': None, 'catkin_skip_building_tests': False, 'cmake_args': None, 'cmake_clean_cache': False, 'cmake_clean_first': False, 'cmake_force_configure': False, 'cmake_target': None, 'cmake_target_skip_unavailable': False, 'install_base': '/home/mohamed-khaled/Solving-Maze/install/maze_control', 'merge_install': False, 'path': '/home/mohamed-khaled/Solving-Maze/src/MIA26_phase2_ros_contest/maze_control', 'symlink_install': False, 'test_result_base': None}
[0.299s] INFO:colcon.colcon_core.executor:Executing jobs using 'parallel' executor
[0.300s] DEBUG:colcon.colcon_parallel_executor.executor.parallel:run_until_complete
[0.300s] INFO:colcon.colcon_ros.task.ament_cmake.build:Building ROS package in '/home/mohamed-khaled/Solving-Maze/src/interfaces' with build type 'ament_cmake'
[0.300s] INFO:colcon.colcon_cmake.task.cmake.build:Building CMake package in '/home/mohamed-khaled/Solving-Maze/src/interfaces'
[0.302s] INFO:colcon.colcon_core.plugin_system:Skipping extension 'colcon_core.shell.bat': Not used on non-Windows systems
[0.302s] INFO:colcon.colcon_core.shell:Skip shell extension 'powershell' for command environment: Not usable outside of PowerShell
[0.302s] DEBUG:colcon.colcon_core.shell:Skip shell extension 'dsv' for command environment
[0.307s] INFO:colcon.colcon_ros.task.ament_python.build:Building ROS package in '/home/mohamed-khaled/Solving-Maze/src/mazeSolve_pkg' with build type 'ament_python'
[0.307s] Level 1:colcon.colcon_core.shell:create_environment_hook('mazeSolve_pkg', 'ament_prefix_path')
[0.307s] INFO:colcon.colcon_core.shell:Creating environment hook '/home/mohamed-khaled/Solving-Maze/install/mazeSolve_pkg/share/mazeSolve_pkg/hook/ament_prefix_path.ps1'
[0.308s] INFO:colcon.colcon_core.shell:Creating environment descriptor '/home/mohamed-khaled/Solving-Maze/install/mazeSolve_pkg/share/mazeSolve_pkg/hook/ament_prefix_path.dsv'
[0.308s] INFO:colcon.colcon_core.shell:Creating environment hook '/home/mohamed-khaled/Solving-Maze/install/mazeSolve_pkg/share/mazeSolve_pkg/hook/ament_prefix_path.sh'
[0.309s] INFO:colcon.colcon_core.shell:Skip shell extension 'powershell' for command environment: Not usable outside of PowerShell
[0.309s] DEBUG:colcon.colcon_core.shell:Skip shell extension 'dsv' for command environment
[0.312s] INFO:colcon.colcon_ros.task.ament_python.build:Building ROS package in '/home/mohamed-khaled/Solving-Maze/src/MIA26_phase2_ros_contest/maze_control' with build type 'ament_python'
[0.312s] Level 1:colcon.colcon_core.shell:create_environment_hook('maze_control', 'ament_prefix_path')
[0.312s] INFO:colcon.colcon_core.shell:Creating environment hook '/home/mohamed-khaled/Solving-Maze/install/maze_control/share/maze_control/hook/ament_prefix_path.ps1'
[0.312s] INFO:colcon.colcon_core.shell:Creating environment descriptor '/home/mohamed-khaled/Solving-Maze/install/maze_control/share/maze_control/hook/ament_prefix_path.dsv'
[0.313s] INFO:colcon.colcon_core.shell:Creating environment hook '/home/mohamed-khaled/Solving-Maze/install/maze_control/share/maze_control/hook/ament_prefix_path.sh'
[0.313s] INFO:colcon.colcon_core.shell:Skip shell extension 'powershell' for command environment: Not usable outside of PowerShell
[0.313s] DEBUG:colcon.colcon_core.shell:Skip shell extension 'dsv' for command environment
[0.320s] DEBUG:colcon.colcon_core.event_handler.log_command:Invoking command in '/home/mohamed-khaled/Solving-Maze/build/interfaces': CMAKE_PREFIX_PATH=${CMAKE_PREFIX_PATH}:/opt/ros/jazzy DEBUGINFOD_URLS=https://debuginfod.ubuntu.com /usr/bin/cmake --build /home/mohamed-khaled/Solving-Maze/build/interfaces -- -j12 -l12
[0.588s] INFO:colcon.colcon_core.task.python.build:Building Python package in '/home/mohamed-khaled/Solving-Maze/src/mazeSolve_pkg'
[0.588s] INFO:colcon.colcon_core.shell:Skip shell extension 'powershell' for command environment: Not usable outside of PowerShell
[0.588s] DEBUG:colcon.colcon_core.shell:Skip shell extension 'dsv' for command environment
[0.850s] INFO:colcon.colcon_core.task.python.build:Building Python package in '/home/mohamed-khaled/Solving-Maze/src/MIA26_phase2_ros_contest/maze_control'
[0.850s] INFO:colcon.colcon_core.shell:Skip shell extension 'powershell' for command environment: Not usable outside of PowerShell
[0.850s] DEBUG:colcon.colcon_core.shell:Skip shell extension 'dsv' for command environment
[0.858s] DEBUG:colcon.colcon_core.event_handler.log_command:Invoked command in '/home/mohamed-khaled/Solving-Maze/build/interfaces' returned '0': CMAKE_PREFIX_PATH=${CMAKE_PREFIX_PATH}:/opt/ros/jazzy DEBUGINFOD_URLS=https://debuginfod.ubuntu.com /usr/bin/cmake --build /home/mohamed-khaled/Solving-Maze/build/interfaces -- -j12 -l12
[0.867s] DEBUG:colcon.colcon_core.event_handler.log_command:Invoking command in '/home/mohamed-khaled/Solving-Maze/build/interfaces': CMAKE_PREFIX_PATH=${CMAKE_PREFIX_PATH}:/opt/ros/jazzy DEBUGINFOD_URLS=https://debuginfod.ubuntu.com /usr/bin/cmake --install /home/mohamed-khaled/Solving-Maze/build/interfaces
[0.924s] Level 1:colcon.colcon_core.environment:create_environment_scripts_only(interfaces)
[0.930s] Level 1:colcon.colcon_core.environment:checking '/home/mohamed-khaled/Solving-Maze/install/interfaces' for CMake module files
[0.932s] Level 1:colcon.colcon_core.environment:checking '/home/mohamed-khaled/Solving-Maze/install/interfaces' for CMake config files
[0.932s] DEBUG:colcon.colcon_core.event_handler.log_command:Invoked command in '/home/mohamed-khaled/Solving-Maze/build/interfaces' returned '0': CMAKE_PREFIX_PATH=${CMAKE_PREFIX_PATH}:/opt/ros/jazzy DEBUGINFOD_URLS=https://debuginfod.ubuntu.com /usr/bin/cmake --install /home/mohamed-khaled/Solving-Maze/build/interfaces
[0.932s] Level 1:colcon.colcon_core.shell:create_environment_hook('interfaces', 'cmake_prefix_path')
[0.933s] INFO:colcon.colcon_core.shell:Creating environment hook '/home/mohamed-khaled/Solving-Maze/install/interfaces/share/interfaces/hook/cmake_prefix_path.ps1'
[0.933s] INFO:colcon.colcon_core.shell:Creating environment descriptor '/home/mohamed-khaled/Solving-Maze/install/interfaces/share/interfaces/hook/cmake_prefix_path.dsv'
[0.933s] INFO:colcon.colcon_core.shell:Creating environment hook '/home/mohamed-khaled/Solving-Maze/install/interfaces/share/interfaces/hook/cmake_prefix_path.sh'
[0.934s] Level 1:colcon.colcon_core.environment:checking '/home/mohamed-khaled/Solving-Maze/install/interfaces/lib'
[0.934s] Level 1:colcon.colcon_core.shell:create_environment_hook('interfaces', 'ld_library_path_lib')
[0.934s] INFO:colcon.colcon_core.shell:Creating environment hook '/home/mohamed-khaled/Solving-Maze/install/interfaces/share/interfaces/hook/ld_library_path_lib.ps1'
[0.935s] INFO:colcon.colcon_core.shell:Creating environment descriptor '/home/mohamed-khaled/Solving-Maze/install/interfaces/share/interfaces/hook/ld_library_path_lib.dsv'
[0.935s] INFO:colcon.colcon_core.shell:Creating environment hook '/home/mohamed-khaled/Solving-Maze/install/interfaces/share/interfaces/hook/ld_library_path_lib.sh'
[0.935s] Level 1:colcon.colcon_core.environment:checking '/home/mohamed-khaled/Solving-Maze/install/interfaces/bin'
[0.936s] Level 1:colcon.colcon_core.environment:checking '/home/mohamed-khaled/Solving-Maze/install/interfaces/lib/pkgconfig/interfaces.pc'
[0.936s] Level 1:colcon.colcon_core.environment:checking '/home/mohamed-khaled/Solving-Maze/install/interfaces/lib/python3.12/site-packages'
[0.936s] Level 1:colcon.colcon_core.shell:create_environment_hook('interfaces', 'pythonpath')
[0.936s] INFO:colcon.colcon_core.shell:Creating environment hook '/home/mohamed-khaled/Solving-Maze/install/interfaces/share/interfaces/hook/pythonpath.ps1'
[0.936s] INFO:colcon.colcon_core.shell:Creating environment descriptor '/home/mohamed-khaled/Solving-Maze/install/interfaces/share/interfaces/hook/pythonpath.dsv'
[0.937s] INFO:colcon.colcon_core.shell:Creating environment hook '/home/mohamed-khaled/Solving-Maze/install/interfaces/share/interfaces/hook/pythonpath.sh'
[0.937s] Level 1:colcon.colcon_core.environment:checking '/home/mohamed-khaled/Solving-Maze/install/interfaces/bin'
[0.938s] INFO:colcon.colcon_core.shell:Creating package script '/home/mohamed-khaled/Solving-Maze/install/interfaces/share/interfaces/package.ps1'
[0.939s] INFO:colcon.colcon_core.shell:Creating package descriptor '/home/mohamed-khaled/Solving-Maze/install/interfaces/share/interfaces/package.dsv'
[0.939s] INFO:colcon.colcon_core.shell:Creating package script '/home/mohamed-khaled/Solving-Maze/install/interfaces/share/interfaces/package.sh'
[0.940s] INFO:colcon.colcon_core.shell:Creating package script '/home/mohamed-khaled/Solving-Maze/install/interfaces/share/interfaces/package.bash'
[0.941s] INFO:colcon.colcon_core.shell:Creating package script '/home/mohamed-khaled/Solving-Maze/install/interfaces/share/interfaces/package.zsh'
[0.941s] Level 1:colcon.colcon_core.environment:create_file_with_runtime_dependencies(/home/mohamed-khaled/Solving-Maze/install/interfaces/share/colcon-core/packages/interfaces)
[0.942s] Level 1:colcon.colcon_core.environment:create_environment_scripts_only(interfaces)
[0.942s] Level 1:colcon.colcon_core.environment:checking '/home/mohamed-khaled/Solving-Maze/install/interfaces' for CMake module files
[0.943s] Level 1:colcon.colcon_core.environment:checking '/home/mohamed-khaled/Solving-Maze/install/interfaces' for CMake config files
[0.943s] Level 1:colcon.colcon_core.shell:create_environment_hook('interfaces', 'cmake_prefix_path')
[0.943s] INFO:colcon.colcon_core.shell:Creating environment hook '/home/mohamed-khaled/Solving-Maze/install/interfaces/share/interfaces/hook/cmake_prefix_path.ps1'
[0.944s] INFO:colcon.colcon_core.shell:Creating environment descriptor '/home/mohamed-khaled/Solving-Maze/install/interfaces/share/interfaces/hook/cmake_prefix_path.dsv'
[0.944s] INFO:colcon.colcon_core.shell:Creating environment hook '/home/mohamed-khaled/Solving-Maze/install/interfaces/share/interfaces/hook/cmake_prefix_path.sh'
[0.945s] Level 1:colcon.colcon_core.environment:checking '/home/mohamed-khaled/Solving-Maze/install/interfaces/lib'
[0.945s] Level 1:colcon.colcon_core.shell:create_environment_hook('interfaces', 'ld_library_path_lib')
[0.945s] INFO:colcon.colcon_core.shell:Creating environment hook '/home/mohamed-khaled/Solving-Maze/install/interfaces/share/interfaces/hook/ld_library_path_lib.ps1'
[0.945s] INFO:colcon.colcon_core.shell:Creating environment descriptor '/home/mohamed-khaled/Solving-Maze/install/interfaces/share/interfaces/hook/ld_library_path_lib.dsv'
[0.946s] INFO:colcon.colcon_core.shell:Creating environment hook '/home/mohamed-khaled/Solving-Maze/install/interfaces/share/interfaces/hook/ld_library_path_lib.sh'
[0.946s] Level 1:colcon.colcon_core.environment:checking '/home/mohamed-khaled/Solving-Maze/install/interfaces/bin'
[0.946s] Level 1:colcon.colcon_core.environment:checking '/home/mohamed-khaled/Solving-Maze/install/interfaces/lib/pkgconfig/interfaces.pc'
[0.946s] Level 1:colcon.colcon_core.environment:checking '/home/mohamed-khaled/Solving-Maze/install/interfaces/lib/python3.12/site-packages'
[0.947s] Level 1:colcon.colcon_core.shell:create_environment_hook('interfaces', 'pythonpath')
[0.947s] INFO:colcon.colcon_core.shell:Creating environment hook '/home/mohamed-khaled/Solving-Maze/install/interfaces/share/interfaces/hook/pythonpath.ps1'
[0.947s] INFO:colcon.colcon_core.shell:Creating environment descriptor '/home/mohamed-khaled/Solving-Maze/install/interfaces/share/interfaces/hook/pythonpath.dsv'
[0.947s] INFO:colcon.colcon_core.shell:Creating environment hook '/home/mohamed-khaled/Solving-Maze/install/interfaces/share/interfaces/hook/pythonpath.sh'
[0.948s] Level 1:colcon.colcon_core.environment:checking '/home/mohamed-khaled/Solving-Maze/install/interfaces/bin'
[0.948s] INFO:colcon.colcon_core.shell:Creating package script '/home/mohamed-khaled/Solving-Maze/install/interfaces/share/interfaces/package.ps1'
[0.949s] INFO:colcon.colcon_core.shell:Creating package descriptor '/home/mohamed-khaled/Solving-Maze/install/interfaces/share/interfaces/package.dsv'
[0.950s] INFO:colcon.colcon_core.shell:Creating package script '/home/mohamed-khaled/Solving-Maze/install/interfaces/share/interfaces/package.sh'
[0.950s] INFO:colcon.colcon_core.shell:Creating package script '/home/mohamed-khaled/Solving-Maze/install/interfaces/share/interfaces/package.bash'
[0.950s] INFO:colcon.colcon_core.shell:Creating package script '/home/mohamed-khaled/Solving-Maze/install/interfaces/share/interfaces/package.zsh'
[0.951s] Level 1:colcon.colcon_core.environment:create_file_with_runtime_dependencies(/home/mohamed-khaled/Solving-Maze/install/interfaces/share/colcon-core/packages/interfaces)
[1.529s] DEBUG:colcon.colcon_core.task.python.build:Available setuptools commands: check, bdist_rpm, upload_docs, saveopts, easy_install, alias, bdist_wheel, symlink_data, install_scripts, rotate, build, install, upload, build_ext, compile_catalog, extract_messages, build_py, dist_info, bdist, bdist_egg, bdist_dumb, sdist, init_catalog, update_catalog, install_data, install_headers, clean, install_egg_info, egg_info, build_clib, editable_wheel, build_scripts, develop, setopt, register, test, install_lib
[1.531s] DEBUG:colcon.colcon_core.event_handler.log_command:Invoking command in '/home/mohamed-khaled/Solving-Maze/src/mazeSolve_pkg': DEBUGINFOD_URLS=https://debuginfod.ubuntu.com PYTHONPATH=/home/mohamed-khaled/Solving-Maze/build/mazeSolve_pkg/prefix_override:/usr/lib/python3/dist-packages/colcon_core/task/python/colcon_distutils_commands:/home/mohamed-khaled/Solving-Maze/install/mazeSolve_pkg/lib/python3.12/site-packages:${PYTHONPATH} /usr/bin/python3 -W ignore:setup.py install is deprecated -W ignore:easy_install command is deprecated setup.py egg_info --egg-base ../../build/mazeSolve_pkg build --build-base /home/mohamed-khaled/Solving-Maze/build/mazeSolve_pkg/build install --record /home/mohamed-khaled/Solving-Maze/build/mazeSolve_pkg/install.log --install-scripts $base/lib/mazeSolve_pkg --single-version-externally-managed install_data
[1.563s] DEBUG:colcon.colcon_core.task.python.build:Available setuptools commands: check, bdist_rpm, upload_docs, saveopts, easy_install, alias, bdist_wheel, symlink_data, install_scripts, rotate, build, install, upload, build_ext, compile_catalog, extract_messages, build_py, dist_info, bdist, bdist_egg, bdist_dumb, sdist, init_catalog, update_catalog, install_data, install_headers, clean, install_egg_info, egg_info, build_clib, editable_wheel, build_scripts, develop, setopt, register, test, install_lib
[1.566s] DEBUG:colcon.colcon_core.event_handler.log_command:Invoking command in '/home/mohamed-khaled/Solving-Maze/src/MIA26_phase2_ros_contest/maze_control': DEBUGINFOD_URLS=https://debuginfod.ubuntu.com PYTHONPATH=/home/mohamed-khaled/Solving-Maze/build/maze_control/prefix_override:/usr/lib/python3/dist-packages/colcon_core/task/python/colcon_distutils_commands:/home/mohamed-khaled/Solving-Maze/install/maze_control/lib/python3.12/site-packages:${PYTHONPATH} /usr/bin/python3 -W ignore:setup.py install is deprecated -W ignore:easy_install command is deprecated setup.py egg_info --egg-base ../../../build/maze_control build --build-base /home/mohamed-khaled/Solving-Maze/build/maze_control/build install --record /home/mohamed-khaled/Solving-Maze/build/maze_control/install.log --install-scripts $base/lib/maze_control --single-version-externally-managed install_data
[2.193s] Level 1:colcon.colcon_core.environment:checking '/home/mohamed-khaled/Solving-Maze/install/mazeSolve_pkg' for CMake module files
[2.193s] DEBUG:colcon.colcon_core.event_handler.log_command:Invoked command in '/home/mohamed-khaled/Solving-Maze/src/mazeSolve_pkg' returned '0': DEBUGINFOD_URLS=https://debuginfod.ubuntu.com PYTHONPATH=/home/mohamed-khaled/Solving-Maze/build/mazeSolve_pkg/prefix_override:/usr/lib/python3/dist-packages/colcon_core/task/python/colcon_distutils_commands:/home/mohamed-khaled/Solving-Maze/install/mazeSolve_pkg/lib/python3.12/site-packages:${PYTHONPATH} /usr/bin/python3 -W ignore:setup.py install is deprecated -W ignore:easy_install command is deprecated setup.py egg_info --egg-base ../../build/mazeSolve_pkg build --build-base /home/mohamed-khaled/Solving-Maze/build/mazeSolve_pkg/build install --record /home/mohamed-khaled/Solving-Maze/build/mazeSolve_pkg/install.log --install-scripts $base/lib/mazeSolve_pkg --single-version-externally-managed install_data
[2.195s] Level 1:colcon.colcon_core.environment:checking '/home/mohamed-khaled/Solving-Maze/install/mazeSolve_pkg' for CMake config files
[2.196s] Level 1:colcon.colcon_core.environment:checking '/home/mohamed-khaled/Solving-Maze/install/mazeSolve_pkg/lib'
[2.196s] Level 1:colcon.colcon_core.environment:checking '/home/mohamed-khaled/Solving-Maze/install/mazeSolve_pkg/bin'
[2.196s] Level 1:colcon.colcon_core.environment:checking '/home/mohamed-khaled/Solving-Maze/install/mazeSolve_pkg/lib/pkgconfig/mazeSolve_pkg.pc'
[2.196s] Level 1:colcon.colcon_core.environment:checking '/home/mohamed-khaled/Solving-Maze/install/mazeSolve_pkg/lib/python3.12/site-packages'
[2.196s] Level 1:colcon.colcon_core.shell:create_environment_hook('mazeSolve_pkg', 'pythonpath')
[2.197s] INFO:colcon.colcon_core.shell:Creating environment hook '/home/mohamed-khaled/Solving-Maze/install/mazeSolve_pkg/share/mazeSolve_pkg/hook/pythonpath.ps1'
[2.197s] INFO:colcon.colcon_core.shell:Creating environment descriptor '/home/mohamed-khaled/Solving-Maze/install/mazeSolve_pkg/share/mazeSolve_pkg/hook/pythonpath.dsv'
[2.198s] INFO:colcon.colcon_core.shell:Creating environment hook '/home/mohamed-khaled/Solving-Maze/install/mazeSolve_pkg/share/mazeSolve_pkg/hook/pythonpath.sh'
[2.199s] Level 1:colcon.colcon_core.environment:checking '/home/mohamed-khaled/Solving-Maze/install/mazeSolve_pkg/bin'
[2.199s] Level 1:colcon.colcon_core.environment:create_environment_scripts_only(mazeSolve_pkg)
[2.200s] INFO:colcon.colcon_core.shell:Creating package script '/home/mohamed-khaled/Solving-Maze/install/mazeSolve_pkg/share/mazeSolve_pkg/package.ps1'
[2.201s] INFO:colcon.colcon_core.shell:Creating package descriptor '/home/mohamed-khaled/Solving-Maze/install/mazeSolve_pkg/share/mazeSolve_pkg/package.dsv'
[2.201s] INFO:colcon.colcon_core.shell:Creating package script '/home/mohamed-khaled/Solving-Maze/install/mazeSolve_pkg/share/mazeSolve_pkg/package.sh'
[2.202s] INFO:colcon.colcon_core.shell:Creating package script '/home/mohamed-khaled/Solving-Maze/install/mazeSolve_pkg/share/mazeSolve_pkg/package.bash'
[2.203s] INFO:colcon.colcon_core.shell:Creating package script '/home/mohamed-khaled/Solving-Maze/install/mazeSolve_pkg/share/mazeSolve_pkg/package.zsh'
[2.204s] Level 1:colcon.colcon_core.environment:create_file_with_runtime_dependencies(/home/mohamed-khaled/Solving-Maze/install/mazeSolve_pkg/share/colcon-core/packages/mazeSolve_pkg)
[2.223s] Level 1:colcon.colcon_core.environment:checking '/home/mohamed-khaled/Solving-Maze/install/maze_control' for CMake module files
[2.223s] DEBUG:colcon.colcon_core.event_handler.log_command:Invoked command in '/home/mohamed-khaled/Solving-Maze/src/MIA26_phase2_ros_contest/maze_control' returned '0': DEBUGINFOD_URLS=https://debuginfod.ubuntu.com PYTHONPATH=/home/mohamed-khaled/Solving-Maze/build/maze_control/prefix_override:/usr/lib/python3/dist-packages/colcon_core/task/python/colcon_distutils_commands:/home/mohamed-khaled/Solving-Maze/install/maze_control/lib/python3.12/site-packages:${PYTHONPATH} /usr/bin/python3 -W ignore:setup.py install is deprecated -W ignore:easy_install command is deprecated setup.py egg_info --egg-base ../../../build/maze_control build --build-base /home/mohamed-khaled/Solving-Maze/build/maze_control/build install --record /home/mohamed-khaled/Solving-Maze/build/maze_control/install.log --install-scripts $base/lib/maze_control --single-version-externally-managed install_data
[2.224s] Level 1:colcon.colcon_core.environment:checking '/home/mohamed-khaled/Solving-Maze/install/maze_control' for CMake config files
[2.224s] Level 1:colcon.colcon_core.environment:checking '/home/mohamed-khaled/Solving-Maze/install/maze_control/lib'
[2.224s] Level 1:colcon.colcon_core.environment:checking '/home/mohamed-khaled/Solving-Maze/install/maze_control/bin'
[2.225s] Level 1:colcon.colcon_core.environment:checking '/home/mohamed-khaled/Solving-Maze/install/maze_control/lib/pkgconfig/maze_control.pc'
[2.225s] Level 1:colcon.colcon_core.environment:checking '/home/mohamed-khaled/Solving-Maze/install/maze_control/lib/python3.12/site-packages'
[2.225s] Level 1:colcon.colcon_core.shell:create_environment_hook('maze_control', 'pythonpath')
[2.225s] INFO:colcon.colcon_core.shell:Creating environment hook '/home/mohamed-khaled/Solving-Maze/install/maze_control/share/maze_control/hook/pythonpath.ps1'
[2.226s] INFO:colcon.colcon_core.shell:Creating environment descriptor '/home/mohamed-khaled/Solving-Maze/install/maze_control/share/maze_control/hook/pythonpath.dsv'
[2.226s] INFO:colcon.colcon_core.shell:Creating environment hook '/home/mohamed-khaled/Solving-Maze/install/maze_control/share/maze_control/hook/pythonpath.sh'
[2.227s] Level 1:colcon.colcon_core.environment:checking '/home/mohamed-khaled/Solving-Maze/install/maze_control/bin'
[2.227s] Level 1:colcon.colcon_core.environment:create_environment_scripts_only(maze_control)
[2.227s] INFO:colcon.colcon_core.shell:Creating package script '/home/mohamed-khaled/Solving-Maze/install/maze_control/share/maze_control/package.ps1'
[2.228s] INFO:colcon.colcon_core.shell:Creating package descriptor '/home/mohamed-khaled/Solving-Maze/install/maze_control/share/maze_control/package.dsv'
[2.228s] INFO:colcon.colcon_core.shell:Creating package script '/home/mohamed-khaled/Solving-Maze/install/maze_control/share/maze_control/package.sh'
[2.229s] INFO:colcon.colcon_core.shell:Creating package script '/home/mohamed-khaled/Solving-Maze/install/maze_control/share/maze_control/package.bash'
[2.229s] INFO:colcon.colcon_core.shell:Creating package script '/home/mohamed-khaled/Solving-Maze/install/maze_control/share/maze_control/package.zsh'
[2.229s] Level 1:colcon.colcon_core.environment:create_file_with_runtime_dependencies(/home/mohamed-khaled/Solving-Maze/install/maze_control/share/colcon-core/packages/maze_control)
[2.230s] DEBUG:colcon.colcon_parallel_executor.executor.parallel:closing loop
[2.230s] DEBUG:colcon.colcon_parallel_executor.executor.parallel:loop closed
[2.230s] DEBUG:colcon.colcon_parallel_executor.executor.parallel:run_until_complete finished with '0'
[2.230s] DEBUG:colcon.colcon_core.event_reactor:joining thread
[2.235s] INFO:colcon.colcon_core.plugin_system:Skipping extension 'colcon_notification.desktop_notification.terminal_notifier': Not used on non-Darwin systems
[2.235s] INFO:colcon.colcon_core.plugin_system:Skipping extension 'colcon_notification.desktop_notification.win32': Not used on non-Windows systems
[2.236s] INFO:colcon.colcon_notification.desktop_notification:Sending desktop notification using 'notify2'
[2.249s] DEBUG:colcon.colcon_core.event_reactor:joined thread
[2.250s] INFO:colcon.colcon_core.shell:Creating prefix script '/home/mohamed-khaled/Solving-Maze/install/local_setup.ps1'
[2.251s] INFO:colcon.colcon_core.shell:Creating prefix util module '/home/mohamed-khaled/Solving-Maze/install/_local_setup_util_ps1.py'
[2.253s] INFO:colcon.colcon_core.shell:Creating prefix chain script '/home/mohamed-khaled/Solving-Maze/install/setup.ps1'
[2.255s] INFO:colcon.colcon_core.shell:Creating prefix script '/home/mohamed-khaled/Solving-Maze/install/local_setup.sh'
[2.255s] INFO:colcon.colcon_core.shell:Creating prefix util module '/home/mohamed-khaled/Solving-Maze/install/_local_setup_util_sh.py'
[2.256s] INFO:colcon.colcon_core.shell:Creating prefix chain script '/home/mohamed-khaled/Solving-Maze/install/setup.sh'
[2.258s] INFO:colcon.colcon_core.shell:Creating prefix script '/home/mohamed-khaled/Solving-Maze/install/local_setup.bash'
[2.259s] INFO:colcon.colcon_core.shell:Creating prefix chain script '/home/mohamed-khaled/Solving-Maze/install/setup.bash'
[2.260s] INFO:colcon.colcon_core.shell:Creating prefix script '/home/mohamed-khaled/Solving-Maze/install/local_setup.zsh'
[2.261s] INFO:colcon.colcon_core.shell:Creating prefix chain script '/home/mohamed-khaled/Solving-Maze/install/setup.zsh'
