/home/mohamed-khaled/Solving-Maze/install/maze_control/lib/python3.12/site-packages/maze_control/wall_retraction_service.py
/home/mohamed-khaled/Solving-Maze/install/maze_control/lib/python3.12/site-packages/maze_control/__init__.py
/home/mohamed-khaled/Solving-Maze/install/maze_control/lib/python3.12/site-packages/maze_control/maze_timer_node.py
/home/mohamed-khaled/Solving-Maze/install/maze_control/lib/python3.12/site-packages/maze_control/__pycache__/wall_retraction_service.cpython-312.pyc
/home/mohamed-khaled/Solving-Maze/install/maze_control/lib/python3.12/site-packages/maze_control/__pycache__/__init__.cpython-312.pyc
/home/mohamed-khaled/Solving-Maze/install/maze_control/lib/python3.12/site-packages/maze_control/__pycache__/maze_timer_node.cpython-312.pyc
/home/mohamed-khaled/Solving-Maze/install/maze_control/share/ament_index/resource_index/packages/maze_control
/home/mohamed-khaled/Solving-Maze/install/maze_control/share/maze_control/package.xml
/home/mohamed-khaled/Solving-Maze/install/maze_control/share/maze_control/launch/maze_simulation_tb3.launch.py
/home/mohamed-khaled/Solving-Maze/install/maze_control/share/maze_control/worlds/maze_world.sdf
/home/mohamed-khaled/Solving-Maze/install/maze_control/share/maze_control/config/bridge_config.yaml
/home/mohamed-khaled/Solving-Maze/install/maze_control/share/maze_control/config/gui.config
/home/mohamed-khaled/Solving-Maze/install/maze_control/share/maze_control/models/simple_robot
/home/mohamed-khaled/Solving-Maze/install/maze_control/lib/python3.12/site-packages/maze_control-0.1.0-py3.12.egg-info/zip-safe
/home/mohamed-khaled/Solving-Maze/install/maze_control/lib/python3.12/site-packages/maze_control-0.1.0-py3.12.egg-info/requires.txt
/home/mohamed-khaled/Solving-Maze/install/maze_control/lib/python3.12/site-packages/maze_control-0.1.0-py3.12.egg-info/SOURCES.txt
/home/mohamed-khaled/Solving-Maze/install/maze_control/lib/python3.12/site-packages/maze_control-0.1.0-py3.12.egg-info/entry_points.txt
/home/mohamed-khaled/Solving-Maze/install/maze_control/lib/python3.12/site-packages/maze_control-0.1.0-py3.12.egg-info/PKG-INFO
/home/mohamed-khaled/Solving-Maze/install/maze_control/lib/python3.12/site-packages/maze_control-0.1.0-py3.12.egg-info/top_level.txt
/home/mohamed-khaled/Solving-Maze/install/maze_control/lib/python3.12/site-packages/maze_control-0.1.0-py3.12.egg-info/dependency_links.txt
/home/mohamed-khaled/Solving-Maze/install/maze_control/lib/maze_control/maze_timer_node
/home/mohamed-khaled/Solving-Maze/install/maze_control/lib/maze_control/wall_retraction_service
