[1.547s] Invoking command in '/home/mohamed-khaled/Solving-Maze/src/mazeSolve_pkg': DEBUGINFOD_URLS=https://debuginfod.ubuntu.com PYTHONPATH=/home/mohamed-khaled/Solving-Maze/build/mazeSolve_pkg/prefix_override:/usr/lib/python3/dist-packages/colcon_core/task/python/colcon_distutils_commands:/home/mohamed-khaled/Solving-Maze/install/mazeSolve_pkg/lib/python3.12/site-packages:${PYTHONPATH} /usr/bin/python3 -W ignore:setup.py install is deprecated -W ignore:easy_install command is deprecated setup.py egg_info --egg-base ../../build/mazeSolve_pkg build --build-base /home/mohamed-khaled/Solving-Maze/build/mazeSolve_pkg/build install --record /home/mohamed-khaled/Solving-Maze/build/mazeSolve_pkg/install.log --install-scripts $base/lib/mazeSolve_pkg --single-version-externally-managed install_data
[1.963s] running egg_info
[1.964s] creating ../../build/mazeSolve_pkg/mazeSolve_pkg.egg-info
[1.996s] writing ../../build/mazeSolve_pkg/mazeSolve_pkg.egg-info/PKG-INFO
[1.997s] writing dependency_links to ../../build/mazeSolve_pkg/mazeSolve_pkg.egg-info/dependency_links.txt
[1.997s] writing requirements to ../../build/mazeSolve_pkg/mazeSolve_pkg.egg-info/requires.txt
[1.997s] writing top-level names to ../../build/mazeSolve_pkg/mazeSolve_pkg.egg-info/top_level.txt
[1.997s] writing manifest file '../../build/mazeSolve_pkg/mazeSolve_pkg.egg-info/SOURCES.txt'
[2.064s] reading manifest file '../../build/mazeSolve_pkg/mazeSolve_pkg.egg-info/SOURCES.txt'
[2.065s] writing manifest file '../../build/mazeSolve_pkg/mazeSolve_pkg.egg-info/SOURCES.txt'
[2.065s] running build
[2.065s] running build_py
[2.065s] creating /home/mohamed-khaled/Solving-Maze/build/mazeSolve_pkg/build
[2.066s] creating /home/mohamed-khaled/Solving-Maze/build/mazeSolve_pkg/build/lib
[2.066s] creating /home/mohamed-khaled/Solving-Maze/build/mazeSolve_pkg/build/lib/mazeSolve_pkg
[2.066s] copying mazeSolve_pkg/yaw_client.py -> /home/mohamed-khaled/Solving-Maze/build/mazeSolve_pkg/build/lib/mazeSolve_pkg
[2.066s] copying mazeSolve_pkg/__init__.py -> /home/mohamed-khaled/Solving-Maze/build/mazeSolve_pkg/build/lib/mazeSolve_pkg
[2.066s] running install
[2.075s] running install_lib
[2.109s] creating /home/mohamed-khaled/Solving-Maze/install/mazeSolve_pkg/lib/python3.12/site-packages/mazeSolve_pkg
[2.109s] copying /home/mohamed-khaled/Solving-Maze/build/mazeSolve_pkg/build/lib/mazeSolve_pkg/yaw_client.py -> /home/mohamed-khaled/Solving-Maze/install/mazeSolve_pkg/lib/python3.12/site-packages/mazeSolve_pkg
[2.109s] copying /home/mohamed-khaled/Solving-Maze/build/mazeSolve_pkg/build/lib/mazeSolve_pkg/__init__.py -> /home/mohamed-khaled/Solving-Maze/install/mazeSolve_pkg/lib/python3.12/site-packages/mazeSolve_pkg
[2.109s] byte-compiling /home/mohamed-khaled/Solving-Maze/install/mazeSolve_pkg/lib/python3.12/site-packages/mazeSolve_pkg/yaw_client.py to yaw_client.cpython-312.pyc
[2.110s] byte-compiling /home/mohamed-khaled/Solving-Maze/install/mazeSolve_pkg/lib/python3.12/site-packages/mazeSolve_pkg/__init__.py to __init__.cpython-312.pyc
[2.110s] running install_data
[2.110s] creating /home/mohamed-khaled/Solving-Maze/install/mazeSolve_pkg/share/ament_index
[2.111s] creating /home/mohamed-khaled/Solving-Maze/install/mazeSolve_pkg/share/ament_index/resource_index
[2.111s] creating /home/mohamed-khaled/Solving-Maze/install/mazeSolve_pkg/share/ament_index/resource_index/packages
[2.111s] copying resource/mazeSolve_pkg -> /home/mohamed-khaled/Solving-Maze/install/mazeSolve_pkg/share/ament_index/resource_index/packages
[2.111s] copying package.xml -> /home/mohamed-khaled/Solving-Maze/install/mazeSolve_pkg/share/mazeSolve_pkg
[2.111s] running install_egg_info
[2.145s] Copying ../../build/mazeSolve_pkg/mazeSolve_pkg.egg-info to /home/mohamed-khaled/Solving-Maze/install/mazeSolve_pkg/lib/python3.12/site-packages/mazeSolve_pkg-0.0.0-py3.12.egg-info
[2.146s] running install_scripts
[2.354s] writing list of installed files to '/home/mohamed-khaled/Solving-Maze/build/mazeSolve_pkg/install.log'
[2.386s] Invoked command in '/home/mohamed-khaled/Solving-Maze/src/mazeSolve_pkg' returned '0': DEBUGINFOD_URLS=https://debuginfod.ubuntu.com PYTHONPATH=/home/mohamed-khaled/Solving-Maze/build/mazeSolve_pkg/prefix_override:/usr/lib/python3/dist-packages/colcon_core/task/python/colcon_distutils_commands:/home/mohamed-khaled/Solving-Maze/install/mazeSolve_pkg/lib/python3.12/site-packages:${PYTHONPATH} /usr/bin/python3 -W ignore:setup.py install is deprecated -W ignore:easy_install command is deprecated setup.py egg_info --egg-base ../../build/mazeSolve_pkg build --build-base /home/mohamed-khaled/Solving-Maze/build/mazeSolve_pkg/build install --record /home/mohamed-khaled/Solving-Maze/build/mazeSolve_pkg/install.log --install-scripts $base/lib/mazeSolve_pkg --single-version-externally-managed install_data
