[2.066s] Invoking command in '/root/training_ws/src/mazeSolve_pkg': PYTHONPATH=/root/training_ws/build/mazeSolve_pkg/prefix_override:/usr/lib/python3/dist-packages/colcon_core/task/python/colcon_distutils_commands:/root/training_ws/install/mazeSolve_pkg/lib/python3.12/site-packages:${PYTHONPATH} /usr/bin/python3 -W ignore:setup.py install is deprecated -W ignore:easy_install command is deprecated setup.py egg_info --egg-base ../../build/mazeSolve_pkg build --build-base /root/training_ws/build/mazeSolve_pkg/build install --record /root/training_ws/build/mazeSolve_pkg/install.log --install-scripts $base/lib/mazeSolve_pkg --single-version-externally-managed install_data
[2.661s] running egg_info
[2.700s] writing ../../build/mazeSolve_pkg/mazeSolve_pkg.egg-info/PKG-INFO
[2.701s] writing dependency_links to ../../build/mazeSolve_pkg/mazeSolve_pkg.egg-info/dependency_links.txt
[2.701s] writing requirements to ../../build/mazeSolve_pkg/mazeSolve_pkg.egg-info/requires.txt
[2.702s] writing top-level names to ../../build/mazeSolve_pkg/mazeSolve_pkg.egg-info/top_level.txt
[2.781s] reading manifest file '../../build/mazeSolve_pkg/mazeSolve_pkg.egg-info/SOURCES.txt'
[2.782s] writing manifest file '../../build/mazeSolve_pkg/mazeSolve_pkg.egg-info/SOURCES.txt'
[2.782s] running build
[2.783s] running build_py
[2.783s] copying mazeSolve_pkg/__init__.py -> /root/training_ws/build/mazeSolve_pkg/build/lib/mazeSolve_pkg
[2.784s] copying mazeSolve_pkg/yaw_client.py -> /root/training_ws/build/mazeSolve_pkg/build/lib/mazeSolve_pkg
[2.785s] running install
[2.796s] running install_lib
[2.836s] copying /root/training_ws/build/mazeSolve_pkg/build/lib/mazeSolve_pkg/__init__.py -> /root/training_ws/install/mazeSolve_pkg/lib/python3.12/site-packages/mazeSolve_pkg
[2.836s] copying /root/training_ws/build/mazeSolve_pkg/build/lib/mazeSolve_pkg/yaw_client.py -> /root/training_ws/install/mazeSolve_pkg/lib/python3.12/site-packages/mazeSolve_pkg
[2.838s] byte-compiling /root/training_ws/install/mazeSolve_pkg/lib/python3.12/site-packages/mazeSolve_pkg/__init__.py to __init__.cpython-312.pyc
[2.839s] byte-compiling /root/training_ws/install/mazeSolve_pkg/lib/python3.12/site-packages/mazeSolve_pkg/yaw_client.py to yaw_client.cpython-312.pyc
[2.840s] running install_data
[2.841s] copying resource/mazeSolve_pkg -> /root/training_ws/install/mazeSolve_pkg/share/ament_index/resource_index/packages
[2.841s] copying package.xml -> /root/training_ws/install/mazeSolve_pkg/share/mazeSolve_pkg
[2.841s] running install_egg_info
[2.882s] removing '/root/training_ws/install/mazeSolve_pkg/lib/python3.12/site-packages/mazeSolve_pkg-0.0.0-py3.12.egg-info' (and everything under it)
[2.882s] Copying ../../build/mazeSolve_pkg/mazeSolve_pkg.egg-info to /root/training_ws/install/mazeSolve_pkg/lib/python3.12/site-packages/mazeSolve_pkg-0.0.0-py3.12.egg-info
[2.884s] running install_scripts
[3.156s] writing list of installed files to '/root/training_ws/build/mazeSolve_pkg/install.log'
[3.236s] Invoked command in '/root/training_ws/src/mazeSolve_pkg' returned '0': PYTHONPATH=/root/training_ws/build/mazeSolve_pkg/prefix_override:/usr/lib/python3/dist-packages/colcon_core/task/python/colcon_distutils_commands:/root/training_ws/install/mazeSolve_pkg/lib/python3.12/site-packages:${PYTHONPATH} /usr/bin/python3 -W ignore:setup.py install is deprecated -W ignore:easy_install command is deprecated setup.py egg_info --egg-base ../../build/mazeSolve_pkg build --build-base /root/training_ws/build/mazeSolve_pkg/build install --record /root/training_ws/build/mazeSolve_pkg/install.log --install-scripts $base/lib/mazeSolve_pkg --single-version-externally-managed install_data
