[0.022s] Invoking command in '/root/training_ws_merge2/build/interfaces': /usr/bin/cmake /root/training_ws_merge2/src/interfaces -DCMAKE_INSTALL_PREFIX=/root/training_ws_merge2/install/interfaces
[0.146s] -- The C compiler identification is GNU 13.3.0
[0.283s] -- The CXX compiler identification is GNU 13.3.0
[0.317s] -- Detecting C compiler ABI info
[0.480s] -- Detecting C compiler ABI info - done
[0.499s] -- Check for working C compiler: /usr/bin/cc - skipped
[0.500s] -- Detecting C compile features
[0.501s] -- Detecting C compile features - done
[0.520s] -- Detecting CXX compiler ABI info
[0.708s] -- Detecting CXX compiler ABI info - done
[0.729s] -- Check for working CXX compiler: /usr/bin/c++ - skipped
[0.730s] -- Detecting CXX compile features
[0.731s] -- Detecting CXX compile features - done
[0.785s] [31mCMake Error at CMakeLists.txt:9 (find_package):
[0.785s]   By not providing "Findament_cmake.cmake" in CMAKE_MODULE_PATH this project
[0.785s]   has asked CMake to find a package configuration file provided by
[0.785s]   "ament_cmake", but CMake did not find one.
[0.785s] 
[0.785s]   Could not find a package configuration file provided by "ament_cmake" with
[0.786s]   any of the following names:
[0.786s] 
[0.786s]     ament_cmakeConfig.cmake
[0.786s]     ament_cmake-config.cmake
[0.786s] 
[0.786s]   Add the installation prefix of "ament_cmake" to CMAKE_PREFIX_PATH or set
[0.786s]   "ament_cmake_DIR" to a directory containing one of the above files.  If
[0.786s]   "ament_cmake" provides a separate development package or SDK, be sure it
[0.787s]   has been installed.
[0.787s] 
[0.787s] [0m
[0.787s] -- Configuring incomplete, errors occurred!
[0.791s] Invoked command in '/root/training_ws_merge2/build/interfaces' returned '1': /usr/bin/cmake /root/training_ws_merge2/src/interfaces -DCMAKE_INSTALL_PREFIX=/root/training_ws_merge2/install/interfaces
