[1.928s] Invoking command in '/home/a/Solving-Maze/src/MIA26_phase2_ros_contest/maze_control': DEBUGINFOD_URLS=https://debuginfod.ubuntu.com PYTHONPATH=/home/a/Solving-Maze/build/maze_control/prefix_override:/usr/lib/python3/dist-packages/colcon_core/task/python/colcon_distutils_commands:/home/a/Solving-Maze/install/maze_control/lib/python3.12/site-packages:${PYTHONPATH} /usr/bin/python3 -W ignore:setup.py install is deprecated -W ignore:easy_install command is deprecated setup.py egg_info --egg-base ../../../build/maze_control build --build-base /home/a/Solving-Maze/build/maze_control/build install --record /home/a/Solving-Maze/build/maze_control/install.log --install-scripts $base/lib/maze_control --single-version-externally-managed install_data
[2.227s] /usr/lib/python3/dist-packages/setuptools/dist.py:744: SetuptoolsDeprecationWarning: Invalid dash-separated options
[2.227s] !!
[2.228s] 
[2.228s]         ********************************************************************************
[2.228s]         Usage of dash-separated 'script-dir' will not be supported in future
[2.228s]         versions. Please use the underscore name 'script_dir' instead.
[2.228s] 
[2.229s]         This deprecation is overdue, please update your project and remove deprecated
[2.229s]         calls to avoid build errors in the future.
[2.229s] 
[2.229s]         See https://setuptools.pypa.io/en/latest/userguide/declarative_config.html for details.
[2.229s]         ********************************************************************************
[2.229s] 
[2.230s] !!
[2.230s]   opt = self.warn_dash_deprecation(opt, section)
[2.583s] running egg_info
[2.630s] writing ../../../build/maze_control/maze_control.egg-info/PKG-INFO
[2.630s] writing dependency_links to ../../../build/maze_control/maze_control.egg-info/dependency_links.txt
[2.631s] writing entry points to ../../../build/maze_control/maze_control.egg-info/entry_points.txt
[2.631s] writing requirements to ../../../build/maze_control/maze_control.egg-info/requires.txt
[2.632s] writing top-level names to ../../../build/maze_control/maze_control.egg-info/top_level.txt
[2.733s] reading manifest file '../../../build/maze_control/maze_control.egg-info/SOURCES.txt'
[2.734s] writing manifest file '../../../build/maze_control/maze_control.egg-info/SOURCES.txt'
[2.735s] running build
[2.735s] running build_py
[2.735s] running install
[2.748s] running install_lib
[2.800s] running install_data
[2.800s] running install_egg_info
[2.855s] removing '/home/a/Solving-Maze/install/maze_control/lib/python3.12/site-packages/maze_control-0.1.0-py3.12.egg-info' (and everything under it)
[2.856s] Copying ../../../build/maze_control/maze_control.egg-info to /home/a/Solving-Maze/install/maze_control/lib/python3.12/site-packages/maze_control-0.1.0-py3.12.egg-info
[2.857s] running install_scripts
[3.170s] Installing maze_timer_node script to /home/a/Solving-Maze/install/maze_control/lib/maze_control
[3.171s] Installing wall_retraction_service script to /home/a/Solving-Maze/install/maze_control/lib/maze_control
[3.171s] writing list of installed files to '/home/a/Solving-Maze/build/maze_control/install.log'
[3.256s] Invoked command in '/home/a/Solving-Maze/src/MIA26_phase2_ros_contest/maze_control' returned '0': DEBUGINFOD_URLS=https://debuginfod.ubuntu.com PYTHONPATH=/home/a/Solving-Maze/build/maze_control/prefix_override:/usr/lib/python3/dist-packages/colcon_core/task/python/colcon_distutils_commands:/home/a/Solving-Maze/install/maze_control/lib/python3.12/site-packages:${PYTHONPATH} /usr/bin/python3 -W ignore:setup.py install is deprecated -W ignore:easy_install command is deprecated setup.py egg_info --egg-base ../../../build/maze_control build --build-base /home/a/Solving-Maze/build/maze_control/build install --record /home/a/Solving-Maze/build/maze_control/install.log --install-scripts $base/lib/maze_control --single-version-externally-managed install_data
