[0.056s] Invoking command in '/root/training_ws_merge2/src/build/interfaces': CMAKE_PREFIX_PATH=${CMAKE_PREFIX_PATH}:/root/training_ws_merge2/src/install/maze_control:/root/training_ws_merge2/src/install/mazeSolve_pkg:/root/training_ws_merge2/install/maze_control:/root/training_ws_merge2/install/mazeSolve_pkg:/root/training_ws/install/mazeSolve_pkg:/opt/ros/jazzy /usr/bin/cmake --build /root/training_ws_merge2/src/build/interfaces -- -j8 -l8
[0.283s] [  2%] Built target interfaces__rosidl_generator_type_description
[0.377s] [  2%] Built target ament_cmake_python_symlink_interfaces
[0.453s] [  5%] Built target interfaces__cpp
[1.280s] running egg_info
[1.344s] writing interfaces.egg-info/PKG-INFO
[1.345s] writing dependency_links to interfaces.egg-info/dependency_links.txt
[1.345s] writing top-level names to interfaces.egg-info/top_level.txt
[1.552s] reading manifest file 'interfaces.egg-info/SOURCES.txt'
[1.554s] writing manifest file 'interfaces.egg-info/SOURCES.txt'
[1.664s] [  5%] Built target ament_cmake_python_build_interfaces_egg
[1.732s] [ 20%] Built target interfaces__rosidl_generator_c
[1.805s] [ 22%] Built target interfaces__rs
[1.884s] [ 31%] Built target interfaces__rosidl_typesupport_cpp
[1.972s] [ 40%] Built target interfaces__rosidl_typesupport_introspection_cpp
[2.072s] [ 48%] Built target interfaces__rosidl_typesupport_fastrtps_cpp
[2.172s] [ 57%] Built target interfaces__rosidl_typesupport_c
[2.241s] [ 65%] Built target interfaces__rosidl_typesupport_introspection_c
[2.346s] [ 74%] Built target interfaces__rosidl_typesupport_fastrtps_c
[2.433s] [ 74%] Built target interfaces
[2.520s] [ 77%] Built target interfaces__py
[2.603s] [ 82%] Built target interfaces__rosidl_generator_py
[2.701s] [ 88%] Built target interfaces_s__rosidl_typesupport_fastrtps_c
[2.788s] [ 94%] Built target interfaces_s__rosidl_typesupport_c
[2.867s] [100%] Built target interfaces_s__rosidl_typesupport_introspection_c
[2.900s] Invoked command in '/root/training_ws_merge2/src/build/interfaces' returned '0': CMAKE_PREFIX_PATH=${CMAKE_PREFIX_PATH}:/root/training_ws_merge2/src/install/maze_control:/root/training_ws_merge2/src/install/mazeSolve_pkg:/root/training_ws_merge2/install/maze_control:/root/training_ws_merge2/install/mazeSolve_pkg:/root/training_ws/install/mazeSolve_pkg:/opt/ros/jazzy /usr/bin/cmake --build /root/training_ws_merge2/src/build/interfaces -- -j8 -l8
[2.935s] Invoking command in '/root/training_ws_merge2/src/build/interfaces': CMAKE_PREFIX_PATH=${CMAKE_PREFIX_PATH}:/root/training_ws_merge2/src/install/maze_control:/root/training_ws_merge2/src/install/mazeSolve_pkg:/root/training_ws_merge2/install/maze_control:/root/training_ws_merge2/install/mazeSolve_pkg:/root/training_ws/install/mazeSolve_pkg:/opt/ros/jazzy /usr/bin/cmake --install /root/training_ws_merge2/src/build/interfaces
[2.968s] -- Install configuration: ""
[2.969s] -- Execute custom install script
[2.970s] -- Up-to-date symlink: /root/training_ws_merge2/src/install/interfaces/share/ament_index/resource_index/rosidl_interfaces/interfaces
[2.972s] -- Up-to-date symlink: /root/training_ws_merge2/src/install/interfaces/share/interfaces/action/Move.json
[2.972s] -- Up-to-date symlink: /root/training_ws_merge2/src/install/interfaces/include/interfaces/interfaces/action/detail/move__functions.h
[2.973s] -- Up-to-date symlink: /root/training_ws_merge2/src/install/interfaces/include/interfaces/interfaces/action/detail/move__struct.h
[2.973s] -- Up-to-date symlink: /root/training_ws_merge2/src/install/interfaces/include/interfaces/interfaces/action/detail/move__type_support.h
[2.974s] -- Up-to-date symlink: /root/training_ws_merge2/src/install/interfaces/include/interfaces/interfaces/action/move.h
[2.975s] -- Up-to-date symlink: /root/training_ws_merge2/src/install/interfaces/include/interfaces/interfaces/msg/rosidl_generator_c__visibility_control.h
[2.976s] -- Up-to-date symlink: /root/training_ws_merge2/src/install/interfaces/share/interfaces/environment/library_path.sh
[2.977s] -- Up-to-date symlink: /root/training_ws_merge2/src/install/interfaces/share/interfaces/environment/library_path.dsv
[2.978s] -- Up-to-date symlink: /root/training_ws_merge2/src/install/interfaces/include/interfaces/interfaces/action/detail/move__rosidl_typesupport_fastrtps_c.h
[2.980s] -- Up-to-date symlink: /root/training_ws_merge2/src/install/interfaces/include/interfaces/interfaces/msg/rosidl_typesupport_fastrtps_c__visibility_control.h
[2.980s] -- Up-to-date symlink: /root/training_ws_merge2/src/install/interfaces/include/interfaces/interfaces/action/detail/move__rosidl_typesupport_introspection_c.h
[2.981s] -- Up-to-date symlink: /root/training_ws_merge2/src/install/interfaces/include/interfaces/interfaces/msg/rosidl_typesupport_introspection_c__visibility_control.h
[2.983s] -- Up-to-date symlink: /root/training_ws_merge2/src/install/interfaces/include/interfaces/interfaces/action/detail/move__builder.hpp
[2.983s] -- Up-to-date symlink: /root/training_ws_merge2/src/install/interfaces/include/interfaces/interfaces/action/detail/move__struct.hpp
[2.984s] -- Up-to-date symlink: /root/training_ws_merge2/src/install/interfaces/include/interfaces/interfaces/action/detail/move__traits.hpp
[2.985s] -- Up-to-date symlink: /root/training_ws_merge2/src/install/interfaces/include/interfaces/interfaces/action/detail/move__type_support.hpp
[2.985s] -- Up-to-date symlink: /root/training_ws_merge2/src/install/interfaces/include/interfaces/interfaces/action/move.hpp
[2.986s] -- Up-to-date symlink: /root/training_ws_merge2/src/install/interfaces/include/interfaces/interfaces/msg/rosidl_generator_cpp__visibility_control.hpp
[2.993s] -- Up-to-date symlink: /root/training_ws_merge2/src/install/interfaces/include/interfaces/interfaces/action/detail/move__rosidl_typesupport_fastrtps_cpp.hpp
[2.993s] -- Up-to-date symlink: /root/training_ws_merge2/src/install/interfaces/include/interfaces/interfaces/msg/rosidl_typesupport_fastrtps_cpp__visibility_control.h
[2.995s] -- Up-to-date symlink: /root/training_ws_merge2/src/install/interfaces/include/interfaces/interfaces/action/detail/move__rosidl_typesupport_introspection_cpp.hpp
[2.995s] -- Up-to-date symlink: /root/training_ws_merge2/src/install/interfaces/share/interfaces/environment/pythonpath.sh
[2.997s] -- Up-to-date symlink: /root/training_ws_merge2/src/install/interfaces/share/interfaces/environment/pythonpath.dsv
[2.997s] -- Up-to-date symlink: /root/training_ws_merge2/src/install/interfaces/lib/python3.12/site-packages/interfaces-0.0.0-py3.12.egg-info/PKG-INFO
[2.998s] -- Up-to-date symlink: /root/training_ws_merge2/src/install/interfaces/lib/python3.12/site-packages/interfaces-0.0.0-py3.12.egg-info/SOURCES.txt
[2.999s] -- Up-to-date symlink: /root/training_ws_merge2/src/install/interfaces/lib/python3.12/site-packages/interfaces-0.0.0-py3.12.egg-info/dependency_links.txt
[2.999s] -- Up-to-date symlink: /root/training_ws_merge2/src/install/interfaces/lib/python3.12/site-packages/interfaces-0.0.0-py3.12.egg-info/top_level.txt
[2.999s] -- Up-to-date symlink: /root/training_ws_merge2/src/install/interfaces/lib/python3.12/site-packages/interfaces/__init__.py
[3.000s] -- Up-to-date symlink: /root/training_ws_merge2/src/install/interfaces/lib/python3.12/site-packages/interfaces/_interfaces_s.ep.rosidl_typesupport_c.c
[3.000s] -- Up-to-date symlink: /root/training_ws_merge2/src/install/interfaces/lib/python3.12/site-packages/interfaces/_interfaces_s.ep.rosidl_typesupport_fastrtps_c.c
[3.001s] -- Up-to-date symlink: /root/training_ws_merge2/src/install/interfaces/lib/python3.12/site-packages/interfaces/_interfaces_s.ep.rosidl_typesupport_introspection_c.c
[3.001s] -- Up-to-date symlink: /root/training_ws_merge2/src/install/interfaces/lib/python3.12/site-packages/interfaces/action/__init__.py
[3.001s] -- Up-to-date symlink: /root/training_ws_merge2/src/install/interfaces/lib/python3.12/site-packages/interfaces/action/_move.py
[3.001s] -- Up-to-date symlink: /root/training_ws_merge2/src/install/interfaces/lib/python3.12/site-packages/interfaces/action/_move_s.c
[3.002s] -- Up-to-date symlink: /root/training_ws_merge2/src/install/interfaces/lib/python3.12/site-packages/interfaces/interfaces_s__rosidl_typesupport_c.so
[3.004s] -- Up-to-date symlink: /root/training_ws_merge2/src/install/interfaces/lib/python3.12/site-packages/interfaces/interfaces_s__rosidl_typesupport_fastrtps_c.so
[3.004s] -- Up-to-date symlink: /root/training_ws_merge2/src/install/interfaces/lib/python3.12/site-packages/interfaces/interfaces_s__rosidl_typesupport_introspection_c.so
[3.005s] -- Up-to-date symlink: /root/training_ws_merge2/src/install/interfaces/lib/python3.12/site-packages/interfaces/interfaces_s__rosidl_typesupport_fastrtps_c.so
[3.007s] -- Up-to-date symlink: /root/training_ws_merge2/src/install/interfaces/lib/python3.12/site-packages/interfaces/interfaces_s__rosidl_typesupport_introspection_c.so
[3.008s] -- Up-to-date symlink: /root/training_ws_merge2/src/install/interfaces/lib/python3.12/site-packages/interfaces/interfaces_s__rosidl_typesupport_c.so
[3.008s] -- Up-to-date symlink: /root/training_ws_merge2/src/install/interfaces/share/ament_index/resource_index/rust_packages/interfaces
[3.009s] -- Up-to-date symlink: /root/training_ws_merge2/src/install/interfaces/share/interfaces/rust/Cargo.toml
[3.009s] -- Up-to-date symlink: /root/training_ws_merge2/src/install/interfaces/share/interfaces/rust/build.rs
[3.011s] -- Up-to-date symlink: /root/training_ws_merge2/src/install/interfaces/share/interfaces/rust/src/action.rs
[3.012s] -- Up-to-date symlink: /root/training_ws_merge2/src/install/interfaces/share/interfaces/rust/src/action/rmw.rs
[3.012s] -- Up-to-date symlink: /root/training_ws_merge2/src/install/interfaces/share/interfaces/rust/src/lib.rs
[3.014s] -- Up-to-date symlink: /root/training_ws_merge2/src/install/interfaces/share/interfaces/action/Move.idl
[3.014s] -- Up-to-date symlink: /root/training_ws_merge2/src/install/interfaces/share/interfaces/action/Move.action
[3.015s] -- Up-to-date symlink: /root/training_ws_merge2/src/install/interfaces/share/ament_index/resource_index/package_run_dependencies/interfaces
[3.015s] -- Up-to-date symlink: /root/training_ws_merge2/src/install/interfaces/share/ament_index/resource_index/parent_prefix_path/interfaces
[3.015s] -- Up-to-date symlink: /root/training_ws_merge2/src/install/interfaces/share/interfaces/environment/ament_prefix_path.sh
[3.016s] -- Up-to-date symlink: /root/training_ws_merge2/src/install/interfaces/share/interfaces/environment/ament_prefix_path.dsv
[3.016s] -- Up-to-date symlink: /root/training_ws_merge2/src/install/interfaces/share/interfaces/environment/path.sh
[3.017s] -- Up-to-date symlink: /root/training_ws_merge2/src/install/interfaces/share/interfaces/environment/path.dsv
[3.018s] -- Up-to-date symlink: /root/training_ws_merge2/src/install/interfaces/share/interfaces/local_setup.bash
[3.018s] -- Up-to-date symlink: /root/training_ws_merge2/src/install/interfaces/share/interfaces/local_setup.sh
[3.020s] -- Up-to-date symlink: /root/training_ws_merge2/src/install/interfaces/share/interfaces/local_setup.zsh
[3.023s] -- Up-to-date symlink: /root/training_ws_merge2/src/install/interfaces/share/interfaces/local_setup.dsv
[3.023s] -- Symlinking: /root/training_ws_merge2/src/install/interfaces/share/interfaces/package.dsv
[3.059s] -- Up-to-date symlink: /root/training_ws_merge2/src/install/interfaces/share/ament_index/resource_index/packages/interfaces
[3.060s] -- Up-to-date symlink: /root/training_ws_merge2/src/install/interfaces/share/interfaces/cmake/rosidl_cmake-extras.cmake
[3.060s] -- Up-to-date symlink: /root/training_ws_merge2/src/install/interfaces/share/interfaces/cmake/ament_cmake_export_dependencies-extras.cmake
[3.061s] -- Up-to-date symlink: /root/training_ws_merge2/src/install/interfaces/share/interfaces/cmake/ament_cmake_export_include_directories-extras.cmake
[3.063s] -- Up-to-date symlink: /root/training_ws_merge2/src/install/interfaces/share/interfaces/cmake/ament_cmake_export_libraries-extras.cmake
[3.063s] -- Up-to-date symlink: /root/training_ws_merge2/src/install/interfaces/share/interfaces/cmake/ament_cmake_export_targets-extras.cmake
[3.064s] -- Up-to-date symlink: /root/training_ws_merge2/src/install/interfaces/share/interfaces/cmake/rosidl_cmake_export_typesupport_targets-extras.cmake
[3.065s] -- Up-to-date symlink: /root/training_ws_merge2/src/install/interfaces/share/interfaces/cmake/rosidl_cmake_export_typesupport_libraries-extras.cmake
[3.067s] -- Up-to-date symlink: /root/training_ws_merge2/src/install/interfaces/share/interfaces/cmake/rosidl_cmake_aggregate_target-extras.cmake
[3.067s] -- Up-to-date symlink: /root/training_ws_merge2/src/install/interfaces/share/interfaces/cmake/interfacesConfig.cmake
[3.067s] -- Up-to-date symlink: /root/training_ws_merge2/src/install/interfaces/share/interfaces/cmake/interfacesConfig-version.cmake
[3.068s] -- Up-to-date symlink: /root/training_ws_merge2/src/install/interfaces/share/interfaces/package.xml
[3.069s] -- Up-to-date: /root/training_ws_merge2/src/install/interfaces/lib/libinterfaces__rosidl_generator_c.so
[3.071s] -- Up-to-date: /root/training_ws_merge2/src/install/interfaces/lib/libinterfaces__rosidl_typesupport_fastrtps_c.so
[3.073s] -- Up-to-date: /root/training_ws_merge2/src/install/interfaces/lib/libinterfaces__rosidl_typesupport_introspection_c.so
[3.074s] -- Up-to-date: /root/training_ws_merge2/src/install/interfaces/lib/libinterfaces__rosidl_typesupport_c.so
[3.075s] -- Up-to-date: /root/training_ws_merge2/src/install/interfaces/lib/libinterfaces__rosidl_typesupport_fastrtps_cpp.so
[3.077s] -- Up-to-date: /root/training_ws_merge2/src/install/interfaces/lib/libinterfaces__rosidl_typesupport_introspection_cpp.so
[3.077s] -- Up-to-date: /root/training_ws_merge2/src/install/interfaces/lib/libinterfaces__rosidl_typesupport_cpp.so
[3.227s] Listing '/root/training_ws_merge2/src/install/interfaces/lib/python3.12/site-packages/interfaces'...
[3.227s] Listing '/root/training_ws_merge2/src/install/interfaces/lib/python3.12/site-packages/interfaces/action'...
[3.249s] -- Up-to-date: /root/training_ws_merge2/src/install/interfaces/lib/libinterfaces__rosidl_generator_py.so
[3.250s] -- Up-to-date: /root/training_ws_merge2/src/install/interfaces/share/interfaces/cmake/export_interfaces__rosidl_generator_cExport.cmake
[3.250s] -- Up-to-date: /root/training_ws_merge2/src/install/interfaces/share/interfaces/cmake/export_interfaces__rosidl_generator_cExport-noconfig.cmake
[3.250s] -- Up-to-date: /root/training_ws_merge2/src/install/interfaces/share/interfaces/cmake/export_interfaces__rosidl_typesupport_fastrtps_cExport.cmake
[3.252s] -- Up-to-date: /root/training_ws_merge2/src/install/interfaces/share/interfaces/cmake/export_interfaces__rosidl_typesupport_fastrtps_cExport-noconfig.cmake
[3.252s] -- Up-to-date: /root/training_ws_merge2/src/install/interfaces/share/interfaces/cmake/interfaces__rosidl_typesupport_introspection_cExport.cmake
[3.252s] -- Up-to-date: /root/training_ws_merge2/src/install/interfaces/share/interfaces/cmake/interfaces__rosidl_typesupport_introspection_cExport-noconfig.cmake
[3.252s] -- Up-to-date: /root/training_ws_merge2/src/install/interfaces/share/interfaces/cmake/interfaces__rosidl_typesupport_cExport.cmake
[3.253s] -- Up-to-date: /root/training_ws_merge2/src/install/interfaces/share/interfaces/cmake/interfaces__rosidl_typesupport_cExport-noconfig.cmake
[3.253s] -- Up-to-date: /root/training_ws_merge2/src/install/interfaces/share/interfaces/cmake/export_interfaces__rosidl_generator_cppExport.cmake
[3.253s] -- Up-to-date: /root/training_ws_merge2/src/install/interfaces/share/interfaces/cmake/export_interfaces__rosidl_typesupport_fastrtps_cppExport.cmake
[3.253s] -- Up-to-date: /root/training_ws_merge2/src/install/interfaces/share/interfaces/cmake/export_interfaces__rosidl_typesupport_fastrtps_cppExport-noconfig.cmake
[3.254s] -- Up-to-date: /root/training_ws_merge2/src/install/interfaces/share/interfaces/cmake/interfaces__rosidl_typesupport_introspection_cppExport.cmake
[3.255s] -- Up-to-date: /root/training_ws_merge2/src/install/interfaces/share/interfaces/cmake/interfaces__rosidl_typesupport_introspection_cppExport-noconfig.cmake
[3.256s] -- Up-to-date: /root/training_ws_merge2/src/install/interfaces/share/interfaces/cmake/interfaces__rosidl_typesupport_cppExport.cmake
[3.256s] -- Up-to-date: /root/training_ws_merge2/src/install/interfaces/share/interfaces/cmake/interfaces__rosidl_typesupport_cppExport-noconfig.cmake
[3.256s] -- Up-to-date: /root/training_ws_merge2/src/install/interfaces/share/interfaces/cmake/export_interfaces__rosidl_generator_pyExport.cmake
[3.256s] -- Up-to-date: /root/training_ws_merge2/src/install/interfaces/share/interfaces/cmake/export_interfaces__rosidl_generator_pyExport-noconfig.cmake
[3.261s] Invoked command in '/root/training_ws_merge2/src/build/interfaces' returned '0': CMAKE_PREFIX_PATH=${CMAKE_PREFIX_PATH}:/root/training_ws_merge2/src/install/maze_control:/root/training_ws_merge2/src/install/mazeSolve_pkg:/root/training_ws_merge2/install/maze_control:/root/training_ws_merge2/install/mazeSolve_pkg:/root/training_ws/install/mazeSolve_pkg:/opt/ros/jazzy /usr/bin/cmake --install /root/training_ws_merge2/src/build/interfaces
