running develop
running egg_info
creating mazeSolve_pkg.egg-info
writing mazeSolve_pkg.egg-info/PKG-INFO
writing dependency_links to mazeSolve_pkg.egg-info/dependency_links.txt
writing entry points to mazeSolve_pkg.egg-info/entry_points.txt
writing requirements to mazeSolve_pkg.egg-info/requires.txt
writing top-level names to mazeSolve_pkg.egg-info/top_level.txt
writing manifest file 'mazeSolve_pkg.egg-info/SOURCES.txt'
reading manifest file 'mazeSolve_pkg.egg-info/SOURCES.txt'
writing manifest file 'mazeSolve_pkg.egg-info/SOURCES.txt'
running build_ext
Creating /home/a/Solving-Maze/install/mazeSolve_pkg/lib/python3.12/site-packages/mazeSolve-pkg.egg-link (link to .)
Installing action_x_server script to /home/a/Solving-Maze/install/mazeSolve_pkg/lib/mazeSolve_pkg

Installed /home/a/Solving-Maze/build/mazeSolve_pkg
running symlink_data
creating /home/a/Solving-Maze/install/mazeSolve_pkg/share/ament_index
creating /home/a/Solving-Maze/install/mazeSolve_pkg/share/ament_index/resource_index
creating /home/a/Solving-Maze/install/mazeSolve_pkg/share/ament_index/resource_index/packages
symbolically linking /home/a/Solving-Maze/build/mazeSolve_pkg/resource/mazeSolve_pkg -> /home/a/Solving-Maze/install/mazeSolve_pkg/share/ament_index/resource_index/packages
symbolically linking /home/a/Solving-Maze/build/mazeSolve_pkg/package.xml -> /home/a/Solving-Maze/install/mazeSolve_pkg/share/mazeSolve_pkg
