[0.028s] Invoking command in '/home/a/Solving-Maze/build/interfaces': CMAKE_PREFIX_PATH=${CMAKE_PREFIX_PATH}:/home/a/Solving-Maze/install/mazeSolve_pkg:/opt/ros/jazzy DEBUGINFOD_URLS=https://debuginfod.ubuntu.com /usr/bin/cmake --build /home/a/Solving-Maze/build/interfaces -- -j8 -l8
[0.142s] [  2%] Built target interfaces__rs
[0.202s] [  2%] Built target ament_cmake_python_copy_interfaces
[0.244s] [  5%] Built target interfaces__rosidl_generator_type_description
[0.760s] running egg_info
[0.809s] writing interfaces.egg-info/PKG-INFO
[0.810s] writing dependency_links to interfaces.egg-info/dependency_links.txt
[0.810s] writing top-level names to interfaces.egg-info/top_level.txt
[0.961s] reading manifest file 'interfaces.egg-info/SOURCES.txt'
[0.963s] writing manifest file 'interfaces.egg-info/SOURCES.txt'
[1.040s] [  5%] Built target ament_cmake_python_build_interfaces_egg
[1.084s] [  8%] Built target interfaces__cpp
[1.129s] [ 22%] Built target interfaces__rosidl_generator_c
[1.174s] [ 31%] Built target interfaces__rosidl_typesupport_introspection_c
[1.221s] [ 40%] Built target interfaces__rosidl_typesupport_fastrtps_c
[1.265s] [ 48%] Built target interfaces__rosidl_typesupport_cpp
[1.314s] [ 57%] Built target interfaces__rosidl_typesupport_introspection_cpp
[1.361s] [ 65%] Built target interfaces__rosidl_typesupport_fastrtps_cpp
[1.405s] [ 74%] Built target interfaces__rosidl_typesupport_c
[1.449s] [ 74%] Built target interfaces
[1.489s] [ 77%] Built target interfaces__py
[1.534s] [ 82%] Built target interfaces__rosidl_generator_py
[1.588s] [ 88%] Built target interfaces_s__rosidl_typesupport_fastrtps_c
[1.634s] [ 94%] Built target interfaces_s__rosidl_typesupport_c
[1.684s] [100%] Built target interfaces_s__rosidl_typesupport_introspection_c
[1.708s] Invoked command in '/home/a/Solving-Maze/build/interfaces' returned '0': CMAKE_PREFIX_PATH=${CMAKE_PREFIX_PATH}:/home/a/Solving-Maze/install/mazeSolve_pkg:/opt/ros/jazzy DEBUGINFOD_URLS=https://debuginfod.ubuntu.com /usr/bin/cmake --build /home/a/Solving-Maze/build/interfaces -- -j8 -l8
[1.727s] Invoking command in '/home/a/Solving-Maze/build/interfaces': CMAKE_PREFIX_PATH=${CMAKE_PREFIX_PATH}:/home/a/Solving-Maze/install/mazeSolve_pkg:/opt/ros/jazzy DEBUGINFOD_URLS=https://debuginfod.ubuntu.com /usr/bin/cmake --install /home/a/Solving-Maze/build/interfaces
[1.744s] -- Install configuration: ""
[1.746s] -- Up-to-date: /home/a/Solving-Maze/install/interfaces/share/ament_index/resource_index/rosidl_interfaces/interfaces
[1.746s] -- Up-to-date: /home/a/Solving-Maze/install/interfaces/share/interfaces/action/MoveX.json
[1.746s] -- Up-to-date: /home/a/Solving-Maze/install/interfaces/include/interfaces/interfaces
[1.746s] -- Up-to-date: /home/a/Solving-Maze/install/interfaces/include/interfaces/interfaces/msg
[1.747s] -- Up-to-date: /home/a/Solving-Maze/install/interfaces/include/interfaces/interfaces/msg/rosidl_generator_c__visibility_control.h
[1.747s] -- Up-to-date: /home/a/Solving-Maze/install/interfaces/include/interfaces/interfaces/action
[1.747s] -- Up-to-date: /home/a/Solving-Maze/install/interfaces/include/interfaces/interfaces/action/move_x.h
[1.748s] -- Up-to-date: /home/a/Solving-Maze/install/interfaces/include/interfaces/interfaces/action/detail
[1.748s] -- Up-to-date: /home/a/Solving-Maze/install/interfaces/include/interfaces/interfaces/action/detail/move_x__functions.h
[1.748s] -- Up-to-date: /home/a/Solving-Maze/install/interfaces/include/interfaces/interfaces/action/detail/move_x__description.c
[1.748s] -- Up-to-date: /home/a/Solving-Maze/install/interfaces/include/interfaces/interfaces/action/detail/move_x__type_support.h
[1.749s] -- Up-to-date: /home/a/Solving-Maze/install/interfaces/include/interfaces/interfaces/action/detail/move_x__functions.c
[1.749s] -- Up-to-date: /home/a/Solving-Maze/install/interfaces/include/interfaces/interfaces/action/detail/move_x__type_support.c
[1.749s] -- Up-to-date: /home/a/Solving-Maze/install/interfaces/include/interfaces/interfaces/action/detail/move_x__struct.h
[1.749s] -- Up-to-date: /home/a/Solving-Maze/install/interfaces/share/interfaces/environment/library_path.sh
[1.749s] -- Up-to-date: /home/a/Solving-Maze/install/interfaces/share/interfaces/environment/library_path.dsv
[1.750s] -- Up-to-date: /home/a/Solving-Maze/install/interfaces/lib/libinterfaces__rosidl_generator_c.so
[1.750s] -- Up-to-date: /home/a/Solving-Maze/install/interfaces/include/interfaces/interfaces
[1.750s] -- Up-to-date: /home/a/Solving-Maze/install/interfaces/include/interfaces/interfaces/msg
[1.750s] -- Up-to-date: /home/a/Solving-Maze/install/interfaces/include/interfaces/interfaces/msg/rosidl_typesupport_fastrtps_c__visibility_control.h
[1.751s] -- Up-to-date: /home/a/Solving-Maze/install/interfaces/include/interfaces/interfaces/action
[1.751s] -- Up-to-date: /home/a/Solving-Maze/install/interfaces/include/interfaces/interfaces/action/detail
[1.751s] -- Up-to-date: /home/a/Solving-Maze/install/interfaces/include/interfaces/interfaces/action/detail/move_x__rosidl_typesupport_fastrtps_c.h
[1.751s] -- Up-to-date: /home/a/Solving-Maze/install/interfaces/lib/libinterfaces__rosidl_typesupport_fastrtps_c.so
[1.751s] -- Up-to-date: /home/a/Solving-Maze/install/interfaces/include/interfaces/interfaces
[1.752s] -- Up-to-date: /home/a/Solving-Maze/install/interfaces/include/interfaces/interfaces/msg
[1.752s] -- Up-to-date: /home/a/Solving-Maze/install/interfaces/include/interfaces/interfaces/msg/rosidl_typesupport_introspection_c__visibility_control.h
[1.753s] -- Up-to-date: /home/a/Solving-Maze/install/interfaces/include/interfaces/interfaces/action
[1.753s] -- Up-to-date: /home/a/Solving-Maze/install/interfaces/include/interfaces/interfaces/action/detail
[1.753s] -- Up-to-date: /home/a/Solving-Maze/install/interfaces/include/interfaces/interfaces/action/detail/move_x__rosidl_typesupport_introspection_c.h
[1.753s] -- Up-to-date: /home/a/Solving-Maze/install/interfaces/include/interfaces/interfaces/action/detail/move_x__type_support.c
[1.754s] -- Up-to-date: /home/a/Solving-Maze/install/interfaces/lib/libinterfaces__rosidl_typesupport_introspection_c.so
[1.754s] -- Up-to-date: /home/a/Solving-Maze/install/interfaces/lib/libinterfaces__rosidl_typesupport_c.so
[1.754s] -- Up-to-date: /home/a/Solving-Maze/install/interfaces/include/interfaces/interfaces
[1.754s] -- Up-to-date: /home/a/Solving-Maze/install/interfaces/include/interfaces/interfaces/msg
[1.754s] -- Up-to-date: /home/a/Solving-Maze/install/interfaces/include/interfaces/interfaces/msg/rosidl_generator_cpp__visibility_control.hpp
[1.755s] -- Up-to-date: /home/a/Solving-Maze/install/interfaces/include/interfaces/interfaces/action
[1.755s] -- Up-to-date: /home/a/Solving-Maze/install/interfaces/include/interfaces/interfaces/action/move_x.hpp
[1.755s] -- Up-to-date: /home/a/Solving-Maze/install/interfaces/include/interfaces/interfaces/action/detail
[1.756s] -- Up-to-date: /home/a/Solving-Maze/install/interfaces/include/interfaces/interfaces/action/detail/move_x__builder.hpp
[1.756s] -- Up-to-date: /home/a/Solving-Maze/install/interfaces/include/interfaces/interfaces/action/detail/move_x__type_support.hpp
[1.756s] -- Up-to-date: /home/a/Solving-Maze/install/interfaces/include/interfaces/interfaces/action/detail/move_x__traits.hpp
[1.758s] -- Up-to-date: /home/a/Solving-Maze/install/interfaces/include/interfaces/interfaces/action/detail/move_x__struct.hpp
[1.758s] -- Up-to-date: /home/a/Solving-Maze/install/interfaces/include/interfaces/interfaces
[1.758s] -- Up-to-date: /home/a/Solving-Maze/install/interfaces/include/interfaces/interfaces/msg
[1.758s] -- Up-to-date: /home/a/Solving-Maze/install/interfaces/include/interfaces/interfaces/msg/rosidl_typesupport_fastrtps_cpp__visibility_control.h
[1.758s] -- Up-to-date: /home/a/Solving-Maze/install/interfaces/include/interfaces/interfaces/action
[1.759s] -- Up-to-date: /home/a/Solving-Maze/install/interfaces/include/interfaces/interfaces/action/detail
[1.759s] -- Up-to-date: /home/a/Solving-Maze/install/interfaces/include/interfaces/interfaces/action/detail/move_x__rosidl_typesupport_fastrtps_cpp.hpp
[1.759s] -- Up-to-date: /home/a/Solving-Maze/install/interfaces/include/interfaces/interfaces/action/detail/dds_fastrtps
[1.759s] -- Up-to-date: /home/a/Solving-Maze/install/interfaces/lib/libinterfaces__rosidl_typesupport_fastrtps_cpp.so
[1.759s] -- Up-to-date: /home/a/Solving-Maze/install/interfaces/include/interfaces/interfaces
[1.759s] -- Up-to-date: /home/a/Solving-Maze/install/interfaces/include/interfaces/interfaces/action
[1.759s] -- Up-to-date: /home/a/Solving-Maze/install/interfaces/include/interfaces/interfaces/action/detail
[1.760s] -- Up-to-date: /home/a/Solving-Maze/install/interfaces/include/interfaces/interfaces/action/detail/move_x__rosidl_typesupport_introspection_cpp.hpp
[1.760s] -- Up-to-date: /home/a/Solving-Maze/install/interfaces/include/interfaces/interfaces/action/detail/move_x__type_support.cpp
[1.760s] -- Up-to-date: /home/a/Solving-Maze/install/interfaces/lib/libinterfaces__rosidl_typesupport_introspection_cpp.so
[1.760s] -- Up-to-date: /home/a/Solving-Maze/install/interfaces/lib/libinterfaces__rosidl_typesupport_cpp.so
[1.760s] -- Up-to-date: /home/a/Solving-Maze/install/interfaces/share/interfaces/environment/pythonpath.sh
[1.760s] -- Up-to-date: /home/a/Solving-Maze/install/interfaces/share/interfaces/environment/pythonpath.dsv
[1.760s] -- Up-to-date: /home/a/Solving-Maze/install/interfaces/lib/python3.12/site-packages/interfaces-0.0.0-py3.12.egg-info
[1.761s] -- Installing: /home/a/Solving-Maze/install/interfaces/lib/python3.12/site-packages/interfaces-0.0.0-py3.12.egg-info/top_level.txt
[1.761s] -- Installing: /home/a/Solving-Maze/install/interfaces/lib/python3.12/site-packages/interfaces-0.0.0-py3.12.egg-info/PKG-INFO
[1.761s] -- Installing: /home/a/Solving-Maze/install/interfaces/lib/python3.12/site-packages/interfaces-0.0.0-py3.12.egg-info/dependency_links.txt
[1.761s] -- Installing: /home/a/Solving-Maze/install/interfaces/lib/python3.12/site-packages/interfaces-0.0.0-py3.12.egg-info/SOURCES.txt
[1.761s] -- Up-to-date: /home/a/Solving-Maze/install/interfaces/lib/python3.12/site-packages/interfaces
[1.761s] -- Up-to-date: /home/a/Solving-Maze/install/interfaces/lib/python3.12/site-packages/interfaces/interfaces_s__rosidl_typesupport_c.so
[1.762s] -- Up-to-date: /home/a/Solving-Maze/install/interfaces/lib/python3.12/site-packages/interfaces/_interfaces_s.ep.rosidl_typesupport_fastrtps_c.c
[1.762s] -- Up-to-date: /home/a/Solving-Maze/install/interfaces/lib/python3.12/site-packages/interfaces/interfaces_s__rosidl_typesupport_fastrtps_c.so
[1.762s] -- Up-to-date: /home/a/Solving-Maze/install/interfaces/lib/python3.12/site-packages/interfaces/_interfaces_s.ep.rosidl_typesupport_introspection_c.c
[1.763s] -- Up-to-date: /home/a/Solving-Maze/install/interfaces/lib/python3.12/site-packages/interfaces/__init__.py
[1.763s] -- Up-to-date: /home/a/Solving-Maze/install/interfaces/lib/python3.12/site-packages/interfaces/interfaces_s__rosidl_typesupport_introspection_c.so
[1.763s] -- Up-to-date: /home/a/Solving-Maze/install/interfaces/lib/python3.12/site-packages/interfaces/_interfaces_s.ep.rosidl_typesupport_c.c
[1.764s] -- Up-to-date: /home/a/Solving-Maze/install/interfaces/lib/python3.12/site-packages/interfaces/action
[1.764s] -- Up-to-date: /home/a/Solving-Maze/install/interfaces/lib/python3.12/site-packages/interfaces/action/_move_x_s.c
[1.764s] -- Up-to-date: /home/a/Solving-Maze/install/interfaces/lib/python3.12/site-packages/interfaces/action/_move_x.py
[1.764s] -- Up-to-date: /home/a/Solving-Maze/install/interfaces/lib/python3.12/site-packages/interfaces/action/__init__.py
[1.836s] Listing '/home/a/Solving-Maze/install/interfaces/lib/python3.12/site-packages/interfaces'...
[1.837s] Listing '/home/a/Solving-Maze/install/interfaces/lib/python3.12/site-packages/interfaces/action'...
[1.850s] -- Up-to-date: /home/a/Solving-Maze/install/interfaces/lib/python3.12/site-packages/interfaces/interfaces_s__rosidl_typesupport_fastrtps_c.so
[1.850s] -- Up-to-date: /home/a/Solving-Maze/install/interfaces/lib/python3.12/site-packages/interfaces/interfaces_s__rosidl_typesupport_introspection_c.so
[1.850s] -- Up-to-date: /home/a/Solving-Maze/install/interfaces/lib/python3.12/site-packages/interfaces/interfaces_s__rosidl_typesupport_c.so
[1.851s] -- Up-to-date: /home/a/Solving-Maze/install/interfaces/lib/libinterfaces__rosidl_generator_py.so
[1.851s] -- Up-to-date: /home/a/Solving-Maze/install/interfaces/share/ament_index/resource_index/rust_packages/interfaces
[1.852s] -- Up-to-date: /home/a/Solving-Maze/install/interfaces/share/interfaces/rust
[1.852s] -- Up-to-date: /home/a/Solving-Maze/install/interfaces/share/interfaces/rust/src
[1.852s] -- Up-to-date: /home/a/Solving-Maze/install/interfaces/share/interfaces/rust/src/action.rs
[1.852s] -- Up-to-date: /home/a/Solving-Maze/install/interfaces/share/interfaces/rust/src/lib.rs
[1.853s] -- Up-to-date: /home/a/Solving-Maze/install/interfaces/share/interfaces/rust/src/action
[1.853s] -- Up-to-date: /home/a/Solving-Maze/install/interfaces/share/interfaces/rust/src/action/rmw.rs
[1.853s] -- Up-to-date: /home/a/Solving-Maze/install/interfaces/share/interfaces/rust/Cargo.toml
[1.853s] -- Up-to-date: /home/a/Solving-Maze/install/interfaces/share/interfaces/rust/build.rs
[1.853s] -- Up-to-date: /home/a/Solving-Maze/install/interfaces/share/interfaces/action/MoveX.idl
[1.853s] -- Up-to-date: /home/a/Solving-Maze/install/interfaces/share/interfaces/action/MoveX.action
[1.853s] -- Up-to-date: /home/a/Solving-Maze/install/interfaces/share/ament_index/resource_index/package_run_dependencies/interfaces
[1.853s] -- Up-to-date: /home/a/Solving-Maze/install/interfaces/share/ament_index/resource_index/parent_prefix_path/interfaces
[1.854s] -- Up-to-date: /home/a/Solving-Maze/install/interfaces/share/interfaces/environment/ament_prefix_path.sh
[1.854s] -- Up-to-date: /home/a/Solving-Maze/install/interfaces/share/interfaces/environment/ament_prefix_path.dsv
[1.855s] -- Up-to-date: /home/a/Solving-Maze/install/interfaces/share/interfaces/environment/path.sh
[1.856s] -- Up-to-date: /home/a/Solving-Maze/install/interfaces/share/interfaces/environment/path.dsv
[1.856s] -- Up-to-date: /home/a/Solving-Maze/install/interfaces/share/interfaces/local_setup.bash
[1.857s] -- Up-to-date: /home/a/Solving-Maze/install/interfaces/share/interfaces/local_setup.sh
[1.857s] -- Up-to-date: /home/a/Solving-Maze/install/interfaces/share/interfaces/local_setup.zsh
[1.857s] -- Up-to-date: /home/a/Solving-Maze/install/interfaces/share/interfaces/local_setup.dsv
[1.857s] -- Installing: /home/a/Solving-Maze/install/interfaces/share/interfaces/package.dsv
[1.858s] -- Up-to-date: /home/a/Solving-Maze/install/interfaces/share/ament_index/resource_index/packages/interfaces
[1.858s] -- Up-to-date: /home/a/Solving-Maze/install/interfaces/share/interfaces/cmake/export_interfaces__rosidl_generator_cExport.cmake
[1.858s] -- Up-to-date: /home/a/Solving-Maze/install/interfaces/share/interfaces/cmake/export_interfaces__rosidl_generator_cExport-noconfig.cmake
[1.858s] -- Up-to-date: /home/a/Solving-Maze/install/interfaces/share/interfaces/cmake/export_interfaces__rosidl_typesupport_fastrtps_cExport.cmake
[1.859s] -- Up-to-date: /home/a/Solving-Maze/install/interfaces/share/interfaces/cmake/export_interfaces__rosidl_typesupport_fastrtps_cExport-noconfig.cmake
[1.859s] -- Up-to-date: /home/a/Solving-Maze/install/interfaces/share/interfaces/cmake/interfaces__rosidl_typesupport_introspection_cExport.cmake
[1.859s] -- Up-to-date: /home/a/Solving-Maze/install/interfaces/share/interfaces/cmake/interfaces__rosidl_typesupport_introspection_cExport-noconfig.cmake
[1.859s] -- Up-to-date: /home/a/Solving-Maze/install/interfaces/share/interfaces/cmake/interfaces__rosidl_typesupport_cExport.cmake
[1.859s] -- Up-to-date: /home/a/Solving-Maze/install/interfaces/share/interfaces/cmake/interfaces__rosidl_typesupport_cExport-noconfig.cmake
[1.859s] -- Up-to-date: /home/a/Solving-Maze/install/interfaces/share/interfaces/cmake/export_interfaces__rosidl_generator_cppExport.cmake
[1.860s] -- Up-to-date: /home/a/Solving-Maze/install/interfaces/share/interfaces/cmake/export_interfaces__rosidl_typesupport_fastrtps_cppExport.cmake
[1.860s] -- Up-to-date: /home/a/Solving-Maze/install/interfaces/share/interfaces/cmake/export_interfaces__rosidl_typesupport_fastrtps_cppExport-noconfig.cmake
[1.860s] -- Up-to-date: /home/a/Solving-Maze/install/interfaces/share/interfaces/cmake/interfaces__rosidl_typesupport_introspection_cppExport.cmake
[1.860s] -- Up-to-date: /home/a/Solving-Maze/install/interfaces/share/interfaces/cmake/interfaces__rosidl_typesupport_introspection_cppExport-noconfig.cmake
[1.860s] -- Up-to-date: /home/a/Solving-Maze/install/interfaces/share/interfaces/cmake/interfaces__rosidl_typesupport_cppExport.cmake
[1.861s] -- Up-to-date: /home/a/Solving-Maze/install/interfaces/share/interfaces/cmake/interfaces__rosidl_typesupport_cppExport-noconfig.cmake
[1.861s] -- Up-to-date: /home/a/Solving-Maze/install/interfaces/share/interfaces/cmake/export_interfaces__rosidl_generator_pyExport.cmake
[1.861s] -- Up-to-date: /home/a/Solving-Maze/install/interfaces/share/interfaces/cmake/export_interfaces__rosidl_generator_pyExport-noconfig.cmake
[1.861s] -- Up-to-date: /home/a/Solving-Maze/install/interfaces/share/interfaces/cmake/rosidl_cmake-extras.cmake
[1.861s] -- Up-to-date: /home/a/Solving-Maze/install/interfaces/share/interfaces/cmake/ament_cmake_export_dependencies-extras.cmake
[1.862s] -- Up-to-date: /home/a/Solving-Maze/install/interfaces/share/interfaces/cmake/ament_cmake_export_include_directories-extras.cmake
[1.862s] -- Up-to-date: /home/a/Solving-Maze/install/interfaces/share/interfaces/cmake/ament_cmake_export_libraries-extras.cmake
[1.862s] -- Up-to-date: /home/a/Solving-Maze/install/interfaces/share/interfaces/cmake/ament_cmake_export_targets-extras.cmake
[1.862s] -- Up-to-date: /home/a/Solving-Maze/install/interfaces/share/interfaces/cmake/rosidl_cmake_export_typesupport_targets-extras.cmake
[1.864s] -- Up-to-date: /home/a/Solving-Maze/install/interfaces/share/interfaces/cmake/rosidl_cmake_export_typesupport_libraries-extras.cmake
[1.864s] -- Up-to-date: /home/a/Solving-Maze/install/interfaces/share/interfaces/cmake/rosidl_cmake_aggregate_target-extras.cmake
[1.864s] -- Up-to-date: /home/a/Solving-Maze/install/interfaces/share/interfaces/cmake/interfacesConfig.cmake
[1.865s] -- Up-to-date: /home/a/Solving-Maze/install/interfaces/share/interfaces/cmake/interfacesConfig-version.cmake
[1.865s] -- Up-to-date: /home/a/Solving-Maze/install/interfaces/share/interfaces/package.xml
[1.865s] Invoked command in '/home/a/Solving-Maze/build/interfaces' returned '0': CMAKE_PREFIX_PATH=${CMAKE_PREFIX_PATH}:/home/a/Solving-Maze/install/mazeSolve_pkg:/opt/ros/jazzy DEBUGINFOD_URLS=https://debuginfod.ubuntu.com /usr/bin/cmake --install /home/a/Solving-Maze/build/interfaces
