[1.268s] Invoking command in '/root/training_ws_merge2/src/mazeSolve_pkg': PYTHONPATH=/root/training_ws_merge2/src/build/mazeSolve_pkg/prefix_override:/usr/lib/python3/dist-packages/colcon_core/task/python/colcon_distutils_commands:/root/training_ws_merge2/src/install/mazeSolve_pkg/lib/python3.12/site-packages:/root/training_ws_merge2/src/install/interfaces/lib/python3.12/site-packages:/root/training_ws_merge2/build/maze_control:/root/training_ws_merge2/build/mazeSolve_pkg:/root/training_ws_merge2/src/build/maze_control:/root/training_ws_merge2/src/build/mazeSolve_pkg:/root/training_ws_merge2/src/install/maze_control/lib/python3.12/site-packages:/root/training_ws_merge2/src/install/mazeSolve_pkg/lib/python3.12/site-packages:/root/training_ws_merge2/install/maze_control/lib/python3.12/site-packages:/root/training_ws_merge2/install/mazeSolve_pkg/lib/python3.12/site-packages:/root/training_ws_merge2/install/interfaces/lib/python3.12/site-packages:/root/training_ws/install/maze_control/lib/python3.12/site-packages:/root/training_ws/install/mazeSolve_pkg/lib/python3.12/site-packages:/root/training_ws/install/interfaces/lib/python3.12/site-packages:/opt/ros/jazzy/lib/python3.12/site-packages /usr/bin/python3 -W ignore:setup.py install is deprecated -W ignore:easy_install command is deprecated setup.py egg_info --egg-base ../build/mazeSolve_pkg build --build-base /root/training_ws_merge2/src/build/mazeSolve_pkg/build install --record /root/training_ws_merge2/src/build/mazeSolve_pkg/install.log --install-scripts $base/lib/mazeSolve_pkg --single-version-externally-managed install_data
[1.652s] running egg_info
[1.677s] writing ../build/mazeSolve_pkg/mazeSolve_pkg.egg-info/PKG-INFO
[1.678s] writing dependency_links to ../build/mazeSolve_pkg/mazeSolve_pkg.egg-info/dependency_links.txt
[1.678s] writing entry points to ../build/mazeSolve_pkg/mazeSolve_pkg.egg-info/entry_points.txt
[1.678s] writing requirements to ../build/mazeSolve_pkg/mazeSolve_pkg.egg-info/requires.txt
[1.678s] writing top-level names to ../build/mazeSolve_pkg/mazeSolve_pkg.egg-info/top_level.txt
[1.730s] reading manifest file '../build/mazeSolve_pkg/mazeSolve_pkg.egg-info/SOURCES.txt'
[1.731s] writing manifest file '../build/mazeSolve_pkg/mazeSolve_pkg.egg-info/SOURCES.txt'
[1.732s] running build
[1.732s] running build_py
[1.732s] copying mazeSolve_pkg/yaw_client.py -> /root/training_ws_merge2/src/build/mazeSolve_pkg/build/lib/mazeSolve_pkg
[1.733s] running install
[1.741s] running install_lib
[1.771s] copying /root/training_ws_merge2/src/build/mazeSolve_pkg/build/lib/mazeSolve_pkg/yaw_client.py -> /root/training_ws_merge2/src/install/mazeSolve_pkg/lib/python3.12/site-packages/mazeSolve_pkg
[1.773s] byte-compiling /root/training_ws_merge2/src/install/mazeSolve_pkg/lib/python3.12/site-packages/mazeSolve_pkg/yaw_client.py to yaw_client.cpython-312.pyc
[1.776s] running install_data
[1.776s] running install_egg_info
[1.808s] removing '/root/training_ws_merge2/src/install/mazeSolve_pkg/lib/python3.12/site-packages/mazeSolve_pkg-0.0.0-py3.12.egg-info' (and everything under it)
[1.809s] Copying ../build/mazeSolve_pkg/mazeSolve_pkg.egg-info to /root/training_ws_merge2/src/install/mazeSolve_pkg/lib/python3.12/site-packages/mazeSolve_pkg-0.0.0-py3.12.egg-info
[1.810s] running install_scripts
[2.005s] Installing action_x_server script to /root/training_ws_merge2/src/install/mazeSolve_pkg/lib/mazeSolve_pkg
[2.005s] Installing yaw_client script to /root/training_ws_merge2/src/install/mazeSolve_pkg/lib/mazeSolve_pkg
[2.006s] Installing yaw_pid_server script to /root/training_ws_merge2/src/install/mazeSolve_pkg/lib/mazeSolve_pkg
[2.006s] Installing yawserver script to /root/training_ws_merge2/src/install/mazeSolve_pkg/lib/mazeSolve_pkg
[2.006s] Installing yawserverNew script to /root/training_ws_merge2/src/install/mazeSolve_pkg/lib/mazeSolve_pkg
[2.006s] writing list of installed files to '/root/training_ws_merge2/src/build/mazeSolve_pkg/install.log'
[2.066s] Invoked command in '/root/training_ws_merge2/src/mazeSolve_pkg' returned '0': PYTHONPATH=/root/training_ws_merge2/src/build/mazeSolve_pkg/prefix_override:/usr/lib/python3/dist-packages/colcon_core/task/python/colcon_distutils_commands:/root/training_ws_merge2/src/install/mazeSolve_pkg/lib/python3.12/site-packages:/root/training_ws_merge2/src/install/interfaces/lib/python3.12/site-packages:/root/training_ws_merge2/build/maze_control:/root/training_ws_merge2/build/mazeSolve_pkg:/root/training_ws_merge2/src/build/maze_control:/root/training_ws_merge2/src/build/mazeSolve_pkg:/root/training_ws_merge2/src/install/maze_control/lib/python3.12/site-packages:/root/training_ws_merge2/src/install/mazeSolve_pkg/lib/python3.12/site-packages:/root/training_ws_merge2/install/maze_control/lib/python3.12/site-packages:/root/training_ws_merge2/install/mazeSolve_pkg/lib/python3.12/site-packages:/root/training_ws_merge2/install/interfaces/lib/python3.12/site-packages:/root/training_ws/install/maze_control/lib/python3.12/site-packages:/root/training_ws/install/mazeSolve_pkg/lib/python3.12/site-packages:/root/training_ws/install/interfaces/lib/python3.12/site-packages:/opt/ros/jazzy/lib/python3.12/site-packages /usr/bin/python3 -W ignore:setup.py install is deprecated -W ignore:easy_install command is deprecated setup.py egg_info --egg-base ../build/mazeSolve_pkg build --build-base /root/training_ws_merge2/src/build/mazeSolve_pkg/build install --record /root/training_ws_merge2/src/build/mazeSolve_pkg/install.log --install-scripts $base/lib/mazeSolve_pkg --single-version-externally-managed install_data
