[0.020s] Invoking command in '/root/training_ws/src/build/interfaces': CMAKE_PREFIX_PATH=${CMAKE_PREFIX_PATH}:/root/training_ws/install/maze_control:/root/training_ws/install/mazeSolve_pkg:/opt/ros/jazzy /usr/bin/cmake /root/training_ws/src/interfaces -DCMAKE_INSTALL_PREFIX=/root/training_ws/src/install/interfaces
[0.037s] [33mCMake Warning (dev) at CMakeLists.txt:15:
[0.038s]   Syntax Warning in cmake code at column 24
[0.038s] 
[0.038s]   Argument not separated from preceding token by whitespace.
[0.039s] This warning is for project developers.  Use -Wno-dev to suppress it.
[0.039s] [0m
[0.204s] -- The C compiler identification is GNU 13.3.0
[0.348s] -- The CXX compiler identification is GNU 13.3.0
[0.385s] -- Detecting C compiler ABI info
[0.561s] -- Detecting C compiler ABI info - done
[0.577s] -- Check for working C compiler: /usr/bin/cc - skipped
[0.577s] -- Detecting C compile features
[0.578s] -- Detecting C compile features - done
[0.597s] -- Detecting CXX compiler ABI info
[0.785s] -- Detecting CXX compiler ABI info - done
[0.803s] -- Check for working CXX compiler: /usr/bin/c++ - skipped
[0.804s] -- Detecting CXX compile features
[0.805s] -- Detecting CXX compile features - done
[0.840s] -- Found ament_cmake: 2.5.6 (/opt/ros/jazzy/share/ament_cmake/cmake)
[1.132s] -- Found Python3: /usr/bin/python3 (found version "3.12.3") found components: Interpreter 
[1.438s] -- Found rosidl_default_generators: 1.6.1 (/opt/ros/jazzy/share/rosidl_default_generators/cmake)
[1.466s] -- Using all available rosidl_typesupport_c: rosidl_typesupport_fastrtps_c;rosidl_typesupport_introspection_c
[1.657s] -- Using all available rosidl_typesupport_cpp: rosidl_typesupport_fastrtps_cpp;rosidl_typesupport_introspection_cpp
[1.831s] -- Found rosidl_adapter: 4.6.9 (/opt/ros/jazzy/share/rosidl_adapter/cmake)
[1.850s] -- Found action_msgs: 2.0.4 (/opt/ros/jazzy/share/action_msgs/cmake)
[2.001s] [31mCMake Error at /opt/ros/jazzy/share/rosidl_cmake/cmake/rosidl_generate_interfaces.cmake:95 (message):
[2.001s]   rosidl_generate_interfaces() the passed file ',' doesn't exist relative to
[2.001s]   the CMAKE_CURRENT_SOURCE_DIR '/root/training_ws/src/interfaces'
[2.002s] Call Stack (most recent call first):
[2.002s]   CMakeLists.txt:13 (rosidl_generate_interfaces)
[2.002s] 
[2.002s] [0m
[2.003s] -- Configuring incomplete, errors occurred!
[2.012s] Invoked command in '/root/training_ws/src/build/interfaces' returned '1': CMAKE_PREFIX_PATH=${CMAKE_PREFIX_PATH}:/root/training_ws/install/maze_control:/root/training_ws/install/mazeSolve_pkg:/opt/ros/jazzy /usr/bin/cmake /root/training_ws/src/interfaces -DCMAKE_INSTALL_PREFIX=/root/training_ws/src/install/interfaces
