[0.200s] DEBUG:colcon:Command line arguments: ['/usr/bin/colcon', 'build', '--packages-select', 'interfaces', 'mazeSolve_pkg']
[0.200s] DEBUG:colcon:Parsed command line arguments: Namespace(log_base=None, log_level=None, verb_name='build', build_base='build', install_base='install', merge_install=False, symlink_install=False, test_result_base=None, continue_on_error=False, executor='parallel', parallel_workers=8, event_handlers=None, ignore_user_meta=False, metas=['./colcon.meta'], base_paths=['.'], packages_ignore=None, packages_ignore_regex=None, paths=None, packages_up_to=None, packages_up_to_regex=None, packages_above=None, packages_above_and_dependencies=None, packages_above_depth=None, packages_select_by_dep=None, packages_skip_by_dep=None, packages_skip_up_to=None, packages_select_build_failed=False, packages_skip_build_finished=False, packages_select_test_failures=False, packages_skip_test_passed=False, packages_select=['interfaces', 'mazeSolve_pkg'], packages_skip=None, packages_select_regex=None, packages_skip_regex=None, packages_start=None, packages_end=None, cmake_args=None, cmake_target=None, cmake_target_skip_unavailable=False, cmake_clean_cache=False, cmake_clean_first=False, cmake_force_configure=False, ament_cmake_args=None, catkin_cmake_args=None, catkin_skip_building_tests=False, mixin_files=None, mixin=None, verb_parser=<colcon_mixin.mixin.mixin_argument.MixinArgumentDecorator object at 0x7f0c83d46ea0>, verb_extension=<colcon_core.verb.build.BuildVerb object at 0x7f0c83d46180>, main=<bound method BuildVerb.main of <colcon_core.verb.build.BuildVerb object at 0x7f0c83d46180>>, mixin_verb=('build',))
[0.267s] Level 1:colcon.colcon_core.package_discovery:discover_packages(colcon_meta) check parameters
[0.268s] INFO:colcon.colcon_metadata.package_discovery.colcon_meta:Using configuration from '/root/.colcon/metadata/default/Gazebo.meta'
[0.268s] INFO:colcon.colcon_metadata.package_discovery.colcon_meta:Using configuration from '/root/.colcon/metadata/default/fastdds.meta'
[0.269s] INFO:colcon.colcon_metadata.package_discovery.colcon_meta:Using configuration from '/root/.colcon/metadata/default/fastrtps.meta'
[0.269s] Level 1:colcon.colcon_core.package_discovery:discover_packages(recursive) check parameters
[0.269s] Level 1:colcon.colcon_core.package_discovery:discover_packages(ignore) check parameters
[0.269s] Level 1:colcon.colcon_core.package_discovery:discover_packages(path) check parameters
[0.269s] Level 1:colcon.colcon_core.package_discovery:discover_packages(colcon_meta) discover
[0.270s] Level 1:colcon.colcon_core.package_discovery:discover_packages(recursive) discover
[0.270s] INFO:colcon.colcon_core.package_discovery:Crawling recursively for packages in '/root/training_ws_merge2/src'
[0.270s] Level 1:colcon.colcon_core.package_identification:_identify(.) by extensions ['ignore', 'ignore_ament_install']
[0.270s] Level 1:colcon.colcon_core.package_identification:_identify(.) by extension 'ignore'
[0.271s] Level 1:colcon.colcon_core.package_identification:_identify(.) by extension 'ignore_ament_install'
[0.271s] Level 1:colcon.colcon_core.package_identification:_identify(.) by extensions ['colcon_pkg']
[0.271s] Level 1:colcon.colcon_core.package_identification:_identify(.) by extension 'colcon_pkg'
[0.271s] Level 1:colcon.colcon_core.package_identification:_identify(.) by extensions ['colcon_meta']
[0.271s] Level 1:colcon.colcon_core.package_identification:_identify(.) by extension 'colcon_meta'
[0.271s] Level 1:colcon.colcon_core.package_identification:_identify(.) by extensions ['ros']
[0.271s] Level 1:colcon.colcon_core.package_identification:_identify(.) by extension 'ros'
[0.313s] Level 1:colcon.colcon_core.package_identification:_identify(.) by extensions ['cmake', 'python']
[0.313s] Level 1:colcon.colcon_core.package_identification:_identify(.) by extension 'cmake'
[0.313s] Level 1:colcon.colcon_core.package_identification:_identify(.) by extension 'python'
[0.313s] Level 1:colcon.colcon_core.package_identification:_identify(.) by extensions ['python_setup_py']
[0.313s] Level 1:colcon.colcon_core.package_identification:_identify(.) by extension 'python_setup_py'
[0.313s] Level 1:colcon.colcon_core.package_identification:_identify(MIA26_phase2_ros_contest) by extensions ['ignore', 'ignore_ament_install']
[0.313s] Level 1:colcon.colcon_core.package_identification:_identify(MIA26_phase2_ros_contest) by extension 'ignore'
[0.313s] Level 1:colcon.colcon_core.package_identification:_identify(MIA26_phase2_ros_contest) by extension 'ignore_ament_install'
[0.314s] Level 1:colcon.colcon_core.package_identification:_identify(MIA26_phase2_ros_contest) by extensions ['colcon_pkg']
[0.314s] Level 1:colcon.colcon_core.package_identification:_identify(MIA26_phase2_ros_contest) by extension 'colcon_pkg'
[0.314s] Level 1:colcon.colcon_core.package_identification:_identify(MIA26_phase2_ros_contest) by extensions ['colcon_meta']
[0.314s] Level 1:colcon.colcon_core.package_identification:_identify(MIA26_phase2_ros_contest) by extension 'colcon_meta'
[0.314s] Level 1:colcon.colcon_core.package_identification:_identify(MIA26_phase2_ros_contest) by extensions ['ros']
[0.314s] Level 1:colcon.colcon_core.package_identification:_identify(MIA26_phase2_ros_contest) by extension 'ros'
[0.314s] Level 1:colcon.colcon_core.package_identification:_identify(MIA26_phase2_ros_contest) by extensions ['cmake', 'python']
[0.314s] Level 1:colcon.colcon_core.package_identification:_identify(MIA26_phase2_ros_contest) by extension 'cmake'
[0.314s] Level 1:colcon.colcon_core.package_identification:_identify(MIA26_phase2_ros_contest) by extension 'python'
[0.314s] Level 1:colcon.colcon_core.package_identification:_identify(MIA26_phase2_ros_contest) by extensions ['python_setup_py']
[0.314s] Level 1:colcon.colcon_core.package_identification:_identify(MIA26_phase2_ros_contest) by extension 'python_setup_py'
[0.314s] Level 1:colcon.colcon_core.package_identification:_identify(MIA26_phase2_ros_contest/assets) by extensions ['ignore', 'ignore_ament_install']
[0.314s] Level 1:colcon.colcon_core.package_identification:_identify(MIA26_phase2_ros_contest/assets) by extension 'ignore'
[0.314s] Level 1:colcon.colcon_core.package_identification:_identify(MIA26_phase2_ros_contest/assets) by extension 'ignore_ament_install'
[0.314s] Level 1:colcon.colcon_core.package_identification:_identify(MIA26_phase2_ros_contest/assets) by extensions ['colcon_pkg']
[0.314s] Level 1:colcon.colcon_core.package_identification:_identify(MIA26_phase2_ros_contest/assets) by extension 'colcon_pkg'
[0.314s] Level 1:colcon.colcon_core.package_identification:_identify(MIA26_phase2_ros_contest/assets) by extensions ['colcon_meta']
[0.314s] Level 1:colcon.colcon_core.package_identification:_identify(MIA26_phase2_ros_contest/assets) by extension 'colcon_meta'
[0.315s] Level 1:colcon.colcon_core.package_identification:_identify(MIA26_phase2_ros_contest/assets) by extensions ['ros']
[0.315s] Level 1:colcon.colcon_core.package_identification:_identify(MIA26_phase2_ros_contest/assets) by extension 'ros'
[0.315s] Level 1:colcon.colcon_core.package_identification:_identify(MIA26_phase2_ros_contest/assets) by extensions ['cmake', 'python']
[0.315s] Level 1:colcon.colcon_core.package_identification:_identify(MIA26_phase2_ros_contest/assets) by extension 'cmake'
[0.315s] Level 1:colcon.colcon_core.package_identification:_identify(MIA26_phase2_ros_contest/assets) by extension 'python'
[0.315s] Level 1:colcon.colcon_core.package_identification:_identify(MIA26_phase2_ros_contest/assets) by extensions ['python_setup_py']
[0.315s] Level 1:colcon.colcon_core.package_identification:_identify(MIA26_phase2_ros_contest/assets) by extension 'python_setup_py'
[0.315s] Level 1:colcon.colcon_core.package_identification:_identify(MIA26_phase2_ros_contest/maze_control) by extensions ['ignore', 'ignore_ament_install']
[0.315s] Level 1:colcon.colcon_core.package_identification:_identify(MIA26_phase2_ros_contest/maze_control) by extension 'ignore'
[0.315s] Level 1:colcon.colcon_core.package_identification:_identify(MIA26_phase2_ros_contest/maze_control) by extension 'ignore_ament_install'
[0.315s] Level 1:colcon.colcon_core.package_identification:_identify(MIA26_phase2_ros_contest/maze_control) by extensions ['colcon_pkg']
[0.315s] Level 1:colcon.colcon_core.package_identification:_identify(MIA26_phase2_ros_contest/maze_control) by extension 'colcon_pkg'
[0.315s] Level 1:colcon.colcon_core.package_identification:_identify(MIA26_phase2_ros_contest/maze_control) by extensions ['colcon_meta']
[0.315s] Level 1:colcon.colcon_core.package_identification:_identify(MIA26_phase2_ros_contest/maze_control) by extension 'colcon_meta'
[0.315s] Level 1:colcon.colcon_core.package_identification:_identify(MIA26_phase2_ros_contest/maze_control) by extensions ['ros']
[0.315s] Level 1:colcon.colcon_core.package_identification:_identify(MIA26_phase2_ros_contest/maze_control) by extension 'ros'
[0.320s] DEBUG:colcon.colcon_core.package_identification:Package 'MIA26_phase2_ros_contest/maze_control' with type 'ros.ament_python' and name 'maze_control'
[0.320s] Level 1:colcon.colcon_core.package_identification:_identify(build) by extensions ['ignore', 'ignore_ament_install']
[0.320s] Level 1:colcon.colcon_core.package_identification:_identify(build) by extension 'ignore'
[0.320s] Level 1:colcon.colcon_core.package_identification:_identify(build) ignored
[0.320s] Level 1:colcon.colcon_core.package_identification:_identify(install) by extensions ['ignore', 'ignore_ament_install']
[0.321s] Level 1:colcon.colcon_core.package_identification:_identify(install) by extension 'ignore'
[0.321s] Level 1:colcon.colcon_core.package_identification:_identify(install) ignored
[0.321s] Level 1:colcon.colcon_core.package_identification:_identify(interfaces) by extensions ['ignore', 'ignore_ament_install']
[0.321s] Level 1:colcon.colcon_core.package_identification:_identify(interfaces) by extension 'ignore'
[0.321s] Level 1:colcon.colcon_core.package_identification:_identify(interfaces) by extension 'ignore_ament_install'
[0.321s] Level 1:colcon.colcon_core.package_identification:_identify(interfaces) by extensions ['colcon_pkg']
[0.321s] Level 1:colcon.colcon_core.package_identification:_identify(interfaces) by extension 'colcon_pkg'
[0.321s] Level 1:colcon.colcon_core.package_identification:_identify(interfaces) by extensions ['colcon_meta']
[0.321s] Level 1:colcon.colcon_core.package_identification:_identify(interfaces) by extension 'colcon_meta'
[0.321s] Level 1:colcon.colcon_core.package_identification:_identify(interfaces) by extensions ['ros']
[0.321s] Level 1:colcon.colcon_core.package_identification:_identify(interfaces) by extension 'ros'
[0.322s] DEBUG:colcon.colcon_core.package_identification:Package 'interfaces' with type 'ros.ament_cmake' and name 'interfaces'
[0.322s] Level 1:colcon.colcon_core.package_identification:_identify(log) by extensions ['ignore', 'ignore_ament_install']
[0.322s] Level 1:colcon.colcon_core.package_identification:_identify(log) by extension 'ignore'
[0.322s] Level 1:colcon.colcon_core.package_identification:_identify(log) ignored
[0.323s] Level 1:colcon.colcon_core.package_identification:_identify(mazeSolve_pkg) by extensions ['ignore', 'ignore_ament_install']
[0.323s] Level 1:colcon.colcon_core.package_identification:_identify(mazeSolve_pkg) by extension 'ignore'
[0.323s] Level 1:colcon.colcon_core.package_identification:_identify(mazeSolve_pkg) by extension 'ignore_ament_install'
[0.323s] Level 1:colcon.colcon_core.package_identification:_identify(mazeSolve_pkg) by extensions ['colcon_pkg']
[0.323s] Level 1:colcon.colcon_core.package_identification:_identify(mazeSolve_pkg) by extension 'colcon_pkg'
[0.323s] Level 1:colcon.colcon_core.package_identification:_identify(mazeSolve_pkg) by extensions ['colcon_meta']
[0.323s] Level 1:colcon.colcon_core.package_identification:_identify(mazeSolve_pkg) by extension 'colcon_meta'
[0.323s] Level 1:colcon.colcon_core.package_identification:_identify(mazeSolve_pkg) by extensions ['ros']
[0.323s] Level 1:colcon.colcon_core.package_identification:_identify(mazeSolve_pkg) by extension 'ros'
[0.325s] DEBUG:colcon.colcon_core.package_identification:Package 'mazeSolve_pkg' with type 'ros.ament_python' and name 'mazeSolve_pkg'
[0.325s] Level 1:colcon.colcon_core.package_discovery:discover_packages(recursive) using defaults
[0.326s] Level 1:colcon.colcon_core.package_discovery:discover_packages(ignore) discover
[0.326s] Level 1:colcon.colcon_core.package_discovery:discover_packages(ignore) using defaults
[0.326s] Level 1:colcon.colcon_core.package_discovery:discover_packages(path) discover
[0.326s] Level 1:colcon.colcon_core.package_discovery:discover_packages(path) using defaults
[0.360s] INFO:colcon.colcon_core.package_selection:Skipping not selected package 'maze_control' in 'MIA26_phase2_ros_contest/maze_control'
[0.360s] Level 5:colcon.colcon_core.verb:set package 'interfaces' build argument 'cmake_args' from command line to 'None'
[0.360s] Level 5:colcon.colcon_core.verb:set package 'interfaces' build argument 'cmake_target' from command line to 'None'
[0.360s] Level 5:colcon.colcon_core.verb:set package 'interfaces' build argument 'cmake_target_skip_unavailable' from command line to 'False'
[0.360s] Level 5:colcon.colcon_core.verb:set package 'interfaces' build argument 'cmake_clean_cache' from command line to 'False'
[0.360s] Level 5:colcon.colcon_core.verb:set package 'interfaces' build argument 'cmake_clean_first' from command line to 'False'
[0.361s] Level 5:colcon.colcon_core.verb:set package 'interfaces' build argument 'cmake_force_configure' from command line to 'False'
[0.361s] Level 5:colcon.colcon_core.verb:set package 'interfaces' build argument 'ament_cmake_args' from command line to 'None'
[0.361s] Level 5:colcon.colcon_core.verb:set package 'interfaces' build argument 'catkin_cmake_args' from command line to 'None'
[0.361s] Level 5:colcon.colcon_core.verb:set package 'interfaces' build argument 'catkin_skip_building_tests' from command line to 'False'
[0.361s] DEBUG:colcon.colcon_core.verb:Building package 'interfaces' with the following arguments: {'ament_cmake_args': None, 'build_base': '/root/training_ws_merge2/src/build/interfaces', 'catkin_cmake_args': None, 'catkin_skip_building_tests': False, 'cmake_args': None, 'cmake_clean_cache': False, 'cmake_clean_first': False, 'cmake_force_configure': False, 'cmake_target': None, 'cmake_target_skip_unavailable': False, 'install_base': '/root/training_ws_merge2/src/install/interfaces', 'merge_install': False, 'path': '/root/training_ws_merge2/src/interfaces', 'symlink_install': False, 'test_result_base': None}
[0.361s] Level 5:colcon.colcon_core.verb:set package 'mazeSolve_pkg' build argument 'cmake_args' from command line to 'None'
[0.361s] Level 5:colcon.colcon_core.verb:set package 'mazeSolve_pkg' build argument 'cmake_target' from command line to 'None'
[0.361s] Level 5:colcon.colcon_core.verb:set package 'mazeSolve_pkg' build argument 'cmake_target_skip_unavailable' from command line to 'False'
[0.361s] Level 5:colcon.colcon_core.verb:set package 'mazeSolve_pkg' build argument 'cmake_clean_cache' from command line to 'False'
[0.361s] Level 5:colcon.colcon_core.verb:set package 'mazeSolve_pkg' build argument 'cmake_clean_first' from command line to 'False'
[0.361s] Level 5:colcon.colcon_core.verb:set package 'mazeSolve_pkg' build argument 'cmake_force_configure' from command line to 'False'
[0.361s] Level 5:colcon.colcon_core.verb:set package 'mazeSolve_pkg' build argument 'ament_cmake_args' from command line to 'None'
[0.361s] Level 5:colcon.colcon_core.verb:set package 'mazeSolve_pkg' build argument 'catkin_cmake_args' from command line to 'None'
[0.361s] Level 5:colcon.colcon_core.verb:set package 'mazeSolve_pkg' build argument 'catkin_skip_building_tests' from command line to 'False'
[0.361s] DEBUG:colcon.colcon_core.verb:Building package 'mazeSolve_pkg' with the following arguments: {'ament_cmake_args': None, 'build_base': '/root/training_ws_merge2/src/build/mazeSolve_pkg', 'catkin_cmake_args': None, 'catkin_skip_building_tests': False, 'cmake_args': None, 'cmake_clean_cache': False, 'cmake_clean_first': False, 'cmake_force_configure': False, 'cmake_target': None, 'cmake_target_skip_unavailable': False, 'install_base': '/root/training_ws_merge2/src/install/mazeSolve_pkg', 'merge_install': False, 'path': '/root/training_ws_merge2/src/mazeSolve_pkg', 'symlink_install': False, 'test_result_base': None}
[0.362s] INFO:colcon.colcon_core.executor:Executing jobs using 'parallel' executor
[0.363s] DEBUG:colcon.colcon_parallel_executor.executor.parallel:run_until_complete
[0.363s] INFO:colcon.colcon_ros.task.ament_cmake.build:Building ROS package in '/root/training_ws_merge2/src/interfaces' with build type 'ament_cmake'
[0.364s] INFO:colcon.colcon_cmake.task.cmake.build:Building CMake package in '/root/training_ws_merge2/src/interfaces'
[0.368s] INFO:colcon.colcon_core.plugin_system:Skipping extension 'colcon_core.shell.bat': Not used on non-Windows systems
[0.368s] INFO:colcon.colcon_core.shell:Skip shell extension 'powershell' for command environment: Not usable outside of PowerShell
[0.368s] DEBUG:colcon.colcon_core.shell:Skip shell extension 'dsv' for command environment
[0.391s] DEBUG:colcon.colcon_core.event_handler.log_command:Invoking command in '/root/training_ws_merge2/src/build/interfaces': CMAKE_PREFIX_PATH=${CMAKE_PREFIX_PATH}:/root/training_ws_merge2/src/install/maze_control:/root/training_ws_merge2/src/install/mazeSolve_pkg:/root/training_ws_merge2/install/maze_control:/root/training_ws_merge2/install/mazeSolve_pkg:/root/training_ws/install/mazeSolve_pkg:/opt/ros/jazzy /usr/bin/cmake --build /root/training_ws_merge2/src/build/interfaces -- -j8 -l8
[1.956s] DEBUG:colcon.colcon_core.event_handler.log_command:Invoked command in '/root/training_ws_merge2/src/build/interfaces' returned '0': CMAKE_PREFIX_PATH=${CMAKE_PREFIX_PATH}:/root/training_ws_merge2/src/install/maze_control:/root/training_ws_merge2/src/install/mazeSolve_pkg:/root/training_ws_merge2/install/maze_control:/root/training_ws_merge2/install/mazeSolve_pkg:/root/training_ws/install/mazeSolve_pkg:/opt/ros/jazzy /usr/bin/cmake --build /root/training_ws_merge2/src/build/interfaces -- -j8 -l8
[1.977s] DEBUG:colcon.colcon_core.event_handler.log_command:Invoking command in '/root/training_ws_merge2/src/build/interfaces': CMAKE_PREFIX_PATH=${CMAKE_PREFIX_PATH}:/root/training_ws_merge2/src/install/maze_control:/root/training_ws_merge2/src/install/mazeSolve_pkg:/root/training_ws_merge2/install/maze_control:/root/training_ws_merge2/install/mazeSolve_pkg:/root/training_ws/install/mazeSolve_pkg:/opt/ros/jazzy /usr/bin/cmake --install /root/training_ws_merge2/src/build/interfaces
[2.138s] Level 1:colcon.colcon_core.environment:create_environment_scripts_only(interfaces)
[2.139s] DEBUG:colcon.colcon_core.event_handler.log_command:Invoked command in '/root/training_ws_merge2/src/build/interfaces' returned '0': CMAKE_PREFIX_PATH=${CMAKE_PREFIX_PATH}:/root/training_ws_merge2/src/install/maze_control:/root/training_ws_merge2/src/install/mazeSolve_pkg:/root/training_ws_merge2/install/maze_control:/root/training_ws_merge2/install/mazeSolve_pkg:/root/training_ws/install/mazeSolve_pkg:/opt/ros/jazzy /usr/bin/cmake --install /root/training_ws_merge2/src/build/interfaces
[2.143s] Level 1:colcon.colcon_core.environment:checking '/root/training_ws_merge2/src/install/interfaces' for CMake module files
[2.144s] Level 1:colcon.colcon_core.environment:checking '/root/training_ws_merge2/src/install/interfaces' for CMake config files
[2.145s] Level 1:colcon.colcon_core.shell:create_environment_hook('interfaces', 'cmake_prefix_path')
[2.145s] INFO:colcon.colcon_core.shell:Creating environment hook '/root/training_ws_merge2/src/install/interfaces/share/interfaces/hook/cmake_prefix_path.ps1'
[2.147s] INFO:colcon.colcon_core.shell:Creating environment descriptor '/root/training_ws_merge2/src/install/interfaces/share/interfaces/hook/cmake_prefix_path.dsv'
[2.148s] INFO:colcon.colcon_core.shell:Creating environment hook '/root/training_ws_merge2/src/install/interfaces/share/interfaces/hook/cmake_prefix_path.sh'
[2.152s] Level 1:colcon.colcon_core.environment:checking '/root/training_ws_merge2/src/install/interfaces/lib'
[2.152s] Level 1:colcon.colcon_core.shell:create_environment_hook('interfaces', 'ld_library_path_lib')
[2.153s] INFO:colcon.colcon_core.shell:Creating environment hook '/root/training_ws_merge2/src/install/interfaces/share/interfaces/hook/ld_library_path_lib.ps1'
[2.153s] INFO:colcon.colcon_core.shell:Creating environment descriptor '/root/training_ws_merge2/src/install/interfaces/share/interfaces/hook/ld_library_path_lib.dsv'
[2.154s] INFO:colcon.colcon_core.shell:Creating environment hook '/root/training_ws_merge2/src/install/interfaces/share/interfaces/hook/ld_library_path_lib.sh'
[2.156s] Level 1:colcon.colcon_core.environment:checking '/root/training_ws_merge2/src/install/interfaces/bin'
[2.156s] Level 1:colcon.colcon_core.environment:checking '/root/training_ws_merge2/src/install/interfaces/lib/pkgconfig/interfaces.pc'
[2.159s] Level 1:colcon.colcon_core.environment:checking '/root/training_ws_merge2/src/install/interfaces/lib/python3.12/site-packages'
[2.160s] Level 1:colcon.colcon_core.shell:create_environment_hook('interfaces', 'pythonpath')
[2.160s] INFO:colcon.colcon_core.shell:Creating environment hook '/root/training_ws_merge2/src/install/interfaces/share/interfaces/hook/pythonpath.ps1'
[2.161s] INFO:colcon.colcon_core.shell:Creating environment descriptor '/root/training_ws_merge2/src/install/interfaces/share/interfaces/hook/pythonpath.dsv'
[2.161s] INFO:colcon.colcon_core.shell:Creating environment hook '/root/training_ws_merge2/src/install/interfaces/share/interfaces/hook/pythonpath.sh'
[2.162s] Level 1:colcon.colcon_core.environment:checking '/root/training_ws_merge2/src/install/interfaces/bin'
[2.162s] INFO:colcon.colcon_core.shell:Creating package script '/root/training_ws_merge2/src/install/interfaces/share/interfaces/package.ps1'
[2.164s] INFO:colcon.colcon_core.shell:Creating package descriptor '/root/training_ws_merge2/src/install/interfaces/share/interfaces/package.dsv'
[2.165s] INFO:colcon.colcon_core.shell:Creating package script '/root/training_ws_merge2/src/install/interfaces/share/interfaces/package.sh'
[2.168s] INFO:colcon.colcon_core.shell:Creating package script '/root/training_ws_merge2/src/install/interfaces/share/interfaces/package.bash'
[2.170s] INFO:colcon.colcon_core.shell:Creating package script '/root/training_ws_merge2/src/install/interfaces/share/interfaces/package.zsh'
[2.171s] Level 1:colcon.colcon_core.environment:create_file_with_runtime_dependencies(/root/training_ws_merge2/src/install/interfaces/share/colcon-core/packages/interfaces)
[2.173s] Level 1:colcon.colcon_core.environment:create_environment_scripts_only(interfaces)
[2.173s] Level 1:colcon.colcon_core.environment:checking '/root/training_ws_merge2/src/install/interfaces' for CMake module files
[2.175s] Level 1:colcon.colcon_core.environment:checking '/root/training_ws_merge2/src/install/interfaces' for CMake config files
[2.176s] Level 1:colcon.colcon_core.shell:create_environment_hook('interfaces', 'cmake_prefix_path')
[2.176s] INFO:colcon.colcon_core.shell:Creating environment hook '/root/training_ws_merge2/src/install/interfaces/share/interfaces/hook/cmake_prefix_path.ps1'
[2.176s] INFO:colcon.colcon_core.shell:Creating environment descriptor '/root/training_ws_merge2/src/install/interfaces/share/interfaces/hook/cmake_prefix_path.dsv'
[2.177s] INFO:colcon.colcon_core.shell:Creating environment hook '/root/training_ws_merge2/src/install/interfaces/share/interfaces/hook/cmake_prefix_path.sh'
[2.178s] Level 1:colcon.colcon_core.environment:checking '/root/training_ws_merge2/src/install/interfaces/lib'
[2.178s] Level 1:colcon.colcon_core.shell:create_environment_hook('interfaces', 'ld_library_path_lib')
[2.178s] INFO:colcon.colcon_core.shell:Creating environment hook '/root/training_ws_merge2/src/install/interfaces/share/interfaces/hook/ld_library_path_lib.ps1'
[2.179s] INFO:colcon.colcon_core.shell:Creating environment descriptor '/root/training_ws_merge2/src/install/interfaces/share/interfaces/hook/ld_library_path_lib.dsv'
[2.180s] INFO:colcon.colcon_core.shell:Creating environment hook '/root/training_ws_merge2/src/install/interfaces/share/interfaces/hook/ld_library_path_lib.sh'
[2.180s] Level 1:colcon.colcon_core.environment:checking '/root/training_ws_merge2/src/install/interfaces/bin'
[2.180s] Level 1:colcon.colcon_core.environment:checking '/root/training_ws_merge2/src/install/interfaces/lib/pkgconfig/interfaces.pc'
[2.181s] Level 1:colcon.colcon_core.environment:checking '/root/training_ws_merge2/src/install/interfaces/lib/python3.12/site-packages'
[2.181s] Level 1:colcon.colcon_core.shell:create_environment_hook('interfaces', 'pythonpath')
[2.181s] INFO:colcon.colcon_core.shell:Creating environment hook '/root/training_ws_merge2/src/install/interfaces/share/interfaces/hook/pythonpath.ps1'
[2.182s] INFO:colcon.colcon_core.shell:Creating environment descriptor '/root/training_ws_merge2/src/install/interfaces/share/interfaces/hook/pythonpath.dsv'
[2.183s] INFO:colcon.colcon_core.shell:Creating environment hook '/root/training_ws_merge2/src/install/interfaces/share/interfaces/hook/pythonpath.sh'
[2.185s] Level 1:colcon.colcon_core.environment:checking '/root/training_ws_merge2/src/install/interfaces/bin'
[2.185s] INFO:colcon.colcon_core.shell:Creating package script '/root/training_ws_merge2/src/install/interfaces/share/interfaces/package.ps1'
[2.187s] INFO:colcon.colcon_core.shell:Creating package descriptor '/root/training_ws_merge2/src/install/interfaces/share/interfaces/package.dsv'
[2.188s] INFO:colcon.colcon_core.shell:Creating package script '/root/training_ws_merge2/src/install/interfaces/share/interfaces/package.sh'
[2.189s] INFO:colcon.colcon_core.shell:Creating package script '/root/training_ws_merge2/src/install/interfaces/share/interfaces/package.bash'
[2.190s] INFO:colcon.colcon_core.shell:Creating package script '/root/training_ws_merge2/src/install/interfaces/share/interfaces/package.zsh'
[2.191s] Level 1:colcon.colcon_core.environment:create_file_with_runtime_dependencies(/root/training_ws_merge2/src/install/interfaces/share/colcon-core/packages/interfaces)
[2.191s] INFO:colcon.colcon_ros.task.ament_python.build:Building ROS package in '/root/training_ws_merge2/src/mazeSolve_pkg' with build type 'ament_python'
[2.191s] Level 1:colcon.colcon_core.shell:create_environment_hook('mazeSolve_pkg', 'ament_prefix_path')
[2.191s] INFO:colcon.colcon_core.shell:Creating environment hook '/root/training_ws_merge2/src/install/mazeSolve_pkg/share/mazeSolve_pkg/hook/ament_prefix_path.ps1'
[2.193s] INFO:colcon.colcon_core.shell:Creating environment descriptor '/root/training_ws_merge2/src/install/mazeSolve_pkg/share/mazeSolve_pkg/hook/ament_prefix_path.dsv'
[2.194s] INFO:colcon.colcon_core.shell:Creating environment hook '/root/training_ws_merge2/src/install/mazeSolve_pkg/share/mazeSolve_pkg/hook/ament_prefix_path.sh'
[2.194s] INFO:colcon.colcon_core.shell:Skip shell extension 'powershell' for command environment: Not usable outside of PowerShell
[2.194s] DEBUG:colcon.colcon_core.shell:Skip shell extension 'dsv' for command environment
[2.662s] INFO:colcon.colcon_core.task.python.build:Building Python package in '/root/training_ws_merge2/src/mazeSolve_pkg'
[2.663s] INFO:colcon.colcon_core.shell:Skip shell extension 'powershell' for command environment: Not usable outside of PowerShell
[2.663s] DEBUG:colcon.colcon_core.shell:Skip shell extension 'dsv' for command environment
[3.743s] DEBUG:colcon.colcon_core.task.python.build:Available setuptools commands: dist_info, build_clib, bdist_rpm, build, install_egg_info, install_data, editable_wheel, test, install_headers, sdist, symlink_data, alias, egg_info, update_catalog, install_lib, init_catalog, build_scripts, check, bdist_egg, build_ext, upload, setopt, clean, upload_docs, compile_catalog, install_scripts, register, develop, saveopts, rotate, extract_messages, build_py, install, bdist, easy_install, bdist_dumb
[3.748s] DEBUG:colcon.colcon_core.event_handler.log_command:Invoking command in '/root/training_ws_merge2/src/mazeSolve_pkg': PYTHONPATH=/root/training_ws_merge2/src/build/mazeSolve_pkg/prefix_override:/usr/lib/python3/dist-packages/colcon_core/task/python/colcon_distutils_commands:/root/training_ws_merge2/src/install/mazeSolve_pkg/lib/python3.12/site-packages:/root/training_ws_merge2/src/install/interfaces/lib/python3.12/site-packages:/root/training_ws_merge2/build/maze_control:/root/training_ws_merge2/build/mazeSolve_pkg:/root/training_ws_merge2/src/build/maze_control:/root/training_ws_merge2/src/build/mazeSolve_pkg:/root/training_ws_merge2/src/install/maze_control/lib/python3.12/site-packages:/root/training_ws_merge2/src/install/mazeSolve_pkg/lib/python3.12/site-packages:/root/training_ws_merge2/install/maze_control/lib/python3.12/site-packages:/root/training_ws_merge2/install/mazeSolve_pkg/lib/python3.12/site-packages:/root/training_ws_merge2/install/interfaces/lib/python3.12/site-packages:/root/training_ws/install/maze_control/lib/python3.12/site-packages:/root/training_ws/install/mazeSolve_pkg/lib/python3.12/site-packages:/root/training_ws/install/interfaces/lib/python3.12/site-packages:/opt/ros/jazzy/lib/python3.12/site-packages /usr/bin/python3 -W ignore:setup.py install is deprecated -W ignore:easy_install command is deprecated setup.py egg_info --egg-base ../build/mazeSolve_pkg build --build-base /root/training_ws_merge2/src/build/mazeSolve_pkg/build install --record /root/training_ws_merge2/src/build/mazeSolve_pkg/install.log --install-scripts $base/lib/mazeSolve_pkg --single-version-externally-managed install_data
[4.724s] Level 1:colcon.colcon_core.environment:checking '/root/training_ws_merge2/src/install/mazeSolve_pkg' for CMake module files
[4.725s] DEBUG:colcon.colcon_core.event_handler.log_command:Invoked command in '/root/training_ws_merge2/src/mazeSolve_pkg' returned '0': PYTHONPATH=/root/training_ws_merge2/src/build/mazeSolve_pkg/prefix_override:/usr/lib/python3/dist-packages/colcon_core/task/python/colcon_distutils_commands:/root/training_ws_merge2/src/install/mazeSolve_pkg/lib/python3.12/site-packages:/root/training_ws_merge2/src/install/interfaces/lib/python3.12/site-packages:/root/training_ws_merge2/build/maze_control:/root/training_ws_merge2/build/mazeSolve_pkg:/root/training_ws_merge2/src/build/maze_control:/root/training_ws_merge2/src/build/mazeSolve_pkg:/root/training_ws_merge2/src/install/maze_control/lib/python3.12/site-packages:/root/training_ws_merge2/src/install/mazeSolve_pkg/lib/python3.12/site-packages:/root/training_ws_merge2/install/maze_control/lib/python3.12/site-packages:/root/training_ws_merge2/install/mazeSolve_pkg/lib/python3.12/site-packages:/root/training_ws_merge2/install/interfaces/lib/python3.12/site-packages:/root/training_ws/install/maze_control/lib/python3.12/site-packages:/root/training_ws/install/mazeSolve_pkg/lib/python3.12/site-packages:/root/training_ws/install/interfaces/lib/python3.12/site-packages:/opt/ros/jazzy/lib/python3.12/site-packages /usr/bin/python3 -W ignore:setup.py install is deprecated -W ignore:easy_install command is deprecated setup.py egg_info --egg-base ../build/mazeSolve_pkg build --build-base /root/training_ws_merge2/src/build/mazeSolve_pkg/build install --record /root/training_ws_merge2/src/build/mazeSolve_pkg/install.log --install-scripts $base/lib/mazeSolve_pkg --single-version-externally-managed install_data
[4.726s] Level 1:colcon.colcon_core.environment:checking '/root/training_ws_merge2/src/install/mazeSolve_pkg' for CMake config files
[4.727s] Level 1:colcon.colcon_core.environment:checking '/root/training_ws_merge2/src/install/mazeSolve_pkg/lib'
[4.727s] Level 1:colcon.colcon_core.environment:checking '/root/training_ws_merge2/src/install/mazeSolve_pkg/bin'
[4.727s] Level 1:colcon.colcon_core.environment:checking '/root/training_ws_merge2/src/install/mazeSolve_pkg/lib/pkgconfig/mazeSolve_pkg.pc'
[4.727s] Level 1:colcon.colcon_core.environment:checking '/root/training_ws_merge2/src/install/mazeSolve_pkg/lib/python3.12/site-packages'
[4.727s] Level 1:colcon.colcon_core.shell:create_environment_hook('mazeSolve_pkg', 'pythonpath')
[4.728s] INFO:colcon.colcon_core.shell:Creating environment hook '/root/training_ws_merge2/src/install/mazeSolve_pkg/share/mazeSolve_pkg/hook/pythonpath.ps1'
[4.729s] INFO:colcon.colcon_core.shell:Creating environment descriptor '/root/training_ws_merge2/src/install/mazeSolve_pkg/share/mazeSolve_pkg/hook/pythonpath.dsv'
[4.730s] INFO:colcon.colcon_core.shell:Creating environment hook '/root/training_ws_merge2/src/install/mazeSolve_pkg/share/mazeSolve_pkg/hook/pythonpath.sh'
[4.731s] Level 1:colcon.colcon_core.environment:checking '/root/training_ws_merge2/src/install/mazeSolve_pkg/bin'
[4.731s] Level 1:colcon.colcon_core.environment:create_environment_scripts_only(mazeSolve_pkg)
[4.732s] INFO:colcon.colcon_core.shell:Creating package script '/root/training_ws_merge2/src/install/mazeSolve_pkg/share/mazeSolve_pkg/package.ps1'
[4.733s] INFO:colcon.colcon_core.shell:Creating package descriptor '/root/training_ws_merge2/src/install/mazeSolve_pkg/share/mazeSolve_pkg/package.dsv'
[4.734s] INFO:colcon.colcon_core.shell:Creating package script '/root/training_ws_merge2/src/install/mazeSolve_pkg/share/mazeSolve_pkg/package.sh'
[4.735s] INFO:colcon.colcon_core.shell:Creating package script '/root/training_ws_merge2/src/install/mazeSolve_pkg/share/mazeSolve_pkg/package.bash'
[4.735s] INFO:colcon.colcon_core.shell:Creating package script '/root/training_ws_merge2/src/install/mazeSolve_pkg/share/mazeSolve_pkg/package.zsh'
[4.736s] Level 1:colcon.colcon_core.environment:create_file_with_runtime_dependencies(/root/training_ws_merge2/src/install/mazeSolve_pkg/share/colcon-core/packages/mazeSolve_pkg)
[4.736s] DEBUG:colcon.colcon_parallel_executor.executor.parallel:closing loop
[4.736s] DEBUG:colcon.colcon_parallel_executor.executor.parallel:loop closed
[4.736s] DEBUG:colcon.colcon_parallel_executor.executor.parallel:run_until_complete finished with '0'
[4.737s] DEBUG:colcon.colcon_core.event_reactor:joining thread
[4.748s] INFO:colcon.colcon_core.plugin_system:Skipping extension 'colcon_notification.desktop_notification.notify_send': Could not find 'notify-send'
[4.748s] INFO:colcon.colcon_core.plugin_system:Skipping extension 'colcon_notification.desktop_notification.terminal_notifier': Not used on non-Darwin systems
[4.748s] INFO:colcon.colcon_core.plugin_system:Skipping extension 'colcon_notification.desktop_notification.win32': Not used on non-Windows systems
[4.748s] INFO:colcon.colcon_notification.desktop_notification:Sending desktop notification using 'notify2'
[4.754s] DEBUG:colcon.colcon_notification.desktop_notification.notify2:Failed to initialize notify2: org.freedesktop.DBus.Error.Spawn.ExecFailed: /usr/bin/dbus-launch terminated abnormally without any error message
[4.755s] DEBUG:colcon.colcon_core.event_reactor:joined thread
[4.755s] INFO:colcon.colcon_core.shell:Creating prefix script '/root/training_ws_merge2/src/install/local_setup.ps1'
[4.757s] INFO:colcon.colcon_core.shell:Creating prefix util module '/root/training_ws_merge2/src/install/_local_setup_util_ps1.py'
[4.759s] INFO:colcon.colcon_core.shell:Creating prefix chain script '/root/training_ws_merge2/src/install/setup.ps1'
[4.762s] INFO:colcon.colcon_core.shell:Creating prefix script '/root/training_ws_merge2/src/install/local_setup.sh'
[4.763s] INFO:colcon.colcon_core.shell:Creating prefix util module '/root/training_ws_merge2/src/install/_local_setup_util_sh.py'
[4.764s] INFO:colcon.colcon_core.shell:Creating prefix chain script '/root/training_ws_merge2/src/install/setup.sh'
[4.767s] INFO:colcon.colcon_core.shell:Creating prefix script '/root/training_ws_merge2/src/install/local_setup.bash'
[4.768s] INFO:colcon.colcon_core.shell:Creating prefix chain script '/root/training_ws_merge2/src/install/setup.bash'
[4.771s] INFO:colcon.colcon_core.shell:Creating prefix script '/root/training_ws_merge2/src/install/local_setup.zsh'
[4.772s] INFO:colcon.colcon_core.shell:Creating prefix chain script '/root/training_ws_merge2/src/install/setup.zsh'
