[1.508s] Invoking command in '/home/a/Solving-Maze/src/MIA26_phase2_ros_contest/maze_control': DEBUGINFOD_URLS=https://debuginfod.ubuntu.com PYTHONPATH=/home/a/Solving-Maze/build/maze_control/prefix_override:/usr/lib/python3/dist-packages/colcon_core/task/python/colcon_distutils_commands:/home/a/Solving-Maze/install/maze_control/lib/python3.12/site-packages:${PYTHONPATH} /usr/bin/python3 -W ignore:setup.py install is deprecated -W ignore:easy_install command is deprecated setup.py egg_info --egg-base ../../../build/maze_control build --build-base /home/a/Solving-Maze/build/maze_control/build install --record /home/a/Solving-Maze/build/maze_control/install.log --install-scripts $base/lib/maze_control --single-version-externally-managed install_data
[1.634s] /usr/lib/python3/dist-packages/setuptools/dist.py:744: SetuptoolsDeprecationWarning: Invalid dash-separated options
[1.634s] !!
[1.634s] 
[1.634s]         ********************************************************************************
[1.634s]         Usage of dash-separated 'script-dir' will not be supported in future
[1.634s]         versions. Please use the underscore name 'script_dir' instead.
[1.634s] 
[1.634s]         This deprecation is overdue, please update your project and remove deprecated
[1.634s]         calls to avoid build errors in the future.
[1.634s] 
[1.634s]         See https://setuptools.pypa.io/en/latest/userguide/declarative_config.html for details.
[1.634s]         ********************************************************************************
[1.634s] 
[1.634s] !!
[1.635s]   opt = self.warn_dash_deprecation(opt, section)
[1.796s] running egg_info
[1.796s] creating ../../../build/maze_control/maze_control.egg-info
[1.816s] writing ../../../build/maze_control/maze_control.egg-info/PKG-INFO
[1.816s] writing dependency_links to ../../../build/maze_control/maze_control.egg-info/dependency_links.txt
[1.817s] writing entry points to ../../../build/maze_control/maze_control.egg-info/entry_points.txt
[1.817s] writing requirements to ../../../build/maze_control/maze_control.egg-info/requires.txt
[1.817s] writing top-level names to ../../../build/maze_control/maze_control.egg-info/top_level.txt
[1.817s] writing manifest file '../../../build/maze_control/maze_control.egg-info/SOURCES.txt'
[1.865s] reading manifest file '../../../build/maze_control/maze_control.egg-info/SOURCES.txt'
[1.865s] writing manifest file '../../../build/maze_control/maze_control.egg-info/SOURCES.txt'
[1.866s] running build
[1.866s] running build_py
[1.866s] creating /home/a/Solving-Maze/build/maze_control/build
[1.866s] creating /home/a/Solving-Maze/build/maze_control/build/lib
[1.866s] creating /home/a/Solving-Maze/build/maze_control/build/lib/maze_control
[1.866s] copying maze_control/maze_timer_node.py -> /home/a/Solving-Maze/build/maze_control/build/lib/maze_control
[1.866s] copying maze_control/__init__.py -> /home/a/Solving-Maze/build/maze_control/build/lib/maze_control
[1.867s] copying maze_control/wall_retraction_service.py -> /home/a/Solving-Maze/build/maze_control/build/lib/maze_control
[1.867s] running install
[1.873s] running install_lib
[1.900s] creating /home/a/Solving-Maze/install/maze_control/lib/python3.12/site-packages/maze_control
[1.900s] copying /home/a/Solving-Maze/build/maze_control/build/lib/maze_control/maze_timer_node.py -> /home/a/Solving-Maze/install/maze_control/lib/python3.12/site-packages/maze_control
[1.900s] copying /home/a/Solving-Maze/build/maze_control/build/lib/maze_control/__init__.py -> /home/a/Solving-Maze/install/maze_control/lib/python3.12/site-packages/maze_control
[1.900s] copying /home/a/Solving-Maze/build/maze_control/build/lib/maze_control/wall_retraction_service.py -> /home/a/Solving-Maze/install/maze_control/lib/python3.12/site-packages/maze_control
[1.901s] byte-compiling /home/a/Solving-Maze/install/maze_control/lib/python3.12/site-packages/maze_control/maze_timer_node.py to maze_timer_node.cpython-312.pyc
[1.902s] byte-compiling /home/a/Solving-Maze/install/maze_control/lib/python3.12/site-packages/maze_control/__init__.py to __init__.cpython-312.pyc
[1.902s] byte-compiling /home/a/Solving-Maze/install/maze_control/lib/python3.12/site-packages/maze_control/wall_retraction_service.py to wall_retraction_service.cpython-312.pyc
[1.903s] running install_data
[1.904s] creating /home/a/Solving-Maze/install/maze_control/share/ament_index
[1.904s] creating /home/a/Solving-Maze/install/maze_control/share/ament_index/resource_index
[1.904s] creating /home/a/Solving-Maze/install/maze_control/share/ament_index/resource_index/packages
[1.904s] copying resource/maze_control -> /home/a/Solving-Maze/install/maze_control/share/ament_index/resource_index/packages
[1.904s] copying package.xml -> /home/a/Solving-Maze/install/maze_control/share/maze_control
[1.904s] creating /home/a/Solving-Maze/install/maze_control/share/maze_control/launch
[1.904s] copying launch/maze_simulation_tb3.launch.py -> /home/a/Solving-Maze/install/maze_control/share/maze_control/launch
[1.905s] creating /home/a/Solving-Maze/install/maze_control/share/maze_control/worlds
[1.905s] copying worlds/maze_world.sdf -> /home/a/Solving-Maze/install/maze_control/share/maze_control/worlds
[1.905s] creating /home/a/Solving-Maze/install/maze_control/share/maze_control/config
[1.905s] copying config/bridge_config.yaml -> /home/a/Solving-Maze/install/maze_control/share/maze_control/config
[1.905s] copying config/gui.config -> /home/a/Solving-Maze/install/maze_control/share/maze_control/config
[1.905s] creating /home/a/Solving-Maze/install/maze_control/share/maze_control/models
[1.905s] creating /home/a/Solving-Maze/install/maze_control/share/maze_control/models/simple_robot
[1.905s] running install_egg_info
[1.927s] Copying ../../../build/maze_control/maze_control.egg-info to /home/a/Solving-Maze/install/maze_control/lib/python3.12/site-packages/maze_control-0.1.0-py3.12.egg-info
[1.928s] running install_scripts
[2.094s] Installing maze_timer_node script to /home/a/Solving-Maze/install/maze_control/lib/maze_control
[2.095s] Installing wall_retraction_service script to /home/a/Solving-Maze/install/maze_control/lib/maze_control
[2.095s] writing list of installed files to '/home/a/Solving-Maze/build/maze_control/install.log'
[2.126s] Invoked command in '/home/a/Solving-Maze/src/MIA26_phase2_ros_contest/maze_control' returned '0': DEBUGINFOD_URLS=https://debuginfod.ubuntu.com PYTHONPATH=/home/a/Solving-Maze/build/maze_control/prefix_override:/usr/lib/python3/dist-packages/colcon_core/task/python/colcon_distutils_commands:/home/a/Solving-Maze/install/maze_control/lib/python3.12/site-packages:${PYTHONPATH} /usr/bin/python3 -W ignore:setup.py install is deprecated -W ignore:easy_install command is deprecated setup.py egg_info --egg-base ../../../build/maze_control build --build-base /home/a/Solving-Maze/build/maze_control/build install --record /home/a/Solving-Maze/build/maze_control/install.log --install-scripts $base/lib/maze_control --single-version-externally-managed install_data
