[0.023s] Invoking command in '/root/training_ws_merge2/build/interfaces': CMAKE_PREFIX_PATH=${CMAKE_PREFIX_PATH}:/root/training_ws_merge2/install/maze_control:/root/training_ws_merge2/install/mazeSolve_pkg:/opt/ros/jazzy /usr/bin/cmake --build /root/training_ws_merge2/build/interfaces -- -j8 -l8
[0.138s] [  2%] Built target interfaces__rs
[0.200s] [  2%] Built target ament_cmake_python_symlink_interfaces
[0.244s] [  5%] Built target interfaces__rosidl_generator_type_description
[0.618s] running egg_info
[0.657s] writing interfaces.egg-info/PKG-INFO
[0.658s] writing dependency_links to interfaces.egg-info/dependency_links.txt
[0.658s] writing top-level names to interfaces.egg-info/top_level.txt
[0.753s] reading manifest file 'interfaces.egg-info/SOURCES.txt'
[0.754s] writing manifest file 'interfaces.egg-info/SOURCES.txt'
[0.812s] [  5%] Built target ament_cmake_python_build_interfaces_egg
[0.861s] [ 20%] Built target interfaces__rosidl_generator_c
[0.904s] [ 22%] Built target interfaces__cpp
[0.951s] [ 31%] Built target interfaces__rosidl_typesupport_c
[0.996s] [ 40%] Built target interfaces__rosidl_typesupport_cpp
[1.045s] [ 48%] Built target interfaces__rosidl_typesupport_introspection_cpp
[1.094s] [ 57%] Built target interfaces__rosidl_typesupport_fastrtps_cpp
[1.148s] [ 65%] Built target interfaces__rosidl_typesupport_introspection_c
[1.205s] [ 74%] Built target interfaces__rosidl_typesupport_fastrtps_c
[1.251s] [ 74%] Built target interfaces
[1.296s] [ 77%] Built target interfaces__py
[1.344s] [ 82%] Built target interfaces__rosidl_generator_py
[1.389s] [ 88%] Built target interfaces_s__rosidl_typesupport_fastrtps_c
[1.439s] [ 94%] Built target interfaces_s__rosidl_typesupport_c
[1.484s] [100%] Built target interfaces_s__rosidl_typesupport_introspection_c
[1.508s] Invoked command in '/root/training_ws_merge2/build/interfaces' returned '0': CMAKE_PREFIX_PATH=${CMAKE_PREFIX_PATH}:/root/training_ws_merge2/install/maze_control:/root/training_ws_merge2/install/mazeSolve_pkg:/opt/ros/jazzy /usr/bin/cmake --build /root/training_ws_merge2/build/interfaces -- -j8 -l8
[1.528s] Invoking command in '/root/training_ws_merge2/build/interfaces': CMAKE_PREFIX_PATH=${CMAKE_PREFIX_PATH}:/root/training_ws_merge2/install/maze_control:/root/training_ws_merge2/install/mazeSolve_pkg:/opt/ros/jazzy /usr/bin/cmake --install /root/training_ws_merge2/build/interfaces
[1.545s] -- Install configuration: ""
[1.546s] -- Execute custom install script
[1.546s] -- Up-to-date symlink: /root/training_ws_merge2/install/interfaces/share/ament_index/resource_index/rosidl_interfaces/interfaces
[1.546s] -- Up-to-date symlink: /root/training_ws_merge2/install/interfaces/share/interfaces/action/Move.json
[1.547s] -- Up-to-date symlink: /root/training_ws_merge2/install/interfaces/include/interfaces/interfaces/action/detail/move__functions.h
[1.547s] -- Up-to-date symlink: /root/training_ws_merge2/install/interfaces/include/interfaces/interfaces/action/detail/move__struct.h
[1.547s] -- Up-to-date symlink: /root/training_ws_merge2/install/interfaces/include/interfaces/interfaces/action/detail/move__type_support.h
[1.547s] -- Up-to-date symlink: /root/training_ws_merge2/install/interfaces/include/interfaces/interfaces/action/move.h
[1.548s] -- Up-to-date symlink: /root/training_ws_merge2/install/interfaces/include/interfaces/interfaces/msg/rosidl_generator_c__visibility_control.h
[1.548s] -- Up-to-date symlink: /root/training_ws_merge2/install/interfaces/share/interfaces/environment/library_path.sh
[1.548s] -- Up-to-date symlink: /root/training_ws_merge2/install/interfaces/share/interfaces/environment/library_path.dsv
[1.549s] -- Up-to-date symlink: /root/training_ws_merge2/install/interfaces/include/interfaces/interfaces/action/detail/move__rosidl_typesupport_fastrtps_c.h
[1.549s] -- Up-to-date symlink: /root/training_ws_merge2/install/interfaces/include/interfaces/interfaces/msg/rosidl_typesupport_fastrtps_c__visibility_control.h
[1.550s] -- Up-to-date symlink: /root/training_ws_merge2/install/interfaces/include/interfaces/interfaces/action/detail/move__rosidl_typesupport_introspection_c.h
[1.550s] -- Up-to-date symlink: /root/training_ws_merge2/install/interfaces/include/interfaces/interfaces/msg/rosidl_typesupport_introspection_c__visibility_control.h
[1.550s] -- Up-to-date symlink: /root/training_ws_merge2/install/interfaces/include/interfaces/interfaces/action/detail/move__builder.hpp
[1.551s] -- Up-to-date symlink: /root/training_ws_merge2/install/interfaces/include/interfaces/interfaces/action/detail/move__struct.hpp
[1.551s] -- Up-to-date symlink: /root/training_ws_merge2/install/interfaces/include/interfaces/interfaces/action/detail/move__traits.hpp
[1.551s] -- Up-to-date symlink: /root/training_ws_merge2/install/interfaces/include/interfaces/interfaces/action/detail/move__type_support.hpp
[1.551s] -- Up-to-date symlink: /root/training_ws_merge2/install/interfaces/include/interfaces/interfaces/action/move.hpp
[1.551s] -- Up-to-date symlink: /root/training_ws_merge2/install/interfaces/include/interfaces/interfaces/msg/rosidl_generator_cpp__visibility_control.hpp
[1.552s] -- Up-to-date symlink: /root/training_ws_merge2/install/interfaces/include/interfaces/interfaces/action/detail/move__rosidl_typesupport_fastrtps_cpp.hpp
[1.553s] -- Up-to-date symlink: /root/training_ws_merge2/install/interfaces/include/interfaces/interfaces/msg/rosidl_typesupport_fastrtps_cpp__visibility_control.h
[1.553s] -- Up-to-date symlink: /root/training_ws_merge2/install/interfaces/include/interfaces/interfaces/action/detail/move__rosidl_typesupport_introspection_cpp.hpp
[1.554s] -- Up-to-date symlink: /root/training_ws_merge2/install/interfaces/share/interfaces/environment/pythonpath.sh
[1.554s] -- Up-to-date symlink: /root/training_ws_merge2/install/interfaces/share/interfaces/environment/pythonpath.dsv
[1.554s] -- Up-to-date symlink: /root/training_ws_merge2/install/interfaces/lib/python3.12/site-packages/interfaces-0.0.0-py3.12.egg-info/PKG-INFO
[1.555s] -- Up-to-date symlink: /root/training_ws_merge2/install/interfaces/lib/python3.12/site-packages/interfaces-0.0.0-py3.12.egg-info/SOURCES.txt
[1.555s] -- Up-to-date symlink: /root/training_ws_merge2/install/interfaces/lib/python3.12/site-packages/interfaces-0.0.0-py3.12.egg-info/dependency_links.txt
[1.555s] -- Up-to-date symlink: /root/training_ws_merge2/install/interfaces/lib/python3.12/site-packages/interfaces-0.0.0-py3.12.egg-info/top_level.txt
[1.555s] -- Up-to-date symlink: /root/training_ws_merge2/install/interfaces/lib/python3.12/site-packages/interfaces/__init__.py
[1.556s] -- Up-to-date symlink: /root/training_ws_merge2/install/interfaces/lib/python3.12/site-packages/interfaces/_interfaces_s.ep.rosidl_typesupport_c.c
[1.556s] -- Up-to-date symlink: /root/training_ws_merge2/install/interfaces/lib/python3.12/site-packages/interfaces/_interfaces_s.ep.rosidl_typesupport_fastrtps_c.c
[1.556s] -- Up-to-date symlink: /root/training_ws_merge2/install/interfaces/lib/python3.12/site-packages/interfaces/_interfaces_s.ep.rosidl_typesupport_introspection_c.c
[1.557s] -- Up-to-date symlink: /root/training_ws_merge2/install/interfaces/lib/python3.12/site-packages/interfaces/action/__init__.py
[1.557s] -- Up-to-date symlink: /root/training_ws_merge2/install/interfaces/lib/python3.12/site-packages/interfaces/action/_move.py
[1.557s] -- Up-to-date symlink: /root/training_ws_merge2/install/interfaces/lib/python3.12/site-packages/interfaces/action/_move_s.c
[1.557s] -- Up-to-date symlink: /root/training_ws_merge2/install/interfaces/lib/python3.12/site-packages/interfaces/interfaces_s__rosidl_typesupport_c.so
[1.558s] -- Up-to-date symlink: /root/training_ws_merge2/install/interfaces/lib/python3.12/site-packages/interfaces/interfaces_s__rosidl_typesupport_fastrtps_c.so
[1.558s] -- Up-to-date symlink: /root/training_ws_merge2/install/interfaces/lib/python3.12/site-packages/interfaces/interfaces_s__rosidl_typesupport_introspection_c.so
[1.558s] -- Up-to-date symlink: /root/training_ws_merge2/install/interfaces/lib/python3.12/site-packages/interfaces/interfaces_s__rosidl_typesupport_fastrtps_c.so
[1.558s] -- Up-to-date symlink: /root/training_ws_merge2/install/interfaces/lib/python3.12/site-packages/interfaces/interfaces_s__rosidl_typesupport_introspection_c.so
[1.558s] -- Up-to-date symlink: /root/training_ws_merge2/install/interfaces/lib/python3.12/site-packages/interfaces/interfaces_s__rosidl_typesupport_c.so
[1.559s] -- Up-to-date symlink: /root/training_ws_merge2/install/interfaces/share/ament_index/resource_index/rust_packages/interfaces
[1.559s] -- Up-to-date symlink: /root/training_ws_merge2/install/interfaces/share/interfaces/rust/Cargo.toml
[1.559s] -- Up-to-date symlink: /root/training_ws_merge2/install/interfaces/share/interfaces/rust/build.rs
[1.560s] -- Up-to-date symlink: /root/training_ws_merge2/install/interfaces/share/interfaces/rust/src/action.rs
[1.560s] -- Up-to-date symlink: /root/training_ws_merge2/install/interfaces/share/interfaces/rust/src/action/rmw.rs
[1.560s] -- Up-to-date symlink: /root/training_ws_merge2/install/interfaces/share/interfaces/rust/src/lib.rs
[1.561s] -- Up-to-date symlink: /root/training_ws_merge2/install/interfaces/share/interfaces/action/Move.idl
[1.561s] -- Up-to-date symlink: /root/training_ws_merge2/install/interfaces/share/interfaces/action/Move.action
[1.561s] -- Up-to-date symlink: /root/training_ws_merge2/install/interfaces/share/ament_index/resource_index/package_run_dependencies/interfaces
[1.562s] -- Up-to-date symlink: /root/training_ws_merge2/install/interfaces/share/ament_index/resource_index/parent_prefix_path/interfaces
[1.562s] -- Up-to-date symlink: /root/training_ws_merge2/install/interfaces/share/interfaces/environment/ament_prefix_path.sh
[1.562s] -- Up-to-date symlink: /root/training_ws_merge2/install/interfaces/share/interfaces/environment/ament_prefix_path.dsv
[1.562s] -- Up-to-date symlink: /root/training_ws_merge2/install/interfaces/share/interfaces/environment/path.sh
[1.563s] -- Up-to-date symlink: /root/training_ws_merge2/install/interfaces/share/interfaces/environment/path.dsv
[1.563s] -- Up-to-date symlink: /root/training_ws_merge2/install/interfaces/share/interfaces/local_setup.bash
[1.563s] -- Up-to-date symlink: /root/training_ws_merge2/install/interfaces/share/interfaces/local_setup.sh
[1.563s] -- Up-to-date symlink: /root/training_ws_merge2/install/interfaces/share/interfaces/local_setup.zsh
[1.563s] -- Up-to-date symlink: /root/training_ws_merge2/install/interfaces/share/interfaces/local_setup.dsv
[1.564s] -- Symlinking: /root/training_ws_merge2/install/interfaces/share/interfaces/package.dsv
[1.581s] -- Up-to-date symlink: /root/training_ws_merge2/install/interfaces/share/ament_index/resource_index/packages/interfaces
[1.581s] -- Up-to-date symlink: /root/training_ws_merge2/install/interfaces/share/interfaces/cmake/rosidl_cmake-extras.cmake
[1.581s] -- Up-to-date symlink: /root/training_ws_merge2/install/interfaces/share/interfaces/cmake/ament_cmake_export_dependencies-extras.cmake
[1.582s] -- Up-to-date symlink: /root/training_ws_merge2/install/interfaces/share/interfaces/cmake/ament_cmake_export_include_directories-extras.cmake
[1.582s] -- Up-to-date symlink: /root/training_ws_merge2/install/interfaces/share/interfaces/cmake/ament_cmake_export_libraries-extras.cmake
[1.582s] -- Up-to-date symlink: /root/training_ws_merge2/install/interfaces/share/interfaces/cmake/ament_cmake_export_targets-extras.cmake
[1.583s] -- Up-to-date symlink: /root/training_ws_merge2/install/interfaces/share/interfaces/cmake/rosidl_cmake_export_typesupport_targets-extras.cmake
[1.583s] -- Up-to-date symlink: /root/training_ws_merge2/install/interfaces/share/interfaces/cmake/rosidl_cmake_export_typesupport_libraries-extras.cmake
[1.583s] -- Up-to-date symlink: /root/training_ws_merge2/install/interfaces/share/interfaces/cmake/rosidl_cmake_aggregate_target-extras.cmake
[1.584s] -- Up-to-date symlink: /root/training_ws_merge2/install/interfaces/share/interfaces/cmake/interfacesConfig.cmake
[1.584s] -- Up-to-date symlink: /root/training_ws_merge2/install/interfaces/share/interfaces/cmake/interfacesConfig-version.cmake
[1.584s] -- Up-to-date symlink: /root/training_ws_merge2/install/interfaces/share/interfaces/package.xml
[1.584s] -- Up-to-date: /root/training_ws_merge2/install/interfaces/lib/libinterfaces__rosidl_generator_c.so
[1.585s] -- Up-to-date: /root/training_ws_merge2/install/interfaces/lib/libinterfaces__rosidl_typesupport_fastrtps_c.so
[1.586s] -- Up-to-date: /root/training_ws_merge2/install/interfaces/lib/libinterfaces__rosidl_typesupport_introspection_c.so
[1.586s] -- Up-to-date: /root/training_ws_merge2/install/interfaces/lib/libinterfaces__rosidl_typesupport_c.so
[1.587s] -- Up-to-date: /root/training_ws_merge2/install/interfaces/lib/libinterfaces__rosidl_typesupport_fastrtps_cpp.so
[1.588s] -- Up-to-date: /root/training_ws_merge2/install/interfaces/lib/libinterfaces__rosidl_typesupport_introspection_cpp.so
[1.588s] -- Up-to-date: /root/training_ws_merge2/install/interfaces/lib/libinterfaces__rosidl_typesupport_cpp.so
[1.648s] Listing '/root/training_ws_merge2/install/interfaces/lib/python3.12/site-packages/interfaces'...
[1.648s] Listing '/root/training_ws_merge2/install/interfaces/lib/python3.12/site-packages/interfaces/action'...
[1.659s] -- Up-to-date: /root/training_ws_merge2/install/interfaces/lib/libinterfaces__rosidl_generator_py.so
[1.660s] -- Up-to-date: /root/training_ws_merge2/install/interfaces/share/interfaces/cmake/export_interfaces__rosidl_generator_cExport.cmake
[1.660s] -- Up-to-date: /root/training_ws_merge2/install/interfaces/share/interfaces/cmake/export_interfaces__rosidl_generator_cExport-noconfig.cmake
[1.660s] -- Up-to-date: /root/training_ws_merge2/install/interfaces/share/interfaces/cmake/export_interfaces__rosidl_typesupport_fastrtps_cExport.cmake
[1.660s] -- Up-to-date: /root/training_ws_merge2/install/interfaces/share/interfaces/cmake/export_interfaces__rosidl_typesupport_fastrtps_cExport-noconfig.cmake
[1.661s] -- Up-to-date: /root/training_ws_merge2/install/interfaces/share/interfaces/cmake/interfaces__rosidl_typesupport_introspection_cExport.cmake
[1.661s] -- Up-to-date: /root/training_ws_merge2/install/interfaces/share/interfaces/cmake/interfaces__rosidl_typesupport_introspection_cExport-noconfig.cmake
[1.661s] -- Up-to-date: /root/training_ws_merge2/install/interfaces/share/interfaces/cmake/interfaces__rosidl_typesupport_cExport.cmake
[1.661s] -- Up-to-date: /root/training_ws_merge2/install/interfaces/share/interfaces/cmake/interfaces__rosidl_typesupport_cExport-noconfig.cmake
[1.661s] -- Up-to-date: /root/training_ws_merge2/install/interfaces/share/interfaces/cmake/export_interfaces__rosidl_generator_cppExport.cmake
[1.662s] -- Up-to-date: /root/training_ws_merge2/install/interfaces/share/interfaces/cmake/export_interfaces__rosidl_typesupport_fastrtps_cppExport.cmake
[1.662s] -- Up-to-date: /root/training_ws_merge2/install/interfaces/share/interfaces/cmake/export_interfaces__rosidl_typesupport_fastrtps_cppExport-noconfig.cmake
[1.662s] -- Up-to-date: /root/training_ws_merge2/install/interfaces/share/interfaces/cmake/interfaces__rosidl_typesupport_introspection_cppExport.cmake
[1.662s] -- Up-to-date: /root/training_ws_merge2/install/interfaces/share/interfaces/cmake/interfaces__rosidl_typesupport_introspection_cppExport-noconfig.cmake
[1.662s] -- Up-to-date: /root/training_ws_merge2/install/interfaces/share/interfaces/cmake/interfaces__rosidl_typesupport_cppExport.cmake
[1.662s] -- Up-to-date: /root/training_ws_merge2/install/interfaces/share/interfaces/cmake/interfaces__rosidl_typesupport_cppExport-noconfig.cmake
[1.663s] -- Up-to-date: /root/training_ws_merge2/install/interfaces/share/interfaces/cmake/export_interfaces__rosidl_generator_pyExport.cmake
[1.663s] -- Up-to-date: /root/training_ws_merge2/install/interfaces/share/interfaces/cmake/export_interfaces__rosidl_generator_pyExport-noconfig.cmake
[1.667s] Invoked command in '/root/training_ws_merge2/build/interfaces' returned '0': CMAKE_PREFIX_PATH=${CMAKE_PREFIX_PATH}:/root/training_ws_merge2/install/maze_control:/root/training_ws_merge2/install/mazeSolve_pkg:/opt/ros/jazzy /usr/bin/cmake --install /root/training_ws_merge2/build/interfaces
