running egg_info
writing ../../../build/maze_control/maze_control.egg-info/PKG-INFO
writing dependency_links to ../../../build/maze_control/maze_control.egg-info/dependency_links.txt
writing entry points to ../../../build/maze_control/maze_control.egg-info/entry_points.txt
writing requirements to ../../../build/maze_control/maze_control.egg-info/requires.txt
writing top-level names to ../../../build/maze_control/maze_control.egg-info/top_level.txt
reading manifest file '../../../build/maze_control/maze_control.egg-info/SOURCES.txt'
writing manifest file '../../../build/maze_control/maze_control.egg-info/SOURCES.txt'
running build
running build_py
copying maze_control/maze_timer_node.py -> /root/training_ws/build/maze_control/build/lib/maze_control
copying maze_control/wall_retraction_service.py -> /root/training_ws/build/maze_control/build/lib/maze_control
copying maze_control/__init__.py -> /root/training_ws/build/maze_control/build/lib/maze_control
running install
running install_lib
copying /root/training_ws/build/maze_control/build/lib/maze_control/maze_timer_node.py -> /root/training_ws/install/maze_control/lib/python3.12/site-packages/maze_control
copying /root/training_ws/build/maze_control/build/lib/maze_control/wall_retraction_service.py -> /root/training_ws/install/maze_control/lib/python3.12/site-packages/maze_control
copying /root/training_ws/build/maze_control/build/lib/maze_control/__init__.py -> /root/training_ws/install/maze_control/lib/python3.12/site-packages/maze_control
byte-compiling /root/training_ws/install/maze_control/lib/python3.12/site-packages/maze_control/maze_timer_node.py to maze_timer_node.cpython-312.pyc
byte-compiling /root/training_ws/install/maze_control/lib/python3.12/site-packages/maze_control/wall_retraction_service.py to wall_retraction_service.cpython-312.pyc
byte-compiling /root/training_ws/install/maze_control/lib/python3.12/site-packages/maze_control/__init__.py to __init__.cpython-312.pyc
running install_data
copying resource/maze_control -> /root/training_ws/install/maze_control/share/ament_index/resource_index/packages
copying package.xml -> /root/training_ws/install/maze_control/share/maze_control
copying launch/maze_simulation_tb3.launch.py -> /root/training_ws/install/maze_control/share/maze_control/launch
copying worlds/maze_world.sdf -> /root/training_ws/install/maze_control/share/maze_control/worlds
copying config/bridge_config.yaml -> /root/training_ws/install/maze_control/share/maze_control/config
copying config/gui.config -> /root/training_ws/install/maze_control/share/maze_control/config
running install_egg_info
removing '/root/training_ws/install/maze_control/lib/python3.12/site-packages/maze_control-0.1.0-py3.12.egg-info' (and everything under it)
Copying ../../../build/maze_control/maze_control.egg-info to /root/training_ws/install/maze_control/lib/python3.12/site-packages/maze_control-0.1.0-py3.12.egg-info
running install_scripts
Installing maze_timer_node script to /root/training_ws/install/maze_control/lib/maze_control
Installing wall_retraction_service script to /root/training_ws/install/maze_control/lib/maze_control
writing list of installed files to '/root/training_ws/build/maze_control/install.log'
