[0.015s] Invoking command in '/home/a/Solving-Maze/build/interfaces': CMAKE_PREFIX_PATH=${CMAKE_PREFIX_PATH}:/home/a/Solving-Maze/install/mazeSolve_pkg:/opt/ros/jazzy DEBUGINFOD_URLS=https://debuginfod.ubuntu.com /usr/bin/cmake --build /home/a/Solving-Maze/build/interfaces -- -j8 -l8
[0.067s] -- Found ament_cmake: 2.5.6 (/opt/ros/jazzy/share/ament_cmake/cmake)
[0.182s] -- Found rosidl_default_generators: 1.6.1 (/opt/ros/jazzy/share/rosidl_default_generators/cmake)
[0.188s] -- Using all available rosidl_typesupport_c: rosidl_typesupport_fastrtps_c;rosidl_typesupport_introspection_c
[0.246s] -- Using all available rosidl_typesupport_cpp: rosidl_typesupport_fastrtps_cpp;rosidl_typesupport_introspection_cpp
[0.300s] -- Found rosidl_adapter: 4.6.9 (/opt/ros/jazzy/share/rosidl_adapter/cmake)
[0.305s] -- Found action_msgs: 2.0.4 (/opt/ros/jazzy/share/action_msgs/cmake)
[0.582s] -- Found ament_cmake_ros: 0.12.1 (/opt/ros/jazzy/share/ament_cmake_ros/cmake)
[0.675s] -- Using all available rosidl_typesupport_c: rosidl_typesupport_fastrtps_c;rosidl_typesupport_introspection_c
[0.818s] -- Using all available rosidl_typesupport_cpp: rosidl_typesupport_fastrtps_cpp;rosidl_typesupport_introspection_cpp
[0.820s] -- Found python_cmake_module: 0.11.1 (/opt/ros/jazzy/share/python_cmake_module/cmake)
[1.048s] -- Found Python3: /usr/bin/python3 (found version "3.12.3") found components: Interpreter Development NumPy Development.Module Development.Embed 
[1.084s] -- Found Python3: /usr/bin/python3 (found version "3.12.3") found components: Interpreter 
[1.095s] -- Configuring done (1.0s)
[1.140s] -- Generating done (0.0s)
[1.153s] -- Build files have been written to: /home/a/Solving-Maze/build/interfaces
[1.182s] [  5%] [34m[1mGenerating Rust code for ROS interfaces[0m
[1.182s] [  5%] [34m[1mGenerating type hashes for ROS interfaces[0m
[1.194s] [  5%] Built target ament_cmake_python_copy_interfaces
[1.436s] [  5%] Built target interfaces__rs
[1.451s] [  5%] Built target interfaces__rosidl_generator_type_description
[1.460s] [  8%] [34m[1mGenerating C code for ROS interfaces[0m
[1.467s] running egg_info
[1.469s] [ 11%] [34m[1mGenerating C++ code for ROS interfaces[0m
[1.490s] writing interfaces.egg-info/PKG-INFO
[1.490s] writing dependency_links to interfaces.egg-info/dependency_links.txt
[1.490s] writing top-level names to interfaces.egg-info/top_level.txt
[1.553s] reading manifest file 'interfaces.egg-info/SOURCES.txt'
[1.554s] writing manifest file 'interfaces.egg-info/SOURCES.txt'
[1.578s] [ 11%] Built target ament_cmake_python_build_interfaces_egg
[1.845s] [ 11%] Built target interfaces__cpp
[1.866s] [ 14%] [32mBuilding C object CMakeFiles/interfaces__rosidl_generator_c.dir/rosidl_generator_c/interfaces/action/detail/move__description.c.o[0m
[1.866s] [ 17%] [32mBuilding C object CMakeFiles/interfaces__rosidl_generator_c.dir/rosidl_generator_c/interfaces/action/detail/move__functions.c.o[0m
[1.866s] [ 20%] [32mBuilding C object CMakeFiles/interfaces__rosidl_generator_c.dir/rosidl_generator_c/interfaces/action/detail/move__type_support.c.o[0m
[2.038s] [ 22%] [32m[1mLinking C shared library libinterfaces__rosidl_generator_c.so[0m
[2.077s] [ 22%] Built target interfaces__rosidl_generator_c
[2.086s] [ 25%] [34m[1mGenerating C++ type support for eProsima Fast-RTPS[0m
[2.086s] [ 28%] [34m[1mGenerating C type support dispatch for ROS interfaces[0m
[2.089s] [ 37%] [34m[1mGenerating C type support for eProsima Fast-RTPS[0m
[2.089s] [ 37%] [34m[1mGenerating C++ type support dispatch for ROS interfaces[0m
[2.089s] [ 37%] [34m[1mGenerating C++ introspection for ROS interfaces[0m
[2.089s] [ 40%] [34m[1mGenerating C introspection for ROS interfaces[0m
[2.395s] [ 42%] [32mBuilding CXX object CMakeFiles/interfaces__rosidl_typesupport_cpp.dir/rosidl_typesupport_cpp/interfaces/action/move__type_support.cpp.o[0m
[2.536s] [ 45%] [32mBuilding C object CMakeFiles/interfaces__rosidl_typesupport_introspection_c.dir/rosidl_typesupport_introspection_c/interfaces/action/detail/move__type_support.c.o[0m
[2.607s] [ 48%] [32mBuilding CXX object CMakeFiles/interfaces__rosidl_typesupport_c.dir/rosidl_typesupport_c/interfaces/action/move__type_support.cpp.o[0m
[2.623s] [ 51%] [32m[1mLinking C shared library libinterfaces__rosidl_typesupport_introspection_c.so[0m
[2.633s] [ 54%] [32mBuilding CXX object CMakeFiles/interfaces__rosidl_typesupport_introspection_cpp.dir/rosidl_typesupport_introspection_cpp/interfaces/action/detail/move__type_support.cpp.o[0m
[2.663s] [ 54%] Built target interfaces__rosidl_typesupport_introspection_c
[2.675s] [ 57%] [32m[1mLinking CXX shared library libinterfaces__rosidl_typesupport_c.so[0m
[2.715s] [ 57%] Built target interfaces__rosidl_typesupport_c
[2.794s] [ 60%] [32mBuilding CXX object CMakeFiles/interfaces__rosidl_typesupport_fastrtps_c.dir/rosidl_typesupport_fastrtps_c/interfaces/action/detail/move__type_support_c.cpp.o[0m
[2.826s] [ 62%] [32mBuilding CXX object CMakeFiles/interfaces__rosidl_typesupport_fastrtps_cpp.dir/rosidl_typesupport_fastrtps_cpp/interfaces/action/detail/dds_fastrtps/move__type_support.cpp.o[0m
[3.177s] [ 65%] [32m[1mLinking CXX shared library libinterfaces__rosidl_typesupport_cpp.so[0m
[3.252s] [ 65%] Built target interfaces__rosidl_typesupport_cpp
[3.270s] [ 68%] [32m[1mLinking CXX shared library libinterfaces__rosidl_typesupport_introspection_cpp.so[0m
[3.340s] [ 68%] Built target interfaces__rosidl_typesupport_introspection_cpp
[3.343s] [ 71%] [32m[1mLinking CXX shared library libinterfaces__rosidl_typesupport_fastrtps_c.so[0m
[3.405s] [ 71%] Built target interfaces__rosidl_typesupport_fastrtps_c
[3.630s] [ 74%] [32m[1mLinking CXX shared library libinterfaces__rosidl_typesupport_fastrtps_cpp.so[0m
[3.692s] [ 74%] Built target interfaces__rosidl_typesupport_fastrtps_cpp
[3.708s] [ 74%] Built target interfaces
[3.727s] [ 77%] [34m[1mGenerating Python code for ROS interfaces[0m
[4.278s] [ 77%] Built target interfaces__py
[4.294s] [ 80%] [32mBuilding C object CMakeFiles/interfaces__rosidl_generator_py.dir/rosidl_generator_py/interfaces/action/_move_s.c.o[0m
[4.502s] [ 82%] [32m[1mLinking C shared library libinterfaces__rosidl_generator_py.so[0m
[4.538s] [ 82%] Built target interfaces__rosidl_generator_py
[4.561s] [ 85%] [32mBuilding C object CMakeFiles/interfaces_s__rosidl_typesupport_fastrtps_c.dir/rosidl_generator_py/interfaces/_interfaces_s.ep.rosidl_typesupport_fastrtps_c.c.o[0m
[4.562s] [ 88%] [32mBuilding C object CMakeFiles/interfaces_s__rosidl_typesupport_introspection_c.dir/rosidl_generator_py/interfaces/_interfaces_s.ep.rosidl_typesupport_introspection_c.c.o[0m
[4.564s] [ 91%] [32mBuilding C object CMakeFiles/interfaces_s__rosidl_typesupport_c.dir/rosidl_generator_py/interfaces/_interfaces_s.ep.rosidl_typesupport_c.c.o[0m
[4.681s] [ 94%] [32m[1mLinking C shared module rosidl_generator_py/interfaces/interfaces_s__rosidl_typesupport_fastrtps_c.so[0m
[4.694s] [ 97%] [32m[1mLinking C shared module rosidl_generator_py/interfaces/interfaces_s__rosidl_typesupport_c.so[0m
[4.700s] [100%] [32m[1mLinking C shared module rosidl_generator_py/interfaces/interfaces_s__rosidl_typesupport_introspection_c.so[0m
[4.717s] [100%] Built target interfaces_s__rosidl_typesupport_fastrtps_c
[4.724s] [100%] Built target interfaces_s__rosidl_typesupport_c
[4.731s] [100%] Built target interfaces_s__rosidl_typesupport_introspection_c
[4.742s] Invoked command in '/home/a/Solving-Maze/build/interfaces' returned '0': CMAKE_PREFIX_PATH=${CMAKE_PREFIX_PATH}:/home/a/Solving-Maze/install/mazeSolve_pkg:/opt/ros/jazzy DEBUGINFOD_URLS=https://debuginfod.ubuntu.com /usr/bin/cmake --build /home/a/Solving-Maze/build/interfaces -- -j8 -l8
[4.750s] Invoking command in '/home/a/Solving-Maze/build/interfaces': CMAKE_PREFIX_PATH=${CMAKE_PREFIX_PATH}:/home/a/Solving-Maze/install/mazeSolve_pkg:/opt/ros/jazzy DEBUGINFOD_URLS=https://debuginfod.ubuntu.com /usr/bin/cmake --install /home/a/Solving-Maze/build/interfaces
[4.757s] -- Install configuration: ""
[4.757s] -- Installing: /home/a/Solving-Maze/install/interfaces/share/ament_index/resource_index/rosidl_interfaces/interfaces
[4.757s] -- Installing: /home/a/Solving-Maze/install/interfaces/share/interfaces/action/Move.json
[4.757s] -- Up-to-date: /home/a/Solving-Maze/install/interfaces/include/interfaces/interfaces
[4.757s] -- Up-to-date: /home/a/Solving-Maze/install/interfaces/include/interfaces/interfaces/msg
[4.757s] -- Up-to-date: /home/a/Solving-Maze/install/interfaces/include/interfaces/interfaces/msg/rosidl_generator_c__visibility_control.h
[4.757s] -- Up-to-date: /home/a/Solving-Maze/install/interfaces/include/interfaces/interfaces/action
[4.757s] -- Up-to-date: /home/a/Solving-Maze/install/interfaces/include/interfaces/interfaces/action/move_x.h
[4.757s] -- Up-to-date: /home/a/Solving-Maze/install/interfaces/include/interfaces/interfaces/action/detail
[4.757s] -- Up-to-date: /home/a/Solving-Maze/install/interfaces/include/interfaces/interfaces/action/detail/move_x__functions.h
[4.757s] -- Installing: /home/a/Solving-Maze/install/interfaces/include/interfaces/interfaces/action/detail/move__functions.h
[4.757s] -- Installing: /home/a/Solving-Maze/install/interfaces/include/interfaces/interfaces/action/detail/move__functions.c
[4.758s] -- Up-to-date: /home/a/Solving-Maze/install/interfaces/include/interfaces/interfaces/action/detail/move_x__description.c
[4.758s] -- Up-to-date: /home/a/Solving-Maze/install/interfaces/include/interfaces/interfaces/action/detail/move_x__type_support.h
[4.758s] -- Installing: /home/a/Solving-Maze/install/interfaces/include/interfaces/interfaces/action/detail/move__type_support.c
[4.758s] -- Up-to-date: /home/a/Solving-Maze/install/interfaces/include/interfaces/interfaces/action/detail/move_x__functions.c
[4.758s] -- Installing: /home/a/Solving-Maze/install/interfaces/include/interfaces/interfaces/action/detail/move__struct.h
[4.758s] -- Up-to-date: /home/a/Solving-Maze/install/interfaces/include/interfaces/interfaces/action/detail/move_x__type_support.c
[4.758s] -- Up-to-date: /home/a/Solving-Maze/install/interfaces/include/interfaces/interfaces/action/detail/move_x__struct.h
[4.758s] -- Installing: /home/a/Solving-Maze/install/interfaces/include/interfaces/interfaces/action/detail/move__type_support.h
[4.758s] -- Installing: /home/a/Solving-Maze/install/interfaces/include/interfaces/interfaces/action/detail/move__description.c
[4.758s] -- Installing: /home/a/Solving-Maze/install/interfaces/include/interfaces/interfaces/action/move.h
[4.758s] -- Up-to-date: /home/a/Solving-Maze/install/interfaces/share/interfaces/environment/library_path.sh
[4.758s] -- Up-to-date: /home/a/Solving-Maze/install/interfaces/share/interfaces/environment/library_path.dsv
[4.758s] -- Installing: /home/a/Solving-Maze/install/interfaces/lib/libinterfaces__rosidl_generator_c.so
[4.758s] -- Set non-toolchain portion of runtime path of "/home/a/Solving-Maze/install/interfaces/lib/libinterfaces__rosidl_generator_c.so" to ""
[4.759s] -- Up-to-date: /home/a/Solving-Maze/install/interfaces/include/interfaces/interfaces
[4.759s] -- Up-to-date: /home/a/Solving-Maze/install/interfaces/include/interfaces/interfaces/msg
[4.759s] -- Up-to-date: /home/a/Solving-Maze/install/interfaces/include/interfaces/interfaces/msg/rosidl_typesupport_fastrtps_c__visibility_control.h
[4.759s] -- Up-to-date: /home/a/Solving-Maze/install/interfaces/include/interfaces/interfaces/action
[4.759s] -- Up-to-date: /home/a/Solving-Maze/install/interfaces/include/interfaces/interfaces/action/detail
[4.759s] -- Installing: /home/a/Solving-Maze/install/interfaces/include/interfaces/interfaces/action/detail/move__rosidl_typesupport_fastrtps_c.h
[4.759s] -- Up-to-date: /home/a/Solving-Maze/install/interfaces/include/interfaces/interfaces/action/detail/move_x__rosidl_typesupport_fastrtps_c.h
[4.759s] -- Installing: /home/a/Solving-Maze/install/interfaces/lib/libinterfaces__rosidl_typesupport_fastrtps_c.so
[4.760s] -- Set non-toolchain portion of runtime path of "/home/a/Solving-Maze/install/interfaces/lib/libinterfaces__rosidl_typesupport_fastrtps_c.so" to ""
[4.760s] -- Up-to-date: /home/a/Solving-Maze/install/interfaces/include/interfaces/interfaces
[4.760s] -- Up-to-date: /home/a/Solving-Maze/install/interfaces/include/interfaces/interfaces/msg
[4.760s] -- Up-to-date: /home/a/Solving-Maze/install/interfaces/include/interfaces/interfaces/msg/rosidl_typesupport_introspection_c__visibility_control.h
[4.760s] -- Up-to-date: /home/a/Solving-Maze/install/interfaces/include/interfaces/interfaces/action
[4.760s] -- Up-to-date: /home/a/Solving-Maze/install/interfaces/include/interfaces/interfaces/action/detail
[4.760s] -- Up-to-date: /home/a/Solving-Maze/install/interfaces/include/interfaces/interfaces/action/detail/move_x__rosidl_typesupport_introspection_c.h
[4.760s] -- Installing: /home/a/Solving-Maze/install/interfaces/include/interfaces/interfaces/action/detail/move__type_support.c
[4.761s] -- Installing: /home/a/Solving-Maze/install/interfaces/include/interfaces/interfaces/action/detail/move__rosidl_typesupport_introspection_c.h
[4.761s] -- Up-to-date: /home/a/Solving-Maze/install/interfaces/include/interfaces/interfaces/action/detail/move_x__type_support.c
[4.761s] -- Installing: /home/a/Solving-Maze/install/interfaces/lib/libinterfaces__rosidl_typesupport_introspection_c.so
[4.761s] -- Set non-toolchain portion of runtime path of "/home/a/Solving-Maze/install/interfaces/lib/libinterfaces__rosidl_typesupport_introspection_c.so" to ""
[4.761s] -- Installing: /home/a/Solving-Maze/install/interfaces/lib/libinterfaces__rosidl_typesupport_c.so
[4.762s] -- Set non-toolchain portion of runtime path of "/home/a/Solving-Maze/install/interfaces/lib/libinterfaces__rosidl_typesupport_c.so" to ""
[4.762s] -- Up-to-date: /home/a/Solving-Maze/install/interfaces/include/interfaces/interfaces
[4.762s] -- Up-to-date: /home/a/Solving-Maze/install/interfaces/include/interfaces/interfaces/msg
[4.762s] -- Installing: /home/a/Solving-Maze/install/interfaces/include/interfaces/interfaces/msg/rosidl_generator_cpp__visibility_control.hpp
[4.762s] -- Up-to-date: /home/a/Solving-Maze/install/interfaces/include/interfaces/interfaces/action
[4.762s] -- Installing: /home/a/Solving-Maze/install/interfaces/include/interfaces/interfaces/action/move.hpp
[4.762s] -- Up-to-date: /home/a/Solving-Maze/install/interfaces/include/interfaces/interfaces/action/move_x.hpp
[4.762s] -- Up-to-date: /home/a/Solving-Maze/install/interfaces/include/interfaces/interfaces/action/detail
[4.762s] -- Up-to-date: /home/a/Solving-Maze/install/interfaces/include/interfaces/interfaces/action/detail/move_x__builder.hpp
[4.763s] -- Installing: /home/a/Solving-Maze/install/interfaces/include/interfaces/interfaces/action/detail/move__builder.hpp
[4.763s] -- Up-to-date: /home/a/Solving-Maze/install/interfaces/include/interfaces/interfaces/action/detail/move_x__type_support.hpp
[4.763s] -- Up-to-date: /home/a/Solving-Maze/install/interfaces/include/interfaces/interfaces/action/detail/move_x__traits.hpp
[4.763s] -- Installing: /home/a/Solving-Maze/install/interfaces/include/interfaces/interfaces/action/detail/move__type_support.hpp
[4.763s] -- Installing: /home/a/Solving-Maze/install/interfaces/include/interfaces/interfaces/action/detail/move__struct.hpp
[4.763s] -- Up-to-date: /home/a/Solving-Maze/install/interfaces/include/interfaces/interfaces/action/detail/move_x__struct.hpp
[4.763s] -- Installing: /home/a/Solving-Maze/install/interfaces/include/interfaces/interfaces/action/detail/move__traits.hpp
[4.763s] -- Up-to-date: /home/a/Solving-Maze/install/interfaces/include/interfaces/interfaces
[4.763s] -- Up-to-date: /home/a/Solving-Maze/install/interfaces/include/interfaces/interfaces/msg
[4.763s] -- Up-to-date: /home/a/Solving-Maze/install/interfaces/include/interfaces/interfaces/msg/rosidl_typesupport_fastrtps_cpp__visibility_control.h
[4.763s] -- Up-to-date: /home/a/Solving-Maze/install/interfaces/include/interfaces/interfaces/action
[4.763s] -- Up-to-date: /home/a/Solving-Maze/install/interfaces/include/interfaces/interfaces/action/detail
[4.763s] -- Up-to-date: /home/a/Solving-Maze/install/interfaces/include/interfaces/interfaces/action/detail/move_x__rosidl_typesupport_fastrtps_cpp.hpp
[4.763s] -- Installing: /home/a/Solving-Maze/install/interfaces/include/interfaces/interfaces/action/detail/move__rosidl_typesupport_fastrtps_cpp.hpp
[4.764s] -- Up-to-date: /home/a/Solving-Maze/install/interfaces/include/interfaces/interfaces/action/detail/dds_fastrtps
[4.764s] -- Installing: /home/a/Solving-Maze/install/interfaces/lib/libinterfaces__rosidl_typesupport_fastrtps_cpp.so
[4.764s] -- Set non-toolchain portion of runtime path of "/home/a/Solving-Maze/install/interfaces/lib/libinterfaces__rosidl_typesupport_fastrtps_cpp.so" to ""
[4.764s] -- Up-to-date: /home/a/Solving-Maze/install/interfaces/include/interfaces/interfaces
[4.764s] -- Up-to-date: /home/a/Solving-Maze/install/interfaces/include/interfaces/interfaces/action
[4.764s] -- Up-to-date: /home/a/Solving-Maze/install/interfaces/include/interfaces/interfaces/action/detail
[4.764s] -- Installing: /home/a/Solving-Maze/install/interfaces/include/interfaces/interfaces/action/detail/move__type_support.cpp
[4.765s] -- Installing: /home/a/Solving-Maze/install/interfaces/include/interfaces/interfaces/action/detail/move__rosidl_typesupport_introspection_cpp.hpp
[4.765s] -- Up-to-date: /home/a/Solving-Maze/install/interfaces/include/interfaces/interfaces/action/detail/move_x__rosidl_typesupport_introspection_cpp.hpp
[4.765s] -- Up-to-date: /home/a/Solving-Maze/install/interfaces/include/interfaces/interfaces/action/detail/move_x__type_support.cpp
[4.765s] -- Installing: /home/a/Solving-Maze/install/interfaces/lib/libinterfaces__rosidl_typesupport_introspection_cpp.so
[4.766s] -- Set non-toolchain portion of runtime path of "/home/a/Solving-Maze/install/interfaces/lib/libinterfaces__rosidl_typesupport_introspection_cpp.so" to ""
[4.766s] -- Installing: /home/a/Solving-Maze/install/interfaces/lib/libinterfaces__rosidl_typesupport_cpp.so
[4.766s] -- Set non-toolchain portion of runtime path of "/home/a/Solving-Maze/install/interfaces/lib/libinterfaces__rosidl_typesupport_cpp.so" to ""
[4.766s] -- Up-to-date: /home/a/Solving-Maze/install/interfaces/share/interfaces/environment/pythonpath.sh
[4.766s] -- Up-to-date: /home/a/Solving-Maze/install/interfaces/share/interfaces/environment/pythonpath.dsv
[4.766s] -- Up-to-date: /home/a/Solving-Maze/install/interfaces/lib/python3.12/site-packages/interfaces-0.0.0-py3.12.egg-info
[4.767s] -- Installing: /home/a/Solving-Maze/install/interfaces/lib/python3.12/site-packages/interfaces-0.0.0-py3.12.egg-info/top_level.txt
[4.767s] -- Installing: /home/a/Solving-Maze/install/interfaces/lib/python3.12/site-packages/interfaces-0.0.0-py3.12.egg-info/PKG-INFO
[4.767s] -- Installing: /home/a/Solving-Maze/install/interfaces/lib/python3.12/site-packages/interfaces-0.0.0-py3.12.egg-info/dependency_links.txt
[4.767s] -- Installing: /home/a/Solving-Maze/install/interfaces/lib/python3.12/site-packages/interfaces-0.0.0-py3.12.egg-info/SOURCES.txt
[4.767s] -- Up-to-date: /home/a/Solving-Maze/install/interfaces/lib/python3.12/site-packages/interfaces
[4.767s] -- Installing: /home/a/Solving-Maze/install/interfaces/lib/python3.12/site-packages/interfaces/interfaces_s__rosidl_typesupport_c.so
[4.767s] -- Installing: /home/a/Solving-Maze/install/interfaces/lib/python3.12/site-packages/interfaces/_interfaces_s.ep.rosidl_typesupport_fastrtps_c.c
[4.767s] -- Installing: /home/a/Solving-Maze/install/interfaces/lib/python3.12/site-packages/interfaces/interfaces_s__rosidl_typesupport_fastrtps_c.so
[4.767s] -- Installing: /home/a/Solving-Maze/install/interfaces/lib/python3.12/site-packages/interfaces/_interfaces_s.ep.rosidl_typesupport_introspection_c.c
[4.768s] -- Installing: /home/a/Solving-Maze/install/interfaces/lib/python3.12/site-packages/interfaces/__init__.py
[4.768s] -- Installing: /home/a/Solving-Maze/install/interfaces/lib/python3.12/site-packages/interfaces/interfaces_s__rosidl_typesupport_introspection_c.so
[4.768s] -- Installing: /home/a/Solving-Maze/install/interfaces/lib/python3.12/site-packages/interfaces/_interfaces_s.ep.rosidl_typesupport_c.c
[4.768s] -- Up-to-date: /home/a/Solving-Maze/install/interfaces/lib/python3.12/site-packages/interfaces/action
[4.768s] -- Up-to-date: /home/a/Solving-Maze/install/interfaces/lib/python3.12/site-packages/interfaces/action/_move_x_s.c
[4.768s] -- Installing: /home/a/Solving-Maze/install/interfaces/lib/python3.12/site-packages/interfaces/action/_move.py
[4.768s] -- Up-to-date: /home/a/Solving-Maze/install/interfaces/lib/python3.12/site-packages/interfaces/action/_move_x.py
[4.768s] -- Installing: /home/a/Solving-Maze/install/interfaces/lib/python3.12/site-packages/interfaces/action/_move_s.c
[4.768s] -- Installing: /home/a/Solving-Maze/install/interfaces/lib/python3.12/site-packages/interfaces/action/__init__.py
[4.812s] Listing '/home/a/Solving-Maze/install/interfaces/lib/python3.12/site-packages/interfaces'...
[4.812s] Compiling '/home/a/Solving-Maze/install/interfaces/lib/python3.12/site-packages/interfaces/__init__.py'...
[4.812s] Listing '/home/a/Solving-Maze/install/interfaces/lib/python3.12/site-packages/interfaces/action'...
[4.812s] Compiling '/home/a/Solving-Maze/install/interfaces/lib/python3.12/site-packages/interfaces/action/__init__.py'...
[4.812s] Compiling '/home/a/Solving-Maze/install/interfaces/lib/python3.12/site-packages/interfaces/action/_move.py'...
[4.817s] -- Installing: /home/a/Solving-Maze/install/interfaces/lib/python3.12/site-packages/interfaces/interfaces_s__rosidl_typesupport_fastrtps_c.so
[4.818s] -- Set non-toolchain portion of runtime path of "/home/a/Solving-Maze/install/interfaces/lib/python3.12/site-packages/interfaces/interfaces_s__rosidl_typesupport_fastrtps_c.so" to ""
[4.818s] -- Installing: /home/a/Solving-Maze/install/interfaces/lib/python3.12/site-packages/interfaces/interfaces_s__rosidl_typesupport_introspection_c.so
[4.818s] -- Set non-toolchain portion of runtime path of "/home/a/Solving-Maze/install/interfaces/lib/python3.12/site-packages/interfaces/interfaces_s__rosidl_typesupport_introspection_c.so" to ""
[4.818s] -- Installing: /home/a/Solving-Maze/install/interfaces/lib/python3.12/site-packages/interfaces/interfaces_s__rosidl_typesupport_c.so
[4.818s] -- Set non-toolchain portion of runtime path of "/home/a/Solving-Maze/install/interfaces/lib/python3.12/site-packages/interfaces/interfaces_s__rosidl_typesupport_c.so" to ""
[4.819s] -- Installing: /home/a/Solving-Maze/install/interfaces/lib/libinterfaces__rosidl_generator_py.so
[4.819s] -- Set non-toolchain portion of runtime path of "/home/a/Solving-Maze/install/interfaces/lib/libinterfaces__rosidl_generator_py.so" to ""
[4.819s] -- Up-to-date: /home/a/Solving-Maze/install/interfaces/share/ament_index/resource_index/rust_packages/interfaces
[4.819s] -- Up-to-date: /home/a/Solving-Maze/install/interfaces/share/interfaces/rust
[4.819s] -- Up-to-date: /home/a/Solving-Maze/install/interfaces/share/interfaces/rust/src
[4.820s] -- Installing: /home/a/Solving-Maze/install/interfaces/share/interfaces/rust/src/action.rs
[4.820s] -- Installing: /home/a/Solving-Maze/install/interfaces/share/interfaces/rust/src/lib.rs
[4.820s] -- Up-to-date: /home/a/Solving-Maze/install/interfaces/share/interfaces/rust/src/action
[4.820s] -- Installing: /home/a/Solving-Maze/install/interfaces/share/interfaces/rust/src/action/rmw.rs
[4.820s] -- Installing: /home/a/Solving-Maze/install/interfaces/share/interfaces/rust/Cargo.toml
[4.820s] -- Installing: /home/a/Solving-Maze/install/interfaces/share/interfaces/rust/build.rs
[4.820s] -- Installing: /home/a/Solving-Maze/install/interfaces/share/interfaces/action/Move.idl
[4.820s] -- Installing: /home/a/Solving-Maze/install/interfaces/share/interfaces/action/Move.action
[4.820s] -- Up-to-date: /home/a/Solving-Maze/install/interfaces/share/ament_index/resource_index/package_run_dependencies/interfaces
[4.820s] -- Up-to-date: /home/a/Solving-Maze/install/interfaces/share/ament_index/resource_index/parent_prefix_path/interfaces
[4.820s] -- Up-to-date: /home/a/Solving-Maze/install/interfaces/share/interfaces/environment/ament_prefix_path.sh
[4.820s] -- Up-to-date: /home/a/Solving-Maze/install/interfaces/share/interfaces/environment/ament_prefix_path.dsv
[4.820s] -- Up-to-date: /home/a/Solving-Maze/install/interfaces/share/interfaces/environment/path.sh
[4.821s] -- Up-to-date: /home/a/Solving-Maze/install/interfaces/share/interfaces/environment/path.dsv
[4.821s] -- Up-to-date: /home/a/Solving-Maze/install/interfaces/share/interfaces/local_setup.bash
[4.821s] -- Up-to-date: /home/a/Solving-Maze/install/interfaces/share/interfaces/local_setup.sh
[4.821s] -- Up-to-date: /home/a/Solving-Maze/install/interfaces/share/interfaces/local_setup.zsh
[4.821s] -- Up-to-date: /home/a/Solving-Maze/install/interfaces/share/interfaces/local_setup.dsv
[4.821s] -- Installing: /home/a/Solving-Maze/install/interfaces/share/interfaces/package.dsv
[4.821s] -- Up-to-date: /home/a/Solving-Maze/install/interfaces/share/ament_index/resource_index/packages/interfaces
[4.821s] -- Up-to-date: /home/a/Solving-Maze/install/interfaces/share/interfaces/cmake/export_interfaces__rosidl_generator_cExport.cmake
[4.821s] -- Up-to-date: /home/a/Solving-Maze/install/interfaces/share/interfaces/cmake/export_interfaces__rosidl_generator_cExport-noconfig.cmake
[4.821s] -- Up-to-date: /home/a/Solving-Maze/install/interfaces/share/interfaces/cmake/export_interfaces__rosidl_typesupport_fastrtps_cExport.cmake
[4.821s] -- Up-to-date: /home/a/Solving-Maze/install/interfaces/share/interfaces/cmake/export_interfaces__rosidl_typesupport_fastrtps_cExport-noconfig.cmake
[4.822s] -- Up-to-date: /home/a/Solving-Maze/install/interfaces/share/interfaces/cmake/interfaces__rosidl_typesupport_introspection_cExport.cmake
[4.822s] -- Up-to-date: /home/a/Solving-Maze/install/interfaces/share/interfaces/cmake/interfaces__rosidl_typesupport_introspection_cExport-noconfig.cmake
[4.822s] -- Up-to-date: /home/a/Solving-Maze/install/interfaces/share/interfaces/cmake/interfaces__rosidl_typesupport_cExport.cmake
[4.822s] -- Up-to-date: /home/a/Solving-Maze/install/interfaces/share/interfaces/cmake/interfaces__rosidl_typesupport_cExport-noconfig.cmake
[4.822s] -- Up-to-date: /home/a/Solving-Maze/install/interfaces/share/interfaces/cmake/export_interfaces__rosidl_generator_cppExport.cmake
[4.822s] -- Up-to-date: /home/a/Solving-Maze/install/interfaces/share/interfaces/cmake/export_interfaces__rosidl_typesupport_fastrtps_cppExport.cmake
[4.823s] -- Up-to-date: /home/a/Solving-Maze/install/interfaces/share/interfaces/cmake/export_interfaces__rosidl_typesupport_fastrtps_cppExport-noconfig.cmake
[4.823s] -- Up-to-date: /home/a/Solving-Maze/install/interfaces/share/interfaces/cmake/interfaces__rosidl_typesupport_introspection_cppExport.cmake
[4.823s] -- Up-to-date: /home/a/Solving-Maze/install/interfaces/share/interfaces/cmake/interfaces__rosidl_typesupport_introspection_cppExport-noconfig.cmake
[4.823s] -- Up-to-date: /home/a/Solving-Maze/install/interfaces/share/interfaces/cmake/interfaces__rosidl_typesupport_cppExport.cmake
[4.823s] -- Up-to-date: /home/a/Solving-Maze/install/interfaces/share/interfaces/cmake/interfaces__rosidl_typesupport_cppExport-noconfig.cmake
[4.823s] -- Up-to-date: /home/a/Solving-Maze/install/interfaces/share/interfaces/cmake/export_interfaces__rosidl_generator_pyExport.cmake
[4.823s] -- Up-to-date: /home/a/Solving-Maze/install/interfaces/share/interfaces/cmake/export_interfaces__rosidl_generator_pyExport-noconfig.cmake
[4.823s] -- Installing: /home/a/Solving-Maze/install/interfaces/share/interfaces/cmake/rosidl_cmake-extras.cmake
[4.823s] -- Up-to-date: /home/a/Solving-Maze/install/interfaces/share/interfaces/cmake/ament_cmake_export_dependencies-extras.cmake
[4.823s] -- Up-to-date: /home/a/Solving-Maze/install/interfaces/share/interfaces/cmake/ament_cmake_export_include_directories-extras.cmake
[4.824s] -- Up-to-date: /home/a/Solving-Maze/install/interfaces/share/interfaces/cmake/ament_cmake_export_libraries-extras.cmake
[4.824s] -- Up-to-date: /home/a/Solving-Maze/install/interfaces/share/interfaces/cmake/ament_cmake_export_targets-extras.cmake
[4.824s] -- Up-to-date: /home/a/Solving-Maze/install/interfaces/share/interfaces/cmake/rosidl_cmake_export_typesupport_targets-extras.cmake
[4.824s] -- Up-to-date: /home/a/Solving-Maze/install/interfaces/share/interfaces/cmake/rosidl_cmake_export_typesupport_libraries-extras.cmake
[4.824s] -- Up-to-date: /home/a/Solving-Maze/install/interfaces/share/interfaces/cmake/rosidl_cmake_aggregate_target-extras.cmake
[4.824s] -- Up-to-date: /home/a/Solving-Maze/install/interfaces/share/interfaces/cmake/interfacesConfig.cmake
[4.824s] -- Up-to-date: /home/a/Solving-Maze/install/interfaces/share/interfaces/cmake/interfacesConfig-version.cmake
[4.824s] -- Up-to-date: /home/a/Solving-Maze/install/interfaces/share/interfaces/package.xml
[4.826s] Invoked command in '/home/a/Solving-Maze/build/interfaces' returned '0': CMAKE_PREFIX_PATH=${CMAKE_PREFIX_PATH}:/home/a/Solving-Maze/install/mazeSolve_pkg:/opt/ros/jazzy DEBUGINFOD_URLS=https://debuginfod.ubuntu.com /usr/bin/cmake --install /home/a/Solving-Maze/build/interfaces
