[0.027s] Invoking command in '/root/training_ws_merge2/src/build/interfaces': CMAKE_PREFIX_PATH=${CMAKE_PREFIX_PATH}:/root/training_ws_merge2/src/install/maze_control:/root/training_ws_merge2/src/install/mazeSolve_pkg:/root/training_ws_merge2/install/maze_control:/root/training_ws_merge2/install/mazeSolve_pkg:/root/training_ws/install/mazeSolve_pkg:/opt/ros/jazzy /usr/bin/cmake --build /root/training_ws_merge2/src/build/interfaces -- -j8 -l8
[0.141s] [  2%] Built target interfaces__rosidl_generator_type_description
[0.205s] [  2%] Built target ament_cmake_python_symlink_interfaces
[0.255s] [  5%] Built target interfaces__cpp
[0.657s] running egg_info
[0.689s] writing interfaces.egg-info/PKG-INFO
[0.689s] writing dependency_links to interfaces.egg-info/dependency_links.txt
[0.690s] writing top-level names to interfaces.egg-info/top_level.txt
[0.788s] reading manifest file 'interfaces.egg-info/SOURCES.txt'
[0.790s] writing manifest file 'interfaces.egg-info/SOURCES.txt'
[0.871s] [  5%] Built target ament_cmake_python_build_interfaces_egg
[0.922s] [ 20%] Built target interfaces__rosidl_generator_c
[0.966s] [ 22%] Built target interfaces__rs
[1.016s] [ 31%] Built target interfaces__rosidl_typesupport_cpp
[1.066s] [ 40%] Built target interfaces__rosidl_typesupport_introspection_cpp
[1.120s] [ 48%] Built target interfaces__rosidl_typesupport_fastrtps_cpp
[1.173s] [ 57%] Built target interfaces__rosidl_typesupport_c
[1.225s] [ 65%] Built target interfaces__rosidl_typesupport_introspection_c
[1.274s] [ 74%] Built target interfaces__rosidl_typesupport_fastrtps_c
[1.318s] [ 74%] Built target interfaces
[1.366s] [ 77%] Built target interfaces__py
[1.414s] [ 82%] Built target interfaces__rosidl_generator_py
[1.464s] [ 88%] Built target interfaces_s__rosidl_typesupport_fastrtps_c
[1.515s] [ 94%] Built target interfaces_s__rosidl_typesupport_c
[1.565s] [100%] Built target interfaces_s__rosidl_typesupport_introspection_c
[1.592s] Invoked command in '/root/training_ws_merge2/src/build/interfaces' returned '0': CMAKE_PREFIX_PATH=${CMAKE_PREFIX_PATH}:/root/training_ws_merge2/src/install/maze_control:/root/training_ws_merge2/src/install/mazeSolve_pkg:/root/training_ws_merge2/install/maze_control:/root/training_ws_merge2/install/mazeSolve_pkg:/root/training_ws/install/mazeSolve_pkg:/opt/ros/jazzy /usr/bin/cmake --build /root/training_ws_merge2/src/build/interfaces -- -j8 -l8
[1.614s] Invoking command in '/root/training_ws_merge2/src/build/interfaces': CMAKE_PREFIX_PATH=${CMAKE_PREFIX_PATH}:/root/training_ws_merge2/src/install/maze_control:/root/training_ws_merge2/src/install/mazeSolve_pkg:/root/training_ws_merge2/install/maze_control:/root/training_ws_merge2/install/mazeSolve_pkg:/root/training_ws/install/mazeSolve_pkg:/opt/ros/jazzy /usr/bin/cmake --install /root/training_ws_merge2/src/build/interfaces
[1.631s] -- Install configuration: ""
[1.632s] -- Execute custom install script
[1.632s] -- Up-to-date symlink: /root/training_ws_merge2/src/install/interfaces/share/ament_index/resource_index/rosidl_interfaces/interfaces
[1.632s] -- Up-to-date symlink: /root/training_ws_merge2/src/install/interfaces/share/interfaces/action/Move.json
[1.633s] -- Up-to-date symlink: /root/training_ws_merge2/src/install/interfaces/include/interfaces/interfaces/action/detail/move__functions.h
[1.634s] -- Up-to-date symlink: /root/training_ws_merge2/src/install/interfaces/include/interfaces/interfaces/action/detail/move__struct.h
[1.635s] -- Up-to-date symlink: /root/training_ws_merge2/src/install/interfaces/include/interfaces/interfaces/action/detail/move__type_support.h
[1.635s] -- Up-to-date symlink: /root/training_ws_merge2/src/install/interfaces/include/interfaces/interfaces/action/move.h
[1.635s] -- Up-to-date symlink: /root/training_ws_merge2/src/install/interfaces/include/interfaces/interfaces/msg/rosidl_generator_c__visibility_control.h
[1.636s] -- Up-to-date symlink: /root/training_ws_merge2/src/install/interfaces/share/interfaces/environment/library_path.sh
[1.636s] -- Up-to-date symlink: /root/training_ws_merge2/src/install/interfaces/share/interfaces/environment/library_path.dsv
[1.637s] -- Up-to-date symlink: /root/training_ws_merge2/src/install/interfaces/include/interfaces/interfaces/action/detail/move__rosidl_typesupport_fastrtps_c.h
[1.637s] -- Up-to-date symlink: /root/training_ws_merge2/src/install/interfaces/include/interfaces/interfaces/msg/rosidl_typesupport_fastrtps_c__visibility_control.h
[1.638s] -- Up-to-date symlink: /root/training_ws_merge2/src/install/interfaces/include/interfaces/interfaces/action/detail/move__rosidl_typesupport_introspection_c.h
[1.638s] -- Up-to-date symlink: /root/training_ws_merge2/src/install/interfaces/include/interfaces/interfaces/msg/rosidl_typesupport_introspection_c__visibility_control.h
[1.639s] -- Up-to-date symlink: /root/training_ws_merge2/src/install/interfaces/include/interfaces/interfaces/action/detail/move__builder.hpp
[1.639s] -- Up-to-date symlink: /root/training_ws_merge2/src/install/interfaces/include/interfaces/interfaces/action/detail/move__struct.hpp
[1.639s] -- Up-to-date symlink: /root/training_ws_merge2/src/install/interfaces/include/interfaces/interfaces/action/detail/move__traits.hpp
[1.640s] -- Up-to-date symlink: /root/training_ws_merge2/src/install/interfaces/include/interfaces/interfaces/action/detail/move__type_support.hpp
[1.640s] -- Up-to-date symlink: /root/training_ws_merge2/src/install/interfaces/include/interfaces/interfaces/action/move.hpp
[1.640s] -- Up-to-date symlink: /root/training_ws_merge2/src/install/interfaces/include/interfaces/interfaces/msg/rosidl_generator_cpp__visibility_control.hpp
[1.641s] -- Up-to-date symlink: /root/training_ws_merge2/src/install/interfaces/include/interfaces/interfaces/action/detail/move__rosidl_typesupport_fastrtps_cpp.hpp
[1.642s] -- Up-to-date symlink: /root/training_ws_merge2/src/install/interfaces/include/interfaces/interfaces/msg/rosidl_typesupport_fastrtps_cpp__visibility_control.h
[1.642s] -- Up-to-date symlink: /root/training_ws_merge2/src/install/interfaces/include/interfaces/interfaces/action/detail/move__rosidl_typesupport_introspection_cpp.hpp
[1.643s] -- Up-to-date symlink: /root/training_ws_merge2/src/install/interfaces/share/interfaces/environment/pythonpath.sh
[1.643s] -- Up-to-date symlink: /root/training_ws_merge2/src/install/interfaces/share/interfaces/environment/pythonpath.dsv
[1.644s] -- Up-to-date symlink: /root/training_ws_merge2/src/install/interfaces/lib/python3.12/site-packages/interfaces-0.0.0-py3.12.egg-info/PKG-INFO
[1.644s] -- Up-to-date symlink: /root/training_ws_merge2/src/install/interfaces/lib/python3.12/site-packages/interfaces-0.0.0-py3.12.egg-info/SOURCES.txt
[1.644s] -- Up-to-date symlink: /root/training_ws_merge2/src/install/interfaces/lib/python3.12/site-packages/interfaces-0.0.0-py3.12.egg-info/dependency_links.txt
[1.644s] -- Up-to-date symlink: /root/training_ws_merge2/src/install/interfaces/lib/python3.12/site-packages/interfaces-0.0.0-py3.12.egg-info/top_level.txt
[1.645s] -- Up-to-date symlink: /root/training_ws_merge2/src/install/interfaces/lib/python3.12/site-packages/interfaces/__init__.py
[1.645s] -- Up-to-date symlink: /root/training_ws_merge2/src/install/interfaces/lib/python3.12/site-packages/interfaces/_interfaces_s.ep.rosidl_typesupport_c.c
[1.645s] -- Up-to-date symlink: /root/training_ws_merge2/src/install/interfaces/lib/python3.12/site-packages/interfaces/_interfaces_s.ep.rosidl_typesupport_fastrtps_c.c
[1.646s] -- Up-to-date symlink: /root/training_ws_merge2/src/install/interfaces/lib/python3.12/site-packages/interfaces/_interfaces_s.ep.rosidl_typesupport_introspection_c.c
[1.646s] -- Up-to-date symlink: /root/training_ws_merge2/src/install/interfaces/lib/python3.12/site-packages/interfaces/action/__init__.py
[1.646s] -- Up-to-date symlink: /root/training_ws_merge2/src/install/interfaces/lib/python3.12/site-packages/interfaces/action/_move.py
[1.647s] -- Up-to-date symlink: /root/training_ws_merge2/src/install/interfaces/lib/python3.12/site-packages/interfaces/action/_move_s.c
[1.647s] -- Up-to-date symlink: /root/training_ws_merge2/src/install/interfaces/lib/python3.12/site-packages/interfaces/interfaces_s__rosidl_typesupport_c.so
[1.647s] -- Up-to-date symlink: /root/training_ws_merge2/src/install/interfaces/lib/python3.12/site-packages/interfaces/interfaces_s__rosidl_typesupport_fastrtps_c.so
[1.647s] -- Up-to-date symlink: /root/training_ws_merge2/src/install/interfaces/lib/python3.12/site-packages/interfaces/interfaces_s__rosidl_typesupport_introspection_c.so
[1.648s] -- Up-to-date symlink: /root/training_ws_merge2/src/install/interfaces/lib/python3.12/site-packages/interfaces/interfaces_s__rosidl_typesupport_fastrtps_c.so
[1.648s] -- Up-to-date symlink: /root/training_ws_merge2/src/install/interfaces/lib/python3.12/site-packages/interfaces/interfaces_s__rosidl_typesupport_introspection_c.so
[1.648s] -- Up-to-date symlink: /root/training_ws_merge2/src/install/interfaces/lib/python3.12/site-packages/interfaces/interfaces_s__rosidl_typesupport_c.so
[1.649s] -- Up-to-date symlink: /root/training_ws_merge2/src/install/interfaces/share/ament_index/resource_index/rust_packages/interfaces
[1.649s] -- Up-to-date symlink: /root/training_ws_merge2/src/install/interfaces/share/interfaces/rust/Cargo.toml
[1.649s] -- Up-to-date symlink: /root/training_ws_merge2/src/install/interfaces/share/interfaces/rust/build.rs
[1.649s] -- Up-to-date symlink: /root/training_ws_merge2/src/install/interfaces/share/interfaces/rust/src/action.rs
[1.650s] -- Up-to-date symlink: /root/training_ws_merge2/src/install/interfaces/share/interfaces/rust/src/action/rmw.rs
[1.650s] -- Up-to-date symlink: /root/training_ws_merge2/src/install/interfaces/share/interfaces/rust/src/lib.rs
[1.650s] -- Up-to-date symlink: /root/training_ws_merge2/src/install/interfaces/share/interfaces/action/Move.idl
[1.650s] -- Up-to-date symlink: /root/training_ws_merge2/src/install/interfaces/share/interfaces/action/Move.action
[1.651s] -- Up-to-date symlink: /root/training_ws_merge2/src/install/interfaces/share/ament_index/resource_index/package_run_dependencies/interfaces
[1.651s] -- Up-to-date symlink: /root/training_ws_merge2/src/install/interfaces/share/ament_index/resource_index/parent_prefix_path/interfaces
[1.651s] -- Up-to-date symlink: /root/training_ws_merge2/src/install/interfaces/share/interfaces/environment/ament_prefix_path.sh
[1.652s] -- Up-to-date symlink: /root/training_ws_merge2/src/install/interfaces/share/interfaces/environment/ament_prefix_path.dsv
[1.652s] -- Up-to-date symlink: /root/training_ws_merge2/src/install/interfaces/share/interfaces/environment/path.sh
[1.653s] -- Up-to-date symlink: /root/training_ws_merge2/src/install/interfaces/share/interfaces/environment/path.dsv
[1.653s] -- Up-to-date symlink: /root/training_ws_merge2/src/install/interfaces/share/interfaces/local_setup.bash
[1.653s] -- Up-to-date symlink: /root/training_ws_merge2/src/install/interfaces/share/interfaces/local_setup.sh
[1.654s] -- Up-to-date symlink: /root/training_ws_merge2/src/install/interfaces/share/interfaces/local_setup.zsh
[1.654s] -- Up-to-date symlink: /root/training_ws_merge2/src/install/interfaces/share/interfaces/local_setup.dsv
[1.655s] -- Symlinking: /root/training_ws_merge2/src/install/interfaces/share/interfaces/package.dsv
[1.674s] -- Up-to-date symlink: /root/training_ws_merge2/src/install/interfaces/share/ament_index/resource_index/packages/interfaces
[1.675s] -- Up-to-date symlink: /root/training_ws_merge2/src/install/interfaces/share/interfaces/cmake/rosidl_cmake-extras.cmake
[1.675s] -- Up-to-date symlink: /root/training_ws_merge2/src/install/interfaces/share/interfaces/cmake/ament_cmake_export_dependencies-extras.cmake
[1.676s] -- Up-to-date symlink: /root/training_ws_merge2/src/install/interfaces/share/interfaces/cmake/ament_cmake_export_include_directories-extras.cmake
[1.676s] -- Up-to-date symlink: /root/training_ws_merge2/src/install/interfaces/share/interfaces/cmake/ament_cmake_export_libraries-extras.cmake
[1.677s] -- Up-to-date symlink: /root/training_ws_merge2/src/install/interfaces/share/interfaces/cmake/ament_cmake_export_targets-extras.cmake
[1.677s] -- Up-to-date symlink: /root/training_ws_merge2/src/install/interfaces/share/interfaces/cmake/rosidl_cmake_export_typesupport_targets-extras.cmake
[1.678s] -- Up-to-date symlink: /root/training_ws_merge2/src/install/interfaces/share/interfaces/cmake/rosidl_cmake_export_typesupport_libraries-extras.cmake
[1.678s] -- Up-to-date symlink: /root/training_ws_merge2/src/install/interfaces/share/interfaces/cmake/rosidl_cmake_aggregate_target-extras.cmake
[1.678s] -- Up-to-date symlink: /root/training_ws_merge2/src/install/interfaces/share/interfaces/cmake/interfacesConfig.cmake
[1.679s] -- Up-to-date symlink: /root/training_ws_merge2/src/install/interfaces/share/interfaces/cmake/interfacesConfig-version.cmake
[1.679s] -- Up-to-date symlink: /root/training_ws_merge2/src/install/interfaces/share/interfaces/package.xml
[1.679s] -- Up-to-date: /root/training_ws_merge2/src/install/interfaces/lib/libinterfaces__rosidl_generator_c.so
[1.679s] -- Up-to-date: /root/training_ws_merge2/src/install/interfaces/lib/libinterfaces__rosidl_typesupport_fastrtps_c.so
[1.680s] -- Up-to-date: /root/training_ws_merge2/src/install/interfaces/lib/libinterfaces__rosidl_typesupport_introspection_c.so
[1.680s] -- Up-to-date: /root/training_ws_merge2/src/install/interfaces/lib/libinterfaces__rosidl_typesupport_c.so
[1.681s] -- Up-to-date: /root/training_ws_merge2/src/install/interfaces/lib/libinterfaces__rosidl_typesupport_fastrtps_cpp.so
[1.681s] -- Up-to-date: /root/training_ws_merge2/src/install/interfaces/lib/libinterfaces__rosidl_typesupport_introspection_cpp.so
[1.682s] -- Up-to-date: /root/training_ws_merge2/src/install/interfaces/lib/libinterfaces__rosidl_typesupport_cpp.so
[1.755s] Listing '/root/training_ws_merge2/src/install/interfaces/lib/python3.12/site-packages/interfaces'...
[1.755s] Listing '/root/training_ws_merge2/src/install/interfaces/lib/python3.12/site-packages/interfaces/action'...
[1.766s] -- Up-to-date: /root/training_ws_merge2/src/install/interfaces/lib/libinterfaces__rosidl_generator_py.so
[1.767s] -- Up-to-date: /root/training_ws_merge2/src/install/interfaces/share/interfaces/cmake/export_interfaces__rosidl_generator_cExport.cmake
[1.767s] -- Up-to-date: /root/training_ws_merge2/src/install/interfaces/share/interfaces/cmake/export_interfaces__rosidl_generator_cExport-noconfig.cmake
[1.768s] -- Up-to-date: /root/training_ws_merge2/src/install/interfaces/share/interfaces/cmake/export_interfaces__rosidl_typesupport_fastrtps_cExport.cmake
[1.768s] -- Up-to-date: /root/training_ws_merge2/src/install/interfaces/share/interfaces/cmake/export_interfaces__rosidl_typesupport_fastrtps_cExport-noconfig.cmake
[1.768s] -- Up-to-date: /root/training_ws_merge2/src/install/interfaces/share/interfaces/cmake/interfaces__rosidl_typesupport_introspection_cExport.cmake
[1.769s] -- Up-to-date: /root/training_ws_merge2/src/install/interfaces/share/interfaces/cmake/interfaces__rosidl_typesupport_introspection_cExport-noconfig.cmake
[1.769s] -- Up-to-date: /root/training_ws_merge2/src/install/interfaces/share/interfaces/cmake/interfaces__rosidl_typesupport_cExport.cmake
[1.769s] -- Up-to-date: /root/training_ws_merge2/src/install/interfaces/share/interfaces/cmake/interfaces__rosidl_typesupport_cExport-noconfig.cmake
[1.769s] -- Up-to-date: /root/training_ws_merge2/src/install/interfaces/share/interfaces/cmake/export_interfaces__rosidl_generator_cppExport.cmake
[1.770s] -- Up-to-date: /root/training_ws_merge2/src/install/interfaces/share/interfaces/cmake/export_interfaces__rosidl_typesupport_fastrtps_cppExport.cmake
[1.770s] -- Up-to-date: /root/training_ws_merge2/src/install/interfaces/share/interfaces/cmake/export_interfaces__rosidl_typesupport_fastrtps_cppExport-noconfig.cmake
[1.770s] -- Up-to-date: /root/training_ws_merge2/src/install/interfaces/share/interfaces/cmake/interfaces__rosidl_typesupport_introspection_cppExport.cmake
[1.770s] -- Up-to-date: /root/training_ws_merge2/src/install/interfaces/share/interfaces/cmake/interfaces__rosidl_typesupport_introspection_cppExport-noconfig.cmake
[1.771s] -- Up-to-date: /root/training_ws_merge2/src/install/interfaces/share/interfaces/cmake/interfaces__rosidl_typesupport_cppExport.cmake
[1.771s] -- Up-to-date: /root/training_ws_merge2/src/install/interfaces/share/interfaces/cmake/interfaces__rosidl_typesupport_cppExport-noconfig.cmake
[1.771s] -- Up-to-date: /root/training_ws_merge2/src/install/interfaces/share/interfaces/cmake/export_interfaces__rosidl_generator_pyExport.cmake
[1.771s] -- Up-to-date: /root/training_ws_merge2/src/install/interfaces/share/interfaces/cmake/export_interfaces__rosidl_generator_pyExport-noconfig.cmake
[1.775s] Invoked command in '/root/training_ws_merge2/src/build/interfaces' returned '0': CMAKE_PREFIX_PATH=${CMAKE_PREFIX_PATH}:/root/training_ws_merge2/src/install/maze_control:/root/training_ws_merge2/src/install/mazeSolve_pkg:/root/training_ws_merge2/install/maze_control:/root/training_ws_merge2/install/mazeSolve_pkg:/root/training_ws/install/mazeSolve_pkg:/opt/ros/jazzy /usr/bin/cmake --install /root/training_ws_merge2/src/build/interfaces
