[0.142s] DEBUG:colcon:Command line arguments: ['/usr/bin/colcon', 'build']
[0.142s] DEBUG:colcon:Parsed command line arguments: Namespace(log_base=None, log_level=None, verb_name='build', build_base='build', install_base='install', merge_install=False, symlink_install=False, test_result_base=None, continue_on_error=False, executor='parallel', parallel_workers=12, event_handlers=None, ignore_user_meta=False, metas=['./colcon.meta'], base_paths=['.'], packages_ignore=None, packages_ignore_regex=None, paths=None, packages_up_to=None, packages_up_to_regex=None, packages_above=None, packages_above_and_dependencies=None, packages_above_depth=None, packages_select_by_dep=None, packages_skip_by_dep=None, packages_skip_up_to=None, packages_select_build_failed=False, packages_skip_build_finished=False, packages_select_test_failures=False, packages_skip_test_passed=False, packages_select=None, packages_skip=None, packages_select_regex=None, packages_skip_regex=None, packages_start=None, packages_end=None, allow_overriding=[], cmake_args=None, cmake_target=None, cmake_target_skip_unavailable=False, cmake_clean_cache=False, cmake_clean_first=False, cmake_force_configure=False, ament_cmake_args=None, catkin_cmake_args=None, catkin_skip_building_tests=False, mixin_files=None, mixin=None, verb_parser=<colcon_mixin.mixin.mixin_argument.MixinArgumentDecorator object at 0x7f22edca4b30>, verb_extension=<colcon_core.verb.build.BuildVerb object at 0x7f22edca4560>, main=<bound method BuildVerb.main of <colcon_core.verb.build.BuildVerb object at 0x7f22edca4560>>, mixin_verb=('build',))
[0.187s] Level 1:colcon.colcon_core.package_discovery:discover_packages(colcon_meta) check parameters
[0.187s] Level 1:colcon.colcon_core.package_discovery:discover_packages(recursive) check parameters
[0.187s] Level 1:colcon.colcon_core.package_discovery:discover_packages(ignore) check parameters
[0.187s] Level 1:colcon.colcon_core.package_discovery:discover_packages(path) check parameters
[0.187s] Level 1:colcon.colcon_core.package_discovery:discover_packages(colcon_meta) discover
[0.187s] Level 1:colcon.colcon_core.package_discovery:discover_packages(recursive) discover
[0.187s] INFO:colcon.colcon_core.package_discovery:Crawling recursively for packages in '/home/mohamed-khaled/Solving-Maze'
[0.187s] Level 1:colcon.colcon_core.package_identification:_identify(.) by extensions ['ignore', 'ignore_ament_install']
[0.187s] Level 1:colcon.colcon_core.package_identification:_identify(.) by extension 'ignore'
[0.188s] Level 1:colcon.colcon_core.package_identification:_identify(.) by extension 'ignore_ament_install'
[0.188s] Level 1:colcon.colcon_core.package_identification:_identify(.) by extensions ['colcon_pkg']
[0.188s] Level 1:colcon.colcon_core.package_identification:_identify(.) by extension 'colcon_pkg'
[0.188s] Level 1:colcon.colcon_core.package_identification:_identify(.) by extensions ['colcon_meta']
[0.188s] Level 1:colcon.colcon_core.package_identification:_identify(.) by extension 'colcon_meta'
[0.188s] Level 1:colcon.colcon_core.package_identification:_identify(.) by extensions ['ros']
[0.188s] Level 1:colcon.colcon_core.package_identification:_identify(.) by extension 'ros'
[0.222s] Level 1:colcon.colcon_core.package_identification:_identify(.) by extensions ['cmake', 'python']
[0.222s] Level 1:colcon.colcon_core.package_identification:_identify(.) by extension 'cmake'
[0.222s] Level 1:colcon.colcon_core.package_identification:_identify(.) by extension 'python'
[0.222s] Level 1:colcon.colcon_core.package_identification:_identify(.) by extensions ['python_setup_py']
[0.222s] Level 1:colcon.colcon_core.package_identification:_identify(.) by extension 'python_setup_py'
[0.222s] Level 1:colcon.colcon_core.package_identification:_identify(build) by extensions ['ignore', 'ignore_ament_install']
[0.222s] Level 1:colcon.colcon_core.package_identification:_identify(build) by extension 'ignore'
[0.222s] Level 1:colcon.colcon_core.package_identification:_identify(build) ignored
[0.222s] Level 1:colcon.colcon_core.package_identification:_identify(install) by extensions ['ignore', 'ignore_ament_install']
[0.223s] Level 1:colcon.colcon_core.package_identification:_identify(install) by extension 'ignore'
[0.223s] Level 1:colcon.colcon_core.package_identification:_identify(install) ignored
[0.223s] Level 1:colcon.colcon_core.package_identification:_identify(log) by extensions ['ignore', 'ignore_ament_install']
[0.223s] Level 1:colcon.colcon_core.package_identification:_identify(log) by extension 'ignore'
[0.223s] Level 1:colcon.colcon_core.package_identification:_identify(log) ignored
[0.223s] Level 1:colcon.colcon_core.package_identification:_identify(src) by extensions ['ignore', 'ignore_ament_install']
[0.223s] Level 1:colcon.colcon_core.package_identification:_identify(src) by extension 'ignore'
[0.223s] Level 1:colcon.colcon_core.package_identification:_identify(src) by extension 'ignore_ament_install'
[0.223s] Level 1:colcon.colcon_core.package_identification:_identify(src) by extensions ['colcon_pkg']
[0.223s] Level 1:colcon.colcon_core.package_identification:_identify(src) by extension 'colcon_pkg'
[0.223s] Level 1:colcon.colcon_core.package_identification:_identify(src) by extensions ['colcon_meta']
[0.224s] Level 1:colcon.colcon_core.package_identification:_identify(src) by extension 'colcon_meta'
[0.224s] Level 1:colcon.colcon_core.package_identification:_identify(src) by extensions ['ros']
[0.224s] Level 1:colcon.colcon_core.package_identification:_identify(src) by extension 'ros'
[0.224s] Level 1:colcon.colcon_core.package_identification:_identify(src) by extensions ['cmake', 'python']
[0.224s] Level 1:colcon.colcon_core.package_identification:_identify(src) by extension 'cmake'
[0.224s] Level 1:colcon.colcon_core.package_identification:_identify(src) by extension 'python'
[0.224s] Level 1:colcon.colcon_core.package_identification:_identify(src) by extensions ['python_setup_py']
[0.224s] Level 1:colcon.colcon_core.package_identification:_identify(src) by extension 'python_setup_py'
[0.224s] Level 1:colcon.colcon_core.package_identification:_identify(src/MIA26_phase2_ros_contest) by extensions ['ignore', 'ignore_ament_install']
[0.224s] Level 1:colcon.colcon_core.package_identification:_identify(src/MIA26_phase2_ros_contest) by extension 'ignore'
[0.224s] Level 1:colcon.colcon_core.package_identification:_identify(src/MIA26_phase2_ros_contest) by extension 'ignore_ament_install'
[0.224s] Level 1:colcon.colcon_core.package_identification:_identify(src/MIA26_phase2_ros_contest) by extensions ['colcon_pkg']
[0.224s] Level 1:colcon.colcon_core.package_identification:_identify(src/MIA26_phase2_ros_contest) by extension 'colcon_pkg'
[0.225s] Level 1:colcon.colcon_core.package_identification:_identify(src/MIA26_phase2_ros_contest) by extensions ['colcon_meta']
[0.225s] Level 1:colcon.colcon_core.package_identification:_identify(src/MIA26_phase2_ros_contest) by extension 'colcon_meta'
[0.225s] Level 1:colcon.colcon_core.package_identification:_identify(src/MIA26_phase2_ros_contest) by extensions ['ros']
[0.225s] Level 1:colcon.colcon_core.package_identification:_identify(src/MIA26_phase2_ros_contest) by extension 'ros'
[0.225s] Level 1:colcon.colcon_core.package_identification:_identify(src/MIA26_phase2_ros_contest) by extensions ['cmake', 'python']
[0.225s] Level 1:colcon.colcon_core.package_identification:_identify(src/MIA26_phase2_ros_contest) by extension 'cmake'
[0.225s] Level 1:colcon.colcon_core.package_identification:_identify(src/MIA26_phase2_ros_contest) by extension 'python'
[0.225s] Level 1:colcon.colcon_core.package_identification:_identify(src/MIA26_phase2_ros_contest) by extensions ['python_setup_py']
[0.225s] Level 1:colcon.colcon_core.package_identification:_identify(src/MIA26_phase2_ros_contest) by extension 'python_setup_py'
[0.225s] Level 1:colcon.colcon_core.package_identification:_identify(src/MIA26_phase2_ros_contest/assets) by extensions ['ignore', 'ignore_ament_install']
[0.225s] Level 1:colcon.colcon_core.package_identification:_identify(src/MIA26_phase2_ros_contest/assets) by extension 'ignore'
[0.225s] Level 1:colcon.colcon_core.package_identification:_identify(src/MIA26_phase2_ros_contest/assets) by extension 'ignore_ament_install'
[0.225s] Level 1:colcon.colcon_core.package_identification:_identify(src/MIA26_phase2_ros_contest/assets) by extensions ['colcon_pkg']
[0.225s] Level 1:colcon.colcon_core.package_identification:_identify(src/MIA26_phase2_ros_contest/assets) by extension 'colcon_pkg'
[0.226s] Level 1:colcon.colcon_core.package_identification:_identify(src/MIA26_phase2_ros_contest/assets) by extensions ['colcon_meta']
[0.226s] Level 1:colcon.colcon_core.package_identification:_identify(src/MIA26_phase2_ros_contest/assets) by extension 'colcon_meta'
[0.226s] Level 1:colcon.colcon_core.package_identification:_identify(src/MIA26_phase2_ros_contest/assets) by extensions ['ros']
[0.226s] Level 1:colcon.colcon_core.package_identification:_identify(src/MIA26_phase2_ros_contest/assets) by extension 'ros'
[0.226s] Level 1:colcon.colcon_core.package_identification:_identify(src/MIA26_phase2_ros_contest/assets) by extensions ['cmake', 'python']
[0.226s] Level 1:colcon.colcon_core.package_identification:_identify(src/MIA26_phase2_ros_contest/assets) by extension 'cmake'
[0.226s] Level 1:colcon.colcon_core.package_identification:_identify(src/MIA26_phase2_ros_contest/assets) by extension 'python'
[0.226s] Level 1:colcon.colcon_core.package_identification:_identify(src/MIA26_phase2_ros_contest/assets) by extensions ['python_setup_py']
[0.226s] Level 1:colcon.colcon_core.package_identification:_identify(src/MIA26_phase2_ros_contest/assets) by extension 'python_setup_py'
[0.226s] Level 1:colcon.colcon_core.package_identification:_identify(src/MIA26_phase2_ros_contest/maze_control) by extensions ['ignore', 'ignore_ament_install']
[0.226s] Level 1:colcon.colcon_core.package_identification:_identify(src/MIA26_phase2_ros_contest/maze_control) by extension 'ignore'
[0.226s] Level 1:colcon.colcon_core.package_identification:_identify(src/MIA26_phase2_ros_contest/maze_control) by extension 'ignore_ament_install'
[0.226s] Level 1:colcon.colcon_core.package_identification:_identify(src/MIA26_phase2_ros_contest/maze_control) by extensions ['colcon_pkg']
[0.226s] Level 1:colcon.colcon_core.package_identification:_identify(src/MIA26_phase2_ros_contest/maze_control) by extension 'colcon_pkg'
[0.226s] Level 1:colcon.colcon_core.package_identification:_identify(src/MIA26_phase2_ros_contest/maze_control) by extensions ['colcon_meta']
[0.226s] Level 1:colcon.colcon_core.package_identification:_identify(src/MIA26_phase2_ros_contest/maze_control) by extension 'colcon_meta'
[0.226s] Level 1:colcon.colcon_core.package_identification:_identify(src/MIA26_phase2_ros_contest/maze_control) by extensions ['ros']
[0.226s] Level 1:colcon.colcon_core.package_identification:_identify(src/MIA26_phase2_ros_contest/maze_control) by extension 'ros'
[0.229s] DEBUG:colcon.colcon_core.package_identification:Package 'src/MIA26_phase2_ros_contest/maze_control' with type 'ros.ament_python' and name 'maze_control'
[0.229s] Level 1:colcon.colcon_core.package_identification:_identify(src/interfaces) by extensions ['ignore', 'ignore_ament_install']
[0.229s] Level 1:colcon.colcon_core.package_identification:_identify(src/interfaces) by extension 'ignore'
[0.229s] Level 1:colcon.colcon_core.package_identification:_identify(src/interfaces) by extension 'ignore_ament_install'
[0.229s] Level 1:colcon.colcon_core.package_identification:_identify(src/interfaces) by extensions ['colcon_pkg']
[0.229s] Level 1:colcon.colcon_core.package_identification:_identify(src/interfaces) by extension 'colcon_pkg'
[0.229s] Level 1:colcon.colcon_core.package_identification:_identify(src/interfaces) by extensions ['colcon_meta']
[0.230s] Level 1:colcon.colcon_core.package_identification:_identify(src/interfaces) by extension 'colcon_meta'
[0.230s] Level 1:colcon.colcon_core.package_identification:_identify(src/interfaces) by extensions ['ros']
[0.230s] Level 1:colcon.colcon_core.package_identification:_identify(src/interfaces) by extension 'ros'
[0.230s] DEBUG:colcon.colcon_core.package_identification:Package 'src/interfaces' with type 'ros.ament_cmake' and name 'interfaces'
[0.230s] Level 1:colcon.colcon_core.package_identification:_identify(src/mazeSolve_pkg) by extensions ['ignore', 'ignore_ament_install']
[0.230s] Level 1:colcon.colcon_core.package_identification:_identify(src/mazeSolve_pkg) by extension 'ignore'
[0.230s] Level 1:colcon.colcon_core.package_identification:_identify(src/mazeSolve_pkg) by extension 'ignore_ament_install'
[0.231s] Level 1:colcon.colcon_core.package_identification:_identify(src/mazeSolve_pkg) by extensions ['colcon_pkg']
[0.231s] Level 1:colcon.colcon_core.package_identification:_identify(src/mazeSolve_pkg) by extension 'colcon_pkg'
[0.231s] Level 1:colcon.colcon_core.package_identification:_identify(src/mazeSolve_pkg) by extensions ['colcon_meta']
[0.231s] Level 1:colcon.colcon_core.package_identification:_identify(src/mazeSolve_pkg) by extension 'colcon_meta'
[0.231s] Level 1:colcon.colcon_core.package_identification:_identify(src/mazeSolve_pkg) by extensions ['ros']
[0.231s] Level 1:colcon.colcon_core.package_identification:_identify(src/mazeSolve_pkg) by extension 'ros'
[0.231s] DEBUG:colcon.colcon_core.package_identification:Package 'src/mazeSolve_pkg' with type 'ros.ament_python' and name 'mazeSolve_pkg'
[0.231s] Level 1:colcon.colcon_core.package_discovery:discover_packages(recursive) using defaults
[0.232s] Level 1:colcon.colcon_core.package_discovery:discover_packages(ignore) discover
[0.232s] Level 1:colcon.colcon_core.package_discovery:discover_packages(ignore) using defaults
[0.232s] Level 1:colcon.colcon_core.package_discovery:discover_packages(path) discover
[0.232s] Level 1:colcon.colcon_core.package_discovery:discover_packages(path) using defaults
[0.258s] Level 1:colcon.colcon_core.package_discovery:discover_packages(prefix_path) check parameters
[0.258s] Level 1:colcon.colcon_core.package_discovery:discover_packages(prefix_path) discover
[0.261s] DEBUG:colcon.colcon_installed_package_information.package_discovery:Found 405 installed packages in /opt/ros/jazzy
[0.263s] Level 1:colcon.colcon_core.package_discovery:discover_packages(prefix_path) using defaults
[0.327s] Level 5:colcon.colcon_core.verb:set package 'interfaces' build argument 'cmake_args' from command line to 'None'
[0.327s] Level 5:colcon.colcon_core.verb:set package 'interfaces' build argument 'cmake_target' from command line to 'None'
[0.327s] Level 5:colcon.colcon_core.verb:set package 'interfaces' build argument 'cmake_target_skip_unavailable' from command line to 'False'
[0.327s] Level 5:colcon.colcon_core.verb:set package 'interfaces' build argument 'cmake_clean_cache' from command line to 'False'
[0.327s] Level 5:colcon.colcon_core.verb:set package 'interfaces' build argument 'cmake_clean_first' from command line to 'False'
[0.327s] Level 5:colcon.colcon_core.verb:set package 'interfaces' build argument 'cmake_force_configure' from command line to 'False'
[0.327s] Level 5:colcon.colcon_core.verb:set package 'interfaces' build argument 'ament_cmake_args' from command line to 'None'
[0.327s] Level 5:colcon.colcon_core.verb:set package 'interfaces' build argument 'catkin_cmake_args' from command line to 'None'
[0.327s] Level 5:colcon.colcon_core.verb:set package 'interfaces' build argument 'catkin_skip_building_tests' from command line to 'False'
[0.327s] DEBUG:colcon.colcon_core.verb:Building package 'interfaces' with the following arguments: {'ament_cmake_args': None, 'build_base': '/home/mohamed-khaled/Solving-Maze/build/interfaces', 'catkin_cmake_args': None, 'catkin_skip_building_tests': False, 'cmake_args': None, 'cmake_clean_cache': False, 'cmake_clean_first': False, 'cmake_force_configure': False, 'cmake_target': None, 'cmake_target_skip_unavailable': False, 'install_base': '/home/mohamed-khaled/Solving-Maze/install/interfaces', 'merge_install': False, 'path': '/home/mohamed-khaled/Solving-Maze/src/interfaces', 'symlink_install': False, 'test_result_base': None}
[0.328s] Level 5:colcon.colcon_core.verb:set package 'mazeSolve_pkg' build argument 'cmake_args' from command line to 'None'
[0.328s] Level 5:colcon.colcon_core.verb:set package 'mazeSolve_pkg' build argument 'cmake_target' from command line to 'None'
[0.328s] Level 5:colcon.colcon_core.verb:set package 'mazeSolve_pkg' build argument 'cmake_target_skip_unavailable' from command line to 'False'
[0.328s] Level 5:colcon.colcon_core.verb:set package 'mazeSolve_pkg' build argument 'cmake_clean_cache' from command line to 'False'
[0.328s] Level 5:colcon.colcon_core.verb:set package 'mazeSolve_pkg' build argument 'cmake_clean_first' from command line to 'False'
[0.328s] Level 5:colcon.colcon_core.verb:set package 'mazeSolve_pkg' build argument 'cmake_force_configure' from command line to 'False'
[0.328s] Level 5:colcon.colcon_core.verb:set package 'mazeSolve_pkg' build argument 'ament_cmake_args' from command line to 'None'
[0.328s] Level 5:colcon.colcon_core.verb:set package 'mazeSolve_pkg' build argument 'catkin_cmake_args' from command line to 'None'
[0.328s] Level 5:colcon.colcon_core.verb:set package 'mazeSolve_pkg' build argument 'catkin_skip_building_tests' from command line to 'False'
[0.328s] DEBUG:colcon.colcon_core.verb:Building package 'mazeSolve_pkg' with the following arguments: {'ament_cmake_args': None, 'build_base': '/home/mohamed-khaled/Solving-Maze/build/mazeSolve_pkg', 'catkin_cmake_args': None, 'catkin_skip_building_tests': False, 'cmake_args': None, 'cmake_clean_cache': False, 'cmake_clean_first': False, 'cmake_force_configure': False, 'cmake_target': None, 'cmake_target_skip_unavailable': False, 'install_base': '/home/mohamed-khaled/Solving-Maze/install/mazeSolve_pkg', 'merge_install': False, 'path': '/home/mohamed-khaled/Solving-Maze/src/mazeSolve_pkg', 'symlink_install': False, 'test_result_base': None}
[0.328s] Level 5:colcon.colcon_core.verb:set package 'maze_control' build argument 'cmake_args' from command line to 'None'
[0.328s] Level 5:colcon.colcon_core.verb:set package 'maze_control' build argument 'cmake_target' from command line to 'None'
[0.328s] Level 5:colcon.colcon_core.verb:set package 'maze_control' build argument 'cmake_target_skip_unavailable' from command line to 'False'
[0.328s] Level 5:colcon.colcon_core.verb:set package 'maze_control' build argument 'cmake_clean_cache' from command line to 'False'
[0.329s] Level 5:colcon.colcon_core.verb:set package 'maze_control' build argument 'cmake_clean_first' from command line to 'False'
[0.329s] Level 5:colcon.colcon_core.verb:set package 'maze_control' build argument 'cmake_force_configure' from command line to 'False'
[0.329s] Level 5:colcon.colcon_core.verb:set package 'maze_control' build argument 'ament_cmake_args' from command line to 'None'
[0.329s] Level 5:colcon.colcon_core.verb:set package 'maze_control' build argument 'catkin_cmake_args' from command line to 'None'
[0.329s] Level 5:colcon.colcon_core.verb:set package 'maze_control' build argument 'catkin_skip_building_tests' from command line to 'False'
[0.329s] DEBUG:colcon.colcon_core.verb:Building package 'maze_control' with the following arguments: {'ament_cmake_args': None, 'build_base': '/home/mohamed-khaled/Solving-Maze/build/maze_control', 'catkin_cmake_args': None, 'catkin_skip_building_tests': False, 'cmake_args': None, 'cmake_clean_cache': False, 'cmake_clean_first': False, 'cmake_force_configure': False, 'cmake_target': None, 'cmake_target_skip_unavailable': False, 'install_base': '/home/mohamed-khaled/Solving-Maze/install/maze_control', 'merge_install': False, 'path': '/home/mohamed-khaled/Solving-Maze/src/MIA26_phase2_ros_contest/maze_control', 'symlink_install': False, 'test_result_base': None}
[0.329s] INFO:colcon.colcon_core.executor:Executing jobs using 'parallel' executor
[0.330s] DEBUG:colcon.colcon_parallel_executor.executor.parallel:run_until_complete
[0.330s] INFO:colcon.colcon_ros.task.ament_cmake.build:Building ROS package in '/home/mohamed-khaled/Solving-Maze/src/interfaces' with build type 'ament_cmake'
[0.330s] INFO:colcon.colcon_cmake.task.cmake.build:Building CMake package in '/home/mohamed-khaled/Solving-Maze/src/interfaces'
[0.332s] INFO:colcon.colcon_core.plugin_system:Skipping extension 'colcon_core.shell.bat': Not used on non-Windows systems
[0.332s] INFO:colcon.colcon_core.shell:Skip shell extension 'powershell' for command environment: Not usable outside of PowerShell
[0.332s] DEBUG:colcon.colcon_core.shell:Skip shell extension 'dsv' for command environment
[0.336s] INFO:colcon.colcon_ros.task.ament_python.build:Building ROS package in '/home/mohamed-khaled/Solving-Maze/src/mazeSolve_pkg' with build type 'ament_python'
[0.336s] Level 1:colcon.colcon_core.shell:create_environment_hook('mazeSolve_pkg', 'ament_prefix_path')
[0.337s] INFO:colcon.colcon_core.shell:Creating environment hook '/home/mohamed-khaled/Solving-Maze/install/mazeSolve_pkg/share/mazeSolve_pkg/hook/ament_prefix_path.ps1'
[0.337s] INFO:colcon.colcon_core.shell:Creating environment descriptor '/home/mohamed-khaled/Solving-Maze/install/mazeSolve_pkg/share/mazeSolve_pkg/hook/ament_prefix_path.dsv'
[0.338s] INFO:colcon.colcon_core.shell:Creating environment hook '/home/mohamed-khaled/Solving-Maze/install/mazeSolve_pkg/share/mazeSolve_pkg/hook/ament_prefix_path.sh'
[0.338s] INFO:colcon.colcon_core.shell:Skip shell extension 'powershell' for command environment: Not usable outside of PowerShell
[0.338s] DEBUG:colcon.colcon_core.shell:Skip shell extension 'dsv' for command environment
[0.341s] INFO:colcon.colcon_ros.task.ament_python.build:Building ROS package in '/home/mohamed-khaled/Solving-Maze/src/MIA26_phase2_ros_contest/maze_control' with build type 'ament_python'
[0.342s] Level 1:colcon.colcon_core.shell:create_environment_hook('maze_control', 'ament_prefix_path')
[0.342s] INFO:colcon.colcon_core.shell:Creating environment hook '/home/mohamed-khaled/Solving-Maze/install/maze_control/share/maze_control/hook/ament_prefix_path.ps1'
[0.342s] INFO:colcon.colcon_core.shell:Creating environment descriptor '/home/mohamed-khaled/Solving-Maze/install/maze_control/share/maze_control/hook/ament_prefix_path.dsv'
[0.343s] INFO:colcon.colcon_core.shell:Creating environment hook '/home/mohamed-khaled/Solving-Maze/install/maze_control/share/maze_control/hook/ament_prefix_path.sh'
[0.343s] INFO:colcon.colcon_core.shell:Skip shell extension 'powershell' for command environment: Not usable outside of PowerShell
[0.343s] DEBUG:colcon.colcon_core.shell:Skip shell extension 'dsv' for command environment
[0.351s] DEBUG:colcon.colcon_core.event_handler.log_command:Invoking command in '/home/mohamed-khaled/Solving-Maze/build/interfaces': CMAKE_PREFIX_PATH=${CMAKE_PREFIX_PATH}:/opt/ros/jazzy DEBUGINFOD_URLS=https://debuginfod.ubuntu.com /usr/bin/cmake --build /home/mohamed-khaled/Solving-Maze/build/interfaces -- -j12 -l12
[0.659s] INFO:colcon.colcon_core.task.python.build:Building Python package in '/home/mohamed-khaled/Solving-Maze/src/mazeSolve_pkg'
[0.659s] INFO:colcon.colcon_core.shell:Skip shell extension 'powershell' for command environment: Not usable outside of PowerShell
[0.659s] DEBUG:colcon.colcon_core.shell:Skip shell extension 'dsv' for command environment
[0.975s] INFO:colcon.colcon_core.task.python.build:Building Python package in '/home/mohamed-khaled/Solving-Maze/src/MIA26_phase2_ros_contest/maze_control'
[0.975s] INFO:colcon.colcon_core.shell:Skip shell extension 'powershell' for command environment: Not usable outside of PowerShell
[0.975s] DEBUG:colcon.colcon_core.shell:Skip shell extension 'dsv' for command environment
[0.984s] DEBUG:colcon.colcon_core.event_handler.log_command:Invoked command in '/home/mohamed-khaled/Solving-Maze/build/interfaces' returned '0': CMAKE_PREFIX_PATH=${CMAKE_PREFIX_PATH}:/opt/ros/jazzy DEBUGINFOD_URLS=https://debuginfod.ubuntu.com /usr/bin/cmake --build /home/mohamed-khaled/Solving-Maze/build/interfaces -- -j12 -l12
[1.000s] DEBUG:colcon.colcon_core.event_handler.log_command:Invoking command in '/home/mohamed-khaled/Solving-Maze/build/interfaces': CMAKE_PREFIX_PATH=${CMAKE_PREFIX_PATH}:/opt/ros/jazzy DEBUGINFOD_URLS=https://debuginfod.ubuntu.com /usr/bin/cmake --install /home/mohamed-khaled/Solving-Maze/build/interfaces
[1.091s] Level 1:colcon.colcon_core.environment:create_environment_scripts_only(interfaces)
[1.094s] DEBUG:colcon.colcon_core.event_handler.log_command:Invoked command in '/home/mohamed-khaled/Solving-Maze/build/interfaces' returned '0': CMAKE_PREFIX_PATH=${CMAKE_PREFIX_PATH}:/opt/ros/jazzy DEBUGINFOD_URLS=https://debuginfod.ubuntu.com /usr/bin/cmake --install /home/mohamed-khaled/Solving-Maze/build/interfaces
[1.096s] Level 1:colcon.colcon_core.environment:checking '/home/mohamed-khaled/Solving-Maze/install/interfaces' for CMake module files
[1.097s] Level 1:colcon.colcon_core.environment:checking '/home/mohamed-khaled/Solving-Maze/install/interfaces' for CMake config files
[1.098s] Level 1:colcon.colcon_core.shell:create_environment_hook('interfaces', 'cmake_prefix_path')
[1.098s] INFO:colcon.colcon_core.shell:Creating environment hook '/home/mohamed-khaled/Solving-Maze/install/interfaces/share/interfaces/hook/cmake_prefix_path.ps1'
[1.099s] INFO:colcon.colcon_core.shell:Creating environment descriptor '/home/mohamed-khaled/Solving-Maze/install/interfaces/share/interfaces/hook/cmake_prefix_path.dsv'
[1.099s] INFO:colcon.colcon_core.shell:Creating environment hook '/home/mohamed-khaled/Solving-Maze/install/interfaces/share/interfaces/hook/cmake_prefix_path.sh'
[1.100s] Level 1:colcon.colcon_core.environment:checking '/home/mohamed-khaled/Solving-Maze/install/interfaces/lib'
[1.100s] Level 1:colcon.colcon_core.shell:create_environment_hook('interfaces', 'ld_library_path_lib')
[1.101s] INFO:colcon.colcon_core.shell:Creating environment hook '/home/mohamed-khaled/Solving-Maze/install/interfaces/share/interfaces/hook/ld_library_path_lib.ps1'
[1.101s] INFO:colcon.colcon_core.shell:Creating environment descriptor '/home/mohamed-khaled/Solving-Maze/install/interfaces/share/interfaces/hook/ld_library_path_lib.dsv'
[1.101s] INFO:colcon.colcon_core.shell:Creating environment hook '/home/mohamed-khaled/Solving-Maze/install/interfaces/share/interfaces/hook/ld_library_path_lib.sh'
[1.102s] Level 1:colcon.colcon_core.environment:checking '/home/mohamed-khaled/Solving-Maze/install/interfaces/bin'
[1.102s] Level 1:colcon.colcon_core.environment:checking '/home/mohamed-khaled/Solving-Maze/install/interfaces/lib/pkgconfig/interfaces.pc'
[1.102s] Level 1:colcon.colcon_core.environment:checking '/home/mohamed-khaled/Solving-Maze/install/interfaces/lib/python3.12/site-packages'
[1.102s] Level 1:colcon.colcon_core.shell:create_environment_hook('interfaces', 'pythonpath')
[1.103s] INFO:colcon.colcon_core.shell:Creating environment hook '/home/mohamed-khaled/Solving-Maze/install/interfaces/share/interfaces/hook/pythonpath.ps1'
[1.103s] INFO:colcon.colcon_core.shell:Creating environment descriptor '/home/mohamed-khaled/Solving-Maze/install/interfaces/share/interfaces/hook/pythonpath.dsv'
[1.104s] INFO:colcon.colcon_core.shell:Creating environment hook '/home/mohamed-khaled/Solving-Maze/install/interfaces/share/interfaces/hook/pythonpath.sh'
[1.105s] Level 1:colcon.colcon_core.environment:checking '/home/mohamed-khaled/Solving-Maze/install/interfaces/bin'
[1.105s] INFO:colcon.colcon_core.shell:Creating package script '/home/mohamed-khaled/Solving-Maze/install/interfaces/share/interfaces/package.ps1'
[1.107s] INFO:colcon.colcon_core.shell:Creating package descriptor '/home/mohamed-khaled/Solving-Maze/install/interfaces/share/interfaces/package.dsv'
[1.107s] INFO:colcon.colcon_core.shell:Creating package script '/home/mohamed-khaled/Solving-Maze/install/interfaces/share/interfaces/package.sh'
[1.108s] INFO:colcon.colcon_core.shell:Creating package script '/home/mohamed-khaled/Solving-Maze/install/interfaces/share/interfaces/package.bash'
[1.109s] INFO:colcon.colcon_core.shell:Creating package script '/home/mohamed-khaled/Solving-Maze/install/interfaces/share/interfaces/package.zsh'
[1.110s] Level 1:colcon.colcon_core.environment:create_file_with_runtime_dependencies(/home/mohamed-khaled/Solving-Maze/install/interfaces/share/colcon-core/packages/interfaces)
[1.111s] Level 1:colcon.colcon_core.environment:create_environment_scripts_only(interfaces)
[1.111s] Level 1:colcon.colcon_core.environment:checking '/home/mohamed-khaled/Solving-Maze/install/interfaces' for CMake module files
[1.113s] Level 1:colcon.colcon_core.environment:checking '/home/mohamed-khaled/Solving-Maze/install/interfaces' for CMake config files
[1.114s] Level 1:colcon.colcon_core.shell:create_environment_hook('interfaces', 'cmake_prefix_path')
[1.114s] INFO:colcon.colcon_core.shell:Creating environment hook '/home/mohamed-khaled/Solving-Maze/install/interfaces/share/interfaces/hook/cmake_prefix_path.ps1'
[1.115s] INFO:colcon.colcon_core.shell:Creating environment descriptor '/home/mohamed-khaled/Solving-Maze/install/interfaces/share/interfaces/hook/cmake_prefix_path.dsv'
[1.115s] INFO:colcon.colcon_core.shell:Creating environment hook '/home/mohamed-khaled/Solving-Maze/install/interfaces/share/interfaces/hook/cmake_prefix_path.sh'
[1.116s] Level 1:colcon.colcon_core.environment:checking '/home/mohamed-khaled/Solving-Maze/install/interfaces/lib'
[1.116s] Level 1:colcon.colcon_core.shell:create_environment_hook('interfaces', 'ld_library_path_lib')
[1.117s] INFO:colcon.colcon_core.shell:Creating environment hook '/home/mohamed-khaled/Solving-Maze/install/interfaces/share/interfaces/hook/ld_library_path_lib.ps1'
[1.117s] INFO:colcon.colcon_core.shell:Creating environment descriptor '/home/mohamed-khaled/Solving-Maze/install/interfaces/share/interfaces/hook/ld_library_path_lib.dsv'
[1.118s] INFO:colcon.colcon_core.shell:Creating environment hook '/home/mohamed-khaled/Solving-Maze/install/interfaces/share/interfaces/hook/ld_library_path_lib.sh'
[1.118s] Level 1:colcon.colcon_core.environment:checking '/home/mohamed-khaled/Solving-Maze/install/interfaces/bin'
[1.118s] Level 1:colcon.colcon_core.environment:checking '/home/mohamed-khaled/Solving-Maze/install/interfaces/lib/pkgconfig/interfaces.pc'
[1.118s] Level 1:colcon.colcon_core.environment:checking '/home/mohamed-khaled/Solving-Maze/install/interfaces/lib/python3.12/site-packages'
[1.119s] Level 1:colcon.colcon_core.shell:create_environment_hook('interfaces', 'pythonpath')
[1.119s] INFO:colcon.colcon_core.shell:Creating environment hook '/home/mohamed-khaled/Solving-Maze/install/interfaces/share/interfaces/hook/pythonpath.ps1'
[1.119s] INFO:colcon.colcon_core.shell:Creating environment descriptor '/home/mohamed-khaled/Solving-Maze/install/interfaces/share/interfaces/hook/pythonpath.dsv'
[1.120s] INFO:colcon.colcon_core.shell:Creating environment hook '/home/mohamed-khaled/Solving-Maze/install/interfaces/share/interfaces/hook/pythonpath.sh'
[1.121s] Level 1:colcon.colcon_core.environment:checking '/home/mohamed-khaled/Solving-Maze/install/interfaces/bin'
[1.121s] INFO:colcon.colcon_core.shell:Creating package script '/home/mohamed-khaled/Solving-Maze/install/interfaces/share/interfaces/package.ps1'
[1.122s] INFO:colcon.colcon_core.shell:Creating package descriptor '/home/mohamed-khaled/Solving-Maze/install/interfaces/share/interfaces/package.dsv'
[1.124s] INFO:colcon.colcon_core.shell:Creating package script '/home/mohamed-khaled/Solving-Maze/install/interfaces/share/interfaces/package.sh'
[1.124s] INFO:colcon.colcon_core.shell:Creating package script '/home/mohamed-khaled/Solving-Maze/install/interfaces/share/interfaces/package.bash'
[1.125s] INFO:colcon.colcon_core.shell:Creating package script '/home/mohamed-khaled/Solving-Maze/install/interfaces/share/interfaces/package.zsh'
[1.126s] Level 1:colcon.colcon_core.environment:create_file_with_runtime_dependencies(/home/mohamed-khaled/Solving-Maze/install/interfaces/share/colcon-core/packages/interfaces)
[1.876s] DEBUG:colcon.colcon_core.task.python.build:Available setuptools commands: clean, install_scripts, saveopts, install_lib, bdist_rpm, build_scripts, sdist, bdist_dumb, check, setopt, upload, symlink_data, dist_info, install, egg_info, update_catalog, develop, register, easy_install, extract_messages, build, test, bdist_egg, build_py, install_data, bdist, compile_catalog, build_clib, install_egg_info, install_headers, init_catalog, build_ext, bdist_wheel, editable_wheel, rotate, upload_docs, alias
[1.879s] DEBUG:colcon.colcon_core.event_handler.log_command:Invoking command in '/home/mohamed-khaled/Solving-Maze/src/MIA26_phase2_ros_contest/maze_control': DEBUGINFOD_URLS=https://debuginfod.ubuntu.com PYTHONPATH=/home/mohamed-khaled/Solving-Maze/build/maze_control/prefix_override:/usr/lib/python3/dist-packages/colcon_core/task/python/colcon_distutils_commands:/home/mohamed-khaled/Solving-Maze/install/maze_control/lib/python3.12/site-packages:${PYTHONPATH} /usr/bin/python3 -W ignore:setup.py install is deprecated -W ignore:easy_install command is deprecated setup.py egg_info --egg-base ../../../build/maze_control build --build-base /home/mohamed-khaled/Solving-Maze/build/maze_control/build install --record /home/mohamed-khaled/Solving-Maze/build/maze_control/install.log --install-scripts $base/lib/maze_control --single-version-externally-managed install_data
[1.881s] DEBUG:colcon.colcon_core.task.python.build:Available setuptools commands: clean, install_scripts, saveopts, install_lib, bdist_rpm, build_scripts, sdist, bdist_dumb, check, setopt, upload, symlink_data, dist_info, install, egg_info, update_catalog, develop, register, easy_install, extract_messages, build, test, bdist_egg, build_py, install_data, bdist, compile_catalog, build_clib, install_egg_info, install_headers, init_catalog, build_ext, bdist_wheel, editable_wheel, rotate, upload_docs, alias
[1.884s] DEBUG:colcon.colcon_core.event_handler.log_command:Invoking command in '/home/mohamed-khaled/Solving-Maze/src/mazeSolve_pkg': DEBUGINFOD_URLS=https://debuginfod.ubuntu.com PYTHONPATH=/home/mohamed-khaled/Solving-Maze/build/mazeSolve_pkg/prefix_override:/usr/lib/python3/dist-packages/colcon_core/task/python/colcon_distutils_commands:/home/mohamed-khaled/Solving-Maze/install/mazeSolve_pkg/lib/python3.12/site-packages:${PYTHONPATH} /usr/bin/python3 -W ignore:setup.py install is deprecated -W ignore:easy_install command is deprecated setup.py egg_info --egg-base ../../build/mazeSolve_pkg build --build-base /home/mohamed-khaled/Solving-Maze/build/mazeSolve_pkg/build install --record /home/mohamed-khaled/Solving-Maze/build/mazeSolve_pkg/install.log --install-scripts $base/lib/mazeSolve_pkg --single-version-externally-managed install_data
[2.699s] Level 1:colcon.colcon_core.environment:checking '/home/mohamed-khaled/Solving-Maze/install/maze_control' for CMake module files
[2.699s] DEBUG:colcon.colcon_core.event_handler.log_command:Invoked command in '/home/mohamed-khaled/Solving-Maze/src/MIA26_phase2_ros_contest/maze_control' returned '0': DEBUGINFOD_URLS=https://debuginfod.ubuntu.com PYTHONPATH=/home/mohamed-khaled/Solving-Maze/build/maze_control/prefix_override:/usr/lib/python3/dist-packages/colcon_core/task/python/colcon_distutils_commands:/home/mohamed-khaled/Solving-Maze/install/maze_control/lib/python3.12/site-packages:${PYTHONPATH} /usr/bin/python3 -W ignore:setup.py install is deprecated -W ignore:easy_install command is deprecated setup.py egg_info --egg-base ../../../build/maze_control build --build-base /home/mohamed-khaled/Solving-Maze/build/maze_control/build install --record /home/mohamed-khaled/Solving-Maze/build/maze_control/install.log --install-scripts $base/lib/maze_control --single-version-externally-managed install_data
[2.700s] Level 1:colcon.colcon_core.environment:checking '/home/mohamed-khaled/Solving-Maze/install/maze_control' for CMake config files
[2.701s] Level 1:colcon.colcon_core.environment:checking '/home/mohamed-khaled/Solving-Maze/install/maze_control/lib'
[2.701s] Level 1:colcon.colcon_core.environment:checking '/home/mohamed-khaled/Solving-Maze/install/maze_control/bin'
[2.701s] Level 1:colcon.colcon_core.environment:checking '/home/mohamed-khaled/Solving-Maze/install/maze_control/lib/pkgconfig/maze_control.pc'
[2.701s] Level 1:colcon.colcon_core.environment:checking '/home/mohamed-khaled/Solving-Maze/install/maze_control/lib/python3.12/site-packages'
[2.701s] Level 1:colcon.colcon_core.shell:create_environment_hook('maze_control', 'pythonpath')
[2.702s] INFO:colcon.colcon_core.shell:Creating environment hook '/home/mohamed-khaled/Solving-Maze/install/maze_control/share/maze_control/hook/pythonpath.ps1'
[2.703s] INFO:colcon.colcon_core.shell:Creating environment descriptor '/home/mohamed-khaled/Solving-Maze/install/maze_control/share/maze_control/hook/pythonpath.dsv'
[2.703s] INFO:colcon.colcon_core.shell:Creating environment hook '/home/mohamed-khaled/Solving-Maze/install/maze_control/share/maze_control/hook/pythonpath.sh'
[2.704s] Level 1:colcon.colcon_core.environment:checking '/home/mohamed-khaled/Solving-Maze/install/maze_control/bin'
[2.704s] Level 1:colcon.colcon_core.environment:create_environment_scripts_only(maze_control)
[2.705s] INFO:colcon.colcon_core.shell:Creating package script '/home/mohamed-khaled/Solving-Maze/install/maze_control/share/maze_control/package.ps1'
[2.706s] INFO:colcon.colcon_core.shell:Creating package descriptor '/home/mohamed-khaled/Solving-Maze/install/maze_control/share/maze_control/package.dsv'
[2.707s] INFO:colcon.colcon_core.shell:Creating package script '/home/mohamed-khaled/Solving-Maze/install/maze_control/share/maze_control/package.sh'
[2.707s] INFO:colcon.colcon_core.shell:Creating package script '/home/mohamed-khaled/Solving-Maze/install/maze_control/share/maze_control/package.bash'
[2.708s] INFO:colcon.colcon_core.shell:Creating package script '/home/mohamed-khaled/Solving-Maze/install/maze_control/share/maze_control/package.zsh'
[2.708s] Level 1:colcon.colcon_core.environment:create_file_with_runtime_dependencies(/home/mohamed-khaled/Solving-Maze/install/maze_control/share/colcon-core/packages/maze_control)
[2.710s] Level 1:colcon.colcon_core.environment:checking '/home/mohamed-khaled/Solving-Maze/install/mazeSolve_pkg' for CMake module files
[2.711s] DEBUG:colcon.colcon_core.event_handler.log_command:Invoked command in '/home/mohamed-khaled/Solving-Maze/src/mazeSolve_pkg' returned '0': DEBUGINFOD_URLS=https://debuginfod.ubuntu.com PYTHONPATH=/home/mohamed-khaled/Solving-Maze/build/mazeSolve_pkg/prefix_override:/usr/lib/python3/dist-packages/colcon_core/task/python/colcon_distutils_commands:/home/mohamed-khaled/Solving-Maze/install/mazeSolve_pkg/lib/python3.12/site-packages:${PYTHONPATH} /usr/bin/python3 -W ignore:setup.py install is deprecated -W ignore:easy_install command is deprecated setup.py egg_info --egg-base ../../build/mazeSolve_pkg build --build-base /home/mohamed-khaled/Solving-Maze/build/mazeSolve_pkg/build install --record /home/mohamed-khaled/Solving-Maze/build/mazeSolve_pkg/install.log --install-scripts $base/lib/mazeSolve_pkg --single-version-externally-managed install_data
[2.711s] Level 1:colcon.colcon_core.environment:checking '/home/mohamed-khaled/Solving-Maze/install/mazeSolve_pkg' for CMake config files
[2.712s] Level 1:colcon.colcon_core.environment:checking '/home/mohamed-khaled/Solving-Maze/install/mazeSolve_pkg/lib'
[2.712s] Level 1:colcon.colcon_core.environment:checking '/home/mohamed-khaled/Solving-Maze/install/mazeSolve_pkg/bin'
[2.712s] Level 1:colcon.colcon_core.environment:checking '/home/mohamed-khaled/Solving-Maze/install/mazeSolve_pkg/lib/pkgconfig/mazeSolve_pkg.pc'
[2.713s] Level 1:colcon.colcon_core.environment:checking '/home/mohamed-khaled/Solving-Maze/install/mazeSolve_pkg/lib/python3.12/site-packages'
[2.713s] Level 1:colcon.colcon_core.shell:create_environment_hook('mazeSolve_pkg', 'pythonpath')
[2.713s] INFO:colcon.colcon_core.shell:Creating environment hook '/home/mohamed-khaled/Solving-Maze/install/mazeSolve_pkg/share/mazeSolve_pkg/hook/pythonpath.ps1'
[2.714s] INFO:colcon.colcon_core.shell:Creating environment descriptor '/home/mohamed-khaled/Solving-Maze/install/mazeSolve_pkg/share/mazeSolve_pkg/hook/pythonpath.dsv'
[2.714s] INFO:colcon.colcon_core.shell:Creating environment hook '/home/mohamed-khaled/Solving-Maze/install/mazeSolve_pkg/share/mazeSolve_pkg/hook/pythonpath.sh'
[2.715s] Level 1:colcon.colcon_core.environment:checking '/home/mohamed-khaled/Solving-Maze/install/mazeSolve_pkg/bin'
[2.715s] Level 1:colcon.colcon_core.environment:create_environment_scripts_only(mazeSolve_pkg)
[2.716s] INFO:colcon.colcon_core.shell:Creating package script '/home/mohamed-khaled/Solving-Maze/install/mazeSolve_pkg/share/mazeSolve_pkg/package.ps1'
[2.716s] INFO:colcon.colcon_core.shell:Creating package descriptor '/home/mohamed-khaled/Solving-Maze/install/mazeSolve_pkg/share/mazeSolve_pkg/package.dsv'
[2.717s] INFO:colcon.colcon_core.shell:Creating package script '/home/mohamed-khaled/Solving-Maze/install/mazeSolve_pkg/share/mazeSolve_pkg/package.sh'
[2.717s] INFO:colcon.colcon_core.shell:Creating package script '/home/mohamed-khaled/Solving-Maze/install/mazeSolve_pkg/share/mazeSolve_pkg/package.bash'
[2.718s] INFO:colcon.colcon_core.shell:Creating package script '/home/mohamed-khaled/Solving-Maze/install/mazeSolve_pkg/share/mazeSolve_pkg/package.zsh'
[2.718s] Level 1:colcon.colcon_core.environment:create_file_with_runtime_dependencies(/home/mohamed-khaled/Solving-Maze/install/mazeSolve_pkg/share/colcon-core/packages/mazeSolve_pkg)
[2.719s] DEBUG:colcon.colcon_parallel_executor.executor.parallel:closing loop
[2.720s] DEBUG:colcon.colcon_parallel_executor.executor.parallel:loop closed
[2.720s] DEBUG:colcon.colcon_parallel_executor.executor.parallel:run_until_complete finished with '0'
[2.720s] DEBUG:colcon.colcon_core.event_reactor:joining thread
[2.727s] INFO:colcon.colcon_core.plugin_system:Skipping extension 'colcon_notification.desktop_notification.terminal_notifier': Not used on non-Darwin systems
[2.728s] INFO:colcon.colcon_core.plugin_system:Skipping extension 'colcon_notification.desktop_notification.win32': Not used on non-Windows systems
[2.728s] INFO:colcon.colcon_notification.desktop_notification:Sending desktop notification using 'notify2'
[2.744s] DEBUG:colcon.colcon_core.event_reactor:joined thread
[2.745s] INFO:colcon.colcon_core.shell:Creating prefix script '/home/mohamed-khaled/Solving-Maze/install/local_setup.ps1'
[2.746s] INFO:colcon.colcon_core.shell:Creating prefix util module '/home/mohamed-khaled/Solving-Maze/install/_local_setup_util_ps1.py'
[2.747s] INFO:colcon.colcon_core.shell:Creating prefix chain script '/home/mohamed-khaled/Solving-Maze/install/setup.ps1'
[2.748s] INFO:colcon.colcon_core.shell:Creating prefix script '/home/mohamed-khaled/Solving-Maze/install/local_setup.sh'
[2.749s] INFO:colcon.colcon_core.shell:Creating prefix util module '/home/mohamed-khaled/Solving-Maze/install/_local_setup_util_sh.py'
[2.749s] INFO:colcon.colcon_core.shell:Creating prefix chain script '/home/mohamed-khaled/Solving-Maze/install/setup.sh'
[2.751s] INFO:colcon.colcon_core.shell:Creating prefix script '/home/mohamed-khaled/Solving-Maze/install/local_setup.bash'
[2.751s] INFO:colcon.colcon_core.shell:Creating prefix chain script '/home/mohamed-khaled/Solving-Maze/install/setup.bash'
[2.752s] INFO:colcon.colcon_core.shell:Creating prefix script '/home/mohamed-khaled/Solving-Maze/install/local_setup.zsh'
[2.753s] INFO:colcon.colcon_core.shell:Creating prefix chain script '/home/mohamed-khaled/Solving-Maze/install/setup.zsh'
