[3.745s] Invoking command in '/root/training_ws_merge2/build/mazeSolve_pkg': AMENT_PREFIX_PATH=/root/training_ws_merge2/install/interfaces:${AMENT_PREFIX_PATH} CMAKE_PREFIX_PATH=/root/training_ws_merge2/install/interfaces:${CMAKE_PREFIX_PATH} LD_LIBRARY_PATH=/root/training_ws_merge2/install/interfaces/lib:${LD_LIBRARY_PATH} PYTHONPATH=/root/training_ws_merge2/build/mazeSolve_pkg/prefix_override:/usr/lib/python3/dist-packages/colcon_core/task/python/colcon_distutils_commands:/root/training_ws_merge2/install/mazeSolve_pkg/lib/python3.12/site-packages:/root/training_ws_merge2/install/interfaces/lib/python3.12/site-packages:${PYTHONPATH} /usr/bin/python3 -W ignore:setup.py install is deprecated -W ignore:easy_install command is deprecated setup.py develop --editable --build-directory /root/training_ws_merge2/build/mazeSolve_pkg/build --no-deps symlink_data
[4.610s] running develop
[5.141s] running egg_info
[5.142s] creating mazeSolve_pkg.egg-info
[5.191s] writing mazeSolve_pkg.egg-info/PKG-INFO
[5.192s] writing dependency_links to mazeSolve_pkg.egg-info/dependency_links.txt
[5.195s] writing entry points to mazeSolve_pkg.egg-info/entry_points.txt
[5.195s] writing requirements to mazeSolve_pkg.egg-info/requires.txt
[5.195s] writing top-level names to mazeSolve_pkg.egg-info/top_level.txt
[5.195s] writing manifest file 'mazeSolve_pkg.egg-info/SOURCES.txt'
[5.327s] reading manifest file 'mazeSolve_pkg.egg-info/SOURCES.txt'
[5.328s] writing manifest file 'mazeSolve_pkg.egg-info/SOURCES.txt'
[5.398s] running build_ext
[5.398s] Creating /root/training_ws_merge2/install/mazeSolve_pkg/lib/python3.12/site-packages/mazeSolve-pkg.egg-link (link to .)
[5.400s] Installing action_x_server script to /root/training_ws_merge2/install/mazeSolve_pkg/lib/mazeSolve_pkg
[5.401s] Installing yaw_client script to /root/training_ws_merge2/install/mazeSolve_pkg/lib/mazeSolve_pkg
[5.402s] Installing yaw_pid_server script to /root/training_ws_merge2/install/mazeSolve_pkg/lib/mazeSolve_pkg
[5.402s] Installing yawserver script to /root/training_ws_merge2/install/mazeSolve_pkg/lib/mazeSolve_pkg
[5.403s] Installing yawserverNew script to /root/training_ws_merge2/install/mazeSolve_pkg/lib/mazeSolve_pkg
[5.404s] 
[5.404s] Installed /root/training_ws_merge2/build/mazeSolve_pkg
[5.405s] running symlink_data
[5.405s] creating /root/training_ws_merge2/install/mazeSolve_pkg/share/ament_index
[5.406s] creating /root/training_ws_merge2/install/mazeSolve_pkg/share/ament_index/resource_index
[5.407s] creating /root/training_ws_merge2/install/mazeSolve_pkg/share/ament_index/resource_index/packages
[5.409s] symbolically linking /root/training_ws_merge2/build/mazeSolve_pkg/resource/mazeSolve_pkg -> /root/training_ws_merge2/install/mazeSolve_pkg/share/ament_index/resource_index/packages
[5.410s] symbolically linking /root/training_ws_merge2/build/mazeSolve_pkg/package.xml -> /root/training_ws_merge2/install/mazeSolve_pkg/share/mazeSolve_pkg
[5.410s] creating /root/training_ws_merge2/install/mazeSolve_pkg/share/mazeSolve_pkg/launch
[5.410s] symbolically linking /root/training_ws_merge2/build/mazeSolve_pkg/launch/launch.py -> /root/training_ws_merge2/install/mazeSolve_pkg/share/mazeSolve_pkg/launch
[5.528s] Invoked command in '/root/training_ws_merge2/build/mazeSolve_pkg' returned '0': AMENT_PREFIX_PATH=/root/training_ws_merge2/install/interfaces:${AMENT_PREFIX_PATH} CMAKE_PREFIX_PATH=/root/training_ws_merge2/install/interfaces:${CMAKE_PREFIX_PATH} LD_LIBRARY_PATH=/root/training_ws_merge2/install/interfaces/lib:${LD_LIBRARY_PATH} PYTHONPATH=/root/training_ws_merge2/build/mazeSolve_pkg/prefix_override:/usr/lib/python3/dist-packages/colcon_core/task/python/colcon_distutils_commands:/root/training_ws_merge2/install/mazeSolve_pkg/lib/python3.12/site-packages:/root/training_ws_merge2/install/interfaces/lib/python3.12/site-packages:${PYTHONPATH} /usr/bin/python3 -W ignore:setup.py install is deprecated -W ignore:easy_install command is deprecated setup.py develop --editable --build-directory /root/training_ws_merge2/build/mazeSolve_pkg/build --no-deps symlink_data
