[0.230s] DEBUG:colcon:Command line arguments: ['/usr/bin/colcon', 'build', '--packages-select', 'interfaces', '--event-handlers', 'console_direct+']
[0.230s] DEBUG:colcon:Parsed command line arguments: Namespace(log_base=None, log_level=None, verb_name='build', build_base='build', install_base='install', merge_install=False, symlink_install=False, test_result_base=None, continue_on_error=False, executor='parallel', parallel_workers=8, event_handlers=['console_direct+'], ignore_user_meta=False, metas=['./colcon.meta'], base_paths=['.'], packages_ignore=None, packages_ignore_regex=None, paths=None, packages_up_to=None, packages_up_to_regex=None, packages_above=None, packages_above_and_dependencies=None, packages_above_depth=None, packages_select_by_dep=None, packages_skip_by_dep=None, packages_skip_up_to=None, packages_select_build_failed=False, packages_skip_build_finished=False, packages_select_test_failures=False, packages_skip_test_passed=False, packages_select=['interfaces'], packages_skip=None, packages_select_regex=None, packages_skip_regex=None, packages_start=None, packages_end=None, cmake_args=None, cmake_target=None, cmake_target_skip_unavailable=False, cmake_clean_cache=False, cmake_clean_first=False, cmake_force_configure=False, ament_cmake_args=None, catkin_cmake_args=None, catkin_skip_building_tests=False, mixin_files=None, mixin=None, verb_parser=<colcon_mixin.mixin.mixin_argument.MixinArgumentDecorator object at 0x7f7147dcb200>, verb_extension=<colcon_core.verb.build.BuildVerb object at 0x7f7147efa1b0>, main=<bound method BuildVerb.main of <colcon_core.verb.build.BuildVerb object at 0x7f7147efa1b0>>, mixin_verb=('build',))
[0.293s] Level 1:colcon.colcon_core.package_discovery:discover_packages(colcon_meta) check parameters
[0.294s] INFO:colcon.colcon_metadata.package_discovery.colcon_meta:Using configuration from '/root/.colcon/metadata/default/Gazebo.meta'
[0.295s] INFO:colcon.colcon_metadata.package_discovery.colcon_meta:Using configuration from '/root/.colcon/metadata/default/fastdds.meta'
[0.295s] INFO:colcon.colcon_metadata.package_discovery.colcon_meta:Using configuration from '/root/.colcon/metadata/default/fastrtps.meta'
[0.295s] Level 1:colcon.colcon_core.package_discovery:discover_packages(recursive) check parameters
[0.295s] Level 1:colcon.colcon_core.package_discovery:discover_packages(ignore) check parameters
[0.295s] Level 1:colcon.colcon_core.package_discovery:discover_packages(path) check parameters
[0.296s] Level 1:colcon.colcon_core.package_discovery:discover_packages(colcon_meta) discover
[0.296s] Level 1:colcon.colcon_core.package_discovery:discover_packages(recursive) discover
[0.296s] INFO:colcon.colcon_core.package_discovery:Crawling recursively for packages in '/root/training_ws/src'
[0.296s] Level 1:colcon.colcon_core.package_identification:_identify(.) by extensions ['ignore', 'ignore_ament_install']
[0.296s] Level 1:colcon.colcon_core.package_identification:_identify(.) by extension 'ignore'
[0.296s] Level 1:colcon.colcon_core.package_identification:_identify(.) by extension 'ignore_ament_install'
[0.296s] Level 1:colcon.colcon_core.package_identification:_identify(.) by extensions ['colcon_pkg']
[0.296s] Level 1:colcon.colcon_core.package_identification:_identify(.) by extension 'colcon_pkg'
[0.296s] Level 1:colcon.colcon_core.package_identification:_identify(.) by extensions ['colcon_meta']
[0.296s] Level 1:colcon.colcon_core.package_identification:_identify(.) by extension 'colcon_meta'
[0.296s] Level 1:colcon.colcon_core.package_identification:_identify(.) by extensions ['ros']
[0.296s] Level 1:colcon.colcon_core.package_identification:_identify(.) by extension 'ros'
[0.341s] Level 1:colcon.colcon_core.package_identification:_identify(.) by extensions ['cmake', 'python']
[0.341s] Level 1:colcon.colcon_core.package_identification:_identify(.) by extension 'cmake'
[0.341s] Level 1:colcon.colcon_core.package_identification:_identify(.) by extension 'python'
[0.341s] Level 1:colcon.colcon_core.package_identification:_identify(.) by extensions ['python_setup_py']
[0.341s] Level 1:colcon.colcon_core.package_identification:_identify(.) by extension 'python_setup_py'
[0.342s] Level 1:colcon.colcon_core.package_identification:_identify(MIA26_phase2_ros_contest) by extensions ['ignore', 'ignore_ament_install']
[0.342s] Level 1:colcon.colcon_core.package_identification:_identify(MIA26_phase2_ros_contest) by extension 'ignore'
[0.342s] Level 1:colcon.colcon_core.package_identification:_identify(MIA26_phase2_ros_contest) by extension 'ignore_ament_install'
[0.342s] Level 1:colcon.colcon_core.package_identification:_identify(MIA26_phase2_ros_contest) by extensions ['colcon_pkg']
[0.342s] Level 1:colcon.colcon_core.package_identification:_identify(MIA26_phase2_ros_contest) by extension 'colcon_pkg'
[0.342s] Level 1:colcon.colcon_core.package_identification:_identify(MIA26_phase2_ros_contest) by extensions ['colcon_meta']
[0.342s] Level 1:colcon.colcon_core.package_identification:_identify(MIA26_phase2_ros_contest) by extension 'colcon_meta'
[0.342s] Level 1:colcon.colcon_core.package_identification:_identify(MIA26_phase2_ros_contest) by extensions ['ros']
[0.342s] Level 1:colcon.colcon_core.package_identification:_identify(MIA26_phase2_ros_contest) by extension 'ros'
[0.342s] Level 1:colcon.colcon_core.package_identification:_identify(MIA26_phase2_ros_contest) by extensions ['cmake', 'python']
[0.342s] Level 1:colcon.colcon_core.package_identification:_identify(MIA26_phase2_ros_contest) by extension 'cmake'
[0.342s] Level 1:colcon.colcon_core.package_identification:_identify(MIA26_phase2_ros_contest) by extension 'python'
[0.342s] Level 1:colcon.colcon_core.package_identification:_identify(MIA26_phase2_ros_contest) by extensions ['python_setup_py']
[0.343s] Level 1:colcon.colcon_core.package_identification:_identify(MIA26_phase2_ros_contest) by extension 'python_setup_py'
[0.343s] Level 1:colcon.colcon_core.package_identification:_identify(MIA26_phase2_ros_contest/assets) by extensions ['ignore', 'ignore_ament_install']
[0.343s] Level 1:colcon.colcon_core.package_identification:_identify(MIA26_phase2_ros_contest/assets) by extension 'ignore'
[0.343s] Level 1:colcon.colcon_core.package_identification:_identify(MIA26_phase2_ros_contest/assets) by extension 'ignore_ament_install'
[0.343s] Level 1:colcon.colcon_core.package_identification:_identify(MIA26_phase2_ros_contest/assets) by extensions ['colcon_pkg']
[0.343s] Level 1:colcon.colcon_core.package_identification:_identify(MIA26_phase2_ros_contest/assets) by extension 'colcon_pkg'
[0.343s] Level 1:colcon.colcon_core.package_identification:_identify(MIA26_phase2_ros_contest/assets) by extensions ['colcon_meta']
[0.343s] Level 1:colcon.colcon_core.package_identification:_identify(MIA26_phase2_ros_contest/assets) by extension 'colcon_meta'
[0.343s] Level 1:colcon.colcon_core.package_identification:_identify(MIA26_phase2_ros_contest/assets) by extensions ['ros']
[0.343s] Level 1:colcon.colcon_core.package_identification:_identify(MIA26_phase2_ros_contest/assets) by extension 'ros'
[0.343s] Level 1:colcon.colcon_core.package_identification:_identify(MIA26_phase2_ros_contest/assets) by extensions ['cmake', 'python']
[0.344s] Level 1:colcon.colcon_core.package_identification:_identify(MIA26_phase2_ros_contest/assets) by extension 'cmake'
[0.344s] Level 1:colcon.colcon_core.package_identification:_identify(MIA26_phase2_ros_contest/assets) by extension 'python'
[0.344s] Level 1:colcon.colcon_core.package_identification:_identify(MIA26_phase2_ros_contest/assets) by extensions ['python_setup_py']
[0.344s] Level 1:colcon.colcon_core.package_identification:_identify(MIA26_phase2_ros_contest/assets) by extension 'python_setup_py'
[0.344s] Level 1:colcon.colcon_core.package_identification:_identify(MIA26_phase2_ros_contest/maze_control) by extensions ['ignore', 'ignore_ament_install']
[0.344s] Level 1:colcon.colcon_core.package_identification:_identify(MIA26_phase2_ros_contest/maze_control) by extension 'ignore'
[0.344s] Level 1:colcon.colcon_core.package_identification:_identify(MIA26_phase2_ros_contest/maze_control) by extension 'ignore_ament_install'
[0.344s] Level 1:colcon.colcon_core.package_identification:_identify(MIA26_phase2_ros_contest/maze_control) by extensions ['colcon_pkg']
[0.344s] Level 1:colcon.colcon_core.package_identification:_identify(MIA26_phase2_ros_contest/maze_control) by extension 'colcon_pkg'
[0.344s] Level 1:colcon.colcon_core.package_identification:_identify(MIA26_phase2_ros_contest/maze_control) by extensions ['colcon_meta']
[0.344s] Level 1:colcon.colcon_core.package_identification:_identify(MIA26_phase2_ros_contest/maze_control) by extension 'colcon_meta'
[0.344s] Level 1:colcon.colcon_core.package_identification:_identify(MIA26_phase2_ros_contest/maze_control) by extensions ['ros']
[0.345s] Level 1:colcon.colcon_core.package_identification:_identify(MIA26_phase2_ros_contest/maze_control) by extension 'ros'
[0.348s] DEBUG:colcon.colcon_core.package_identification:Found ROS schema reference in package manifest in 'MIA26_phase2_ros_contest/maze_control'
[0.348s] WARNING:colcon.colcon_core.package_identification:Failed to parse ROS package manifest in 'MIA26_phase2_ros_contest/maze_control': Error(s) in package 'MIA26_phase2_ros_contest/maze_control/package.xml':
Error(s):
- The generic dependency on 'rclpy' is redundant with: exec_depend
[0.348s] Level 1:colcon.colcon_core.package_identification:_identify(MIA26_phase2_ros_contest/maze_control) by extensions ['cmake', 'python']
[0.348s] Level 1:colcon.colcon_core.package_identification:_identify(MIA26_phase2_ros_contest/maze_control) by extension 'cmake'
[0.348s] Level 1:colcon.colcon_core.package_identification:_identify(MIA26_phase2_ros_contest/maze_control) by extension 'python'
[0.348s] DEBUG:colcon.colcon_core.package_identification:Python package in 'MIA26_phase2_ros_contest/maze_control' passes arguments to the setup() function which requires a different identification extension than 'python'
[0.348s] Level 1:colcon.colcon_core.package_identification:_identify(MIA26_phase2_ros_contest/maze_control) by extensions ['python_setup_py']
[0.348s] Level 1:colcon.colcon_core.package_identification:_identify(MIA26_phase2_ros_contest/maze_control) by extension 'python_setup_py'
[0.714s] DEBUG:colcon.colcon_core.package_identification:Package 'MIA26_phase2_ros_contest/maze_control' with type 'python' and name 'maze_control'
[0.715s] Level 1:colcon.colcon_core.package_identification:_identify(build) by extensions ['ignore', 'ignore_ament_install']
[0.715s] Level 1:colcon.colcon_core.package_identification:_identify(build) by extension 'ignore'
[0.715s] Level 1:colcon.colcon_core.package_identification:_identify(build) ignored
[0.715s] Level 1:colcon.colcon_core.package_identification:_identify(install) by extensions ['ignore', 'ignore_ament_install']
[0.715s] Level 1:colcon.colcon_core.package_identification:_identify(install) by extension 'ignore'
[0.715s] Level 1:colcon.colcon_core.package_identification:_identify(install) ignored
[0.716s] Level 1:colcon.colcon_core.package_identification:_identify(interfaces) by extensions ['ignore', 'ignore_ament_install']
[0.716s] Level 1:colcon.colcon_core.package_identification:_identify(interfaces) by extension 'ignore'
[0.716s] Level 1:colcon.colcon_core.package_identification:_identify(interfaces) by extension 'ignore_ament_install'
[0.716s] Level 1:colcon.colcon_core.package_identification:_identify(interfaces) by extensions ['colcon_pkg']
[0.716s] Level 1:colcon.colcon_core.package_identification:_identify(interfaces) by extension 'colcon_pkg'
[0.716s] Level 1:colcon.colcon_core.package_identification:_identify(interfaces) by extensions ['colcon_meta']
[0.716s] Level 1:colcon.colcon_core.package_identification:_identify(interfaces) by extension 'colcon_meta'
[0.716s] Level 1:colcon.colcon_core.package_identification:_identify(interfaces) by extensions ['ros']
[0.716s] Level 1:colcon.colcon_core.package_identification:_identify(interfaces) by extension 'ros'
[0.717s] DEBUG:colcon.colcon_core.package_identification:Package 'interfaces' with type 'ros.ament_cmake' and name 'interfaces'
[0.718s] Level 1:colcon.colcon_core.package_identification:_identify(log) by extensions ['ignore', 'ignore_ament_install']
[0.718s] Level 1:colcon.colcon_core.package_identification:_identify(log) by extension 'ignore'
[0.718s] Level 1:colcon.colcon_core.package_identification:_identify(log) ignored
[0.718s] Level 1:colcon.colcon_core.package_identification:_identify(mazeSolve_pkg) by extensions ['ignore', 'ignore_ament_install']
[0.718s] Level 1:colcon.colcon_core.package_identification:_identify(mazeSolve_pkg) by extension 'ignore'
[0.718s] Level 1:colcon.colcon_core.package_identification:_identify(mazeSolve_pkg) by extension 'ignore_ament_install'
[0.719s] Level 1:colcon.colcon_core.package_identification:_identify(mazeSolve_pkg) by extensions ['colcon_pkg']
[0.719s] Level 1:colcon.colcon_core.package_identification:_identify(mazeSolve_pkg) by extension 'colcon_pkg'
[0.719s] Level 1:colcon.colcon_core.package_identification:_identify(mazeSolve_pkg) by extensions ['colcon_meta']
[0.719s] Level 1:colcon.colcon_core.package_identification:_identify(mazeSolve_pkg) by extension 'colcon_meta'
[0.719s] Level 1:colcon.colcon_core.package_identification:_identify(mazeSolve_pkg) by extensions ['ros']
[0.719s] Level 1:colcon.colcon_core.package_identification:_identify(mazeSolve_pkg) by extension 'ros'
[0.720s] DEBUG:colcon.colcon_core.package_identification:Found ROS schema reference in package manifest in 'mazeSolve_pkg'
[0.720s] WARNING:colcon.colcon_core.package_identification:Failed to parse ROS package manifest in 'mazeSolve_pkg': Error(s) in package 'mazeSolve_pkg/package.xml':
Error(s):
- The generic dependency on 'interfaces' is redundant with: exec_depend
[0.720s] Level 1:colcon.colcon_core.package_identification:_identify(mazeSolve_pkg) by extensions ['cmake', 'python']
[0.720s] Level 1:colcon.colcon_core.package_identification:_identify(mazeSolve_pkg) by extension 'cmake'
[0.720s] Level 1:colcon.colcon_core.package_identification:_identify(mazeSolve_pkg) by extension 'python'
[0.721s] DEBUG:colcon.colcon_core.package_identification:Python package in 'mazeSolve_pkg' passes arguments to the setup() function which requires a different identification extension than 'python'
[0.721s] Level 1:colcon.colcon_core.package_identification:_identify(mazeSolve_pkg) by extensions ['python_setup_py']
[0.721s] Level 1:colcon.colcon_core.package_identification:_identify(mazeSolve_pkg) by extension 'python_setup_py'
[1.098s] DEBUG:colcon.colcon_core.package_identification:Package 'mazeSolve_pkg' with type 'python' and name 'mazeSolve_pkg'
[1.098s] Level 1:colcon.colcon_core.package_discovery:discover_packages(recursive) using defaults
[1.098s] Level 1:colcon.colcon_core.package_discovery:discover_packages(ignore) discover
[1.098s] Level 1:colcon.colcon_core.package_discovery:discover_packages(ignore) using defaults
[1.098s] Level 1:colcon.colcon_core.package_discovery:discover_packages(path) discover
[1.098s] Level 1:colcon.colcon_core.package_discovery:discover_packages(path) using defaults
[1.141s] INFO:colcon.colcon_core.package_selection:Skipping not selected package 'mazeSolve_pkg' in 'mazeSolve_pkg'
[1.141s] INFO:colcon.colcon_core.package_selection:Skipping not selected package 'maze_control' in 'MIA26_phase2_ros_contest/maze_control'
[1.142s] Level 5:colcon.colcon_core.verb:set package 'interfaces' build argument 'cmake_args' from command line to 'None'
[1.142s] Level 5:colcon.colcon_core.verb:set package 'interfaces' build argument 'cmake_target' from command line to 'None'
[1.142s] Level 5:colcon.colcon_core.verb:set package 'interfaces' build argument 'cmake_target_skip_unavailable' from command line to 'False'
[1.142s] Level 5:colcon.colcon_core.verb:set package 'interfaces' build argument 'cmake_clean_cache' from command line to 'False'
[1.142s] Level 5:colcon.colcon_core.verb:set package 'interfaces' build argument 'cmake_clean_first' from command line to 'False'
[1.142s] Level 5:colcon.colcon_core.verb:set package 'interfaces' build argument 'cmake_force_configure' from command line to 'False'
[1.142s] Level 5:colcon.colcon_core.verb:set package 'interfaces' build argument 'ament_cmake_args' from command line to 'None'
[1.142s] Level 5:colcon.colcon_core.verb:set package 'interfaces' build argument 'catkin_cmake_args' from command line to 'None'
[1.142s] Level 5:colcon.colcon_core.verb:set package 'interfaces' build argument 'catkin_skip_building_tests' from command line to 'False'
[1.142s] DEBUG:colcon.colcon_core.verb:Building package 'interfaces' with the following arguments: {'ament_cmake_args': None, 'build_base': '/root/training_ws/src/build/interfaces', 'catkin_cmake_args': None, 'catkin_skip_building_tests': False, 'cmake_args': None, 'cmake_clean_cache': False, 'cmake_clean_first': False, 'cmake_force_configure': False, 'cmake_target': None, 'cmake_target_skip_unavailable': False, 'install_base': '/root/training_ws/src/install/interfaces', 'merge_install': False, 'path': '/root/training_ws/src/interfaces', 'symlink_install': False, 'test_result_base': None}
[1.142s] INFO:colcon.colcon_core.executor:Executing jobs using 'parallel' executor
[1.144s] DEBUG:colcon.colcon_parallel_executor.executor.parallel:run_until_complete
[1.144s] INFO:colcon.colcon_ros.task.ament_cmake.build:Building ROS package in '/root/training_ws/src/interfaces' with build type 'ament_cmake'
[1.144s] INFO:colcon.colcon_cmake.task.cmake.build:Building CMake package in '/root/training_ws/src/interfaces'
[1.148s] INFO:colcon.colcon_core.plugin_system:Skipping extension 'colcon_core.shell.bat': Not used on non-Windows systems
[1.148s] INFO:colcon.colcon_core.shell:Skip shell extension 'powershell' for command environment: Not usable outside of PowerShell
[1.148s] DEBUG:colcon.colcon_core.shell:Skip shell extension 'dsv' for command environment
[1.165s] DEBUG:colcon.colcon_core.event_handler.log_command:Invoking command in '/root/training_ws/src/build/interfaces': CMAKE_PREFIX_PATH=${CMAKE_PREFIX_PATH}:/root/training_ws/install/maze_control:/root/training_ws/install/mazeSolve_pkg:/opt/ros/jazzy /usr/bin/cmake /root/training_ws/src/interfaces -DCMAKE_INSTALL_PREFIX=/root/training_ws/src/install/interfaces
[3.157s] DEBUG:colcon.colcon_core.event_handler.log_command:Invoked command in '/root/training_ws/src/build/interfaces' returned '1': CMAKE_PREFIX_PATH=${CMAKE_PREFIX_PATH}:/root/training_ws/install/maze_control:/root/training_ws/install/mazeSolve_pkg:/opt/ros/jazzy /usr/bin/cmake /root/training_ws/src/interfaces -DCMAKE_INSTALL_PREFIX=/root/training_ws/src/install/interfaces
[3.181s] Level 1:colcon.colcon_core.environment:create_environment_scripts_only(interfaces)
[3.190s] Level 1:colcon.colcon_core.environment:checking '/root/training_ws/src/install/interfaces' for CMake module files
[3.192s] Level 1:colcon.colcon_core.environment:checking '/root/training_ws/src/install/interfaces' for CMake config files
[3.193s] Level 1:colcon.colcon_core.environment:checking '/root/training_ws/src/install/interfaces/bin'
[3.193s] Level 1:colcon.colcon_core.environment:checking '/root/training_ws/src/install/interfaces/lib/pkgconfig/interfaces.pc'
[3.196s] Level 1:colcon.colcon_core.environment:checking '/root/training_ws/src/install/interfaces/lib/python3.12/site-packages'
[3.196s] Level 1:colcon.colcon_core.environment:checking '/root/training_ws/src/install/interfaces/bin'
[3.197s] INFO:colcon.colcon_core.shell:Creating package script '/root/training_ws/src/install/interfaces/share/interfaces/package.ps1'
[3.198s] INFO:colcon.colcon_core.shell:Creating package descriptor '/root/training_ws/src/install/interfaces/share/interfaces/package.dsv'
[3.199s] INFO:colcon.colcon_core.shell:Creating package script '/root/training_ws/src/install/interfaces/share/interfaces/package.sh'
[3.200s] INFO:colcon.colcon_core.shell:Creating package script '/root/training_ws/src/install/interfaces/share/interfaces/package.bash'
[3.202s] INFO:colcon.colcon_core.shell:Creating package script '/root/training_ws/src/install/interfaces/share/interfaces/package.zsh'
[3.203s] Level 1:colcon.colcon_core.environment:create_file_with_runtime_dependencies(/root/training_ws/src/install/interfaces/share/colcon-core/packages/interfaces)
[3.215s] DEBUG:colcon.colcon_parallel_executor.executor.parallel:closing loop
[3.215s] DEBUG:colcon.colcon_parallel_executor.executor.parallel:loop closed
[3.215s] DEBUG:colcon.colcon_parallel_executor.executor.parallel:run_until_complete finished with '1'
[3.215s] DEBUG:colcon.colcon_core.event_reactor:joining thread
[3.224s] INFO:colcon.colcon_core.plugin_system:Skipping extension 'colcon_notification.desktop_notification.notify_send': Could not find 'notify-send'
[3.225s] INFO:colcon.colcon_core.plugin_system:Skipping extension 'colcon_notification.desktop_notification.terminal_notifier': Not used on non-Darwin systems
[3.225s] INFO:colcon.colcon_core.plugin_system:Skipping extension 'colcon_notification.desktop_notification.win32': Not used on non-Windows systems
[3.225s] INFO:colcon.colcon_notification.desktop_notification:Sending desktop notification using 'notify2'
[3.231s] DEBUG:colcon.colcon_notification.desktop_notification.notify2:Failed to initialize notify2: org.freedesktop.DBus.Error.Spawn.ExecFailed: /usr/bin/dbus-launch terminated abnormally without any error message
[3.231s] DEBUG:colcon.colcon_core.event_reactor:joined thread
[3.232s] INFO:colcon.colcon_core.shell:Creating prefix script '/root/training_ws/src/install/local_setup.ps1'
[3.233s] INFO:colcon.colcon_core.shell:Creating prefix util module '/root/training_ws/src/install/_local_setup_util_ps1.py'
[3.236s] INFO:colcon.colcon_core.shell:Creating prefix chain script '/root/training_ws/src/install/setup.ps1'
[3.239s] INFO:colcon.colcon_core.shell:Creating prefix script '/root/training_ws/src/install/local_setup.sh'
[3.240s] INFO:colcon.colcon_core.shell:Creating prefix util module '/root/training_ws/src/install/_local_setup_util_sh.py'
[3.241s] INFO:colcon.colcon_core.shell:Creating prefix chain script '/root/training_ws/src/install/setup.sh'
[3.242s] INFO:colcon.colcon_core.shell:Creating prefix script '/root/training_ws/src/install/local_setup.bash'
[3.243s] INFO:colcon.colcon_core.shell:Creating prefix chain script '/root/training_ws/src/install/setup.bash'
[3.245s] INFO:colcon.colcon_core.shell:Creating prefix script '/root/training_ws/src/install/local_setup.zsh'
[3.247s] INFO:colcon.colcon_core.shell:Creating prefix chain script '/root/training_ws/src/install/setup.zsh'
