[0.008s] Invoking command in '/home/mohamed-khaled/Solving-Maze/build/interfaces': CMAKE_PREFIX_PATH=${CMAKE_PREFIX_PATH}:/opt/ros/jazzy DEBUGINFOD_URLS=https://debuginfod.ubuntu.com /usr/bin/cmake /home/mohamed-khaled/Solving-Maze/src/interfaces -DCMAKE_INSTALL_PREFIX=/home/mohamed-khaled/Solving-Maze/install/interfaces
[0.020s] -- Found ament_cmake: 2.5.6 (/opt/ros/jazzy/share/ament_cmake/cmake)
[0.212s] -- Found rosidl_default_generators: 1.6.1 (/opt/ros/jazzy/share/rosidl_default_generators/cmake)
[0.214s] -- Using all available rosidl_typesupport_c: rosidl_typesupport_fastrtps_c;rosidl_typesupport_introspection_c
[0.250s] -- Using all available rosidl_typesupport_cpp: rosidl_typesupport_fastrtps_cpp;rosidl_typesupport_introspection_cpp
[0.282s] -- Found rosidl_adapter: 4.6.9 (/opt/ros/jazzy/share/rosidl_adapter/cmake)
[0.284s] -- Found action_msgs: 2.0.4 (/opt/ros/jazzy/share/action_msgs/cmake)
[0.895s] -- Found ament_cmake_ros: 0.12.1 (/opt/ros/jazzy/share/ament_cmake_ros/cmake)
[1.306s] -- Using all available rosidl_typesupport_c: rosidl_typesupport_fastrtps_c;rosidl_typesupport_introspection_c
[1.841s] -- Using all available rosidl_typesupport_cpp: rosidl_typesupport_fastrtps_cpp;rosidl_typesupport_introspection_cpp
[1.849s] -- Found python_cmake_module: 0.11.1 (/opt/ros/jazzy/share/python_cmake_module/cmake)
[1.972s] -- Found PythonExtra: /usr/bin/python3  
[2.382s] -- Found Python3: /usr/bin/python3 (found version "3.12.3") found components: Interpreter Development NumPy Development.Module Development.Embed 
[2.451s] -- Found Python3: /usr/bin/python3 (found version "3.12.3") found components: Interpreter 
[2.464s] -- Configuring done (2.4s)
[2.500s] -- Generating done (0.0s)
[2.514s] -- Build files have been written to: /home/mohamed-khaled/Solving-Maze/build/interfaces
[2.521s] Invoked command in '/home/mohamed-khaled/Solving-Maze/build/interfaces' returned '0': CMAKE_PREFIX_PATH=${CMAKE_PREFIX_PATH}:/opt/ros/jazzy DEBUGINFOD_URLS=https://debuginfod.ubuntu.com /usr/bin/cmake /home/mohamed-khaled/Solving-Maze/src/interfaces -DCMAKE_INSTALL_PREFIX=/home/mohamed-khaled/Solving-Maze/install/interfaces
[2.521s] Invoking command in '/home/mohamed-khaled/Solving-Maze/build/interfaces': CMAKE_PREFIX_PATH=${CMAKE_PREFIX_PATH}:/opt/ros/jazzy DEBUGINFOD_URLS=https://debuginfod.ubuntu.com /usr/bin/cmake --build /home/mohamed-khaled/Solving-Maze/build/interfaces -- -j12 -l12
[2.563s] [  5%] [34m[1mGenerating Rust code for ROS interfaces[0m
[2.563s] [  5%] [34m[1mGenerating type hashes for ROS interfaces[0m
[2.570s] [  5%] Built target ament_cmake_python_copy_interfaces
[2.803s] running egg_info
[2.804s] creating interfaces.egg-info
[2.825s] [  5%] Built target interfaces__rs
[2.829s] writing interfaces.egg-info/PKG-INFO
[2.829s] writing dependency_links to interfaces.egg-info/dependency_links.txt
[2.829s] writing top-level names to interfaces.egg-info/top_level.txt
[2.829s] writing manifest file 'interfaces.egg-info/SOURCES.txt'
[2.901s] reading manifest file 'interfaces.egg-info/SOURCES.txt'
[2.902s] writing manifest file 'interfaces.egg-info/SOURCES.txt'
[2.930s] [  5%] Built target ament_cmake_python_build_interfaces_egg
[4.242s] Traceback (most recent call last):
[4.242s]   File "/opt/ros/jazzy/lib/rosidl_generator_type_description/rosidl_generator_type_description", line 50, in <module>
[4.242s]     sys.exit(main())
[4.243s]              ^^^^^^
[4.243s]   File "/opt/ros/jazzy/lib/rosidl_generator_type_description/rosidl_generator_type_description", line 46, in main
[4.243s]     generate_type_hash(args.generator_arguments_file)
[4.243s]   File "/opt/ros/jazzy/lib/python3.12/site-packages/rosidl_generator_type_description/__init__.py", line 162, in generate_type_hash
[4.243s]     with include_path.open('r') as include_file:
[4.243s]          ^^^^^^^^^^^^^^^^^^^^^^
[4.244s]   File "/usr/lib/python3.12/pathlib.py", line 1015, in open
[4.244s]     return io.open(self, mode, buffering, encoding, errors, newline)
[4.244s]            ^^^^^^^^^^^^^^^^^^^^^^^^^^^^^^^^^^^^^^^^^^^^^^^^^^^^^^^^^
[4.244s] FileNotFoundError: [Errno 2] No such file or directory: '/home/mohamed-khaled/Solving-Maze/build/interfaces/rosidl_generator_type_description/interfaces/msg/String.json'
[4.284s] gmake[2]: *** [CMakeFiles/interfaces__rosidl_generator_type_description.dir/build.make:75: rosidl_generator_type_description/interfaces/action/MoveYaw.json] Error 1
[4.284s] gmake[1]: *** [CMakeFiles/Makefile2:234: CMakeFiles/interfaces__rosidl_generator_type_description.dir/all] Error 2
[4.284s] gmake: *** [Makefile:146: all] Error 2
[4.286s] Invoked command in '/home/mohamed-khaled/Solving-Maze/build/interfaces' returned '2': CMAKE_PREFIX_PATH=${CMAKE_PREFIX_PATH}:/opt/ros/jazzy DEBUGINFOD_URLS=https://debuginfod.ubuntu.com /usr/bin/cmake --build /home/mohamed-khaled/Solving-Maze/build/interfaces -- -j12 -l12
