[0.023s] Invoking command in '/home/mohamed-khaled/Solving-Maze/build/interfaces': CMAKE_PREFIX_PATH=${CMAKE_PREFIX_PATH}:/opt/ros/jazzy DEBUGINFOD_URLS=https://debuginfod.ubuntu.com /usr/bin/cmake --build /home/mohamed-khaled/Solving-Maze/build/interfaces -- -j12 -l12
[0.373s] [  5%] Built target interfaces__rs
[0.374s] [  5%] Built target interfaces__rosidl_generator_type_description
[0.374s] [  5%] Built target ament_cmake_python_copy_interfaces
[0.374s] [  8%] Built target interfaces__cpp
[0.375s] [ 22%] Built target interfaces__rosidl_generator_c
[0.375s] [ 31%] Built target interfaces__rosidl_typesupport_introspection_c
[0.375s] [ 40%] Built target interfaces__rosidl_typesupport_fastrtps_c
[0.375s] [ 48%] Built target interfaces__rosidl_typesupport_cpp
[0.376s] [ 57%] Built target interfaces__rosidl_typesupport_fastrtps_cpp
[0.376s] [ 65%] Built target interfaces__rosidl_typesupport_c
[0.376s] [ 74%] Built target interfaces__rosidl_typesupport_introspection_cpp
[0.376s] [ 74%] Built target interfaces
[0.376s] [ 77%] Built target interfaces__py
[0.376s] [ 82%] Built target interfaces__rosidl_generator_py
[0.376s] [ 91%] Built target interfaces_s__rosidl_typesupport_introspection_c
[0.377s] [ 94%] Built target interfaces_s__rosidl_typesupport_c
[0.377s] [100%] Built target interfaces_s__rosidl_typesupport_fastrtps_c
[0.460s] running egg_info
[0.497s] writing interfaces.egg-info/PKG-INFO
[0.497s] writing dependency_links to interfaces.egg-info/dependency_links.txt
[0.498s] writing top-level names to interfaces.egg-info/top_level.txt
[0.606s] reading manifest file 'interfaces.egg-info/SOURCES.txt'
[0.607s] writing manifest file 'interfaces.egg-info/SOURCES.txt'
[0.643s] [100%] Built target ament_cmake_python_build_interfaces_egg
[0.722s] Invoked command in '/home/mohamed-khaled/Solving-Maze/build/interfaces' returned '0': CMAKE_PREFIX_PATH=${CMAKE_PREFIX_PATH}:/opt/ros/jazzy DEBUGINFOD_URLS=https://debuginfod.ubuntu.com /usr/bin/cmake --build /home/mohamed-khaled/Solving-Maze/build/interfaces -- -j12 -l12
[0.735s] Invoking command in '/home/mohamed-khaled/Solving-Maze/build/interfaces': CMAKE_PREFIX_PATH=${CMAKE_PREFIX_PATH}:/opt/ros/jazzy DEBUGINFOD_URLS=https://debuginfod.ubuntu.com /usr/bin/cmake --install /home/mohamed-khaled/Solving-Maze/build/interfaces
[0.746s] -- Install configuration: ""
[0.746s] -- Up-to-date: /home/mohamed-khaled/Solving-Maze/install/interfaces/share/ament_index/resource_index/rosidl_interfaces/interfaces
[0.746s] -- Up-to-date: /home/mohamed-khaled/Solving-Maze/install/interfaces/share/interfaces/action/MoveYaw.json
[0.747s] -- Up-to-date: /home/mohamed-khaled/Solving-Maze/install/interfaces/include/interfaces/interfaces
[0.747s] -- Up-to-date: /home/mohamed-khaled/Solving-Maze/install/interfaces/include/interfaces/interfaces/action
[0.747s] -- Up-to-date: /home/mohamed-khaled/Solving-Maze/install/interfaces/include/interfaces/interfaces/action/detail
[0.747s] -- Up-to-date: /home/mohamed-khaled/Solving-Maze/install/interfaces/include/interfaces/interfaces/action/detail/move_yaw__struct.h
[0.747s] -- Up-to-date: /home/mohamed-khaled/Solving-Maze/install/interfaces/include/interfaces/interfaces/action/detail/move_yaw__functions.c
[0.747s] -- Up-to-date: /home/mohamed-khaled/Solving-Maze/install/interfaces/include/interfaces/interfaces/action/detail/move_yaw__type_support.h
[0.748s] -- Up-to-date: /home/mohamed-khaled/Solving-Maze/install/interfaces/include/interfaces/interfaces/action/detail/move_yaw__type_support.c
[0.748s] -- Up-to-date: /home/mohamed-khaled/Solving-Maze/install/interfaces/include/interfaces/interfaces/action/detail/move_yaw__description.c
[0.748s] -- Up-to-date: /home/mohamed-khaled/Solving-Maze/install/interfaces/include/interfaces/interfaces/action/detail/move_yaw__functions.h
[0.748s] -- Up-to-date: /home/mohamed-khaled/Solving-Maze/install/interfaces/include/interfaces/interfaces/action/move_yaw.h
[0.748s] -- Up-to-date: /home/mohamed-khaled/Solving-Maze/install/interfaces/include/interfaces/interfaces/msg
[0.749s] -- Up-to-date: /home/mohamed-khaled/Solving-Maze/install/interfaces/include/interfaces/interfaces/msg/rosidl_generator_c__visibility_control.h
[0.749s] -- Up-to-date: /home/mohamed-khaled/Solving-Maze/install/interfaces/share/interfaces/environment/library_path.sh
[0.749s] -- Up-to-date: /home/mohamed-khaled/Solving-Maze/install/interfaces/share/interfaces/environment/library_path.dsv
[0.749s] -- Up-to-date: /home/mohamed-khaled/Solving-Maze/install/interfaces/lib/libinterfaces__rosidl_generator_c.so
[0.749s] -- Up-to-date: /home/mohamed-khaled/Solving-Maze/install/interfaces/include/interfaces/interfaces
[0.750s] -- Up-to-date: /home/mohamed-khaled/Solving-Maze/install/interfaces/include/interfaces/interfaces/action
[0.750s] -- Up-to-date: /home/mohamed-khaled/Solving-Maze/install/interfaces/include/interfaces/interfaces/action/detail
[0.750s] -- Up-to-date: /home/mohamed-khaled/Solving-Maze/install/interfaces/include/interfaces/interfaces/action/detail/move_yaw__rosidl_typesupport_fastrtps_c.h
[0.750s] -- Up-to-date: /home/mohamed-khaled/Solving-Maze/install/interfaces/include/interfaces/interfaces/msg
[0.750s] -- Up-to-date: /home/mohamed-khaled/Solving-Maze/install/interfaces/include/interfaces/interfaces/msg/rosidl_typesupport_fastrtps_c__visibility_control.h
[0.751s] -- Up-to-date: /home/mohamed-khaled/Solving-Maze/install/interfaces/lib/libinterfaces__rosidl_typesupport_fastrtps_c.so
[0.751s] -- Up-to-date: /home/mohamed-khaled/Solving-Maze/install/interfaces/include/interfaces/interfaces
[0.751s] -- Up-to-date: /home/mohamed-khaled/Solving-Maze/install/interfaces/include/interfaces/interfaces/action
[0.752s] -- Up-to-date: /home/mohamed-khaled/Solving-Maze/install/interfaces/include/interfaces/interfaces/action/detail
[0.752s] -- Up-to-date: /home/mohamed-khaled/Solving-Maze/install/interfaces/include/interfaces/interfaces/action/detail/move_yaw__type_support.c
[0.752s] -- Up-to-date: /home/mohamed-khaled/Solving-Maze/install/interfaces/include/interfaces/interfaces/action/detail/move_yaw__rosidl_typesupport_introspection_c.h
[0.753s] -- Up-to-date: /home/mohamed-khaled/Solving-Maze/install/interfaces/include/interfaces/interfaces/msg
[0.753s] -- Up-to-date: /home/mohamed-khaled/Solving-Maze/install/interfaces/include/interfaces/interfaces/msg/rosidl_typesupport_introspection_c__visibility_control.h
[0.753s] -- Up-to-date: /home/mohamed-khaled/Solving-Maze/install/interfaces/lib/libinterfaces__rosidl_typesupport_introspection_c.so
[0.753s] -- Up-to-date: /home/mohamed-khaled/Solving-Maze/install/interfaces/lib/libinterfaces__rosidl_typesupport_c.so
[0.753s] -- Up-to-date: /home/mohamed-khaled/Solving-Maze/install/interfaces/include/interfaces/interfaces
[0.753s] -- Up-to-date: /home/mohamed-khaled/Solving-Maze/install/interfaces/include/interfaces/interfaces/action
[0.753s] -- Up-to-date: /home/mohamed-khaled/Solving-Maze/install/interfaces/include/interfaces/interfaces/action/detail
[0.754s] -- Up-to-date: /home/mohamed-khaled/Solving-Maze/install/interfaces/include/interfaces/interfaces/action/detail/move_yaw__builder.hpp
[0.754s] -- Up-to-date: /home/mohamed-khaled/Solving-Maze/install/interfaces/include/interfaces/interfaces/action/detail/move_yaw__traits.hpp
[0.754s] -- Up-to-date: /home/mohamed-khaled/Solving-Maze/install/interfaces/include/interfaces/interfaces/action/detail/move_yaw__type_support.hpp
[0.754s] -- Up-to-date: /home/mohamed-khaled/Solving-Maze/install/interfaces/include/interfaces/interfaces/action/detail/move_yaw__struct.hpp
[0.754s] -- Up-to-date: /home/mohamed-khaled/Solving-Maze/install/interfaces/include/interfaces/interfaces/action/move_yaw.hpp
[0.755s] -- Up-to-date: /home/mohamed-khaled/Solving-Maze/install/interfaces/include/interfaces/interfaces/msg
[0.755s] -- Up-to-date: /home/mohamed-khaled/Solving-Maze/install/interfaces/include/interfaces/interfaces/msg/rosidl_generator_cpp__visibility_control.hpp
[0.755s] -- Up-to-date: /home/mohamed-khaled/Solving-Maze/install/interfaces/include/interfaces/interfaces
[0.755s] -- Up-to-date: /home/mohamed-khaled/Solving-Maze/install/interfaces/include/interfaces/interfaces/action
[0.755s] -- Up-to-date: /home/mohamed-khaled/Solving-Maze/install/interfaces/include/interfaces/interfaces/action/detail
[0.756s] -- Up-to-date: /home/mohamed-khaled/Solving-Maze/install/interfaces/include/interfaces/interfaces/action/detail/move_yaw__rosidl_typesupport_fastrtps_cpp.hpp
[0.756s] -- Up-to-date: /home/mohamed-khaled/Solving-Maze/install/interfaces/include/interfaces/interfaces/action/detail/dds_fastrtps
[0.756s] -- Up-to-date: /home/mohamed-khaled/Solving-Maze/install/interfaces/include/interfaces/interfaces/msg
[0.756s] -- Up-to-date: /home/mohamed-khaled/Solving-Maze/install/interfaces/include/interfaces/interfaces/msg/rosidl_typesupport_fastrtps_cpp__visibility_control.h
[0.756s] -- Up-to-date: /home/mohamed-khaled/Solving-Maze/install/interfaces/lib/libinterfaces__rosidl_typesupport_fastrtps_cpp.so
[0.757s] -- Up-to-date: /home/mohamed-khaled/Solving-Maze/install/interfaces/include/interfaces/interfaces
[0.757s] -- Up-to-date: /home/mohamed-khaled/Solving-Maze/install/interfaces/include/interfaces/interfaces/action
[0.757s] -- Up-to-date: /home/mohamed-khaled/Solving-Maze/install/interfaces/include/interfaces/interfaces/action/detail
[0.757s] -- Up-to-date: /home/mohamed-khaled/Solving-Maze/install/interfaces/include/interfaces/interfaces/action/detail/move_yaw__rosidl_typesupport_introspection_cpp.hpp
[0.757s] -- Up-to-date: /home/mohamed-khaled/Solving-Maze/install/interfaces/include/interfaces/interfaces/action/detail/move_yaw__type_support.cpp
[0.757s] -- Up-to-date: /home/mohamed-khaled/Solving-Maze/install/interfaces/lib/libinterfaces__rosidl_typesupport_introspection_cpp.so
[0.758s] -- Up-to-date: /home/mohamed-khaled/Solving-Maze/install/interfaces/lib/libinterfaces__rosidl_typesupport_cpp.so
[0.758s] -- Up-to-date: /home/mohamed-khaled/Solving-Maze/install/interfaces/share/interfaces/environment/pythonpath.sh
[0.758s] -- Up-to-date: /home/mohamed-khaled/Solving-Maze/install/interfaces/share/interfaces/environment/pythonpath.dsv
[0.758s] -- Up-to-date: /home/mohamed-khaled/Solving-Maze/install/interfaces/lib/python3.12/site-packages/interfaces-0.0.0-py3.12.egg-info
[0.758s] -- Installing: /home/mohamed-khaled/Solving-Maze/install/interfaces/lib/python3.12/site-packages/interfaces-0.0.0-py3.12.egg-info/SOURCES.txt
[0.758s] -- Installing: /home/mohamed-khaled/Solving-Maze/install/interfaces/lib/python3.12/site-packages/interfaces-0.0.0-py3.12.egg-info/PKG-INFO
[0.758s] -- Installing: /home/mohamed-khaled/Solving-Maze/install/interfaces/lib/python3.12/site-packages/interfaces-0.0.0-py3.12.egg-info/top_level.txt
[0.758s] -- Installing: /home/mohamed-khaled/Solving-Maze/install/interfaces/lib/python3.12/site-packages/interfaces-0.0.0-py3.12.egg-info/dependency_links.txt
[0.759s] -- Up-to-date: /home/mohamed-khaled/Solving-Maze/install/interfaces/lib/python3.12/site-packages/interfaces
[0.759s] -- Up-to-date: /home/mohamed-khaled/Solving-Maze/install/interfaces/lib/python3.12/site-packages/interfaces/_interfaces_s.ep.rosidl_typesupport_c.c
[0.759s] -- Up-to-date: /home/mohamed-khaled/Solving-Maze/install/interfaces/lib/python3.12/site-packages/interfaces/action
[0.759s] -- Up-to-date: /home/mohamed-khaled/Solving-Maze/install/interfaces/lib/python3.12/site-packages/interfaces/action/_move_yaw_s.c
[0.759s] -- Up-to-date: /home/mohamed-khaled/Solving-Maze/install/interfaces/lib/python3.12/site-packages/interfaces/action/_move_yaw.py
[0.759s] -- Up-to-date: /home/mohamed-khaled/Solving-Maze/install/interfaces/lib/python3.12/site-packages/interfaces/action/__init__.py
[0.760s] -- Up-to-date: /home/mohamed-khaled/Solving-Maze/install/interfaces/lib/python3.12/site-packages/interfaces/interfaces_s__rosidl_typesupport_c.so
[0.760s] -- Up-to-date: /home/mohamed-khaled/Solving-Maze/install/interfaces/lib/python3.12/site-packages/interfaces/_interfaces_s.ep.rosidl_typesupport_introspection_c.c
[0.760s] -- Up-to-date: /home/mohamed-khaled/Solving-Maze/install/interfaces/lib/python3.12/site-packages/interfaces/interfaces_s__rosidl_typesupport_introspection_c.so
[0.760s] -- Up-to-date: /home/mohamed-khaled/Solving-Maze/install/interfaces/lib/python3.12/site-packages/interfaces/__init__.py
[0.760s] -- Up-to-date: /home/mohamed-khaled/Solving-Maze/install/interfaces/lib/python3.12/site-packages/interfaces/_interfaces_s.ep.rosidl_typesupport_fastrtps_c.c
[0.760s] -- Up-to-date: /home/mohamed-khaled/Solving-Maze/install/interfaces/lib/python3.12/site-packages/interfaces/interfaces_s__rosidl_typesupport_fastrtps_c.so
[0.821s] Listing '/home/mohamed-khaled/Solving-Maze/install/interfaces/lib/python3.12/site-packages/interfaces'...
[0.822s] Listing '/home/mohamed-khaled/Solving-Maze/install/interfaces/lib/python3.12/site-packages/interfaces/action'...
[0.833s] -- Up-to-date: /home/mohamed-khaled/Solving-Maze/install/interfaces/lib/python3.12/site-packages/interfaces/interfaces_s__rosidl_typesupport_fastrtps_c.so
[0.833s] -- Up-to-date: /home/mohamed-khaled/Solving-Maze/install/interfaces/lib/python3.12/site-packages/interfaces/interfaces_s__rosidl_typesupport_introspection_c.so
[0.833s] -- Up-to-date: /home/mohamed-khaled/Solving-Maze/install/interfaces/lib/python3.12/site-packages/interfaces/interfaces_s__rosidl_typesupport_c.so
[0.834s] -- Up-to-date: /home/mohamed-khaled/Solving-Maze/install/interfaces/lib/libinterfaces__rosidl_generator_py.so
[0.834s] -- Up-to-date: /home/mohamed-khaled/Solving-Maze/install/interfaces/share/ament_index/resource_index/rust_packages/interfaces
[0.835s] -- Up-to-date: /home/mohamed-khaled/Solving-Maze/install/interfaces/share/interfaces/rust
[0.835s] -- Up-to-date: /home/mohamed-khaled/Solving-Maze/install/interfaces/share/interfaces/rust/build.rs
[0.835s] -- Up-to-date: /home/mohamed-khaled/Solving-Maze/install/interfaces/share/interfaces/rust/src
[0.836s] -- Up-to-date: /home/mohamed-khaled/Solving-Maze/install/interfaces/share/interfaces/rust/src/lib.rs
[0.836s] -- Up-to-date: /home/mohamed-khaled/Solving-Maze/install/interfaces/share/interfaces/rust/src/action
[0.836s] -- Up-to-date: /home/mohamed-khaled/Solving-Maze/install/interfaces/share/interfaces/rust/src/action/rmw.rs
[0.836s] -- Up-to-date: /home/mohamed-khaled/Solving-Maze/install/interfaces/share/interfaces/rust/src/action.rs
[0.837s] -- Up-to-date: /home/mohamed-khaled/Solving-Maze/install/interfaces/share/interfaces/rust/Cargo.toml
[0.837s] -- Up-to-date: /home/mohamed-khaled/Solving-Maze/install/interfaces/share/interfaces/action/MoveYaw.idl
[0.837s] -- Up-to-date: /home/mohamed-khaled/Solving-Maze/install/interfaces/share/interfaces/action/MoveYaw.action
[0.838s] -- Up-to-date: /home/mohamed-khaled/Solving-Maze/install/interfaces/share/ament_index/resource_index/package_run_dependencies/interfaces
[0.838s] -- Up-to-date: /home/mohamed-khaled/Solving-Maze/install/interfaces/share/ament_index/resource_index/parent_prefix_path/interfaces
[0.838s] -- Up-to-date: /home/mohamed-khaled/Solving-Maze/install/interfaces/share/interfaces/environment/ament_prefix_path.sh
[0.838s] -- Up-to-date: /home/mohamed-khaled/Solving-Maze/install/interfaces/share/interfaces/environment/ament_prefix_path.dsv
[0.838s] -- Up-to-date: /home/mohamed-khaled/Solving-Maze/install/interfaces/share/interfaces/environment/path.sh
[0.838s] -- Up-to-date: /home/mohamed-khaled/Solving-Maze/install/interfaces/share/interfaces/environment/path.dsv
[0.839s] -- Up-to-date: /home/mohamed-khaled/Solving-Maze/install/interfaces/share/interfaces/local_setup.bash
[0.839s] -- Up-to-date: /home/mohamed-khaled/Solving-Maze/install/interfaces/share/interfaces/local_setup.sh
[0.839s] -- Up-to-date: /home/mohamed-khaled/Solving-Maze/install/interfaces/share/interfaces/local_setup.zsh
[0.839s] -- Up-to-date: /home/mohamed-khaled/Solving-Maze/install/interfaces/share/interfaces/local_setup.dsv
[0.839s] -- Installing: /home/mohamed-khaled/Solving-Maze/install/interfaces/share/interfaces/package.dsv
[0.839s] -- Up-to-date: /home/mohamed-khaled/Solving-Maze/install/interfaces/share/ament_index/resource_index/packages/interfaces
[0.839s] -- Up-to-date: /home/mohamed-khaled/Solving-Maze/install/interfaces/share/interfaces/cmake/export_interfaces__rosidl_generator_cExport.cmake
[0.840s] -- Up-to-date: /home/mohamed-khaled/Solving-Maze/install/interfaces/share/interfaces/cmake/export_interfaces__rosidl_generator_cExport-noconfig.cmake
[0.840s] -- Up-to-date: /home/mohamed-khaled/Solving-Maze/install/interfaces/share/interfaces/cmake/export_interfaces__rosidl_typesupport_fastrtps_cExport.cmake
[0.840s] -- Up-to-date: /home/mohamed-khaled/Solving-Maze/install/interfaces/share/interfaces/cmake/export_interfaces__rosidl_typesupport_fastrtps_cExport-noconfig.cmake
[0.840s] -- Up-to-date: /home/mohamed-khaled/Solving-Maze/install/interfaces/share/interfaces/cmake/interfaces__rosidl_typesupport_introspection_cExport.cmake
[0.840s] -- Up-to-date: /home/mohamed-khaled/Solving-Maze/install/interfaces/share/interfaces/cmake/interfaces__rosidl_typesupport_introspection_cExport-noconfig.cmake
[0.840s] -- Up-to-date: /home/mohamed-khaled/Solving-Maze/install/interfaces/share/interfaces/cmake/interfaces__rosidl_typesupport_cExport.cmake
[0.840s] -- Up-to-date: /home/mohamed-khaled/Solving-Maze/install/interfaces/share/interfaces/cmake/interfaces__rosidl_typesupport_cExport-noconfig.cmake
[0.841s] -- Up-to-date: /home/mohamed-khaled/Solving-Maze/install/interfaces/share/interfaces/cmake/export_interfaces__rosidl_generator_cppExport.cmake
[0.841s] -- Up-to-date: /home/mohamed-khaled/Solving-Maze/install/interfaces/share/interfaces/cmake/export_interfaces__rosidl_typesupport_fastrtps_cppExport.cmake
[0.841s] -- Up-to-date: /home/mohamed-khaled/Solving-Maze/install/interfaces/share/interfaces/cmake/export_interfaces__rosidl_typesupport_fastrtps_cppExport-noconfig.cmake
[0.842s] -- Up-to-date: /home/mohamed-khaled/Solving-Maze/install/interfaces/share/interfaces/cmake/interfaces__rosidl_typesupport_introspection_cppExport.cmake
[0.842s] -- Up-to-date: /home/mohamed-khaled/Solving-Maze/install/interfaces/share/interfaces/cmake/interfaces__rosidl_typesupport_introspection_cppExport-noconfig.cmake
[0.843s] -- Up-to-date: /home/mohamed-khaled/Solving-Maze/install/interfaces/share/interfaces/cmake/interfaces__rosidl_typesupport_cppExport.cmake
[0.843s] -- Up-to-date: /home/mohamed-khaled/Solving-Maze/install/interfaces/share/interfaces/cmake/interfaces__rosidl_typesupport_cppExport-noconfig.cmake
[0.843s] -- Up-to-date: /home/mohamed-khaled/Solving-Maze/install/interfaces/share/interfaces/cmake/export_interfaces__rosidl_generator_pyExport.cmake
[0.844s] -- Up-to-date: /home/mohamed-khaled/Solving-Maze/install/interfaces/share/interfaces/cmake/export_interfaces__rosidl_generator_pyExport-noconfig.cmake
[0.844s] -- Up-to-date: /home/mohamed-khaled/Solving-Maze/install/interfaces/share/interfaces/cmake/rosidl_cmake-extras.cmake
[0.845s] -- Up-to-date: /home/mohamed-khaled/Solving-Maze/install/interfaces/share/interfaces/cmake/ament_cmake_export_dependencies-extras.cmake
[0.845s] -- Up-to-date: /home/mohamed-khaled/Solving-Maze/install/interfaces/share/interfaces/cmake/ament_cmake_export_include_directories-extras.cmake
[0.845s] -- Up-to-date: /home/mohamed-khaled/Solving-Maze/install/interfaces/share/interfaces/cmake/ament_cmake_export_libraries-extras.cmake
[0.846s] -- Up-to-date: /home/mohamed-khaled/Solving-Maze/install/interfaces/share/interfaces/cmake/ament_cmake_export_targets-extras.cmake
[0.846s] -- Up-to-date: /home/mohamed-khaled/Solving-Maze/install/interfaces/share/interfaces/cmake/rosidl_cmake_export_typesupport_targets-extras.cmake
[0.846s] -- Up-to-date: /home/mohamed-khaled/Solving-Maze/install/interfaces/share/interfaces/cmake/rosidl_cmake_export_typesupport_libraries-extras.cmake
[0.846s] -- Up-to-date: /home/mohamed-khaled/Solving-Maze/install/interfaces/share/interfaces/cmake/rosidl_cmake_aggregate_target-extras.cmake
[0.847s] -- Up-to-date: /home/mohamed-khaled/Solving-Maze/install/interfaces/share/interfaces/cmake/interfacesConfig.cmake
[0.847s] -- Up-to-date: /home/mohamed-khaled/Solving-Maze/install/interfaces/share/interfaces/cmake/interfacesConfig-version.cmake
[0.847s] -- Up-to-date: /home/mohamed-khaled/Solving-Maze/install/interfaces/share/interfaces/package.xml
[0.848s] Invoked command in '/home/mohamed-khaled/Solving-Maze/build/interfaces' returned '0': CMAKE_PREFIX_PATH=${CMAKE_PREFIX_PATH}:/opt/ros/jazzy DEBUGINFOD_URLS=https://debuginfod.ubuntu.com /usr/bin/cmake --install /home/mohamed-khaled/Solving-Maze/build/interfaces
