[0.034s] Invoking command in '/home/a/Solving-Maze/build/interfaces': CMAKE_PREFIX_PATH=${CMAKE_PREFIX_PATH}:/home/a/Solving-Maze/install/mazeSolve_pkg:/opt/ros/jazzy DEBUGINFOD_URLS=https://debuginfod.ubuntu.com /usr/bin/cmake --build /home/a/Solving-Maze/build/interfaces -- -j8 -l8
[0.269s] [  2%] Built target interfaces__rs
[0.337s] [  2%] Built target ament_cmake_python_copy_interfaces
[0.384s] [  5%] Built target interfaces__rosidl_generator_type_description
[0.946s] running egg_info
[0.997s] writing interfaces.egg-info/PKG-INFO
[0.998s] writing dependency_links to interfaces.egg-info/dependency_links.txt
[0.998s] writing top-level names to interfaces.egg-info/top_level.txt
[1.163s] reading manifest file 'interfaces.egg-info/SOURCES.txt'
[1.165s] writing manifest file 'interfaces.egg-info/SOURCES.txt'
[1.248s] [  5%] Built target ament_cmake_python_build_interfaces_egg
[1.293s] [  8%] Built target interfaces__cpp
[1.359s] [ 22%] Built target interfaces__rosidl_generator_c
[1.411s] [ 31%] Built target interfaces__rosidl_typesupport_introspection_c
[1.476s] [ 40%] Built target interfaces__rosidl_typesupport_fastrtps_c
[1.534s] [ 48%] Built target interfaces__rosidl_typesupport_cpp
[1.587s] [ 57%] Built target interfaces__rosidl_typesupport_introspection_cpp
[1.640s] [ 65%] Built target interfaces__rosidl_typesupport_fastrtps_cpp
[1.693s] [ 74%] Built target interfaces__rosidl_typesupport_c
[1.737s] [ 74%] Built target interfaces
[1.786s] [ 77%] Built target interfaces__py
[1.843s] [ 82%] Built target interfaces__rosidl_generator_py
[1.896s] [ 88%] Built target interfaces_s__rosidl_typesupport_fastrtps_c
[1.947s] [ 94%] Built target interfaces_s__rosidl_typesupport_c
[1.996s] [100%] Built target interfaces_s__rosidl_typesupport_introspection_c
[2.023s] Invoked command in '/home/a/Solving-Maze/build/interfaces' returned '0': CMAKE_PREFIX_PATH=${CMAKE_PREFIX_PATH}:/home/a/Solving-Maze/install/mazeSolve_pkg:/opt/ros/jazzy DEBUGINFOD_URLS=https://debuginfod.ubuntu.com /usr/bin/cmake --build /home/a/Solving-Maze/build/interfaces -- -j8 -l8
[2.047s] Invoking command in '/home/a/Solving-Maze/build/interfaces': CMAKE_PREFIX_PATH=${CMAKE_PREFIX_PATH}:/home/a/Solving-Maze/install/mazeSolve_pkg:/opt/ros/jazzy DEBUGINFOD_URLS=https://debuginfod.ubuntu.com /usr/bin/cmake --install /home/a/Solving-Maze/build/interfaces
[2.066s] -- Install configuration: ""
[2.067s] -- Up-to-date: /home/a/Solving-Maze/install/interfaces/share/ament_index/resource_index/rosidl_interfaces/interfaces
[2.068s] -- Up-to-date: /home/a/Solving-Maze/install/interfaces/share/interfaces/action/MoveX.json
[2.068s] -- Up-to-date: /home/a/Solving-Maze/install/interfaces/include/interfaces/interfaces
[2.068s] -- Up-to-date: /home/a/Solving-Maze/install/interfaces/include/interfaces/interfaces/msg
[2.069s] -- Up-to-date: /home/a/Solving-Maze/install/interfaces/include/interfaces/interfaces/msg/rosidl_generator_c__visibility_control.h
[2.069s] -- Up-to-date: /home/a/Solving-Maze/install/interfaces/include/interfaces/interfaces/action
[2.069s] -- Up-to-date: /home/a/Solving-Maze/install/interfaces/include/interfaces/interfaces/action/move_x.h
[2.069s] -- Up-to-date: /home/a/Solving-Maze/install/interfaces/include/interfaces/interfaces/action/detail
[2.069s] -- Up-to-date: /home/a/Solving-Maze/install/interfaces/include/interfaces/interfaces/action/detail/move_x__functions.h
[2.069s] -- Up-to-date: /home/a/Solving-Maze/install/interfaces/include/interfaces/interfaces/action/detail/move_x__description.c
[2.069s] -- Up-to-date: /home/a/Solving-Maze/install/interfaces/include/interfaces/interfaces/action/detail/move_x__type_support.h
[2.070s] -- Up-to-date: /home/a/Solving-Maze/install/interfaces/include/interfaces/interfaces/action/detail/move_x__functions.c
[2.070s] -- Up-to-date: /home/a/Solving-Maze/install/interfaces/include/interfaces/interfaces/action/detail/move_x__type_support.c
[2.070s] -- Up-to-date: /home/a/Solving-Maze/install/interfaces/include/interfaces/interfaces/action/detail/move_x__struct.h
[2.070s] -- Up-to-date: /home/a/Solving-Maze/install/interfaces/share/interfaces/environment/library_path.sh
[2.070s] -- Up-to-date: /home/a/Solving-Maze/install/interfaces/share/interfaces/environment/library_path.dsv
[2.071s] -- Up-to-date: /home/a/Solving-Maze/install/interfaces/lib/libinterfaces__rosidl_generator_c.so
[2.071s] -- Up-to-date: /home/a/Solving-Maze/install/interfaces/include/interfaces/interfaces
[2.072s] -- Up-to-date: /home/a/Solving-Maze/install/interfaces/include/interfaces/interfaces/msg
[2.072s] -- Up-to-date: /home/a/Solving-Maze/install/interfaces/include/interfaces/interfaces/msg/rosidl_typesupport_fastrtps_c__visibility_control.h
[2.072s] -- Up-to-date: /home/a/Solving-Maze/install/interfaces/include/interfaces/interfaces/action
[2.072s] -- Up-to-date: /home/a/Solving-Maze/install/interfaces/include/interfaces/interfaces/action/detail
[2.072s] -- Up-to-date: /home/a/Solving-Maze/install/interfaces/include/interfaces/interfaces/action/detail/move_x__rosidl_typesupport_fastrtps_c.h
[2.073s] -- Up-to-date: /home/a/Solving-Maze/install/interfaces/lib/libinterfaces__rosidl_typesupport_fastrtps_c.so
[2.073s] -- Up-to-date: /home/a/Solving-Maze/install/interfaces/include/interfaces/interfaces
[2.073s] -- Up-to-date: /home/a/Solving-Maze/install/interfaces/include/interfaces/interfaces/msg
[2.075s] -- Up-to-date: /home/a/Solving-Maze/install/interfaces/include/interfaces/interfaces/msg/rosidl_typesupport_introspection_c__visibility_control.h
[2.077s] -- Up-to-date: /home/a/Solving-Maze/install/interfaces/include/interfaces/interfaces/action
[2.078s] -- Up-to-date: /home/a/Solving-Maze/install/interfaces/include/interfaces/interfaces/action/detail
[2.078s] -- Up-to-date: /home/a/Solving-Maze/install/interfaces/include/interfaces/interfaces/action/detail/move_x__rosidl_typesupport_introspection_c.h
[2.078s] -- Up-to-date: /home/a/Solving-Maze/install/interfaces/include/interfaces/interfaces/action/detail/move_x__type_support.c
[2.078s] -- Up-to-date: /home/a/Solving-Maze/install/interfaces/lib/libinterfaces__rosidl_typesupport_introspection_c.so
[2.078s] -- Up-to-date: /home/a/Solving-Maze/install/interfaces/lib/libinterfaces__rosidl_typesupport_c.so
[2.079s] -- Up-to-date: /home/a/Solving-Maze/install/interfaces/include/interfaces/interfaces
[2.079s] -- Up-to-date: /home/a/Solving-Maze/install/interfaces/include/interfaces/interfaces/msg
[2.079s] -- Up-to-date: /home/a/Solving-Maze/install/interfaces/include/interfaces/interfaces/msg/rosidl_generator_cpp__visibility_control.hpp
[2.079s] -- Up-to-date: /home/a/Solving-Maze/install/interfaces/include/interfaces/interfaces/action
[2.079s] -- Up-to-date: /home/a/Solving-Maze/install/interfaces/include/interfaces/interfaces/action/move_x.hpp
[2.080s] -- Up-to-date: /home/a/Solving-Maze/install/interfaces/include/interfaces/interfaces/action/detail
[2.080s] -- Up-to-date: /home/a/Solving-Maze/install/interfaces/include/interfaces/interfaces/action/detail/move_x__builder.hpp
[2.080s] -- Up-to-date: /home/a/Solving-Maze/install/interfaces/include/interfaces/interfaces/action/detail/move_x__type_support.hpp
[2.080s] -- Up-to-date: /home/a/Solving-Maze/install/interfaces/include/interfaces/interfaces/action/detail/move_x__traits.hpp
[2.080s] -- Up-to-date: /home/a/Solving-Maze/install/interfaces/include/interfaces/interfaces/action/detail/move_x__struct.hpp
[2.080s] -- Up-to-date: /home/a/Solving-Maze/install/interfaces/include/interfaces/interfaces
[2.080s] -- Up-to-date: /home/a/Solving-Maze/install/interfaces/include/interfaces/interfaces/msg
[2.081s] -- Up-to-date: /home/a/Solving-Maze/install/interfaces/include/interfaces/interfaces/msg/rosidl_typesupport_fastrtps_cpp__visibility_control.h
[2.081s] -- Up-to-date: /home/a/Solving-Maze/install/interfaces/include/interfaces/interfaces/action
[2.081s] -- Up-to-date: /home/a/Solving-Maze/install/interfaces/include/interfaces/interfaces/action/detail
[2.081s] -- Up-to-date: /home/a/Solving-Maze/install/interfaces/include/interfaces/interfaces/action/detail/move_x__rosidl_typesupport_fastrtps_cpp.hpp
[2.081s] -- Up-to-date: /home/a/Solving-Maze/install/interfaces/include/interfaces/interfaces/action/detail/dds_fastrtps
[2.081s] -- Up-to-date: /home/a/Solving-Maze/install/interfaces/lib/libinterfaces__rosidl_typesupport_fastrtps_cpp.so
[2.082s] -- Up-to-date: /home/a/Solving-Maze/install/interfaces/include/interfaces/interfaces
[2.082s] -- Up-to-date: /home/a/Solving-Maze/install/interfaces/include/interfaces/interfaces/action
[2.082s] -- Up-to-date: /home/a/Solving-Maze/install/interfaces/include/interfaces/interfaces/action/detail
[2.082s] -- Up-to-date: /home/a/Solving-Maze/install/interfaces/include/interfaces/interfaces/action/detail/move_x__rosidl_typesupport_introspection_cpp.hpp
[2.082s] -- Up-to-date: /home/a/Solving-Maze/install/interfaces/include/interfaces/interfaces/action/detail/move_x__type_support.cpp
[2.082s] -- Up-to-date: /home/a/Solving-Maze/install/interfaces/lib/libinterfaces__rosidl_typesupport_introspection_cpp.so
[2.083s] -- Up-to-date: /home/a/Solving-Maze/install/interfaces/lib/libinterfaces__rosidl_typesupport_cpp.so
[2.083s] -- Up-to-date: /home/a/Solving-Maze/install/interfaces/share/interfaces/environment/pythonpath.sh
[2.083s] -- Up-to-date: /home/a/Solving-Maze/install/interfaces/share/interfaces/environment/pythonpath.dsv
[2.083s] -- Up-to-date: /home/a/Solving-Maze/install/interfaces/lib/python3.12/site-packages/interfaces-0.0.0-py3.12.egg-info
[2.083s] -- Installing: /home/a/Solving-Maze/install/interfaces/lib/python3.12/site-packages/interfaces-0.0.0-py3.12.egg-info/top_level.txt
[2.083s] -- Installing: /home/a/Solving-Maze/install/interfaces/lib/python3.12/site-packages/interfaces-0.0.0-py3.12.egg-info/PKG-INFO
[2.083s] -- Installing: /home/a/Solving-Maze/install/interfaces/lib/python3.12/site-packages/interfaces-0.0.0-py3.12.egg-info/dependency_links.txt
[2.084s] -- Installing: /home/a/Solving-Maze/install/interfaces/lib/python3.12/site-packages/interfaces-0.0.0-py3.12.egg-info/SOURCES.txt
[2.084s] -- Up-to-date: /home/a/Solving-Maze/install/interfaces/lib/python3.12/site-packages/interfaces
[2.084s] -- Up-to-date: /home/a/Solving-Maze/install/interfaces/lib/python3.12/site-packages/interfaces/interfaces_s__rosidl_typesupport_c.so
[2.084s] -- Up-to-date: /home/a/Solving-Maze/install/interfaces/lib/python3.12/site-packages/interfaces/_interfaces_s.ep.rosidl_typesupport_fastrtps_c.c
[2.084s] -- Up-to-date: /home/a/Solving-Maze/install/interfaces/lib/python3.12/site-packages/interfaces/interfaces_s__rosidl_typesupport_fastrtps_c.so
[2.084s] -- Up-to-date: /home/a/Solving-Maze/install/interfaces/lib/python3.12/site-packages/interfaces/_interfaces_s.ep.rosidl_typesupport_introspection_c.c
[2.085s] -- Up-to-date: /home/a/Solving-Maze/install/interfaces/lib/python3.12/site-packages/interfaces/__init__.py
[2.085s] -- Up-to-date: /home/a/Solving-Maze/install/interfaces/lib/python3.12/site-packages/interfaces/interfaces_s__rosidl_typesupport_introspection_c.so
[2.085s] -- Up-to-date: /home/a/Solving-Maze/install/interfaces/lib/python3.12/site-packages/interfaces/_interfaces_s.ep.rosidl_typesupport_c.c
[2.085s] -- Up-to-date: /home/a/Solving-Maze/install/interfaces/lib/python3.12/site-packages/interfaces/action
[2.085s] -- Up-to-date: /home/a/Solving-Maze/install/interfaces/lib/python3.12/site-packages/interfaces/action/_move_x_s.c
[2.085s] -- Up-to-date: /home/a/Solving-Maze/install/interfaces/lib/python3.12/site-packages/interfaces/action/_move_x.py
[2.085s] -- Up-to-date: /home/a/Solving-Maze/install/interfaces/lib/python3.12/site-packages/interfaces/action/__init__.py
[2.161s] Listing '/home/a/Solving-Maze/install/interfaces/lib/python3.12/site-packages/interfaces'...
[2.161s] Listing '/home/a/Solving-Maze/install/interfaces/lib/python3.12/site-packages/interfaces/action'...
[2.172s] -- Up-to-date: /home/a/Solving-Maze/install/interfaces/lib/python3.12/site-packages/interfaces/interfaces_s__rosidl_typesupport_fastrtps_c.so
[2.173s] -- Up-to-date: /home/a/Solving-Maze/install/interfaces/lib/python3.12/site-packages/interfaces/interfaces_s__rosidl_typesupport_introspection_c.so
[2.175s] -- Up-to-date: /home/a/Solving-Maze/install/interfaces/lib/python3.12/site-packages/interfaces/interfaces_s__rosidl_typesupport_c.so
[2.176s] -- Up-to-date: /home/a/Solving-Maze/install/interfaces/lib/libinterfaces__rosidl_generator_py.so
[2.177s] -- Up-to-date: /home/a/Solving-Maze/install/interfaces/share/ament_index/resource_index/rust_packages/interfaces
[2.178s] -- Up-to-date: /home/a/Solving-Maze/install/interfaces/share/interfaces/rust
[2.179s] -- Up-to-date: /home/a/Solving-Maze/install/interfaces/share/interfaces/rust/src
[2.179s] -- Up-to-date: /home/a/Solving-Maze/install/interfaces/share/interfaces/rust/src/action.rs
[2.179s] -- Up-to-date: /home/a/Solving-Maze/install/interfaces/share/interfaces/rust/src/lib.rs
[2.179s] -- Up-to-date: /home/a/Solving-Maze/install/interfaces/share/interfaces/rust/src/action
[2.179s] -- Up-to-date: /home/a/Solving-Maze/install/interfaces/share/interfaces/rust/src/action/rmw.rs
[2.180s] -- Up-to-date: /home/a/Solving-Maze/install/interfaces/share/interfaces/rust/Cargo.toml
[2.180s] -- Up-to-date: /home/a/Solving-Maze/install/interfaces/share/interfaces/rust/build.rs
[2.180s] -- Up-to-date: /home/a/Solving-Maze/install/interfaces/share/interfaces/action/MoveX.idl
[2.181s] -- Up-to-date: /home/a/Solving-Maze/install/interfaces/share/interfaces/action/MoveX.action
[2.181s] -- Up-to-date: /home/a/Solving-Maze/install/interfaces/share/ament_index/resource_index/package_run_dependencies/interfaces
[2.181s] -- Up-to-date: /home/a/Solving-Maze/install/interfaces/share/ament_index/resource_index/parent_prefix_path/interfaces
[2.181s] -- Up-to-date: /home/a/Solving-Maze/install/interfaces/share/interfaces/environment/ament_prefix_path.sh
[2.182s] -- Up-to-date: /home/a/Solving-Maze/install/interfaces/share/interfaces/environment/ament_prefix_path.dsv
[2.182s] -- Up-to-date: /home/a/Solving-Maze/install/interfaces/share/interfaces/environment/path.sh
[2.182s] -- Up-to-date: /home/a/Solving-Maze/install/interfaces/share/interfaces/environment/path.dsv
[2.184s] -- Up-to-date: /home/a/Solving-Maze/install/interfaces/share/interfaces/local_setup.bash
[2.185s] -- Up-to-date: /home/a/Solving-Maze/install/interfaces/share/interfaces/local_setup.sh
[2.185s] -- Up-to-date: /home/a/Solving-Maze/install/interfaces/share/interfaces/local_setup.zsh
[2.185s] -- Up-to-date: /home/a/Solving-Maze/install/interfaces/share/interfaces/local_setup.dsv
[2.186s] -- Installing: /home/a/Solving-Maze/install/interfaces/share/interfaces/package.dsv
[2.187s] -- Up-to-date: /home/a/Solving-Maze/install/interfaces/share/ament_index/resource_index/packages/interfaces
[2.187s] -- Up-to-date: /home/a/Solving-Maze/install/interfaces/share/interfaces/cmake/export_interfaces__rosidl_generator_cExport.cmake
[2.187s] -- Up-to-date: /home/a/Solving-Maze/install/interfaces/share/interfaces/cmake/export_interfaces__rosidl_generator_cExport-noconfig.cmake
[2.188s] -- Up-to-date: /home/a/Solving-Maze/install/interfaces/share/interfaces/cmake/export_interfaces__rosidl_typesupport_fastrtps_cExport.cmake
[2.188s] -- Up-to-date: /home/a/Solving-Maze/install/interfaces/share/interfaces/cmake/export_interfaces__rosidl_typesupport_fastrtps_cExport-noconfig.cmake
[2.188s] -- Up-to-date: /home/a/Solving-Maze/install/interfaces/share/interfaces/cmake/interfaces__rosidl_typesupport_introspection_cExport.cmake
[2.189s] -- Up-to-date: /home/a/Solving-Maze/install/interfaces/share/interfaces/cmake/interfaces__rosidl_typesupport_introspection_cExport-noconfig.cmake
[2.189s] -- Up-to-date: /home/a/Solving-Maze/install/interfaces/share/interfaces/cmake/interfaces__rosidl_typesupport_cExport.cmake
[2.189s] -- Up-to-date: /home/a/Solving-Maze/install/interfaces/share/interfaces/cmake/interfaces__rosidl_typesupport_cExport-noconfig.cmake
[2.189s] -- Up-to-date: /home/a/Solving-Maze/install/interfaces/share/interfaces/cmake/export_interfaces__rosidl_generator_cppExport.cmake
[2.189s] -- Up-to-date: /home/a/Solving-Maze/install/interfaces/share/interfaces/cmake/export_interfaces__rosidl_typesupport_fastrtps_cppExport.cmake
[2.190s] -- Up-to-date: /home/a/Solving-Maze/install/interfaces/share/interfaces/cmake/export_interfaces__rosidl_typesupport_fastrtps_cppExport-noconfig.cmake
[2.190s] -- Up-to-date: /home/a/Solving-Maze/install/interfaces/share/interfaces/cmake/interfaces__rosidl_typesupport_introspection_cppExport.cmake
[2.190s] -- Up-to-date: /home/a/Solving-Maze/install/interfaces/share/interfaces/cmake/interfaces__rosidl_typesupport_introspection_cppExport-noconfig.cmake
[2.191s] -- Up-to-date: /home/a/Solving-Maze/install/interfaces/share/interfaces/cmake/interfaces__rosidl_typesupport_cppExport.cmake
[2.191s] -- Up-to-date: /home/a/Solving-Maze/install/interfaces/share/interfaces/cmake/interfaces__rosidl_typesupport_cppExport-noconfig.cmake
[2.191s] -- Up-to-date: /home/a/Solving-Maze/install/interfaces/share/interfaces/cmake/export_interfaces__rosidl_generator_pyExport.cmake
[2.192s] -- Up-to-date: /home/a/Solving-Maze/install/interfaces/share/interfaces/cmake/export_interfaces__rosidl_generator_pyExport-noconfig.cmake
[2.192s] -- Up-to-date: /home/a/Solving-Maze/install/interfaces/share/interfaces/cmake/rosidl_cmake-extras.cmake
[2.192s] -- Up-to-date: /home/a/Solving-Maze/install/interfaces/share/interfaces/cmake/ament_cmake_export_dependencies-extras.cmake
[2.192s] -- Up-to-date: /home/a/Solving-Maze/install/interfaces/share/interfaces/cmake/ament_cmake_export_include_directories-extras.cmake
[2.192s] -- Up-to-date: /home/a/Solving-Maze/install/interfaces/share/interfaces/cmake/ament_cmake_export_libraries-extras.cmake
[2.193s] -- Up-to-date: /home/a/Solving-Maze/install/interfaces/share/interfaces/cmake/ament_cmake_export_targets-extras.cmake
[2.193s] -- Up-to-date: /home/a/Solving-Maze/install/interfaces/share/interfaces/cmake/rosidl_cmake_export_typesupport_targets-extras.cmake
[2.194s] -- Up-to-date: /home/a/Solving-Maze/install/interfaces/share/interfaces/cmake/rosidl_cmake_export_typesupport_libraries-extras.cmake
[2.194s] -- Up-to-date: /home/a/Solving-Maze/install/interfaces/share/interfaces/cmake/rosidl_cmake_aggregate_target-extras.cmake
[2.194s] -- Up-to-date: /home/a/Solving-Maze/install/interfaces/share/interfaces/cmake/interfacesConfig.cmake
[2.194s] -- Up-to-date: /home/a/Solving-Maze/install/interfaces/share/interfaces/cmake/interfacesConfig-version.cmake
[2.194s] -- Up-to-date: /home/a/Solving-Maze/install/interfaces/share/interfaces/package.xml
[2.196s] Invoked command in '/home/a/Solving-Maze/build/interfaces' returned '0': CMAKE_PREFIX_PATH=${CMAKE_PREFIX_PATH}:/home/a/Solving-Maze/install/mazeSolve_pkg:/opt/ros/jazzy DEBUGINFOD_URLS=https://debuginfod.ubuntu.com /usr/bin/cmake --install /home/a/Solving-Maze/build/interfaces
