[2.848s] Invoking command in '/home/a/Solving-Maze/src/MIA26_phase2_ros_contest/maze_control': DEBUGINFOD_URLS=https://debuginfod.ubuntu.com PYTHONPATH=/home/a/Solving-Maze/build/maze_control/prefix_override:/usr/lib/python3/dist-packages/colcon_core/task/python/colcon_distutils_commands:/home/a/Solving-Maze/install/maze_control/lib/python3.12/site-packages:${PYTHONPATH} /usr/bin/python3 -W ignore:setup.py install is deprecated -W ignore:easy_install command is deprecated setup.py egg_info --egg-base ../../../build/maze_control build --build-base /home/a/Solving-Maze/build/maze_control/build install --record /home/a/Solving-Maze/build/maze_control/install.log --install-scripts $base/lib/maze_control --single-version-externally-managed install_data
[3.179s] /usr/lib/python3/dist-packages/setuptools/dist.py:744: SetuptoolsDeprecationWarning: Invalid dash-separated options
[3.179s] !!
[3.179s] 
[3.179s]         ********************************************************************************
[3.180s]         Usage of dash-separated 'script-dir' will not be supported in future
[3.180s]         versions. Please use the underscore name 'script_dir' instead.
[3.180s] 
[3.180s]         This deprecation is overdue, please update your project and remove deprecated
[3.180s]         calls to avoid build errors in the future.
[3.180s] 
[3.181s]         See https://setuptools.pypa.io/en/latest/userguide/declarative_config.html for details.
[3.181s]         ********************************************************************************
[3.181s] 
[3.181s] !!
[3.181s]   opt = self.warn_dash_deprecation(opt, section)
[3.571s] running egg_info
[3.621s] writing ../../../build/maze_control/maze_control.egg-info/PKG-INFO
[3.623s] writing dependency_links to ../../../build/maze_control/maze_control.egg-info/dependency_links.txt
[3.623s] writing entry points to ../../../build/maze_control/maze_control.egg-info/entry_points.txt
[3.623s] writing requirements to ../../../build/maze_control/maze_control.egg-info/requires.txt
[3.623s] writing top-level names to ../../../build/maze_control/maze_control.egg-info/top_level.txt
[3.732s] reading manifest file '../../../build/maze_control/maze_control.egg-info/SOURCES.txt'
[3.735s] writing manifest file '../../../build/maze_control/maze_control.egg-info/SOURCES.txt'
[3.735s] running build
[3.735s] running build_py
[3.737s] running install
[3.753s] running install_lib
[3.815s] running install_data
[3.816s] running install_egg_info
[3.877s] removing '/home/a/Solving-Maze/install/maze_control/lib/python3.12/site-packages/maze_control-0.1.0-py3.12.egg-info' (and everything under it)
[3.877s] Copying ../../../build/maze_control/maze_control.egg-info to /home/a/Solving-Maze/install/maze_control/lib/python3.12/site-packages/maze_control-0.1.0-py3.12.egg-info
[3.889s] running install_scripts
[4.239s] Installing maze_timer_node script to /home/a/Solving-Maze/install/maze_control/lib/maze_control
[4.239s] Installing wall_retraction_service script to /home/a/Solving-Maze/install/maze_control/lib/maze_control
[4.239s] writing list of installed files to '/home/a/Solving-Maze/build/maze_control/install.log'
[4.320s] Invoked command in '/home/a/Solving-Maze/src/MIA26_phase2_ros_contest/maze_control' returned '0': DEBUGINFOD_URLS=https://debuginfod.ubuntu.com PYTHONPATH=/home/a/Solving-Maze/build/maze_control/prefix_override:/usr/lib/python3/dist-packages/colcon_core/task/python/colcon_distutils_commands:/home/a/Solving-Maze/install/maze_control/lib/python3.12/site-packages:${PYTHONPATH} /usr/bin/python3 -W ignore:setup.py install is deprecated -W ignore:easy_install command is deprecated setup.py egg_info --egg-base ../../../build/maze_control build --build-base /home/a/Solving-Maze/build/maze_control/build install --record /home/a/Solving-Maze/build/maze_control/install.log --install-scripts $base/lib/maze_control --single-version-externally-managed install_data
