[  5%] Built target interfaces__rs
[  5%] Built target interfaces__rosidl_generator_type_description
[  5%] Built target ament_cmake_python_copy_interfaces
[  8%] Built target interfaces__cpp
[ 22%] Built target interfaces__rosidl_generator_c
[ 31%] Built target interfaces__rosidl_typesupport_introspection_c
[ 40%] Built target interfaces__rosidl_typesupport_introspection_cpp
[ 48%] Built target interfaces__rosidl_typesupport_c
[ 57%] Built target interfaces__rosidl_typesupport_fastrtps_cpp
[ 65%] Built target interfaces__rosidl_typesupport_fastrtps_c
[ 74%] Built target interfaces__rosidl_typesupport_cpp
[ 74%] Built target interfaces
[ 77%] Built target interfaces__py
[ 82%] Built target interfaces__rosidl_generator_py
[ 88%] Built target interfaces_s__rosidl_typesupport_introspection_c
[ 94%] Built target interfaces_s__rosidl_typesupport_c
[100%] Built target interfaces_s__rosidl_typesupport_fastrtps_c
running egg_info
writing interfaces.egg-info/PKG-INFO
writing dependency_links to interfaces.egg-info/dependency_links.txt
writing top-level names to interfaces.egg-info/top_level.txt
reading manifest file 'interfaces.egg-info/SOURCES.txt'
writing manifest file 'interfaces.egg-info/SOURCES.txt'
[100%] Built target ament_cmake_python_build_interfaces_egg
-- Install configuration: ""
-- Up-to-date: /home/mohamed-khaled/Solving-Maze/install/interfaces/share/ament_index/resource_index/rosidl_interfaces/interfaces
-- Up-to-date: /home/mohamed-khaled/Solving-Maze/install/interfaces/share/interfaces/action/MoveYaw.json
-- Up-to-date: /home/mohamed-khaled/Solving-Maze/install/interfaces/include/interfaces/interfaces
-- Up-to-date: /home/mohamed-khaled/Solving-Maze/install/interfaces/include/interfaces/interfaces/action
-- Up-to-date: /home/mohamed-khaled/Solving-Maze/install/interfaces/include/interfaces/interfaces/action/detail
-- Up-to-date: /home/mohamed-khaled/Solving-Maze/install/interfaces/include/interfaces/interfaces/action/detail/move_yaw__struct.h
-- Up-to-date: /home/mohamed-khaled/Solving-Maze/install/interfaces/include/interfaces/interfaces/action/detail/move_yaw__functions.c
-- Up-to-date: /home/mohamed-khaled/Solving-Maze/install/interfaces/include/interfaces/interfaces/action/detail/move_yaw__type_support.h
-- Up-to-date: /home/mohamed-khaled/Solving-Maze/install/interfaces/include/interfaces/interfaces/action/detail/move_yaw__type_support.c
-- Up-to-date: /home/mohamed-khaled/Solving-Maze/install/interfaces/include/interfaces/interfaces/action/detail/move_yaw__description.c
-- Up-to-date: /home/mohamed-khaled/Solving-Maze/install/interfaces/include/interfaces/interfaces/action/detail/move_yaw__functions.h
-- Up-to-date: /home/mohamed-khaled/Solving-Maze/install/interfaces/include/interfaces/interfaces/action/move_yaw.h
-- Up-to-date: /home/mohamed-khaled/Solving-Maze/install/interfaces/include/interfaces/interfaces/msg
-- Up-to-date: /home/mohamed-khaled/Solving-Maze/install/interfaces/include/interfaces/interfaces/msg/rosidl_generator_c__visibility_control.h
-- Up-to-date: /home/mohamed-khaled/Solving-Maze/install/interfaces/share/interfaces/environment/library_path.sh
-- Up-to-date: /home/mohamed-khaled/Solving-Maze/install/interfaces/share/interfaces/environment/library_path.dsv
-- Up-to-date: /home/mohamed-khaled/Solving-Maze/install/interfaces/lib/libinterfaces__rosidl_generator_c.so
-- Up-to-date: /home/mohamed-khaled/Solving-Maze/install/interfaces/include/interfaces/interfaces
-- Up-to-date: /home/mohamed-khaled/Solving-Maze/install/interfaces/include/interfaces/interfaces/action
-- Up-to-date: /home/mohamed-khaled/Solving-Maze/install/interfaces/include/interfaces/interfaces/action/detail
-- Up-to-date: /home/mohamed-khaled/Solving-Maze/install/interfaces/include/interfaces/interfaces/action/detail/move_yaw__rosidl_typesupport_fastrtps_c.h
-- Up-to-date: /home/mohamed-khaled/Solving-Maze/install/interfaces/include/interfaces/interfaces/msg
-- Up-to-date: /home/mohamed-khaled/Solving-Maze/install/interfaces/include/interfaces/interfaces/msg/rosidl_typesupport_fastrtps_c__visibility_control.h
-- Up-to-date: /home/mohamed-khaled/Solving-Maze/install/interfaces/lib/libinterfaces__rosidl_typesupport_fastrtps_c.so
-- Up-to-date: /home/mohamed-khaled/Solving-Maze/install/interfaces/include/interfaces/interfaces
-- Up-to-date: /home/mohamed-khaled/Solving-Maze/install/interfaces/include/interfaces/interfaces/action
-- Up-to-date: /home/mohamed-khaled/Solving-Maze/install/interfaces/include/interfaces/interfaces/action/detail
-- Up-to-date: /home/mohamed-khaled/Solving-Maze/install/interfaces/include/interfaces/interfaces/action/detail/move_yaw__type_support.c
-- Up-to-date: /home/mohamed-khaled/Solving-Maze/install/interfaces/include/interfaces/interfaces/action/detail/move_yaw__rosidl_typesupport_introspection_c.h
-- Up-to-date: /home/mohamed-khaled/Solving-Maze/install/interfaces/include/interfaces/interfaces/msg
-- Up-to-date: /home/mohamed-khaled/Solving-Maze/install/interfaces/include/interfaces/interfaces/msg/rosidl_typesupport_introspection_c__visibility_control.h
-- Up-to-date: /home/mohamed-khaled/Solving-Maze/install/interfaces/lib/libinterfaces__rosidl_typesupport_introspection_c.so
-- Up-to-date: /home/mohamed-khaled/Solving-Maze/install/interfaces/lib/libinterfaces__rosidl_typesupport_c.so
-- Up-to-date: /home/mohamed-khaled/Solving-Maze/install/interfaces/include/interfaces/interfaces
-- Up-to-date: /home/mohamed-khaled/Solving-Maze/install/interfaces/include/interfaces/interfaces/action
-- Up-to-date: /home/mohamed-khaled/Solving-Maze/install/interfaces/include/interfaces/interfaces/action/detail
-- Up-to-date: /home/mohamed-khaled/Solving-Maze/install/interfaces/include/interfaces/interfaces/action/detail/move_yaw__builder.hpp
-- Up-to-date: /home/mohamed-khaled/Solving-Maze/install/interfaces/include/interfaces/interfaces/action/detail/move_yaw__traits.hpp
-- Up-to-date: /home/mohamed-khaled/Solving-Maze/install/interfaces/include/interfaces/interfaces/action/detail/move_yaw__type_support.hpp
-- Up-to-date: /home/mohamed-khaled/Solving-Maze/install/interfaces/include/interfaces/interfaces/action/detail/move_yaw__struct.hpp
-- Up-to-date: /home/mohamed-khaled/Solving-Maze/install/interfaces/include/interfaces/interfaces/action/move_yaw.hpp
-- Up-to-date: /home/mohamed-khaled/Solving-Maze/install/interfaces/include/interfaces/interfaces/msg
-- Up-to-date: /home/mohamed-khaled/Solving-Maze/install/interfaces/include/interfaces/interfaces/msg/rosidl_generator_cpp__visibility_control.hpp
-- Up-to-date: /home/mohamed-khaled/Solving-Maze/install/interfaces/include/interfaces/interfaces
-- Up-to-date: /home/mohamed-khaled/Solving-Maze/install/interfaces/include/interfaces/interfaces/action
-- Up-to-date: /home/mohamed-khaled/Solving-Maze/install/interfaces/include/interfaces/interfaces/action/detail
-- Up-to-date: /home/mohamed-khaled/Solving-Maze/install/interfaces/include/interfaces/interfaces/action/detail/move_yaw__rosidl_typesupport_fastrtps_cpp.hpp
-- Up-to-date: /home/mohamed-khaled/Solving-Maze/install/interfaces/include/interfaces/interfaces/action/detail/dds_fastrtps
-- Up-to-date: /home/mohamed-khaled/Solving-Maze/install/interfaces/include/interfaces/interfaces/msg
-- Up-to-date: /home/mohamed-khaled/Solving-Maze/install/interfaces/include/interfaces/interfaces/msg/rosidl_typesupport_fastrtps_cpp__visibility_control.h
-- Up-to-date: /home/mohamed-khaled/Solving-Maze/install/interfaces/lib/libinterfaces__rosidl_typesupport_fastrtps_cpp.so
-- Up-to-date: /home/mohamed-khaled/Solving-Maze/install/interfaces/include/interfaces/interfaces
-- Up-to-date: /home/mohamed-khaled/Solving-Maze/install/interfaces/include/interfaces/interfaces/action
-- Up-to-date: /home/mohamed-khaled/Solving-Maze/install/interfaces/include/interfaces/interfaces/action/detail
-- Up-to-date: /home/mohamed-khaled/Solving-Maze/install/interfaces/include/interfaces/interfaces/action/detail/move_yaw__rosidl_typesupport_introspection_cpp.hpp
-- Up-to-date: /home/mohamed-khaled/Solving-Maze/install/interfaces/include/interfaces/interfaces/action/detail/move_yaw__type_support.cpp
-- Up-to-date: /home/mohamed-khaled/Solving-Maze/install/interfaces/lib/libinterfaces__rosidl_typesupport_introspection_cpp.so
-- Up-to-date: /home/mohamed-khaled/Solving-Maze/install/interfaces/lib/libinterfaces__rosidl_typesupport_cpp.so
-- Up-to-date: /home/mohamed-khaled/Solving-Maze/install/interfaces/share/interfaces/environment/pythonpath.sh
-- Up-to-date: /home/mohamed-khaled/Solving-Maze/install/interfaces/share/interfaces/environment/pythonpath.dsv
-- Up-to-date: /home/mohamed-khaled/Solving-Maze/install/interfaces/lib/python3.12/site-packages/interfaces-0.0.0-py3.12.egg-info
-- Installing: /home/mohamed-khaled/Solving-Maze/install/interfaces/lib/python3.12/site-packages/interfaces-0.0.0-py3.12.egg-info/SOURCES.txt
-- Installing: /home/mohamed-khaled/Solving-Maze/install/interfaces/lib/python3.12/site-packages/interfaces-0.0.0-py3.12.egg-info/PKG-INFO
-- Installing: /home/mohamed-khaled/Solving-Maze/install/interfaces/lib/python3.12/site-packages/interfaces-0.0.0-py3.12.egg-info/top_level.txt
-- Installing: /home/mohamed-khaled/Solving-Maze/install/interfaces/lib/python3.12/site-packages/interfaces-0.0.0-py3.12.egg-info/dependency_links.txt
-- Up-to-date: /home/mohamed-khaled/Solving-Maze/install/interfaces/lib/python3.12/site-packages/interfaces
-- Up-to-date: /home/mohamed-khaled/Solving-Maze/install/interfaces/lib/python3.12/site-packages/interfaces/_interfaces_s.ep.rosidl_typesupport_c.c
-- Up-to-date: /home/mohamed-khaled/Solving-Maze/install/interfaces/lib/python3.12/site-packages/interfaces/action
-- Up-to-date: /home/mohamed-khaled/Solving-Maze/install/interfaces/lib/python3.12/site-packages/interfaces/action/_move_yaw_s.c
-- Up-to-date: /home/mohamed-khaled/Solving-Maze/install/interfaces/lib/python3.12/site-packages/interfaces/action/_move_yaw.py
-- Up-to-date: /home/mohamed-khaled/Solving-Maze/install/interfaces/lib/python3.12/site-packages/interfaces/action/__init__.py
-- Up-to-date: /home/mohamed-khaled/Solving-Maze/install/interfaces/lib/python3.12/site-packages/interfaces/interfaces_s__rosidl_typesupport_c.so
-- Up-to-date: /home/mohamed-khaled/Solving-Maze/install/interfaces/lib/python3.12/site-packages/interfaces/_interfaces_s.ep.rosidl_typesupport_introspection_c.c
-- Up-to-date: /home/mohamed-khaled/Solving-Maze/install/interfaces/lib/python3.12/site-packages/interfaces/interfaces_s__rosidl_typesupport_introspection_c.so
-- Up-to-date: /home/mohamed-khaled/Solving-Maze/install/interfaces/lib/python3.12/site-packages/interfaces/__init__.py
-- Up-to-date: /home/mohamed-khaled/Solving-Maze/install/interfaces/lib/python3.12/site-packages/interfaces/_interfaces_s.ep.rosidl_typesupport_fastrtps_c.c
-- Up-to-date: /home/mohamed-khaled/Solving-Maze/install/interfaces/lib/python3.12/site-packages/interfaces/interfaces_s__rosidl_typesupport_fastrtps_c.so
Listing '/home/mohamed-khaled/Solving-Maze/install/interfaces/lib/python3.12/site-packages/interfaces'...
Listing '/home/mohamed-khaled/Solving-Maze/install/interfaces/lib/python3.12/site-packages/interfaces/action'...
-- Up-to-date: /home/mohamed-khaled/Solving-Maze/install/interfaces/lib/python3.12/site-packages/interfaces/interfaces_s__rosidl_typesupport_fastrtps_c.so
-- Up-to-date: /home/mohamed-khaled/Solving-Maze/install/interfaces/lib/python3.12/site-packages/interfaces/interfaces_s__rosidl_typesupport_introspection_c.so
-- Up-to-date: /home/mohamed-khaled/Solving-Maze/install/interfaces/lib/python3.12/site-packages/interfaces/interfaces_s__rosidl_typesupport_c.so
-- Up-to-date: /home/mohamed-khaled/Solving-Maze/install/interfaces/lib/libinterfaces__rosidl_generator_py.so
-- Up-to-date: /home/mohamed-khaled/Solving-Maze/install/interfaces/share/ament_index/resource_index/rust_packages/interfaces
-- Up-to-date: /home/mohamed-khaled/Solving-Maze/install/interfaces/share/interfaces/rust
-- Up-to-date: /home/mohamed-khaled/Solving-Maze/install/interfaces/share/interfaces/rust/build.rs
-- Up-to-date: /home/mohamed-khaled/Solving-Maze/install/interfaces/share/interfaces/rust/src
-- Up-to-date: /home/mohamed-khaled/Solving-Maze/install/interfaces/share/interfaces/rust/src/lib.rs
-- Up-to-date: /home/mohamed-khaled/Solving-Maze/install/interfaces/share/interfaces/rust/src/action
-- Up-to-date: /home/mohamed-khaled/Solving-Maze/install/interfaces/share/interfaces/rust/src/action/rmw.rs
-- Up-to-date: /home/mohamed-khaled/Solving-Maze/install/interfaces/share/interfaces/rust/src/action.rs
-- Up-to-date: /home/mohamed-khaled/Solving-Maze/install/interfaces/share/interfaces/rust/Cargo.toml
-- Up-to-date: /home/mohamed-khaled/Solving-Maze/install/interfaces/share/interfaces/action/MoveYaw.idl
-- Up-to-date: /home/mohamed-khaled/Solving-Maze/install/interfaces/share/interfaces/action/MoveYaw.action
-- Up-to-date: /home/mohamed-khaled/Solving-Maze/install/interfaces/share/ament_index/resource_index/package_run_dependencies/interfaces
-- Up-to-date: /home/mohamed-khaled/Solving-Maze/install/interfaces/share/ament_index/resource_index/parent_prefix_path/interfaces
-- Up-to-date: /home/mohamed-khaled/Solving-Maze/install/interfaces/share/interfaces/environment/ament_prefix_path.sh
-- Up-to-date: /home/mohamed-khaled/Solving-Maze/install/interfaces/share/interfaces/environment/ament_prefix_path.dsv
-- Up-to-date: /home/mohamed-khaled/Solving-Maze/install/interfaces/share/interfaces/environment/path.sh
-- Up-to-date: /home/mohamed-khaled/Solving-Maze/install/interfaces/share/interfaces/environment/path.dsv
-- Up-to-date: /home/mohamed-khaled/Solving-Maze/install/interfaces/share/interfaces/local_setup.bash
-- Up-to-date: /home/mohamed-khaled/Solving-Maze/install/interfaces/share/interfaces/local_setup.sh
-- Up-to-date: /home/mohamed-khaled/Solving-Maze/install/interfaces/share/interfaces/local_setup.zsh
-- Up-to-date: /home/mohamed-khaled/Solving-Maze/install/interfaces/share/interfaces/local_setup.dsv
-- Installing: /home/mohamed-khaled/Solving-Maze/install/interfaces/share/interfaces/package.dsv
-- Up-to-date: /home/mohamed-khaled/Solving-Maze/install/interfaces/share/ament_index/resource_index/packages/interfaces
-- Up-to-date: /home/mohamed-khaled/Solving-Maze/install/interfaces/share/interfaces/cmake/export_interfaces__rosidl_generator_cExport.cmake
-- Up-to-date: /home/mohamed-khaled/Solving-Maze/install/interfaces/share/interfaces/cmake/export_interfaces__rosidl_generator_cExport-noconfig.cmake
-- Up-to-date: /home/mohamed-khaled/Solving-Maze/install/interfaces/share/interfaces/cmake/export_interfaces__rosidl_typesupport_fastrtps_cExport.cmake
-- Up-to-date: /home/mohamed-khaled/Solving-Maze/install/interfaces/share/interfaces/cmake/export_interfaces__rosidl_typesupport_fastrtps_cExport-noconfig.cmake
-- Up-to-date: /home/mohamed-khaled/Solving-Maze/install/interfaces/share/interfaces/cmake/interfaces__rosidl_typesupport_introspection_cExport.cmake
-- Up-to-date: /home/mohamed-khaled/Solving-Maze/install/interfaces/share/interfaces/cmake/interfaces__rosidl_typesupport_introspection_cExport-noconfig.cmake
-- Up-to-date: /home/mohamed-khaled/Solving-Maze/install/interfaces/share/interfaces/cmake/interfaces__rosidl_typesupport_cExport.cmake
-- Up-to-date: /home/mohamed-khaled/Solving-Maze/install/interfaces/share/interfaces/cmake/interfaces__rosidl_typesupport_cExport-noconfig.cmake
-- Up-to-date: /home/mohamed-khaled/Solving-Maze/install/interfaces/share/interfaces/cmake/export_interfaces__rosidl_generator_cppExport.cmake
-- Up-to-date: /home/mohamed-khaled/Solving-Maze/install/interfaces/share/interfaces/cmake/export_interfaces__rosidl_typesupport_fastrtps_cppExport.cmake
-- Up-to-date: /home/mohamed-khaled/Solving-Maze/install/interfaces/share/interfaces/cmake/export_interfaces__rosidl_typesupport_fastrtps_cppExport-noconfig.cmake
-- Up-to-date: /home/mohamed-khaled/Solving-Maze/install/interfaces/share/interfaces/cmake/interfaces__rosidl_typesupport_introspection_cppExport.cmake
-- Up-to-date: /home/mohamed-khaled/Solving-Maze/install/interfaces/share/interfaces/cmake/interfaces__rosidl_typesupport_introspection_cppExport-noconfig.cmake
-- Up-to-date: /home/mohamed-khaled/Solving-Maze/install/interfaces/share/interfaces/cmake/interfaces__rosidl_typesupport_cppExport.cmake
-- Up-to-date: /home/mohamed-khaled/Solving-Maze/install/interfaces/share/interfaces/cmake/interfaces__rosidl_typesupport_cppExport-noconfig.cmake
-- Up-to-date: /home/mohamed-khaled/Solving-Maze/install/interfaces/share/interfaces/cmake/export_interfaces__rosidl_generator_pyExport.cmake
-- Up-to-date: /home/mohamed-khaled/Solving-Maze/install/interfaces/share/interfaces/cmake/export_interfaces__rosidl_generator_pyExport-noconfig.cmake
-- Up-to-date: /home/mohamed-khaled/Solving-Maze/install/interfaces/share/interfaces/cmake/rosidl_cmake-extras.cmake
-- Up-to-date: /home/mohamed-khaled/Solving-Maze/install/interfaces/share/interfaces/cmake/ament_cmake_export_dependencies-extras.cmake
-- Up-to-date: /home/mohamed-khaled/Solving-Maze/install/interfaces/share/interfaces/cmake/ament_cmake_export_include_directories-extras.cmake
-- Up-to-date: /home/mohamed-khaled/Solving-Maze/install/interfaces/share/interfaces/cmake/ament_cmake_export_libraries-extras.cmake
-- Up-to-date: /home/mohamed-khaled/Solving-Maze/install/interfaces/share/interfaces/cmake/ament_cmake_export_targets-extras.cmake
-- Up-to-date: /home/mohamed-khaled/Solving-Maze/install/interfaces/share/interfaces/cmake/rosidl_cmake_export_typesupport_targets-extras.cmake
-- Up-to-date: /home/mohamed-khaled/Solving-Maze/install/interfaces/share/interfaces/cmake/rosidl_cmake_export_typesupport_libraries-extras.cmake
-- Up-to-date: /home/mohamed-khaled/Solving-Maze/install/interfaces/share/interfaces/cmake/rosidl_cmake_aggregate_target-extras.cmake
-- Up-to-date: /home/mohamed-khaled/Solving-Maze/install/interfaces/share/interfaces/cmake/interfacesConfig.cmake
-- Up-to-date: /home/mohamed-khaled/Solving-Maze/install/interfaces/share/interfaces/cmake/interfacesConfig-version.cmake
-- Up-to-date: /home/mohamed-khaled/Solving-Maze/install/interfaces/share/interfaces/package.xml
