[0.037s] Invoking command in '/home/mohamed-khaled/Solving-Maze/build/interfaces': CMAKE_PREFIX_PATH=${CMAKE_PREFIX_PATH}:/opt/ros/jazzy DEBUGINFOD_URLS=https://debuginfod.ubuntu.com /usr/bin/cmake --build /home/mohamed-khaled/Solving-Maze/build/interfaces -- -j12 -l12
[0.307s] [  2%] Built target interfaces__rs
[0.308s] [  5%] Built target interfaces__rosidl_generator_type_description
[0.308s] [  5%] Built target ament_cmake_python_copy_interfaces
[0.308s] [  8%] Built target interfaces__cpp
[0.308s] [ 22%] Built target interfaces__rosidl_generator_c
[0.308s] [ 40%] Built target interfaces__rosidl_typesupport_c
[0.308s] [ 40%] Built target interfaces__rosidl_typesupport_introspection_c
[0.309s] [ 57%] Built target interfaces__rosidl_typesupport_fastrtps_cpp
[0.309s] [ 57%] Built target interfaces__rosidl_typesupport_fastrtps_c
[0.309s] [ 65%] Built target interfaces__rosidl_typesupport_introspection_cpp
[0.309s] [ 74%] Built target interfaces__rosidl_typesupport_cpp
[0.309s] [ 74%] Built target interfaces
[0.309s] [ 77%] Built target interfaces__py
[0.309s] [ 82%] Built target interfaces__rosidl_generator_py
[0.309s] [ 88%] Built target interfaces_s__rosidl_typesupport_c
[0.309s] [ 94%] Built target interfaces_s__rosidl_typesupport_fastrtps_c
[0.310s] [100%] Built target interfaces_s__rosidl_typesupport_introspection_c
[0.374s] running egg_info
[0.401s] writing interfaces.egg-info/PKG-INFO
[0.401s] writing dependency_links to interfaces.egg-info/dependency_links.txt
[0.401s] writing top-level names to interfaces.egg-info/top_level.txt
[0.480s] reading manifest file 'interfaces.egg-info/SOURCES.txt'
[0.480s] writing manifest file 'interfaces.egg-info/SOURCES.txt'
[0.509s] [100%] Built target ament_cmake_python_build_interfaces_egg
[0.566s] Invoked command in '/home/mohamed-khaled/Solving-Maze/build/interfaces' returned '0': CMAKE_PREFIX_PATH=${CMAKE_PREFIX_PATH}:/opt/ros/jazzy DEBUGINFOD_URLS=https://debuginfod.ubuntu.com /usr/bin/cmake --build /home/mohamed-khaled/Solving-Maze/build/interfaces -- -j12 -l12
[0.576s] Invoking command in '/home/mohamed-khaled/Solving-Maze/build/interfaces': CMAKE_PREFIX_PATH=${CMAKE_PREFIX_PATH}:/opt/ros/jazzy DEBUGINFOD_URLS=https://debuginfod.ubuntu.com /usr/bin/cmake --install /home/mohamed-khaled/Solving-Maze/build/interfaces
[0.585s] -- Install configuration: ""
[0.586s] -- Up-to-date: /home/mohamed-khaled/Solving-Maze/install/interfaces/share/ament_index/resource_index/rosidl_interfaces/interfaces
[0.586s] -- Up-to-date: /home/mohamed-khaled/Solving-Maze/install/interfaces/share/interfaces/action/MoveYaw.json
[0.586s] -- Up-to-date: /home/mohamed-khaled/Solving-Maze/install/interfaces/include/interfaces/interfaces
[0.586s] -- Up-to-date: /home/mohamed-khaled/Solving-Maze/install/interfaces/include/interfaces/interfaces/action
[0.586s] -- Up-to-date: /home/mohamed-khaled/Solving-Maze/install/interfaces/include/interfaces/interfaces/action/detail
[0.587s] -- Up-to-date: /home/mohamed-khaled/Solving-Maze/install/interfaces/include/interfaces/interfaces/action/detail/move_yaw__struct.h
[0.587s] -- Up-to-date: /home/mohamed-khaled/Solving-Maze/install/interfaces/include/interfaces/interfaces/action/detail/move_yaw__functions.c
[0.587s] -- Up-to-date: /home/mohamed-khaled/Solving-Maze/install/interfaces/include/interfaces/interfaces/action/detail/move_yaw__type_support.h
[0.587s] -- Up-to-date: /home/mohamed-khaled/Solving-Maze/install/interfaces/include/interfaces/interfaces/action/detail/move_yaw__type_support.c
[0.587s] -- Up-to-date: /home/mohamed-khaled/Solving-Maze/install/interfaces/include/interfaces/interfaces/action/detail/move_yaw__description.c
[0.588s] -- Up-to-date: /home/mohamed-khaled/Solving-Maze/install/interfaces/include/interfaces/interfaces/action/detail/move_yaw__functions.h
[0.588s] -- Up-to-date: /home/mohamed-khaled/Solving-Maze/install/interfaces/include/interfaces/interfaces/action/move_yaw.h
[0.588s] -- Up-to-date: /home/mohamed-khaled/Solving-Maze/install/interfaces/include/interfaces/interfaces/msg
[0.588s] -- Up-to-date: /home/mohamed-khaled/Solving-Maze/install/interfaces/include/interfaces/interfaces/msg/rosidl_generator_c__visibility_control.h
[0.589s] -- Up-to-date: /home/mohamed-khaled/Solving-Maze/install/interfaces/share/interfaces/environment/library_path.sh
[0.589s] -- Up-to-date: /home/mohamed-khaled/Solving-Maze/install/interfaces/share/interfaces/environment/library_path.dsv
[0.589s] -- Up-to-date: /home/mohamed-khaled/Solving-Maze/install/interfaces/lib/libinterfaces__rosidl_generator_c.so
[0.589s] -- Up-to-date: /home/mohamed-khaled/Solving-Maze/install/interfaces/include/interfaces/interfaces
[0.589s] -- Up-to-date: /home/mohamed-khaled/Solving-Maze/install/interfaces/include/interfaces/interfaces/action
[0.590s] -- Up-to-date: /home/mohamed-khaled/Solving-Maze/install/interfaces/include/interfaces/interfaces/action/detail
[0.590s] -- Up-to-date: /home/mohamed-khaled/Solving-Maze/install/interfaces/include/interfaces/interfaces/action/detail/move_yaw__rosidl_typesupport_fastrtps_c.h
[0.590s] -- Up-to-date: /home/mohamed-khaled/Solving-Maze/install/interfaces/include/interfaces/interfaces/msg
[0.590s] -- Up-to-date: /home/mohamed-khaled/Solving-Maze/install/interfaces/include/interfaces/interfaces/msg/rosidl_typesupport_fastrtps_c__visibility_control.h
[0.590s] -- Up-to-date: /home/mohamed-khaled/Solving-Maze/install/interfaces/lib/libinterfaces__rosidl_typesupport_fastrtps_c.so
[0.590s] -- Up-to-date: /home/mohamed-khaled/Solving-Maze/install/interfaces/include/interfaces/interfaces
[0.591s] -- Up-to-date: /home/mohamed-khaled/Solving-Maze/install/interfaces/include/interfaces/interfaces/action
[0.591s] -- Up-to-date: /home/mohamed-khaled/Solving-Maze/install/interfaces/include/interfaces/interfaces/action/detail
[0.591s] -- Up-to-date: /home/mohamed-khaled/Solving-Maze/install/interfaces/include/interfaces/interfaces/action/detail/move_yaw__type_support.c
[0.591s] -- Up-to-date: /home/mohamed-khaled/Solving-Maze/install/interfaces/include/interfaces/interfaces/action/detail/move_yaw__rosidl_typesupport_introspection_c.h
[0.591s] -- Up-to-date: /home/mohamed-khaled/Solving-Maze/install/interfaces/include/interfaces/interfaces/msg
[0.591s] -- Up-to-date: /home/mohamed-khaled/Solving-Maze/install/interfaces/include/interfaces/interfaces/msg/rosidl_typesupport_introspection_c__visibility_control.h
[0.591s] -- Up-to-date: /home/mohamed-khaled/Solving-Maze/install/interfaces/lib/libinterfaces__rosidl_typesupport_introspection_c.so
[0.592s] -- Up-to-date: /home/mohamed-khaled/Solving-Maze/install/interfaces/lib/libinterfaces__rosidl_typesupport_c.so
[0.592s] -- Up-to-date: /home/mohamed-khaled/Solving-Maze/install/interfaces/include/interfaces/interfaces
[0.592s] -- Up-to-date: /home/mohamed-khaled/Solving-Maze/install/interfaces/include/interfaces/interfaces/action
[0.592s] -- Up-to-date: /home/mohamed-khaled/Solving-Maze/install/interfaces/include/interfaces/interfaces/action/detail
[0.592s] -- Up-to-date: /home/mohamed-khaled/Solving-Maze/install/interfaces/include/interfaces/interfaces/action/detail/move_yaw__builder.hpp
[0.592s] -- Up-to-date: /home/mohamed-khaled/Solving-Maze/install/interfaces/include/interfaces/interfaces/action/detail/move_yaw__traits.hpp
[0.592s] -- Up-to-date: /home/mohamed-khaled/Solving-Maze/install/interfaces/include/interfaces/interfaces/action/detail/move_yaw__type_support.hpp
[0.592s] -- Up-to-date: /home/mohamed-khaled/Solving-Maze/install/interfaces/include/interfaces/interfaces/action/detail/move_yaw__struct.hpp
[0.592s] -- Up-to-date: /home/mohamed-khaled/Solving-Maze/install/interfaces/include/interfaces/interfaces/action/move_yaw.hpp
[0.592s] -- Up-to-date: /home/mohamed-khaled/Solving-Maze/install/interfaces/include/interfaces/interfaces/msg
[0.592s] -- Up-to-date: /home/mohamed-khaled/Solving-Maze/install/interfaces/include/interfaces/interfaces/msg/rosidl_generator_cpp__visibility_control.hpp
[0.593s] -- Up-to-date: /home/mohamed-khaled/Solving-Maze/install/interfaces/include/interfaces/interfaces
[0.593s] -- Up-to-date: /home/mohamed-khaled/Solving-Maze/install/interfaces/include/interfaces/interfaces/action
[0.593s] -- Up-to-date: /home/mohamed-khaled/Solving-Maze/install/interfaces/include/interfaces/interfaces/action/detail
[0.593s] -- Up-to-date: /home/mohamed-khaled/Solving-Maze/install/interfaces/include/interfaces/interfaces/action/detail/move_yaw__rosidl_typesupport_fastrtps_cpp.hpp
[0.593s] -- Up-to-date: /home/mohamed-khaled/Solving-Maze/install/interfaces/include/interfaces/interfaces/action/detail/dds_fastrtps
[0.593s] -- Up-to-date: /home/mohamed-khaled/Solving-Maze/install/interfaces/include/interfaces/interfaces/msg
[0.593s] -- Up-to-date: /home/mohamed-khaled/Solving-Maze/install/interfaces/include/interfaces/interfaces/msg/rosidl_typesupport_fastrtps_cpp__visibility_control.h
[0.593s] -- Up-to-date: /home/mohamed-khaled/Solving-Maze/install/interfaces/lib/libinterfaces__rosidl_typesupport_fastrtps_cpp.so
[0.593s] -- Up-to-date: /home/mohamed-khaled/Solving-Maze/install/interfaces/include/interfaces/interfaces
[0.593s] -- Up-to-date: /home/mohamed-khaled/Solving-Maze/install/interfaces/include/interfaces/interfaces/action
[0.594s] -- Up-to-date: /home/mohamed-khaled/Solving-Maze/install/interfaces/include/interfaces/interfaces/action/detail
[0.594s] -- Up-to-date: /home/mohamed-khaled/Solving-Maze/install/interfaces/include/interfaces/interfaces/action/detail/move_yaw__rosidl_typesupport_introspection_cpp.hpp
[0.594s] -- Up-to-date: /home/mohamed-khaled/Solving-Maze/install/interfaces/include/interfaces/interfaces/action/detail/move_yaw__type_support.cpp
[0.594s] -- Up-to-date: /home/mohamed-khaled/Solving-Maze/install/interfaces/lib/libinterfaces__rosidl_typesupport_introspection_cpp.so
[0.594s] -- Up-to-date: /home/mohamed-khaled/Solving-Maze/install/interfaces/lib/libinterfaces__rosidl_typesupport_cpp.so
[0.594s] -- Up-to-date: /home/mohamed-khaled/Solving-Maze/install/interfaces/share/interfaces/environment/pythonpath.sh
[0.594s] -- Up-to-date: /home/mohamed-khaled/Solving-Maze/install/interfaces/share/interfaces/environment/pythonpath.dsv
[0.594s] -- Up-to-date: /home/mohamed-khaled/Solving-Maze/install/interfaces/lib/python3.12/site-packages/interfaces-0.0.0-py3.12.egg-info
[0.594s] -- Installing: /home/mohamed-khaled/Solving-Maze/install/interfaces/lib/python3.12/site-packages/interfaces-0.0.0-py3.12.egg-info/SOURCES.txt
[0.595s] -- Installing: /home/mohamed-khaled/Solving-Maze/install/interfaces/lib/python3.12/site-packages/interfaces-0.0.0-py3.12.egg-info/PKG-INFO
[0.595s] -- Installing: /home/mohamed-khaled/Solving-Maze/install/interfaces/lib/python3.12/site-packages/interfaces-0.0.0-py3.12.egg-info/top_level.txt
[0.595s] -- Installing: /home/mohamed-khaled/Solving-Maze/install/interfaces/lib/python3.12/site-packages/interfaces-0.0.0-py3.12.egg-info/dependency_links.txt
[0.595s] -- Up-to-date: /home/mohamed-khaled/Solving-Maze/install/interfaces/lib/python3.12/site-packages/interfaces
[0.595s] -- Up-to-date: /home/mohamed-khaled/Solving-Maze/install/interfaces/lib/python3.12/site-packages/interfaces/_interfaces_s.ep.rosidl_typesupport_c.c
[0.595s] -- Up-to-date: /home/mohamed-khaled/Solving-Maze/install/interfaces/lib/python3.12/site-packages/interfaces/action
[0.595s] -- Up-to-date: /home/mohamed-khaled/Solving-Maze/install/interfaces/lib/python3.12/site-packages/interfaces/action/_move_yaw_s.c
[0.595s] -- Up-to-date: /home/mohamed-khaled/Solving-Maze/install/interfaces/lib/python3.12/site-packages/interfaces/action/_move_yaw.py
[0.595s] -- Up-to-date: /home/mohamed-khaled/Solving-Maze/install/interfaces/lib/python3.12/site-packages/interfaces/action/__init__.py
[0.595s] -- Up-to-date: /home/mohamed-khaled/Solving-Maze/install/interfaces/lib/python3.12/site-packages/interfaces/interfaces_s__rosidl_typesupport_c.so
[0.596s] -- Up-to-date: /home/mohamed-khaled/Solving-Maze/install/interfaces/lib/python3.12/site-packages/interfaces/_interfaces_s.ep.rosidl_typesupport_introspection_c.c
[0.596s] -- Up-to-date: /home/mohamed-khaled/Solving-Maze/install/interfaces/lib/python3.12/site-packages/interfaces/interfaces_s__rosidl_typesupport_introspection_c.so
[0.596s] -- Up-to-date: /home/mohamed-khaled/Solving-Maze/install/interfaces/lib/python3.12/site-packages/interfaces/__init__.py
[0.596s] -- Up-to-date: /home/mohamed-khaled/Solving-Maze/install/interfaces/lib/python3.12/site-packages/interfaces/_interfaces_s.ep.rosidl_typesupport_fastrtps_c.c
[0.596s] -- Up-to-date: /home/mohamed-khaled/Solving-Maze/install/interfaces/lib/python3.12/site-packages/interfaces/interfaces_s__rosidl_typesupport_fastrtps_c.so
[0.628s] Listing '/home/mohamed-khaled/Solving-Maze/install/interfaces/lib/python3.12/site-packages/interfaces'...
[0.629s] Listing '/home/mohamed-khaled/Solving-Maze/install/interfaces/lib/python3.12/site-packages/interfaces/action'...
[0.635s] -- Up-to-date: /home/mohamed-khaled/Solving-Maze/install/interfaces/lib/python3.12/site-packages/interfaces/interfaces_s__rosidl_typesupport_fastrtps_c.so
[0.635s] -- Up-to-date: /home/mohamed-khaled/Solving-Maze/install/interfaces/lib/python3.12/site-packages/interfaces/interfaces_s__rosidl_typesupport_introspection_c.so
[0.635s] -- Up-to-date: /home/mohamed-khaled/Solving-Maze/install/interfaces/lib/python3.12/site-packages/interfaces/interfaces_s__rosidl_typesupport_c.so
[0.635s] -- Up-to-date: /home/mohamed-khaled/Solving-Maze/install/interfaces/lib/libinterfaces__rosidl_generator_py.so
[0.636s] -- Up-to-date: /home/mohamed-khaled/Solving-Maze/install/interfaces/share/ament_index/resource_index/rust_packages/interfaces
[0.636s] -- Up-to-date: /home/mohamed-khaled/Solving-Maze/install/interfaces/share/interfaces/rust
[0.636s] -- Up-to-date: /home/mohamed-khaled/Solving-Maze/install/interfaces/share/interfaces/rust/build.rs
[0.636s] -- Up-to-date: /home/mohamed-khaled/Solving-Maze/install/interfaces/share/interfaces/rust/src
[0.636s] -- Up-to-date: /home/mohamed-khaled/Solving-Maze/install/interfaces/share/interfaces/rust/src/lib.rs
[0.637s] -- Up-to-date: /home/mohamed-khaled/Solving-Maze/install/interfaces/share/interfaces/rust/src/action
[0.637s] -- Up-to-date: /home/mohamed-khaled/Solving-Maze/install/interfaces/share/interfaces/rust/src/action/rmw.rs
[0.637s] -- Up-to-date: /home/mohamed-khaled/Solving-Maze/install/interfaces/share/interfaces/rust/src/action.rs
[0.637s] -- Up-to-date: /home/mohamed-khaled/Solving-Maze/install/interfaces/share/interfaces/rust/Cargo.toml
[0.638s] -- Up-to-date: /home/mohamed-khaled/Solving-Maze/install/interfaces/share/interfaces/action/MoveYaw.idl
[0.638s] -- Up-to-date: /home/mohamed-khaled/Solving-Maze/install/interfaces/share/interfaces/action/MoveYaw.action
[0.638s] -- Up-to-date: /home/mohamed-khaled/Solving-Maze/install/interfaces/share/ament_index/resource_index/package_run_dependencies/interfaces
[0.638s] -- Up-to-date: /home/mohamed-khaled/Solving-Maze/install/interfaces/share/ament_index/resource_index/parent_prefix_path/interfaces
[0.639s] -- Up-to-date: /home/mohamed-khaled/Solving-Maze/install/interfaces/share/interfaces/environment/ament_prefix_path.sh
[0.639s] -- Up-to-date: /home/mohamed-khaled/Solving-Maze/install/interfaces/share/interfaces/environment/ament_prefix_path.dsv
[0.639s] -- Up-to-date: /home/mohamed-khaled/Solving-Maze/install/interfaces/share/interfaces/environment/path.sh
[0.639s] -- Up-to-date: /home/mohamed-khaled/Solving-Maze/install/interfaces/share/interfaces/environment/path.dsv
[0.639s] -- Up-to-date: /home/mohamed-khaled/Solving-Maze/install/interfaces/share/interfaces/local_setup.bash
[0.639s] -- Up-to-date: /home/mohamed-khaled/Solving-Maze/install/interfaces/share/interfaces/local_setup.sh
[0.640s] -- Up-to-date: /home/mohamed-khaled/Solving-Maze/install/interfaces/share/interfaces/local_setup.zsh
[0.640s] -- Up-to-date: /home/mohamed-khaled/Solving-Maze/install/interfaces/share/interfaces/local_setup.dsv
[0.640s] -- Installing: /home/mohamed-khaled/Solving-Maze/install/interfaces/share/interfaces/package.dsv
[0.640s] -- Up-to-date: /home/mohamed-khaled/Solving-Maze/install/interfaces/share/ament_index/resource_index/packages/interfaces
[0.640s] -- Up-to-date: /home/mohamed-khaled/Solving-Maze/install/interfaces/share/interfaces/cmake/export_interfaces__rosidl_generator_cExport.cmake
[0.640s] -- Up-to-date: /home/mohamed-khaled/Solving-Maze/install/interfaces/share/interfaces/cmake/export_interfaces__rosidl_generator_cExport-noconfig.cmake
[0.641s] -- Up-to-date: /home/mohamed-khaled/Solving-Maze/install/interfaces/share/interfaces/cmake/export_interfaces__rosidl_typesupport_fastrtps_cExport.cmake
[0.641s] -- Up-to-date: /home/mohamed-khaled/Solving-Maze/install/interfaces/share/interfaces/cmake/export_interfaces__rosidl_typesupport_fastrtps_cExport-noconfig.cmake
[0.641s] -- Up-to-date: /home/mohamed-khaled/Solving-Maze/install/interfaces/share/interfaces/cmake/interfaces__rosidl_typesupport_introspection_cExport.cmake
[0.642s] -- Up-to-date: /home/mohamed-khaled/Solving-Maze/install/interfaces/share/interfaces/cmake/interfaces__rosidl_typesupport_introspection_cExport-noconfig.cmake
[0.642s] -- Up-to-date: /home/mohamed-khaled/Solving-Maze/install/interfaces/share/interfaces/cmake/interfaces__rosidl_typesupport_cExport.cmake
[0.642s] -- Up-to-date: /home/mohamed-khaled/Solving-Maze/install/interfaces/share/interfaces/cmake/interfaces__rosidl_typesupport_cExport-noconfig.cmake
[0.642s] -- Up-to-date: /home/mohamed-khaled/Solving-Maze/install/interfaces/share/interfaces/cmake/export_interfaces__rosidl_generator_cppExport.cmake
[0.642s] -- Up-to-date: /home/mohamed-khaled/Solving-Maze/install/interfaces/share/interfaces/cmake/export_interfaces__rosidl_typesupport_fastrtps_cppExport.cmake
[0.643s] -- Up-to-date: /home/mohamed-khaled/Solving-Maze/install/interfaces/share/interfaces/cmake/export_interfaces__rosidl_typesupport_fastrtps_cppExport-noconfig.cmake
[0.643s] -- Up-to-date: /home/mohamed-khaled/Solving-Maze/install/interfaces/share/interfaces/cmake/interfaces__rosidl_typesupport_introspection_cppExport.cmake
[0.643s] -- Up-to-date: /home/mohamed-khaled/Solving-Maze/install/interfaces/share/interfaces/cmake/interfaces__rosidl_typesupport_introspection_cppExport-noconfig.cmake
[0.643s] -- Up-to-date: /home/mohamed-khaled/Solving-Maze/install/interfaces/share/interfaces/cmake/interfaces__rosidl_typesupport_cppExport.cmake
[0.643s] -- Up-to-date: /home/mohamed-khaled/Solving-Maze/install/interfaces/share/interfaces/cmake/interfaces__rosidl_typesupport_cppExport-noconfig.cmake
[0.643s] -- Up-to-date: /home/mohamed-khaled/Solving-Maze/install/interfaces/share/interfaces/cmake/export_interfaces__rosidl_generator_pyExport.cmake
[0.644s] -- Up-to-date: /home/mohamed-khaled/Solving-Maze/install/interfaces/share/interfaces/cmake/export_interfaces__rosidl_generator_pyExport-noconfig.cmake
[0.644s] -- Up-to-date: /home/mohamed-khaled/Solving-Maze/install/interfaces/share/interfaces/cmake/rosidl_cmake-extras.cmake
[0.644s] -- Up-to-date: /home/mohamed-khaled/Solving-Maze/install/interfaces/share/interfaces/cmake/ament_cmake_export_dependencies-extras.cmake
[0.645s] -- Up-to-date: /home/mohamed-khaled/Solving-Maze/install/interfaces/share/interfaces/cmake/ament_cmake_export_include_directories-extras.cmake
[0.645s] -- Up-to-date: /home/mohamed-khaled/Solving-Maze/install/interfaces/share/interfaces/cmake/ament_cmake_export_libraries-extras.cmake
[0.646s] -- Up-to-date: /home/mohamed-khaled/Solving-Maze/install/interfaces/share/interfaces/cmake/ament_cmake_export_targets-extras.cmake
[0.646s] -- Up-to-date: /home/mohamed-khaled/Solving-Maze/install/interfaces/share/interfaces/cmake/rosidl_cmake_export_typesupport_targets-extras.cmake
[0.646s] -- Up-to-date: /home/mohamed-khaled/Solving-Maze/install/interfaces/share/interfaces/cmake/rosidl_cmake_export_typesupport_libraries-extras.cmake
[0.646s] -- Up-to-date: /home/mohamed-khaled/Solving-Maze/install/interfaces/share/interfaces/cmake/rosidl_cmake_aggregate_target-extras.cmake
[0.647s] -- Up-to-date: /home/mohamed-khaled/Solving-Maze/install/interfaces/share/interfaces/cmake/interfacesConfig.cmake
[0.648s] -- Up-to-date: /home/mohamed-khaled/Solving-Maze/install/interfaces/share/interfaces/cmake/interfacesConfig-version.cmake
[0.648s] -- Up-to-date: /home/mohamed-khaled/Solving-Maze/install/interfaces/share/interfaces/package.xml
[0.648s] Invoked command in '/home/mohamed-khaled/Solving-Maze/build/interfaces' returned '0': CMAKE_PREFIX_PATH=${CMAKE_PREFIX_PATH}:/opt/ros/jazzy DEBUGINFOD_URLS=https://debuginfod.ubuntu.com /usr/bin/cmake --install /home/mohamed-khaled/Solving-Maze/build/interfaces
