[0.026s] Invoking command in '/root/training_ws_merge2/build/interfaces': CMAKE_PREFIX_PATH=${CMAKE_PREFIX_PATH}:/root/training_ws_merge2/install/maze_control:/root/training_ws_merge2/install/mazeSolve_pkg:/opt/ros/jazzy /usr/bin/cmake --build /root/training_ws_merge2/build/interfaces -- -j8 -l8
[0.130s] [  2%] Built target interfaces__rs
[0.192s] [  2%] Built target ament_cmake_python_symlink_interfaces
[0.239s] [  5%] Built target interfaces__rosidl_generator_type_description
[0.620s] running egg_info
[0.656s] writing interfaces.egg-info/PKG-INFO
[0.656s] writing dependency_links to interfaces.egg-info/dependency_links.txt
[0.656s] writing top-level names to interfaces.egg-info/top_level.txt
[0.759s] reading manifest file 'interfaces.egg-info/SOURCES.txt'
[0.760s] writing manifest file 'interfaces.egg-info/SOURCES.txt'
[0.841s] [  5%] Built target ament_cmake_python_build_interfaces_egg
[0.890s] [ 20%] Built target interfaces__rosidl_generator_c
[0.940s] [ 22%] Built target interfaces__cpp
[0.987s] [ 31%] Built target interfaces__rosidl_typesupport_c
[1.041s] [ 40%] Built target interfaces__rosidl_typesupport_cpp
[1.093s] [ 48%] Built target interfaces__rosidl_typesupport_introspection_cpp
[1.145s] [ 57%] Built target interfaces__rosidl_typesupport_fastrtps_cpp
[1.194s] [ 65%] Built target interfaces__rosidl_typesupport_introspection_c
[1.252s] [ 74%] Built target interfaces__rosidl_typesupport_fastrtps_c
[1.301s] [ 74%] Built target interfaces
[1.345s] [ 77%] Built target interfaces__py
[1.393s] [ 82%] Built target interfaces__rosidl_generator_py
[1.443s] [ 88%] Built target interfaces_s__rosidl_typesupport_fastrtps_c
[1.492s] [ 94%] Built target interfaces_s__rosidl_typesupport_c
[1.541s] [100%] Built target interfaces_s__rosidl_typesupport_introspection_c
[1.567s] Invoked command in '/root/training_ws_merge2/build/interfaces' returned '0': CMAKE_PREFIX_PATH=${CMAKE_PREFIX_PATH}:/root/training_ws_merge2/install/maze_control:/root/training_ws_merge2/install/mazeSolve_pkg:/opt/ros/jazzy /usr/bin/cmake --build /root/training_ws_merge2/build/interfaces -- -j8 -l8
[1.588s] Invoking command in '/root/training_ws_merge2/build/interfaces': CMAKE_PREFIX_PATH=${CMAKE_PREFIX_PATH}:/root/training_ws_merge2/install/maze_control:/root/training_ws_merge2/install/mazeSolve_pkg:/opt/ros/jazzy /usr/bin/cmake --install /root/training_ws_merge2/build/interfaces
[1.605s] -- Install configuration: ""
[1.606s] -- Execute custom install script
[1.607s] -- Up-to-date symlink: /root/training_ws_merge2/install/interfaces/share/ament_index/resource_index/rosidl_interfaces/interfaces
[1.607s] -- Up-to-date symlink: /root/training_ws_merge2/install/interfaces/share/interfaces/action/Move.json
[1.608s] -- Up-to-date symlink: /root/training_ws_merge2/install/interfaces/include/interfaces/interfaces/action/detail/move__functions.h
[1.608s] -- Up-to-date symlink: /root/training_ws_merge2/install/interfaces/include/interfaces/interfaces/action/detail/move__struct.h
[1.608s] -- Up-to-date symlink: /root/training_ws_merge2/install/interfaces/include/interfaces/interfaces/action/detail/move__type_support.h
[1.609s] -- Up-to-date symlink: /root/training_ws_merge2/install/interfaces/include/interfaces/interfaces/action/move.h
[1.609s] -- Up-to-date symlink: /root/training_ws_merge2/install/interfaces/include/interfaces/interfaces/msg/rosidl_generator_c__visibility_control.h
[1.609s] -- Up-to-date symlink: /root/training_ws_merge2/install/interfaces/share/interfaces/environment/library_path.sh
[1.609s] -- Up-to-date symlink: /root/training_ws_merge2/install/interfaces/share/interfaces/environment/library_path.dsv
[1.610s] -- Up-to-date symlink: /root/training_ws_merge2/install/interfaces/include/interfaces/interfaces/action/detail/move__rosidl_typesupport_fastrtps_c.h
[1.610s] -- Up-to-date symlink: /root/training_ws_merge2/install/interfaces/include/interfaces/interfaces/msg/rosidl_typesupport_fastrtps_c__visibility_control.h
[1.611s] -- Up-to-date symlink: /root/training_ws_merge2/install/interfaces/include/interfaces/interfaces/action/detail/move__rosidl_typesupport_introspection_c.h
[1.611s] -- Up-to-date symlink: /root/training_ws_merge2/install/interfaces/include/interfaces/interfaces/msg/rosidl_typesupport_introspection_c__visibility_control.h
[1.612s] -- Up-to-date symlink: /root/training_ws_merge2/install/interfaces/include/interfaces/interfaces/action/detail/move__builder.hpp
[1.612s] -- Up-to-date symlink: /root/training_ws_merge2/install/interfaces/include/interfaces/interfaces/action/detail/move__struct.hpp
[1.612s] -- Up-to-date symlink: /root/training_ws_merge2/install/interfaces/include/interfaces/interfaces/action/detail/move__traits.hpp
[1.612s] -- Up-to-date symlink: /root/training_ws_merge2/install/interfaces/include/interfaces/interfaces/action/detail/move__type_support.hpp
[1.613s] -- Up-to-date symlink: /root/training_ws_merge2/install/interfaces/include/interfaces/interfaces/action/move.hpp
[1.613s] -- Up-to-date symlink: /root/training_ws_merge2/install/interfaces/include/interfaces/interfaces/msg/rosidl_generator_cpp__visibility_control.hpp
[1.614s] -- Up-to-date symlink: /root/training_ws_merge2/install/interfaces/include/interfaces/interfaces/action/detail/move__rosidl_typesupport_fastrtps_cpp.hpp
[1.615s] -- Up-to-date symlink: /root/training_ws_merge2/install/interfaces/include/interfaces/interfaces/msg/rosidl_typesupport_fastrtps_cpp__visibility_control.h
[1.617s] -- Up-to-date symlink: /root/training_ws_merge2/install/interfaces/include/interfaces/interfaces/action/detail/move__rosidl_typesupport_introspection_cpp.hpp
[1.617s] -- Up-to-date symlink: /root/training_ws_merge2/install/interfaces/share/interfaces/environment/pythonpath.sh
[1.617s] -- Up-to-date symlink: /root/training_ws_merge2/install/interfaces/share/interfaces/environment/pythonpath.dsv
[1.618s] -- Up-to-date symlink: /root/training_ws_merge2/install/interfaces/lib/python3.12/site-packages/interfaces-0.0.0-py3.12.egg-info/PKG-INFO
[1.618s] -- Up-to-date symlink: /root/training_ws_merge2/install/interfaces/lib/python3.12/site-packages/interfaces-0.0.0-py3.12.egg-info/SOURCES.txt
[1.618s] -- Up-to-date symlink: /root/training_ws_merge2/install/interfaces/lib/python3.12/site-packages/interfaces-0.0.0-py3.12.egg-info/dependency_links.txt
[1.618s] -- Up-to-date symlink: /root/training_ws_merge2/install/interfaces/lib/python3.12/site-packages/interfaces-0.0.0-py3.12.egg-info/top_level.txt
[1.619s] -- Up-to-date symlink: /root/training_ws_merge2/install/interfaces/lib/python3.12/site-packages/interfaces/__init__.py
[1.620s] -- Up-to-date symlink: /root/training_ws_merge2/install/interfaces/lib/python3.12/site-packages/interfaces/_interfaces_s.ep.rosidl_typesupport_c.c
[1.620s] -- Up-to-date symlink: /root/training_ws_merge2/install/interfaces/lib/python3.12/site-packages/interfaces/_interfaces_s.ep.rosidl_typesupport_fastrtps_c.c
[1.620s] -- Up-to-date symlink: /root/training_ws_merge2/install/interfaces/lib/python3.12/site-packages/interfaces/_interfaces_s.ep.rosidl_typesupport_introspection_c.c
[1.620s] -- Up-to-date symlink: /root/training_ws_merge2/install/interfaces/lib/python3.12/site-packages/interfaces/action/__init__.py
[1.621s] -- Up-to-date symlink: /root/training_ws_merge2/install/interfaces/lib/python3.12/site-packages/interfaces/action/_move.py
[1.621s] -- Up-to-date symlink: /root/training_ws_merge2/install/interfaces/lib/python3.12/site-packages/interfaces/action/_move_s.c
[1.621s] -- Up-to-date symlink: /root/training_ws_merge2/install/interfaces/lib/python3.12/site-packages/interfaces/interfaces_s__rosidl_typesupport_c.so
[1.621s] -- Up-to-date symlink: /root/training_ws_merge2/install/interfaces/lib/python3.12/site-packages/interfaces/interfaces_s__rosidl_typesupport_fastrtps_c.so
[1.622s] -- Up-to-date symlink: /root/training_ws_merge2/install/interfaces/lib/python3.12/site-packages/interfaces/interfaces_s__rosidl_typesupport_introspection_c.so
[1.622s] -- Up-to-date symlink: /root/training_ws_merge2/install/interfaces/lib/python3.12/site-packages/interfaces/interfaces_s__rosidl_typesupport_fastrtps_c.so
[1.622s] -- Up-to-date symlink: /root/training_ws_merge2/install/interfaces/lib/python3.12/site-packages/interfaces/interfaces_s__rosidl_typesupport_introspection_c.so
[1.622s] -- Up-to-date symlink: /root/training_ws_merge2/install/interfaces/lib/python3.12/site-packages/interfaces/interfaces_s__rosidl_typesupport_c.so
[1.623s] -- Up-to-date symlink: /root/training_ws_merge2/install/interfaces/share/ament_index/resource_index/rust_packages/interfaces
[1.623s] -- Up-to-date symlink: /root/training_ws_merge2/install/interfaces/share/interfaces/rust/Cargo.toml
[1.624s] -- Up-to-date symlink: /root/training_ws_merge2/install/interfaces/share/interfaces/rust/build.rs
[1.624s] -- Up-to-date symlink: /root/training_ws_merge2/install/interfaces/share/interfaces/rust/src/action.rs
[1.624s] -- Up-to-date symlink: /root/training_ws_merge2/install/interfaces/share/interfaces/rust/src/action/rmw.rs
[1.624s] -- Up-to-date symlink: /root/training_ws_merge2/install/interfaces/share/interfaces/rust/src/lib.rs
[1.625s] -- Up-to-date symlink: /root/training_ws_merge2/install/interfaces/share/interfaces/action/Move.idl
[1.625s] -- Up-to-date symlink: /root/training_ws_merge2/install/interfaces/share/interfaces/action/Move.action
[1.625s] -- Up-to-date symlink: /root/training_ws_merge2/install/interfaces/share/ament_index/resource_index/package_run_dependencies/interfaces
[1.626s] -- Up-to-date symlink: /root/training_ws_merge2/install/interfaces/share/ament_index/resource_index/parent_prefix_path/interfaces
[1.626s] -- Up-to-date symlink: /root/training_ws_merge2/install/interfaces/share/interfaces/environment/ament_prefix_path.sh
[1.626s] -- Up-to-date symlink: /root/training_ws_merge2/install/interfaces/share/interfaces/environment/ament_prefix_path.dsv
[1.626s] -- Up-to-date symlink: /root/training_ws_merge2/install/interfaces/share/interfaces/environment/path.sh
[1.626s] -- Up-to-date symlink: /root/training_ws_merge2/install/interfaces/share/interfaces/environment/path.dsv
[1.627s] -- Up-to-date symlink: /root/training_ws_merge2/install/interfaces/share/interfaces/local_setup.bash
[1.627s] -- Up-to-date symlink: /root/training_ws_merge2/install/interfaces/share/interfaces/local_setup.sh
[1.627s] -- Up-to-date symlink: /root/training_ws_merge2/install/interfaces/share/interfaces/local_setup.zsh
[1.627s] -- Up-to-date symlink: /root/training_ws_merge2/install/interfaces/share/interfaces/local_setup.dsv
[1.628s] -- Symlinking: /root/training_ws_merge2/install/interfaces/share/interfaces/package.dsv
[1.648s] -- Up-to-date symlink: /root/training_ws_merge2/install/interfaces/share/ament_index/resource_index/packages/interfaces
[1.648s] -- Up-to-date symlink: /root/training_ws_merge2/install/interfaces/share/interfaces/cmake/rosidl_cmake-extras.cmake
[1.649s] -- Up-to-date symlink: /root/training_ws_merge2/install/interfaces/share/interfaces/cmake/ament_cmake_export_dependencies-extras.cmake
[1.649s] -- Up-to-date symlink: /root/training_ws_merge2/install/interfaces/share/interfaces/cmake/ament_cmake_export_include_directories-extras.cmake
[1.650s] -- Up-to-date symlink: /root/training_ws_merge2/install/interfaces/share/interfaces/cmake/ament_cmake_export_libraries-extras.cmake
[1.650s] -- Up-to-date symlink: /root/training_ws_merge2/install/interfaces/share/interfaces/cmake/ament_cmake_export_targets-extras.cmake
[1.651s] -- Up-to-date symlink: /root/training_ws_merge2/install/interfaces/share/interfaces/cmake/rosidl_cmake_export_typesupport_targets-extras.cmake
[1.651s] -- Up-to-date symlink: /root/training_ws_merge2/install/interfaces/share/interfaces/cmake/rosidl_cmake_export_typesupport_libraries-extras.cmake
[1.651s] -- Up-to-date symlink: /root/training_ws_merge2/install/interfaces/share/interfaces/cmake/rosidl_cmake_aggregate_target-extras.cmake
[1.651s] -- Up-to-date symlink: /root/training_ws_merge2/install/interfaces/share/interfaces/cmake/interfacesConfig.cmake
[1.652s] -- Up-to-date symlink: /root/training_ws_merge2/install/interfaces/share/interfaces/cmake/interfacesConfig-version.cmake
[1.652s] -- Up-to-date symlink: /root/training_ws_merge2/install/interfaces/share/interfaces/package.xml
[1.653s] -- Up-to-date: /root/training_ws_merge2/install/interfaces/lib/libinterfaces__rosidl_generator_c.so
[1.653s] -- Up-to-date: /root/training_ws_merge2/install/interfaces/lib/libinterfaces__rosidl_typesupport_fastrtps_c.so
[1.654s] -- Up-to-date: /root/training_ws_merge2/install/interfaces/lib/libinterfaces__rosidl_typesupport_introspection_c.so
[1.654s] -- Up-to-date: /root/training_ws_merge2/install/interfaces/lib/libinterfaces__rosidl_typesupport_c.so
[1.655s] -- Up-to-date: /root/training_ws_merge2/install/interfaces/lib/libinterfaces__rosidl_typesupport_fastrtps_cpp.so
[1.655s] -- Up-to-date: /root/training_ws_merge2/install/interfaces/lib/libinterfaces__rosidl_typesupport_introspection_cpp.so
[1.656s] -- Up-to-date: /root/training_ws_merge2/install/interfaces/lib/libinterfaces__rosidl_typesupport_cpp.so
[1.723s] Listing '/root/training_ws_merge2/install/interfaces/lib/python3.12/site-packages/interfaces'...
[1.724s] Listing '/root/training_ws_merge2/install/interfaces/lib/python3.12/site-packages/interfaces/action'...
[1.734s] -- Up-to-date: /root/training_ws_merge2/install/interfaces/lib/libinterfaces__rosidl_generator_py.so
[1.735s] -- Up-to-date: /root/training_ws_merge2/install/interfaces/share/interfaces/cmake/export_interfaces__rosidl_generator_cExport.cmake
[1.735s] -- Up-to-date: /root/training_ws_merge2/install/interfaces/share/interfaces/cmake/export_interfaces__rosidl_generator_cExport-noconfig.cmake
[1.736s] -- Up-to-date: /root/training_ws_merge2/install/interfaces/share/interfaces/cmake/export_interfaces__rosidl_typesupport_fastrtps_cExport.cmake
[1.736s] -- Up-to-date: /root/training_ws_merge2/install/interfaces/share/interfaces/cmake/export_interfaces__rosidl_typesupport_fastrtps_cExport-noconfig.cmake
[1.737s] -- Up-to-date: /root/training_ws_merge2/install/interfaces/share/interfaces/cmake/interfaces__rosidl_typesupport_introspection_cExport.cmake
[1.737s] -- Up-to-date: /root/training_ws_merge2/install/interfaces/share/interfaces/cmake/interfaces__rosidl_typesupport_introspection_cExport-noconfig.cmake
[1.737s] -- Up-to-date: /root/training_ws_merge2/install/interfaces/share/interfaces/cmake/interfaces__rosidl_typesupport_cExport.cmake
[1.738s] -- Up-to-date: /root/training_ws_merge2/install/interfaces/share/interfaces/cmake/interfaces__rosidl_typesupport_cExport-noconfig.cmake
[1.738s] -- Up-to-date: /root/training_ws_merge2/install/interfaces/share/interfaces/cmake/export_interfaces__rosidl_generator_cppExport.cmake
[1.739s] -- Up-to-date: /root/training_ws_merge2/install/interfaces/share/interfaces/cmake/export_interfaces__rosidl_typesupport_fastrtps_cppExport.cmake
[1.739s] -- Up-to-date: /root/training_ws_merge2/install/interfaces/share/interfaces/cmake/export_interfaces__rosidl_typesupport_fastrtps_cppExport-noconfig.cmake
[1.739s] -- Up-to-date: /root/training_ws_merge2/install/interfaces/share/interfaces/cmake/interfaces__rosidl_typesupport_introspection_cppExport.cmake
[1.740s] -- Up-to-date: /root/training_ws_merge2/install/interfaces/share/interfaces/cmake/interfaces__rosidl_typesupport_introspection_cppExport-noconfig.cmake
[1.740s] -- Up-to-date: /root/training_ws_merge2/install/interfaces/share/interfaces/cmake/interfaces__rosidl_typesupport_cppExport.cmake
[1.741s] -- Up-to-date: /root/training_ws_merge2/install/interfaces/share/interfaces/cmake/interfaces__rosidl_typesupport_cppExport-noconfig.cmake
[1.741s] -- Up-to-date: /root/training_ws_merge2/install/interfaces/share/interfaces/cmake/export_interfaces__rosidl_generator_pyExport.cmake
[1.742s] -- Up-to-date: /root/training_ws_merge2/install/interfaces/share/interfaces/cmake/export_interfaces__rosidl_generator_pyExport-noconfig.cmake
[1.743s] Invoked command in '/root/training_ws_merge2/build/interfaces' returned '0': CMAKE_PREFIX_PATH=${CMAKE_PREFIX_PATH}:/root/training_ws_merge2/install/maze_control:/root/training_ws_merge2/install/mazeSolve_pkg:/opt/ros/jazzy /usr/bin/cmake --install /root/training_ws_merge2/build/interfaces
