/root/training_ws_merge2/src/install/mazeSolve_pkg/lib/python3.12/site-packages/mazeSolve_pkg/pid_control.py
/root/training_ws_merge2/src/install/mazeSolve_pkg/lib/python3.12/site-packages/mazeSolve_pkg/move_yaw_server.py
/root/training_ws_merge2/src/install/mazeSolve_pkg/lib/python3.12/site-packages/mazeSolve_pkg/move_x_server.py
/root/training_ws_merge2/src/install/mazeSolve_pkg/lib/python3.12/site-packages/mazeSolve_pkg/yawserver.py
/root/training_ws_merge2/src/install/mazeSolve_pkg/lib/python3.12/site-packages/mazeSolve_pkg/__init__.py
/root/training_ws_merge2/src/install/mazeSolve_pkg/lib/python3.12/site-packages/mazeSolve_pkg/yaw_client.py
/root/training_ws_merge2/src/install/mazeSolve_pkg/lib/python3.12/site-packages/mazeSolve_pkg/__pycache__/pid_control.cpython-312.pyc
/root/training_ws_merge2/src/install/mazeSolve_pkg/lib/python3.12/site-packages/mazeSolve_pkg/__pycache__/move_yaw_server.cpython-312.pyc
/root/training_ws_merge2/src/install/mazeSolve_pkg/lib/python3.12/site-packages/mazeSolve_pkg/__pycache__/move_x_server.cpython-312.pyc
/root/training_ws_merge2/src/install/mazeSolve_pkg/lib/python3.12/site-packages/mazeSolve_pkg/__pycache__/yawserver.cpython-312.pyc
/root/training_ws_merge2/src/install/mazeSolve_pkg/lib/python3.12/site-packages/mazeSolve_pkg/__pycache__/__init__.cpython-312.pyc
/root/training_ws_merge2/src/install/mazeSolve_pkg/lib/python3.12/site-packages/mazeSolve_pkg/__pycache__/yaw_client.cpython-312.pyc
/root/training_ws_merge2/src/install/mazeSolve_pkg/share/ament_index/resource_index/packages/mazeSolve_pkg
/root/training_ws_merge2/src/install/mazeSolve_pkg/share/mazeSolve_pkg/package.xml
/root/training_ws_merge2/src/install/mazeSolve_pkg/share/mazeSolve_pkg/launch/launch.py
/root/training_ws_merge2/src/install/mazeSolve_pkg/lib/python3.12/site-packages/mazeSolve_pkg-0.0.0-py3.12.egg-info/dependency_links.txt
/root/training_ws_merge2/src/install/mazeSolve_pkg/lib/python3.12/site-packages/mazeSolve_pkg-0.0.0-py3.12.egg-info/entry_points.txt
/root/training_ws_merge2/src/install/mazeSolve_pkg/lib/python3.12/site-packages/mazeSolve_pkg-0.0.0-py3.12.egg-info/requires.txt
/root/training_ws_merge2/src/install/mazeSolve_pkg/lib/python3.12/site-packages/mazeSolve_pkg-0.0.0-py3.12.egg-info/top_level.txt
/root/training_ws_merge2/src/install/mazeSolve_pkg/lib/python3.12/site-packages/mazeSolve_pkg-0.0.0-py3.12.egg-info/zip-safe
/root/training_ws_merge2/src/install/mazeSolve_pkg/lib/python3.12/site-packages/mazeSolve_pkg-0.0.0-py3.12.egg-info/SOURCES.txt
/root/training_ws_merge2/src/install/mazeSolve_pkg/lib/python3.12/site-packages/mazeSolve_pkg-0.0.0-py3.12.egg-info/PKG-INFO
/root/training_ws_merge2/src/install/mazeSolve_pkg/lib/mazeSolve_pkg/action_x_server
/root/training_ws_merge2/src/install/mazeSolve_pkg/lib/mazeSolve_pkg/yaw_client
/root/training_ws_merge2/src/install/mazeSolve_pkg/lib/mazeSolve_pkg/yaw_pid_server
/root/training_ws_merge2/src/install/mazeSolve_pkg/lib/mazeSolve_pkg/yawserver
/root/training_ws_merge2/src/install/mazeSolve_pkg/lib/mazeSolve_pkg/yawserverNew
