/usr/lib/python3/dist-packages/setuptools/dist.py:744: SetuptoolsDeprecationWarning: Invalid dash-separated options
!!

        ********************************************************************************
        Usage of dash-separated 'script-dir' will not be supported in future
        versions. Please use the underscore name 'script_dir' instead.

        This deprecation is overdue, please update your project and remove deprecated
        calls to avoid build errors in the future.

        See https://setuptools.pypa.io/en/latest/userguide/declarative_config.html for details.
        ********************************************************************************

!!
  opt = self.warn_dash_deprecation(opt, section)
running egg_info
creating ../../../build/maze_control/maze_control.egg-info
writing ../../../build/maze_control/maze_control.egg-info/PKG-INFO
writing dependency_links to ../../../build/maze_control/maze_control.egg-info/dependency_links.txt
writing entry points to ../../../build/maze_control/maze_control.egg-info/entry_points.txt
writing requirements to ../../../build/maze_control/maze_control.egg-info/requires.txt
writing top-level names to ../../../build/maze_control/maze_control.egg-info/top_level.txt
writing manifest file '../../../build/maze_control/maze_control.egg-info/SOURCES.txt'
reading manifest file '../../../build/maze_control/maze_control.egg-info/SOURCES.txt'
writing manifest file '../../../build/maze_control/maze_control.egg-info/SOURCES.txt'
running build
running build_py
creating /root/training_ws_merge2/build/maze_control/build
creating /root/training_ws_merge2/build/maze_control/build/lib
creating /root/training_ws_merge2/build/maze_control/build/lib/maze_control
copying maze_control/maze_timer_node.py -> /root/training_ws_merge2/build/maze_control/build/lib/maze_control
copying maze_control/wall_retraction_service.py -> /root/training_ws_merge2/build/maze_control/build/lib/maze_control
copying maze_control/__init__.py -> /root/training_ws_merge2/build/maze_control/build/lib/maze_control
running install
running install_lib
creating /root/training_ws_merge2/install/maze_control/lib/python3.12/site-packages/maze_control
copying /root/training_ws_merge2/build/maze_control/build/lib/maze_control/maze_timer_node.py -> /root/training_ws_merge2/install/maze_control/lib/python3.12/site-packages/maze_control
copying /root/training_ws_merge2/build/maze_control/build/lib/maze_control/wall_retraction_service.py -> /root/training_ws_merge2/install/maze_control/lib/python3.12/site-packages/maze_control
copying /root/training_ws_merge2/build/maze_control/build/lib/maze_control/__init__.py -> /root/training_ws_merge2/install/maze_control/lib/python3.12/site-packages/maze_control
byte-compiling /root/training_ws_merge2/install/maze_control/lib/python3.12/site-packages/maze_control/maze_timer_node.py to maze_timer_node.cpython-312.pyc
byte-compiling /root/training_ws_merge2/install/maze_control/lib/python3.12/site-packages/maze_control/wall_retraction_service.py to wall_retraction_service.cpython-312.pyc
byte-compiling /root/training_ws_merge2/install/maze_control/lib/python3.12/site-packages/maze_control/__init__.py to __init__.cpython-312.pyc
running install_data
creating /root/training_ws_merge2/install/maze_control/share/ament_index
creating /root/training_ws_merge2/install/maze_control/share/ament_index/resource_index
creating /root/training_ws_merge2/install/maze_control/share/ament_index/resource_index/packages
copying resource/maze_control -> /root/training_ws_merge2/install/maze_control/share/ament_index/resource_index/packages
copying package.xml -> /root/training_ws_merge2/install/maze_control/share/maze_control
creating /root/training_ws_merge2/install/maze_control/share/maze_control/launch
copying launch/maze_simulation_tb3.launch.py -> /root/training_ws_merge2/install/maze_control/share/maze_control/launch
creating /root/training_ws_merge2/install/maze_control/share/maze_control/worlds
copying worlds/maze_world.sdf -> /root/training_ws_merge2/install/maze_control/share/maze_control/worlds
creating /root/training_ws_merge2/install/maze_control/share/maze_control/config
copying config/bridge_config.yaml -> /root/training_ws_merge2/install/maze_control/share/maze_control/config
copying config/gui.config -> /root/training_ws_merge2/install/maze_control/share/maze_control/config
creating /root/training_ws_merge2/install/maze_control/share/maze_control/models
creating /root/training_ws_merge2/install/maze_control/share/maze_control/models/simple_robot
running install_egg_info
Copying ../../../build/maze_control/maze_control.egg-info to /root/training_ws_merge2/install/maze_control/lib/python3.12/site-packages/maze_control-0.1.0-py3.12.egg-info
running install_scripts
Installing maze_timer_node script to /root/training_ws_merge2/install/maze_control/lib/maze_control
Installing wall_retraction_service script to /root/training_ws_merge2/install/maze_control/lib/maze_control
writing list of installed files to '/root/training_ws_merge2/build/maze_control/install.log'
