[0.796s] Invoking command in '/home/a/Solving-Maze/src/mazeSolve_pkg': DEBUGINFOD_URLS=https://debuginfod.ubuntu.com PYTHONPATH=/home/a/Solving-Maze/build/mazeSolve_pkg/prefix_override:/usr/lib/python3/dist-packages/colcon_core/task/python/colcon_distutils_commands:/home/a/Solving-Maze/install/mazeSolve_pkg/lib/python3.12/site-packages:${PYTHONPATH} /usr/bin/python3 -W ignore:setup.py install is deprecated -W ignore:easy_install command is deprecated setup.py egg_info --egg-base ../../build/mazeSolve_pkg build --build-base /home/a/Solving-Maze/build/mazeSolve_pkg/build install --record /home/a/Solving-Maze/build/mazeSolve_pkg/install.log --install-scripts $base/lib/mazeSolve_pkg --single-version-externally-managed install_data
[1.053s] running egg_info
[1.072s] writing ../../build/mazeSolve_pkg/mazeSolve_pkg.egg-info/PKG-INFO
[1.072s] writing dependency_links to ../../build/mazeSolve_pkg/mazeSolve_pkg.egg-info/dependency_links.txt
[1.072s] writing entry points to ../../build/mazeSolve_pkg/mazeSolve_pkg.egg-info/entry_points.txt
[1.072s] writing requirements to ../../build/mazeSolve_pkg/mazeSolve_pkg.egg-info/requires.txt
[1.072s] writing top-level names to ../../build/mazeSolve_pkg/mazeSolve_pkg.egg-info/top_level.txt
[1.109s] reading manifest file '../../build/mazeSolve_pkg/mazeSolve_pkg.egg-info/SOURCES.txt'
[1.109s] writing manifest file '../../build/mazeSolve_pkg/mazeSolve_pkg.egg-info/SOURCES.txt'
[1.110s] running build
[1.110s] running build_py
[1.110s] copying mazeSolve_pkg/move_x_server.py -> /home/a/Solving-Maze/build/mazeSolve_pkg/build/lib/mazeSolve_pkg
[1.110s] running install
[1.115s] running install_lib
[1.134s] copying /home/a/Solving-Maze/build/mazeSolve_pkg/build/lib/mazeSolve_pkg/move_x_server.py -> /home/a/Solving-Maze/install/mazeSolve_pkg/lib/python3.12/site-packages/mazeSolve_pkg
[1.134s] byte-compiling /home/a/Solving-Maze/install/mazeSolve_pkg/lib/python3.12/site-packages/mazeSolve_pkg/move_x_server.py to move_x_server.cpython-312.pyc
[1.135s] running install_data
[1.135s] running install_egg_info
[1.155s] removing '/home/a/Solving-Maze/install/mazeSolve_pkg/lib/python3.12/site-packages/mazeSolve_pkg-0.0.0-py3.12.egg-info' (and everything under it)
[1.155s] Copying ../../build/mazeSolve_pkg/mazeSolve_pkg.egg-info to /home/a/Solving-Maze/install/mazeSolve_pkg/lib/python3.12/site-packages/mazeSolve_pkg-0.0.0-py3.12.egg-info
[1.156s] running install_scripts
[1.278s] Installing action_x_server script to /home/a/Solving-Maze/install/mazeSolve_pkg/lib/mazeSolve_pkg
[1.279s] writing list of installed files to '/home/a/Solving-Maze/build/mazeSolve_pkg/install.log'
[1.316s] Invoked command in '/home/a/Solving-Maze/src/mazeSolve_pkg' returned '0': DEBUGINFOD_URLS=https://debuginfod.ubuntu.com PYTHONPATH=/home/a/Solving-Maze/build/mazeSolve_pkg/prefix_override:/usr/lib/python3/dist-packages/colcon_core/task/python/colcon_distutils_commands:/home/a/Solving-Maze/install/mazeSolve_pkg/lib/python3.12/site-packages:${PYTHONPATH} /usr/bin/python3 -W ignore:setup.py install is deprecated -W ignore:easy_install command is deprecated setup.py egg_info --egg-base ../../build/mazeSolve_pkg build --build-base /home/a/Solving-Maze/build/mazeSolve_pkg/build install --record /home/a/Solving-Maze/build/mazeSolve_pkg/install.log --install-scripts $base/lib/mazeSolve_pkg --single-version-externally-managed install_data
