[0.538s] DEBUG:colcon:Command line arguments: ['/usr/bin/colcon', 'build']
[0.538s] DEBUG:colcon:Parsed command line arguments: Namespace(log_base=None, log_level=None, verb_name='build', build_base='build', install_base='install', merge_install=False, symlink_install=False, test_result_base=None, continue_on_error=False, executor='parallel', parallel_workers=8, event_handlers=None, ignore_user_meta=False, metas=['./colcon.meta'], base_paths=['.'], packages_ignore=None, packages_ignore_regex=None, paths=None, packages_up_to=None, packages_up_to_regex=None, packages_above=None, packages_above_and_dependencies=None, packages_above_depth=None, packages_select_by_dep=None, packages_skip_by_dep=None, packages_skip_up_to=None, packages_select_build_failed=False, packages_skip_build_finished=False, packages_select_test_failures=False, packages_skip_test_passed=False, packages_select=None, packages_skip=None, packages_select_regex=None, packages_skip_regex=None, packages_start=None, packages_end=None, allow_overriding=[], cmake_args=None, cmake_target=None, cmake_target_skip_unavailable=False, cmake_clean_cache=False, cmake_clean_first=False, cmake_force_configure=False, ament_cmake_args=None, catkin_cmake_args=None, catkin_skip_building_tests=False, mixin_files=None, mixin=None, verb_parser=<colcon_mixin.mixin.mixin_argument.MixinArgumentDecorator object at 0x7fbe21c7a990>, verb_extension=<colcon_core.verb.build.BuildVerb object at 0x7fbe21dceab0>, main=<bound method BuildVerb.main of <colcon_core.verb.build.BuildVerb object at 0x7fbe21dceab0>>, mixin_verb=('build',))
[0.663s] Level 1:colcon.colcon_core.package_discovery:discover_packages(colcon_meta) check parameters
[0.663s] Level 1:colcon.colcon_core.package_discovery:discover_packages(recursive) check parameters
[0.663s] Level 1:colcon.colcon_core.package_discovery:discover_packages(ignore) check parameters
[0.663s] Level 1:colcon.colcon_core.package_discovery:discover_packages(path) check parameters
[0.663s] Level 1:colcon.colcon_core.package_discovery:discover_packages(colcon_meta) discover
[0.663s] Level 1:colcon.colcon_core.package_discovery:discover_packages(recursive) discover
[0.663s] INFO:colcon.colcon_core.package_discovery:Crawling recursively for packages in '/home/a/Solving-Maze'
[0.664s] Level 1:colcon.colcon_core.package_identification:_identify(.) by extensions ['ignore', 'ignore_ament_install']
[0.664s] Level 1:colcon.colcon_core.package_identification:_identify(.) by extension 'ignore'
[0.664s] Level 1:colcon.colcon_core.package_identification:_identify(.) by extension 'ignore_ament_install'
[0.664s] Level 1:colcon.colcon_core.package_identification:_identify(.) by extensions ['colcon_pkg']
[0.664s] Level 1:colcon.colcon_core.package_identification:_identify(.) by extension 'colcon_pkg'
[0.664s] Level 1:colcon.colcon_core.package_identification:_identify(.) by extensions ['colcon_meta']
[0.664s] Level 1:colcon.colcon_core.package_identification:_identify(.) by extension 'colcon_meta'
[0.664s] Level 1:colcon.colcon_core.package_identification:_identify(.) by extensions ['ros']
[0.665s] Level 1:colcon.colcon_core.package_identification:_identify(.) by extension 'ros'
[0.731s] Level 1:colcon.colcon_core.package_identification:_identify(.) by extensions ['cmake', 'python']
[0.731s] Level 1:colcon.colcon_core.package_identification:_identify(.) by extension 'cmake'
[0.731s] Level 1:colcon.colcon_core.package_identification:_identify(.) by extension 'python'
[0.731s] Level 1:colcon.colcon_core.package_identification:_identify(.) by extensions ['python_setup_py']
[0.731s] Level 1:colcon.colcon_core.package_identification:_identify(.) by extension 'python_setup_py'
[0.732s] Level 1:colcon.colcon_core.package_identification:_identify(build) by extensions ['ignore', 'ignore_ament_install']
[0.732s] Level 1:colcon.colcon_core.package_identification:_identify(build) by extension 'ignore'
[0.732s] Level 1:colcon.colcon_core.package_identification:_identify(build) ignored
[0.732s] Level 1:colcon.colcon_core.package_identification:_identify(install) by extensions ['ignore', 'ignore_ament_install']
[0.733s] Level 1:colcon.colcon_core.package_identification:_identify(install) by extension 'ignore'
[0.733s] Level 1:colcon.colcon_core.package_identification:_identify(install) ignored
[0.733s] Level 1:colcon.colcon_core.package_identification:_identify(log) by extensions ['ignore', 'ignore_ament_install']
[0.733s] Level 1:colcon.colcon_core.package_identification:_identify(log) by extension 'ignore'
[0.733s] Level 1:colcon.colcon_core.package_identification:_identify(log) ignored
[0.733s] Level 1:colcon.colcon_core.package_identification:_identify(src) by extensions ['ignore', 'ignore_ament_install']
[0.733s] Level 1:colcon.colcon_core.package_identification:_identify(src) by extension 'ignore'
[0.733s] Level 1:colcon.colcon_core.package_identification:_identify(src) by extension 'ignore_ament_install'
[0.734s] Level 1:colcon.colcon_core.package_identification:_identify(src) by extensions ['colcon_pkg']
[0.734s] Level 1:colcon.colcon_core.package_identification:_identify(src) by extension 'colcon_pkg'
[0.734s] Level 1:colcon.colcon_core.package_identification:_identify(src) by extensions ['colcon_meta']
[0.734s] Level 1:colcon.colcon_core.package_identification:_identify(src) by extension 'colcon_meta'
[0.734s] Level 1:colcon.colcon_core.package_identification:_identify(src) by extensions ['ros']
[0.734s] Level 1:colcon.colcon_core.package_identification:_identify(src) by extension 'ros'
[0.734s] Level 1:colcon.colcon_core.package_identification:_identify(src) by extensions ['cmake', 'python']
[0.734s] Level 1:colcon.colcon_core.package_identification:_identify(src) by extension 'cmake'
[0.734s] Level 1:colcon.colcon_core.package_identification:_identify(src) by extension 'python'
[0.734s] Level 1:colcon.colcon_core.package_identification:_identify(src) by extensions ['python_setup_py']
[0.734s] Level 1:colcon.colcon_core.package_identification:_identify(src) by extension 'python_setup_py'
[0.734s] Level 1:colcon.colcon_core.package_identification:_identify(src/MIA26_phase2_ros_contest) by extensions ['ignore', 'ignore_ament_install']
[0.735s] Level 1:colcon.colcon_core.package_identification:_identify(src/MIA26_phase2_ros_contest) by extension 'ignore'
[0.735s] Level 1:colcon.colcon_core.package_identification:_identify(src/MIA26_phase2_ros_contest) by extension 'ignore_ament_install'
[0.735s] Level 1:colcon.colcon_core.package_identification:_identify(src/MIA26_phase2_ros_contest) by extensions ['colcon_pkg']
[0.735s] Level 1:colcon.colcon_core.package_identification:_identify(src/MIA26_phase2_ros_contest) by extension 'colcon_pkg'
[0.735s] Level 1:colcon.colcon_core.package_identification:_identify(src/MIA26_phase2_ros_contest) by extensions ['colcon_meta']
[0.735s] Level 1:colcon.colcon_core.package_identification:_identify(src/MIA26_phase2_ros_contest) by extension 'colcon_meta'
[0.735s] Level 1:colcon.colcon_core.package_identification:_identify(src/MIA26_phase2_ros_contest) by extensions ['ros']
[0.735s] Level 1:colcon.colcon_core.package_identification:_identify(src/MIA26_phase2_ros_contest) by extension 'ros'
[0.735s] Level 1:colcon.colcon_core.package_identification:_identify(src/MIA26_phase2_ros_contest) by extensions ['cmake', 'python']
[0.736s] Level 1:colcon.colcon_core.package_identification:_identify(src/MIA26_phase2_ros_contest) by extension 'cmake'
[0.736s] Level 1:colcon.colcon_core.package_identification:_identify(src/MIA26_phase2_ros_contest) by extension 'python'
[0.736s] Level 1:colcon.colcon_core.package_identification:_identify(src/MIA26_phase2_ros_contest) by extensions ['python_setup_py']
[0.736s] Level 1:colcon.colcon_core.package_identification:_identify(src/MIA26_phase2_ros_contest) by extension 'python_setup_py'
[0.736s] Level 1:colcon.colcon_core.package_identification:_identify(src/MIA26_phase2_ros_contest/assets) by extensions ['ignore', 'ignore_ament_install']
[0.736s] Level 1:colcon.colcon_core.package_identification:_identify(src/MIA26_phase2_ros_contest/assets) by extension 'ignore'
[0.736s] Level 1:colcon.colcon_core.package_identification:_identify(src/MIA26_phase2_ros_contest/assets) by extension 'ignore_ament_install'
[0.736s] Level 1:colcon.colcon_core.package_identification:_identify(src/MIA26_phase2_ros_contest/assets) by extensions ['colcon_pkg']
[0.736s] Level 1:colcon.colcon_core.package_identification:_identify(src/MIA26_phase2_ros_contest/assets) by extension 'colcon_pkg'
[0.736s] Level 1:colcon.colcon_core.package_identification:_identify(src/MIA26_phase2_ros_contest/assets) by extensions ['colcon_meta']
[0.736s] Level 1:colcon.colcon_core.package_identification:_identify(src/MIA26_phase2_ros_contest/assets) by extension 'colcon_meta'
[0.736s] Level 1:colcon.colcon_core.package_identification:_identify(src/MIA26_phase2_ros_contest/assets) by extensions ['ros']
[0.736s] Level 1:colcon.colcon_core.package_identification:_identify(src/MIA26_phase2_ros_contest/assets) by extension 'ros'
[0.737s] Level 1:colcon.colcon_core.package_identification:_identify(src/MIA26_phase2_ros_contest/assets) by extensions ['cmake', 'python']
[0.737s] Level 1:colcon.colcon_core.package_identification:_identify(src/MIA26_phase2_ros_contest/assets) by extension 'cmake'
[0.737s] Level 1:colcon.colcon_core.package_identification:_identify(src/MIA26_phase2_ros_contest/assets) by extension 'python'
[0.737s] Level 1:colcon.colcon_core.package_identification:_identify(src/MIA26_phase2_ros_contest/assets) by extensions ['python_setup_py']
[0.737s] Level 1:colcon.colcon_core.package_identification:_identify(src/MIA26_phase2_ros_contest/assets) by extension 'python_setup_py'
[0.737s] Level 1:colcon.colcon_core.package_identification:_identify(src/MIA26_phase2_ros_contest/maze_control) by extensions ['ignore', 'ignore_ament_install']
[0.737s] Level 1:colcon.colcon_core.package_identification:_identify(src/MIA26_phase2_ros_contest/maze_control) by extension 'ignore'
[0.737s] Level 1:colcon.colcon_core.package_identification:_identify(src/MIA26_phase2_ros_contest/maze_control) by extension 'ignore_ament_install'
[0.737s] Level 1:colcon.colcon_core.package_identification:_identify(src/MIA26_phase2_ros_contest/maze_control) by extensions ['colcon_pkg']
[0.738s] Level 1:colcon.colcon_core.package_identification:_identify(src/MIA26_phase2_ros_contest/maze_control) by extension 'colcon_pkg'
[0.738s] Level 1:colcon.colcon_core.package_identification:_identify(src/MIA26_phase2_ros_contest/maze_control) by extensions ['colcon_meta']
[0.738s] Level 1:colcon.colcon_core.package_identification:_identify(src/MIA26_phase2_ros_contest/maze_control) by extension 'colcon_meta'
[0.738s] Level 1:colcon.colcon_core.package_identification:_identify(src/MIA26_phase2_ros_contest/maze_control) by extensions ['ros']
[0.738s] Level 1:colcon.colcon_core.package_identification:_identify(src/MIA26_phase2_ros_contest/maze_control) by extension 'ros'
[0.744s] DEBUG:colcon.colcon_core.package_identification:Found ROS schema reference in package manifest in 'src/MIA26_phase2_ros_contest/maze_control'
[0.744s] WARNING:colcon.colcon_core.package_identification:Failed to parse ROS package manifest in 'src/MIA26_phase2_ros_contest/maze_control': Error(s) in package 'src/MIA26_phase2_ros_contest/maze_control/package.xml':
Error(s):
- The generic dependency on 'rclpy' is redundant with: exec_depend
[0.744s] Level 1:colcon.colcon_core.package_identification:_identify(src/MIA26_phase2_ros_contest/maze_control) by extensions ['cmake', 'python']
[0.744s] Level 1:colcon.colcon_core.package_identification:_identify(src/MIA26_phase2_ros_contest/maze_control) by extension 'cmake'
[0.744s] Level 1:colcon.colcon_core.package_identification:_identify(src/MIA26_phase2_ros_contest/maze_control) by extension 'python'
[0.745s] DEBUG:colcon.colcon_core.package_identification:Python package in 'src/MIA26_phase2_ros_contest/maze_control' passes arguments to the setup() function which requires a different identification extension than 'python'
[0.745s] Level 1:colcon.colcon_core.package_identification:_identify(src/MIA26_phase2_ros_contest/maze_control) by extensions ['python_setup_py']
[0.745s] Level 1:colcon.colcon_core.package_identification:_identify(src/MIA26_phase2_ros_contest/maze_control) by extension 'python_setup_py'
[1.229s] DEBUG:colcon.colcon_core.package_identification:Package 'src/MIA26_phase2_ros_contest/maze_control' with type 'python' and name 'maze_control'
[1.229s] Level 1:colcon.colcon_core.package_identification:_identify(src/interfaces) by extensions ['ignore', 'ignore_ament_install']
[1.230s] Level 1:colcon.colcon_core.package_identification:_identify(src/interfaces) by extension 'ignore'
[1.230s] Level 1:colcon.colcon_core.package_identification:_identify(src/interfaces) by extension 'ignore_ament_install'
[1.230s] Level 1:colcon.colcon_core.package_identification:_identify(src/interfaces) by extensions ['colcon_pkg']
[1.230s] Level 1:colcon.colcon_core.package_identification:_identify(src/interfaces) by extension 'colcon_pkg'
[1.230s] Level 1:colcon.colcon_core.package_identification:_identify(src/interfaces) by extensions ['colcon_meta']
[1.231s] Level 1:colcon.colcon_core.package_identification:_identify(src/interfaces) by extension 'colcon_meta'
[1.231s] Level 1:colcon.colcon_core.package_identification:_identify(src/interfaces) by extensions ['ros']
[1.231s] Level 1:colcon.colcon_core.package_identification:_identify(src/interfaces) by extension 'ros'
[1.233s] DEBUG:colcon.colcon_core.package_identification:Package 'src/interfaces' with type 'ros.ament_cmake' and name 'interfaces'
[1.233s] Level 1:colcon.colcon_core.package_identification:_identify(src/mazeSolve_pkg) by extensions ['ignore', 'ignore_ament_install']
[1.234s] Level 1:colcon.colcon_core.package_identification:_identify(src/mazeSolve_pkg) by extension 'ignore'
[1.234s] Level 1:colcon.colcon_core.package_identification:_identify(src/mazeSolve_pkg) by extension 'ignore_ament_install'
[1.234s] Level 1:colcon.colcon_core.package_identification:_identify(src/mazeSolve_pkg) by extensions ['colcon_pkg']
[1.234s] Level 1:colcon.colcon_core.package_identification:_identify(src/mazeSolve_pkg) by extension 'colcon_pkg'
[1.234s] Level 1:colcon.colcon_core.package_identification:_identify(src/mazeSolve_pkg) by extensions ['colcon_meta']
[1.234s] Level 1:colcon.colcon_core.package_identification:_identify(src/mazeSolve_pkg) by extension 'colcon_meta'
[1.234s] Level 1:colcon.colcon_core.package_identification:_identify(src/mazeSolve_pkg) by extensions ['ros']
[1.234s] Level 1:colcon.colcon_core.package_identification:_identify(src/mazeSolve_pkg) by extension 'ros'
[1.236s] DEBUG:colcon.colcon_core.package_identification:Package 'src/mazeSolve_pkg' with type 'ros.ament_python' and name 'mazeSolve_pkg'
[1.236s] Level 1:colcon.colcon_core.package_discovery:discover_packages(recursive) using defaults
[1.236s] Level 1:colcon.colcon_core.package_discovery:discover_packages(ignore) discover
[1.236s] Level 1:colcon.colcon_core.package_discovery:discover_packages(ignore) using defaults
[1.236s] Level 1:colcon.colcon_core.package_discovery:discover_packages(path) discover
[1.236s] Level 1:colcon.colcon_core.package_discovery:discover_packages(path) using defaults
[1.295s] Level 1:colcon.colcon_core.package_discovery:discover_packages(prefix_path) check parameters
[1.295s] Level 1:colcon.colcon_core.package_discovery:discover_packages(prefix_path) discover
[1.306s] DEBUG:colcon.colcon_installed_package_information.package_discovery:Found 3 installed packages in /home/a/Solving-Maze/install
[1.313s] DEBUG:colcon.colcon_installed_package_information.package_discovery:Found 495 installed packages in /opt/ros/jazzy
[1.318s] Level 1:colcon.colcon_core.package_discovery:discover_packages(prefix_path) using defaults
[1.591s] Level 5:colcon.colcon_core.verb:set package 'interfaces' build argument 'cmake_args' from command line to 'None'
[1.591s] Level 5:colcon.colcon_core.verb:set package 'interfaces' build argument 'cmake_target' from command line to 'None'
[1.591s] Level 5:colcon.colcon_core.verb:set package 'interfaces' build argument 'cmake_target_skip_unavailable' from command line to 'False'
[1.591s] Level 5:colcon.colcon_core.verb:set package 'interfaces' build argument 'cmake_clean_cache' from command line to 'False'
[1.591s] Level 5:colcon.colcon_core.verb:set package 'interfaces' build argument 'cmake_clean_first' from command line to 'False'
[1.591s] Level 5:colcon.colcon_core.verb:set package 'interfaces' build argument 'cmake_force_configure' from command line to 'False'
[1.591s] Level 5:colcon.colcon_core.verb:set package 'interfaces' build argument 'ament_cmake_args' from command line to 'None'
[1.591s] Level 5:colcon.colcon_core.verb:set package 'interfaces' build argument 'catkin_cmake_args' from command line to 'None'
[1.591s] Level 5:colcon.colcon_core.verb:set package 'interfaces' build argument 'catkin_skip_building_tests' from command line to 'False'
[1.591s] DEBUG:colcon.colcon_core.verb:Building package 'interfaces' with the following arguments: {'ament_cmake_args': None, 'build_base': '/home/a/Solving-Maze/build/interfaces', 'catkin_cmake_args': None, 'catkin_skip_building_tests': False, 'cmake_args': None, 'cmake_clean_cache': False, 'cmake_clean_first': False, 'cmake_force_configure': False, 'cmake_target': None, 'cmake_target_skip_unavailable': False, 'install_base': '/home/a/Solving-Maze/install/interfaces', 'merge_install': False, 'path': '/home/a/Solving-Maze/src/interfaces', 'symlink_install': False, 'test_result_base': None}
[1.592s] Level 5:colcon.colcon_core.verb:set package 'maze_control' build argument 'cmake_args' from command line to 'None'
[1.592s] Level 5:colcon.colcon_core.verb:set package 'maze_control' build argument 'cmake_target' from command line to 'None'
[1.592s] Level 5:colcon.colcon_core.verb:set package 'maze_control' build argument 'cmake_target_skip_unavailable' from command line to 'False'
[1.592s] Level 5:colcon.colcon_core.verb:set package 'maze_control' build argument 'cmake_clean_cache' from command line to 'False'
[1.592s] Level 5:colcon.colcon_core.verb:set package 'maze_control' build argument 'cmake_clean_first' from command line to 'False'
[1.592s] Level 5:colcon.colcon_core.verb:set package 'maze_control' build argument 'cmake_force_configure' from command line to 'False'
[1.592s] Level 5:colcon.colcon_core.verb:set package 'maze_control' build argument 'ament_cmake_args' from command line to 'None'
[1.592s] Level 5:colcon.colcon_core.verb:set package 'maze_control' build argument 'catkin_cmake_args' from command line to 'None'
[1.592s] Level 5:colcon.colcon_core.verb:set package 'maze_control' build argument 'catkin_skip_building_tests' from command line to 'False'
[1.592s] DEBUG:colcon.colcon_core.verb:Building package 'maze_control' with the following arguments: {'ament_cmake_args': None, 'build_base': '/home/a/Solving-Maze/build/maze_control', 'catkin_cmake_args': None, 'catkin_skip_building_tests': False, 'cmake_args': None, 'cmake_clean_cache': False, 'cmake_clean_first': False, 'cmake_force_configure': False, 'cmake_target': None, 'cmake_target_skip_unavailable': False, 'install_base': '/home/a/Solving-Maze/install/maze_control', 'merge_install': False, 'path': '/home/a/Solving-Maze/src/MIA26_phase2_ros_contest/maze_control', 'symlink_install': False, 'test_result_base': None}
[1.593s] Level 5:colcon.colcon_core.verb:set package 'mazeSolve_pkg' build argument 'cmake_args' from command line to 'None'
[1.593s] Level 5:colcon.colcon_core.verb:set package 'mazeSolve_pkg' build argument 'cmake_target' from command line to 'None'
[1.593s] Level 5:colcon.colcon_core.verb:set package 'mazeSolve_pkg' build argument 'cmake_target_skip_unavailable' from command line to 'False'
[1.593s] Level 5:colcon.colcon_core.verb:set package 'mazeSolve_pkg' build argument 'cmake_clean_cache' from command line to 'False'
[1.593s] Level 5:colcon.colcon_core.verb:set package 'mazeSolve_pkg' build argument 'cmake_clean_first' from command line to 'False'
[1.593s] Level 5:colcon.colcon_core.verb:set package 'mazeSolve_pkg' build argument 'cmake_force_configure' from command line to 'False'
[1.593s] Level 5:colcon.colcon_core.verb:set package 'mazeSolve_pkg' build argument 'ament_cmake_args' from command line to 'None'
[1.593s] Level 5:colcon.colcon_core.verb:set package 'mazeSolve_pkg' build argument 'catkin_cmake_args' from command line to 'None'
[1.593s] Level 5:colcon.colcon_core.verb:set package 'mazeSolve_pkg' build argument 'catkin_skip_building_tests' from command line to 'False'
[1.593s] DEBUG:colcon.colcon_core.verb:Building package 'mazeSolve_pkg' with the following arguments: {'ament_cmake_args': None, 'build_base': '/home/a/Solving-Maze/build/mazeSolve_pkg', 'catkin_cmake_args': None, 'catkin_skip_building_tests': False, 'cmake_args': None, 'cmake_clean_cache': False, 'cmake_clean_first': False, 'cmake_force_configure': False, 'cmake_target': None, 'cmake_target_skip_unavailable': False, 'install_base': '/home/a/Solving-Maze/install/mazeSolve_pkg', 'merge_install': False, 'path': '/home/a/Solving-Maze/src/mazeSolve_pkg', 'symlink_install': False, 'test_result_base': None}
[1.594s] INFO:colcon.colcon_core.executor:Executing jobs using 'parallel' executor
[1.595s] DEBUG:colcon.colcon_parallel_executor.executor.parallel:run_until_complete
[1.596s] INFO:colcon.colcon_ros.task.ament_cmake.build:Building ROS package in '/home/a/Solving-Maze/src/interfaces' with build type 'ament_cmake'
[1.596s] INFO:colcon.colcon_cmake.task.cmake.build:Building CMake package in '/home/a/Solving-Maze/src/interfaces'
[1.607s] INFO:colcon.colcon_core.plugin_system:Skipping extension 'colcon_core.shell.bat': Not used on non-Windows systems
[1.607s] INFO:colcon.colcon_core.shell:Skip shell extension 'powershell' for command environment: Not usable outside of PowerShell
[1.608s] DEBUG:colcon.colcon_core.shell:Skip shell extension 'dsv' for command environment
[1.617s] INFO:colcon.colcon_core.task.python.build:Building Python package in '/home/a/Solving-Maze/src/MIA26_phase2_ros_contest/maze_control'
[1.617s] INFO:colcon.colcon_core.shell:Skip shell extension 'powershell' for command environment: Not usable outside of PowerShell
[1.618s] DEBUG:colcon.colcon_core.shell:Skip shell extension 'dsv' for command environment
[1.632s] DEBUG:colcon.colcon_core.event_handler.log_command:Invoking command in '/home/a/Solving-Maze/build/interfaces': CMAKE_PREFIX_PATH=${CMAKE_PREFIX_PATH}:/home/a/Solving-Maze/install/mazeSolve_pkg:/opt/ros/jazzy DEBUGINFOD_URLS=https://debuginfod.ubuntu.com /usr/bin/cmake --build /home/a/Solving-Maze/build/interfaces -- -j8 -l8
[3.620s] DEBUG:colcon.colcon_core.event_handler.log_command:Invoked command in '/home/a/Solving-Maze/build/interfaces' returned '0': CMAKE_PREFIX_PATH=${CMAKE_PREFIX_PATH}:/home/a/Solving-Maze/install/mazeSolve_pkg:/opt/ros/jazzy DEBUGINFOD_URLS=https://debuginfod.ubuntu.com /usr/bin/cmake --build /home/a/Solving-Maze/build/interfaces -- -j8 -l8
[3.644s] DEBUG:colcon.colcon_core.event_handler.log_command:Invoking command in '/home/a/Solving-Maze/build/interfaces': CMAKE_PREFIX_PATH=${CMAKE_PREFIX_PATH}:/home/a/Solving-Maze/install/mazeSolve_pkg:/opt/ros/jazzy DEBUGINFOD_URLS=https://debuginfod.ubuntu.com /usr/bin/cmake --install /home/a/Solving-Maze/build/interfaces
[3.792s] Level 1:colcon.colcon_core.environment:create_environment_scripts_only(interfaces)
[3.793s] DEBUG:colcon.colcon_core.event_handler.log_command:Invoked command in '/home/a/Solving-Maze/build/interfaces' returned '0': CMAKE_PREFIX_PATH=${CMAKE_PREFIX_PATH}:/home/a/Solving-Maze/install/mazeSolve_pkg:/opt/ros/jazzy DEBUGINFOD_URLS=https://debuginfod.ubuntu.com /usr/bin/cmake --install /home/a/Solving-Maze/build/interfaces
[3.806s] Level 1:colcon.colcon_core.environment:checking '/home/a/Solving-Maze/install/interfaces' for CMake module files
[3.808s] Level 1:colcon.colcon_core.environment:checking '/home/a/Solving-Maze/install/interfaces' for CMake config files
[3.808s] Level 1:colcon.colcon_core.shell:create_environment_hook('interfaces', 'cmake_prefix_path')
[3.809s] INFO:colcon.colcon_core.shell:Creating environment hook '/home/a/Solving-Maze/install/interfaces/share/interfaces/hook/cmake_prefix_path.ps1'
[3.810s] INFO:colcon.colcon_core.shell:Creating environment descriptor '/home/a/Solving-Maze/install/interfaces/share/interfaces/hook/cmake_prefix_path.dsv'
[3.812s] INFO:colcon.colcon_core.shell:Creating environment hook '/home/a/Solving-Maze/install/interfaces/share/interfaces/hook/cmake_prefix_path.sh'
[3.813s] Level 1:colcon.colcon_core.environment:checking '/home/a/Solving-Maze/install/interfaces/lib'
[3.814s] Level 1:colcon.colcon_core.shell:create_environment_hook('interfaces', 'ld_library_path_lib')
[3.814s] INFO:colcon.colcon_core.shell:Creating environment hook '/home/a/Solving-Maze/install/interfaces/share/interfaces/hook/ld_library_path_lib.ps1'
[3.815s] INFO:colcon.colcon_core.shell:Creating environment descriptor '/home/a/Solving-Maze/install/interfaces/share/interfaces/hook/ld_library_path_lib.dsv'
[3.816s] INFO:colcon.colcon_core.shell:Creating environment hook '/home/a/Solving-Maze/install/interfaces/share/interfaces/hook/ld_library_path_lib.sh'
[3.818s] Level 1:colcon.colcon_core.environment:checking '/home/a/Solving-Maze/install/interfaces/bin'
[3.818s] Level 1:colcon.colcon_core.environment:checking '/home/a/Solving-Maze/install/interfaces/lib/pkgconfig/interfaces.pc'
[3.819s] Level 1:colcon.colcon_core.environment:checking '/home/a/Solving-Maze/install/interfaces/lib/python3.12/site-packages'
[3.820s] Level 1:colcon.colcon_core.shell:create_environment_hook('interfaces', 'pythonpath')
[3.820s] INFO:colcon.colcon_core.shell:Creating environment hook '/home/a/Solving-Maze/install/interfaces/share/interfaces/hook/pythonpath.ps1'
[3.822s] INFO:colcon.colcon_core.shell:Creating environment descriptor '/home/a/Solving-Maze/install/interfaces/share/interfaces/hook/pythonpath.dsv'
[3.823s] INFO:colcon.colcon_core.shell:Creating environment hook '/home/a/Solving-Maze/install/interfaces/share/interfaces/hook/pythonpath.sh'
[3.825s] Level 1:colcon.colcon_core.environment:checking '/home/a/Solving-Maze/install/interfaces/bin'
[3.826s] INFO:colcon.colcon_core.shell:Creating package script '/home/a/Solving-Maze/install/interfaces/share/interfaces/package.ps1'
[3.829s] INFO:colcon.colcon_core.shell:Creating package descriptor '/home/a/Solving-Maze/install/interfaces/share/interfaces/package.dsv'
[3.830s] INFO:colcon.colcon_core.shell:Creating package script '/home/a/Solving-Maze/install/interfaces/share/interfaces/package.sh'
[3.832s] INFO:colcon.colcon_core.shell:Creating package script '/home/a/Solving-Maze/install/interfaces/share/interfaces/package.bash'
[3.834s] INFO:colcon.colcon_core.shell:Creating package script '/home/a/Solving-Maze/install/interfaces/share/interfaces/package.zsh'
[3.836s] Level 1:colcon.colcon_core.environment:create_file_with_runtime_dependencies(/home/a/Solving-Maze/install/interfaces/share/colcon-core/packages/interfaces)
[3.837s] Level 1:colcon.colcon_core.environment:create_environment_scripts_only(interfaces)
[3.838s] Level 1:colcon.colcon_core.environment:checking '/home/a/Solving-Maze/install/interfaces' for CMake module files
[3.839s] Level 1:colcon.colcon_core.environment:checking '/home/a/Solving-Maze/install/interfaces' for CMake config files
[3.840s] Level 1:colcon.colcon_core.shell:create_environment_hook('interfaces', 'cmake_prefix_path')
[3.841s] INFO:colcon.colcon_core.shell:Creating environment hook '/home/a/Solving-Maze/install/interfaces/share/interfaces/hook/cmake_prefix_path.ps1'
[3.843s] INFO:colcon.colcon_core.shell:Creating environment descriptor '/home/a/Solving-Maze/install/interfaces/share/interfaces/hook/cmake_prefix_path.dsv'
[3.845s] INFO:colcon.colcon_core.shell:Creating environment hook '/home/a/Solving-Maze/install/interfaces/share/interfaces/hook/cmake_prefix_path.sh'
[3.847s] Level 1:colcon.colcon_core.environment:checking '/home/a/Solving-Maze/install/interfaces/lib'
[3.847s] Level 1:colcon.colcon_core.shell:create_environment_hook('interfaces', 'ld_library_path_lib')
[3.848s] INFO:colcon.colcon_core.shell:Creating environment hook '/home/a/Solving-Maze/install/interfaces/share/interfaces/hook/ld_library_path_lib.ps1'
[3.849s] INFO:colcon.colcon_core.shell:Creating environment descriptor '/home/a/Solving-Maze/install/interfaces/share/interfaces/hook/ld_library_path_lib.dsv'
[3.850s] INFO:colcon.colcon_core.shell:Creating environment hook '/home/a/Solving-Maze/install/interfaces/share/interfaces/hook/ld_library_path_lib.sh'
[3.851s] Level 1:colcon.colcon_core.environment:checking '/home/a/Solving-Maze/install/interfaces/bin'
[3.852s] Level 1:colcon.colcon_core.environment:checking '/home/a/Solving-Maze/install/interfaces/lib/pkgconfig/interfaces.pc'
[3.852s] Level 1:colcon.colcon_core.environment:checking '/home/a/Solving-Maze/install/interfaces/lib/python3.12/site-packages'
[3.852s] Level 1:colcon.colcon_core.shell:create_environment_hook('interfaces', 'pythonpath')
[3.853s] INFO:colcon.colcon_core.shell:Creating environment hook '/home/a/Solving-Maze/install/interfaces/share/interfaces/hook/pythonpath.ps1'
[3.854s] INFO:colcon.colcon_core.shell:Creating environment descriptor '/home/a/Solving-Maze/install/interfaces/share/interfaces/hook/pythonpath.dsv'
[3.855s] INFO:colcon.colcon_core.shell:Creating environment hook '/home/a/Solving-Maze/install/interfaces/share/interfaces/hook/pythonpath.sh'
[3.857s] Level 1:colcon.colcon_core.environment:checking '/home/a/Solving-Maze/install/interfaces/bin'
[3.858s] INFO:colcon.colcon_core.shell:Creating package script '/home/a/Solving-Maze/install/interfaces/share/interfaces/package.ps1'
[3.859s] INFO:colcon.colcon_core.shell:Creating package descriptor '/home/a/Solving-Maze/install/interfaces/share/interfaces/package.dsv'
[3.863s] INFO:colcon.colcon_core.shell:Creating package script '/home/a/Solving-Maze/install/interfaces/share/interfaces/package.sh'
[3.864s] INFO:colcon.colcon_core.shell:Creating package script '/home/a/Solving-Maze/install/interfaces/share/interfaces/package.bash'
[3.865s] INFO:colcon.colcon_core.shell:Creating package script '/home/a/Solving-Maze/install/interfaces/share/interfaces/package.zsh'
[3.866s] Level 1:colcon.colcon_core.environment:create_file_with_runtime_dependencies(/home/a/Solving-Maze/install/interfaces/share/colcon-core/packages/interfaces)
[3.867s] INFO:colcon.colcon_ros.task.ament_python.build:Building ROS package in '/home/a/Solving-Maze/src/mazeSolve_pkg' with build type 'ament_python'
[3.867s] Level 1:colcon.colcon_core.shell:create_environment_hook('mazeSolve_pkg', 'ament_prefix_path')
[3.868s] INFO:colcon.colcon_core.shell:Creating environment hook '/home/a/Solving-Maze/install/mazeSolve_pkg/share/mazeSolve_pkg/hook/ament_prefix_path.ps1'
[3.869s] INFO:colcon.colcon_core.shell:Creating environment descriptor '/home/a/Solving-Maze/install/mazeSolve_pkg/share/mazeSolve_pkg/hook/ament_prefix_path.dsv'
[3.870s] INFO:colcon.colcon_core.shell:Creating environment hook '/home/a/Solving-Maze/install/mazeSolve_pkg/share/mazeSolve_pkg/hook/ament_prefix_path.sh'
[3.873s] INFO:colcon.colcon_core.shell:Skip shell extension 'powershell' for command environment: Not usable outside of PowerShell
[3.873s] DEBUG:colcon.colcon_core.shell:Skip shell extension 'dsv' for command environment
[4.417s] INFO:colcon.colcon_core.task.python.build:Building Python package in '/home/a/Solving-Maze/src/mazeSolve_pkg'
[4.418s] INFO:colcon.colcon_core.shell:Skip shell extension 'powershell' for command environment: Not usable outside of PowerShell
[4.418s] DEBUG:colcon.colcon_core.shell:Skip shell extension 'dsv' for command environment
[4.429s] DEBUG:colcon.colcon_core.task.python.build:Available setuptools commands: sdist, build, check, bdist_dumb, install, init_catalog, bdist_wheel, upload, update_catalog, dist_info, install_lib, build_ext, easy_install, develop, install_egg_info, extract_messages, bdist_egg, build_py, egg_info, saveopts, install_headers, install_scripts, test, setopt, compile_catalog, bdist_rpm, register, clean, install_data, alias, rotate, upload_docs, build_clib, bdist, build_scripts, symlink_data, editable_wheel
[4.432s] DEBUG:colcon.colcon_core.event_handler.log_command:Invoking command in '/home/a/Solving-Maze/src/MIA26_phase2_ros_contest/maze_control': DEBUGINFOD_URLS=https://debuginfod.ubuntu.com PYTHONPATH=/home/a/Solving-Maze/build/maze_control/prefix_override:/usr/lib/python3/dist-packages/colcon_core/task/python/colcon_distutils_commands:/home/a/Solving-Maze/install/maze_control/lib/python3.12/site-packages:${PYTHONPATH} /usr/bin/python3 -W ignore:setup.py install is deprecated -W ignore:easy_install command is deprecated setup.py egg_info --egg-base ../../../build/maze_control build --build-base /home/a/Solving-Maze/build/maze_control/build install --record /home/a/Solving-Maze/build/maze_control/install.log --install-scripts $base/lib/maze_control --single-version-externally-managed install_data
[5.860s] Level 1:colcon.colcon_core.environment:checking '/home/a/Solving-Maze/install/maze_control' for CMake module files
[5.861s] DEBUG:colcon.colcon_core.event_handler.log_command:Invoked command in '/home/a/Solving-Maze/src/MIA26_phase2_ros_contest/maze_control' returned '0': DEBUGINFOD_URLS=https://debuginfod.ubuntu.com PYTHONPATH=/home/a/Solving-Maze/build/maze_control/prefix_override:/usr/lib/python3/dist-packages/colcon_core/task/python/colcon_distutils_commands:/home/a/Solving-Maze/install/maze_control/lib/python3.12/site-packages:${PYTHONPATH} /usr/bin/python3 -W ignore:setup.py install is deprecated -W ignore:easy_install command is deprecated setup.py egg_info --egg-base ../../../build/maze_control build --build-base /home/a/Solving-Maze/build/maze_control/build install --record /home/a/Solving-Maze/build/maze_control/install.log --install-scripts $base/lib/maze_control --single-version-externally-managed install_data
[5.862s] Level 1:colcon.colcon_core.environment:checking '/home/a/Solving-Maze/install/maze_control' for CMake config files
[5.863s] Level 1:colcon.colcon_core.environment:checking '/home/a/Solving-Maze/install/maze_control/lib'
[5.863s] Level 1:colcon.colcon_core.environment:checking '/home/a/Solving-Maze/install/maze_control/bin'
[5.864s] Level 1:colcon.colcon_core.environment:checking '/home/a/Solving-Maze/install/maze_control/lib/pkgconfig/maze_control.pc'
[5.864s] Level 1:colcon.colcon_core.environment:checking '/home/a/Solving-Maze/install/maze_control/lib/python3.12/site-packages'
[5.864s] Level 1:colcon.colcon_core.shell:create_environment_hook('maze_control', 'pythonpath')
[5.865s] INFO:colcon.colcon_core.shell:Creating environment hook '/home/a/Solving-Maze/install/maze_control/share/maze_control/hook/pythonpath.ps1'
[5.866s] INFO:colcon.colcon_core.shell:Creating environment descriptor '/home/a/Solving-Maze/install/maze_control/share/maze_control/hook/pythonpath.dsv'
[5.868s] INFO:colcon.colcon_core.shell:Creating environment hook '/home/a/Solving-Maze/install/maze_control/share/maze_control/hook/pythonpath.sh'
[5.870s] Level 1:colcon.colcon_core.environment:checking '/home/a/Solving-Maze/install/maze_control/bin'
[5.870s] Level 1:colcon.colcon_core.environment:create_environment_scripts_only(maze_control)
[5.871s] INFO:colcon.colcon_core.shell:Creating package script '/home/a/Solving-Maze/install/maze_control/share/maze_control/package.ps1'
[5.872s] INFO:colcon.colcon_core.shell:Creating package descriptor '/home/a/Solving-Maze/install/maze_control/share/maze_control/package.dsv'
[5.874s] INFO:colcon.colcon_core.shell:Creating package script '/home/a/Solving-Maze/install/maze_control/share/maze_control/package.sh'
[5.875s] INFO:colcon.colcon_core.shell:Creating package script '/home/a/Solving-Maze/install/maze_control/share/maze_control/package.bash'
[5.876s] INFO:colcon.colcon_core.shell:Creating package script '/home/a/Solving-Maze/install/maze_control/share/maze_control/package.zsh'
[5.877s] Level 1:colcon.colcon_core.environment:create_file_with_runtime_dependencies(/home/a/Solving-Maze/install/maze_control/share/colcon-core/packages/maze_control)
[5.913s] DEBUG:colcon.colcon_core.task.python.build:Available setuptools commands: sdist, build, check, bdist_dumb, install, init_catalog, bdist_wheel, upload, update_catalog, dist_info, install_lib, build_ext, easy_install, develop, install_egg_info, extract_messages, bdist_egg, build_py, egg_info, saveopts, install_headers, install_scripts, test, setopt, compile_catalog, bdist_rpm, register, clean, install_data, alias, rotate, upload_docs, build_clib, bdist, build_scripts, symlink_data, editable_wheel
[5.918s] DEBUG:colcon.colcon_core.event_handler.log_command:Invoking command in '/home/a/Solving-Maze/src/mazeSolve_pkg': DEBUGINFOD_URLS=https://debuginfod.ubuntu.com PYTHONPATH=/home/a/Solving-Maze/build/mazeSolve_pkg/prefix_override:/usr/lib/python3/dist-packages/colcon_core/task/python/colcon_distutils_commands:/home/a/Solving-Maze/install/mazeSolve_pkg/lib/python3.12/site-packages:${PYTHONPATH} /usr/bin/python3 -W ignore:setup.py install is deprecated -W ignore:easy_install command is deprecated setup.py egg_info --egg-base ../../build/mazeSolve_pkg build --build-base /home/a/Solving-Maze/build/mazeSolve_pkg/build install --record /home/a/Solving-Maze/build/mazeSolve_pkg/install.log --install-scripts $base/lib/mazeSolve_pkg --single-version-externally-managed install_data
[7.063s] Level 1:colcon.colcon_core.environment:checking '/home/a/Solving-Maze/install/mazeSolve_pkg' for CMake module files
[7.064s] DEBUG:colcon.colcon_core.event_handler.log_command:Invoked command in '/home/a/Solving-Maze/src/mazeSolve_pkg' returned '0': DEBUGINFOD_URLS=https://debuginfod.ubuntu.com PYTHONPATH=/home/a/Solving-Maze/build/mazeSolve_pkg/prefix_override:/usr/lib/python3/dist-packages/colcon_core/task/python/colcon_distutils_commands:/home/a/Solving-Maze/install/mazeSolve_pkg/lib/python3.12/site-packages:${PYTHONPATH} /usr/bin/python3 -W ignore:setup.py install is deprecated -W ignore:easy_install command is deprecated setup.py egg_info --egg-base ../../build/mazeSolve_pkg build --build-base /home/a/Solving-Maze/build/mazeSolve_pkg/build install --record /home/a/Solving-Maze/build/mazeSolve_pkg/install.log --install-scripts $base/lib/mazeSolve_pkg --single-version-externally-managed install_data
[7.065s] Level 1:colcon.colcon_core.environment:checking '/home/a/Solving-Maze/install/mazeSolve_pkg' for CMake config files
[7.067s] Level 1:colcon.colcon_core.environment:checking '/home/a/Solving-Maze/install/mazeSolve_pkg/lib'
[7.067s] Level 1:colcon.colcon_core.environment:checking '/home/a/Solving-Maze/install/mazeSolve_pkg/bin'
[7.067s] Level 1:colcon.colcon_core.environment:checking '/home/a/Solving-Maze/install/mazeSolve_pkg/lib/pkgconfig/mazeSolve_pkg.pc'
[7.067s] Level 1:colcon.colcon_core.environment:checking '/home/a/Solving-Maze/install/mazeSolve_pkg/lib/python3.12/site-packages'
[7.068s] Level 1:colcon.colcon_core.shell:create_environment_hook('mazeSolve_pkg', 'pythonpath')
[7.068s] INFO:colcon.colcon_core.shell:Creating environment hook '/home/a/Solving-Maze/install/mazeSolve_pkg/share/mazeSolve_pkg/hook/pythonpath.ps1'
[7.069s] INFO:colcon.colcon_core.shell:Creating environment descriptor '/home/a/Solving-Maze/install/mazeSolve_pkg/share/mazeSolve_pkg/hook/pythonpath.dsv'
[7.070s] INFO:colcon.colcon_core.shell:Creating environment hook '/home/a/Solving-Maze/install/mazeSolve_pkg/share/mazeSolve_pkg/hook/pythonpath.sh'
[7.071s] Level 1:colcon.colcon_core.environment:checking '/home/a/Solving-Maze/install/mazeSolve_pkg/bin'
[7.072s] Level 1:colcon.colcon_core.environment:create_environment_scripts_only(mazeSolve_pkg)
[7.072s] INFO:colcon.colcon_core.shell:Creating package script '/home/a/Solving-Maze/install/mazeSolve_pkg/share/mazeSolve_pkg/package.ps1'
[7.073s] INFO:colcon.colcon_core.shell:Creating package descriptor '/home/a/Solving-Maze/install/mazeSolve_pkg/share/mazeSolve_pkg/package.dsv'
[7.074s] INFO:colcon.colcon_core.shell:Creating package script '/home/a/Solving-Maze/install/mazeSolve_pkg/share/mazeSolve_pkg/package.sh'
[7.075s] INFO:colcon.colcon_core.shell:Creating package script '/home/a/Solving-Maze/install/mazeSolve_pkg/share/mazeSolve_pkg/package.bash'
[7.076s] INFO:colcon.colcon_core.shell:Creating package script '/home/a/Solving-Maze/install/mazeSolve_pkg/share/mazeSolve_pkg/package.zsh'
[7.076s] Level 1:colcon.colcon_core.environment:create_file_with_runtime_dependencies(/home/a/Solving-Maze/install/mazeSolve_pkg/share/colcon-core/packages/mazeSolve_pkg)
[7.076s] DEBUG:colcon.colcon_parallel_executor.executor.parallel:closing loop
[7.077s] DEBUG:colcon.colcon_parallel_executor.executor.parallel:loop closed
[7.077s] DEBUG:colcon.colcon_parallel_executor.executor.parallel:run_until_complete finished with '0'
[7.077s] DEBUG:colcon.colcon_core.event_reactor:joining thread
[7.098s] INFO:colcon.colcon_core.plugin_system:Skipping extension 'colcon_notification.desktop_notification.terminal_notifier': Not used on non-Darwin systems
[7.098s] INFO:colcon.colcon_core.plugin_system:Skipping extension 'colcon_notification.desktop_notification.win32': Not used on non-Windows systems
[7.098s] INFO:colcon.colcon_notification.desktop_notification:Sending desktop notification using 'notify2'
[7.132s] DEBUG:colcon.colcon_core.event_reactor:joined thread
[7.132s] INFO:colcon.colcon_core.shell:Creating prefix script '/home/a/Solving-Maze/install/local_setup.ps1'
[7.134s] INFO:colcon.colcon_core.shell:Creating prefix util module '/home/a/Solving-Maze/install/_local_setup_util_ps1.py'
[7.135s] INFO:colcon.colcon_core.shell:Creating prefix chain script '/home/a/Solving-Maze/install/setup.ps1'
[7.138s] INFO:colcon.colcon_core.shell:Creating prefix script '/home/a/Solving-Maze/install/local_setup.sh'
[7.139s] INFO:colcon.colcon_core.shell:Creating prefix util module '/home/a/Solving-Maze/install/_local_setup_util_sh.py'
[7.140s] INFO:colcon.colcon_core.shell:Creating prefix chain script '/home/a/Solving-Maze/install/setup.sh'
[7.142s] INFO:colcon.colcon_core.shell:Creating prefix script '/home/a/Solving-Maze/install/local_setup.bash'
[7.144s] INFO:colcon.colcon_core.shell:Creating prefix chain script '/home/a/Solving-Maze/install/setup.bash'
[7.145s] INFO:colcon.colcon_core.shell:Creating prefix script '/home/a/Solving-Maze/install/local_setup.zsh'
[7.146s] INFO:colcon.colcon_core.shell:Creating prefix chain script '/home/a/Solving-Maze/install/setup.zsh'
