running egg_info
writing ../../../build/maze_control/maze_control.egg-info/PKG-INFO
writing dependency_links to ../../../build/maze_control/maze_control.egg-info/dependency_links.txt
writing entry points to ../../../build/maze_control/maze_control.egg-info/entry_points.txt
writing requirements to ../../../build/maze_control/maze_control.egg-info/requires.txt
writing top-level names to ../../../build/maze_control/maze_control.egg-info/top_level.txt
reading manifest file '../../../build/maze_control/maze_control.egg-info/SOURCES.txt'
writing manifest file '../../../build/maze_control/maze_control.egg-info/SOURCES.txt'
running build
running build_py
running install
running install_lib
running install_data
running install_egg_info
removing '/root/training_ws/install/maze_control/lib/python3.12/site-packages/maze_control-0.1.0-py3.12.egg-info' (and everything under it)
Copying ../../../build/maze_control/maze_control.egg-info to /root/training_ws/install/maze_control/lib/python3.12/site-packages/maze_control-0.1.0-py3.12.egg-info
running install_scripts
Installing maze_timer_node script to /root/training_ws/install/maze_control/lib/maze_control
Installing wall_retraction_service script to /root/training_ws/install/maze_control/lib/maze_control
writing list of installed files to '/root/training_ws/build/maze_control/install.log'
