[2.176s] Invoking command in '/root/training_ws/src/MIA26_phase2_ros_contest/maze_control': PYTHONPATH=/root/training_ws/build/maze_control/prefix_override:/usr/lib/python3/dist-packages/colcon_core/task/python/colcon_distutils_commands:/root/training_ws/install/maze_control/lib/python3.12/site-packages:${PYTHONPATH} /usr/bin/python3 -W ignore:setup.py install is deprecated -W ignore:easy_install command is deprecated setup.py egg_info --egg-base ../../../build/maze_control build --build-base /root/training_ws/build/maze_control/build install --record /root/training_ws/build/maze_control/install.log --install-scripts $base/lib/maze_control --single-version-externally-managed install_data
[2.418s] /usr/lib/python3/dist-packages/setuptools/dist.py:744: SetuptoolsDeprecationWarning: Invalid dash-separated options
[2.418s] !!
[2.419s] 
[2.419s]         ********************************************************************************
[2.419s]         Usage of dash-separated 'script-dir' will not be supported in future
[2.420s]         versions. Please use the underscore name 'script_dir' instead.
[2.420s] 
[2.420s]         This deprecation is overdue, please update your project and remove deprecated
[2.421s]         calls to avoid build errors in the future.
[2.421s] 
[2.421s]         See https://setuptools.pypa.io/en/latest/userguide/declarative_config.html for details.
[2.421s]         ********************************************************************************
[2.422s] 
[2.422s] !!
[2.422s]   opt = self.warn_dash_deprecation(opt, section)
[2.692s] running egg_info
[2.731s] writing ../../../build/maze_control/maze_control.egg-info/PKG-INFO
[2.732s] writing dependency_links to ../../../build/maze_control/maze_control.egg-info/dependency_links.txt
[2.732s] writing entry points to ../../../build/maze_control/maze_control.egg-info/entry_points.txt
[2.732s] writing requirements to ../../../build/maze_control/maze_control.egg-info/requires.txt
[2.733s] writing top-level names to ../../../build/maze_control/maze_control.egg-info/top_level.txt
[2.813s] reading manifest file '../../../build/maze_control/maze_control.egg-info/SOURCES.txt'
[2.815s] writing manifest file '../../../build/maze_control/maze_control.egg-info/SOURCES.txt'
[2.815s] running build
[2.815s] running build_py
[2.816s] running install
[2.829s] running install_lib
[2.875s] running install_data
[2.877s] running install_egg_info
[2.929s] removing '/root/training_ws/install/maze_control/lib/python3.12/site-packages/maze_control-0.1.0-py3.12.egg-info' (and everything under it)
[2.930s] Copying ../../../build/maze_control/maze_control.egg-info to /root/training_ws/install/maze_control/lib/python3.12/site-packages/maze_control-0.1.0-py3.12.egg-info
[2.932s] running install_scripts
[3.248s] Installing maze_timer_node script to /root/training_ws/install/maze_control/lib/maze_control
[3.249s] Installing wall_retraction_service script to /root/training_ws/install/maze_control/lib/maze_control
[3.249s] writing list of installed files to '/root/training_ws/build/maze_control/install.log'
[3.355s] Invoked command in '/root/training_ws/src/MIA26_phase2_ros_contest/maze_control' returned '0': PYTHONPATH=/root/training_ws/build/maze_control/prefix_override:/usr/lib/python3/dist-packages/colcon_core/task/python/colcon_distutils_commands:/root/training_ws/install/maze_control/lib/python3.12/site-packages:${PYTHONPATH} /usr/bin/python3 -W ignore:setup.py install is deprecated -W ignore:easy_install command is deprecated setup.py egg_info --egg-base ../../../build/maze_control build --build-base /root/training_ws/build/maze_control/build install --record /root/training_ws/build/maze_control/install.log --install-scripts $base/lib/maze_control --single-version-externally-managed install_data
