[0.497s] DEBUG:colcon:Command line arguments: ['/usr/bin/colcon', 'build', '--symlink-install']
[0.497s] DEBUG:colcon:Parsed command line arguments: Namespace(log_base=None, log_level=None, verb_name='build', build_base='build', install_base='install', merge_install=False, symlink_install=True, test_result_base=None, continue_on_error=False, executor='parallel', parallel_workers=8, event_handlers=None, ignore_user_meta=False, metas=['./colcon.meta'], base_paths=['.'], packages_ignore=None, packages_ignore_regex=None, paths=None, packages_up_to=None, packages_up_to_regex=None, packages_above=None, packages_above_and_dependencies=None, packages_above_depth=None, packages_select_by_dep=None, packages_skip_by_dep=None, packages_skip_up_to=None, packages_select_build_failed=False, packages_skip_build_finished=False, packages_select_test_failures=False, packages_skip_test_passed=False, packages_select=None, packages_skip=None, packages_select_regex=None, packages_skip_regex=None, packages_start=None, packages_end=None, cmake_args=None, cmake_target=None, cmake_target_skip_unavailable=False, cmake_clean_cache=False, cmake_clean_first=False, cmake_force_configure=False, ament_cmake_args=None, catkin_cmake_args=None, catkin_skip_building_tests=False, mixin_files=None, mixin=None, verb_parser=<colcon_mixin.mixin.mixin_argument.MixinArgumentDecorator object at 0x7fe1b3c71820>, verb_extension=<colcon_core.verb.build.BuildVerb object at 0x7fe1b3c26c90>, main=<bound method BuildVerb.main of <colcon_core.verb.build.BuildVerb object at 0x7fe1b3c26c90>>, mixin_verb=('build',))
[0.693s] Level 1:colcon.colcon_core.package_discovery:discover_packages(colcon_meta) check parameters
[0.698s] INFO:colcon.colcon_metadata.package_discovery.colcon_meta:Using configuration from '/root/.colcon/metadata/default/Gazebo.meta'
[0.699s] INFO:colcon.colcon_metadata.package_discovery.colcon_meta:Using configuration from '/root/.colcon/metadata/default/fastdds.meta'
[0.701s] INFO:colcon.colcon_metadata.package_discovery.colcon_meta:Using configuration from '/root/.colcon/metadata/default/fastrtps.meta'
[0.702s] Level 1:colcon.colcon_core.package_discovery:discover_packages(recursive) check parameters
[0.702s] Level 1:colcon.colcon_core.package_discovery:discover_packages(ignore) check parameters
[0.702s] Level 1:colcon.colcon_core.package_discovery:discover_packages(path) check parameters
[0.702s] Level 1:colcon.colcon_core.package_discovery:discover_packages(colcon_meta) discover
[0.702s] Level 1:colcon.colcon_core.package_discovery:discover_packages(recursive) discover
[0.702s] INFO:colcon.colcon_core.package_discovery:Crawling recursively for packages in '/root/training_ws_merge2'
[0.702s] Level 1:colcon.colcon_core.package_identification:_identify(.) by extensions ['ignore', 'ignore_ament_install']
[0.705s] Level 1:colcon.colcon_core.package_identification:_identify(.) by extension 'ignore'
[0.705s] Level 1:colcon.colcon_core.package_identification:_identify(.) by extension 'ignore_ament_install'
[0.706s] Level 1:colcon.colcon_core.package_identification:_identify(.) by extensions ['colcon_pkg']
[0.706s] Level 1:colcon.colcon_core.package_identification:_identify(.) by extension 'colcon_pkg'
[0.706s] Level 1:colcon.colcon_core.package_identification:_identify(.) by extensions ['colcon_meta']
[0.706s] Level 1:colcon.colcon_core.package_identification:_identify(.) by extension 'colcon_meta'
[0.706s] Level 1:colcon.colcon_core.package_identification:_identify(.) by extensions ['ros']
[0.706s] Level 1:colcon.colcon_core.package_identification:_identify(.) by extension 'ros'
[0.804s] Level 1:colcon.colcon_core.package_identification:_identify(.) by extensions ['cmake', 'python']
[0.804s] Level 1:colcon.colcon_core.package_identification:_identify(.) by extension 'cmake'
[0.804s] Level 1:colcon.colcon_core.package_identification:_identify(.) by extension 'python'
[0.805s] Level 1:colcon.colcon_core.package_identification:_identify(.) by extensions ['python_setup_py']
[0.805s] Level 1:colcon.colcon_core.package_identification:_identify(.) by extension 'python_setup_py'
[0.805s] Level 1:colcon.colcon_core.package_identification:_identify(build) by extensions ['ignore', 'ignore_ament_install']
[0.805s] Level 1:colcon.colcon_core.package_identification:_identify(build) by extension 'ignore'
[0.806s] Level 1:colcon.colcon_core.package_identification:_identify(build) ignored
[0.806s] Level 1:colcon.colcon_core.package_identification:_identify(install) by extensions ['ignore', 'ignore_ament_install']
[0.807s] Level 1:colcon.colcon_core.package_identification:_identify(install) by extension 'ignore'
[0.807s] Level 1:colcon.colcon_core.package_identification:_identify(install) ignored
[0.807s] Level 1:colcon.colcon_core.package_identification:_identify(log) by extensions ['ignore', 'ignore_ament_install']
[0.808s] Level 1:colcon.colcon_core.package_identification:_identify(log) by extension 'ignore'
[0.808s] Level 1:colcon.colcon_core.package_identification:_identify(log) ignored
[0.808s] Level 1:colcon.colcon_core.package_identification:_identify(src) by extensions ['ignore', 'ignore_ament_install']
[0.808s] Level 1:colcon.colcon_core.package_identification:_identify(src) by extension 'ignore'
[0.809s] Level 1:colcon.colcon_core.package_identification:_identify(src) by extension 'ignore_ament_install'
[0.809s] Level 1:colcon.colcon_core.package_identification:_identify(src) by extensions ['colcon_pkg']
[0.809s] Level 1:colcon.colcon_core.package_identification:_identify(src) by extension 'colcon_pkg'
[0.809s] Level 1:colcon.colcon_core.package_identification:_identify(src) by extensions ['colcon_meta']
[0.809s] Level 1:colcon.colcon_core.package_identification:_identify(src) by extension 'colcon_meta'
[0.809s] Level 1:colcon.colcon_core.package_identification:_identify(src) by extensions ['ros']
[0.809s] Level 1:colcon.colcon_core.package_identification:_identify(src) by extension 'ros'
[0.810s] Level 1:colcon.colcon_core.package_identification:_identify(src) by extensions ['cmake', 'python']
[0.810s] Level 1:colcon.colcon_core.package_identification:_identify(src) by extension 'cmake'
[0.810s] Level 1:colcon.colcon_core.package_identification:_identify(src) by extension 'python'
[0.810s] Level 1:colcon.colcon_core.package_identification:_identify(src) by extensions ['python_setup_py']
[0.810s] Level 1:colcon.colcon_core.package_identification:_identify(src) by extension 'python_setup_py'
[0.810s] Level 1:colcon.colcon_core.package_identification:_identify(src/MIA26_phase2_ros_contest) by extensions ['ignore', 'ignore_ament_install']
[0.812s] Level 1:colcon.colcon_core.package_identification:_identify(src/MIA26_phase2_ros_contest) by extension 'ignore'
[0.812s] Level 1:colcon.colcon_core.package_identification:_identify(src/MIA26_phase2_ros_contest) by extension 'ignore_ament_install'
[0.812s] Level 1:colcon.colcon_core.package_identification:_identify(src/MIA26_phase2_ros_contest) by extensions ['colcon_pkg']
[0.812s] Level 1:colcon.colcon_core.package_identification:_identify(src/MIA26_phase2_ros_contest) by extension 'colcon_pkg'
[0.812s] Level 1:colcon.colcon_core.package_identification:_identify(src/MIA26_phase2_ros_contest) by extensions ['colcon_meta']
[0.812s] Level 1:colcon.colcon_core.package_identification:_identify(src/MIA26_phase2_ros_contest) by extension 'colcon_meta'
[0.812s] Level 1:colcon.colcon_core.package_identification:_identify(src/MIA26_phase2_ros_contest) by extensions ['ros']
[0.812s] Level 1:colcon.colcon_core.package_identification:_identify(src/MIA26_phase2_ros_contest) by extension 'ros'
[0.813s] Level 1:colcon.colcon_core.package_identification:_identify(src/MIA26_phase2_ros_contest) by extensions ['cmake', 'python']
[0.813s] Level 1:colcon.colcon_core.package_identification:_identify(src/MIA26_phase2_ros_contest) by extension 'cmake'
[0.813s] Level 1:colcon.colcon_core.package_identification:_identify(src/MIA26_phase2_ros_contest) by extension 'python'
[0.813s] Level 1:colcon.colcon_core.package_identification:_identify(src/MIA26_phase2_ros_contest) by extensions ['python_setup_py']
[0.813s] Level 1:colcon.colcon_core.package_identification:_identify(src/MIA26_phase2_ros_contest) by extension 'python_setup_py'
[0.813s] Level 1:colcon.colcon_core.package_identification:_identify(src/MIA26_phase2_ros_contest/assets) by extensions ['ignore', 'ignore_ament_install']
[0.813s] Level 1:colcon.colcon_core.package_identification:_identify(src/MIA26_phase2_ros_contest/assets) by extension 'ignore'
[0.813s] Level 1:colcon.colcon_core.package_identification:_identify(src/MIA26_phase2_ros_contest/assets) by extension 'ignore_ament_install'
[0.814s] Level 1:colcon.colcon_core.package_identification:_identify(src/MIA26_phase2_ros_contest/assets) by extensions ['colcon_pkg']
[0.814s] Level 1:colcon.colcon_core.package_identification:_identify(src/MIA26_phase2_ros_contest/assets) by extension 'colcon_pkg'
[0.814s] Level 1:colcon.colcon_core.package_identification:_identify(src/MIA26_phase2_ros_contest/assets) by extensions ['colcon_meta']
[0.814s] Level 1:colcon.colcon_core.package_identification:_identify(src/MIA26_phase2_ros_contest/assets) by extension 'colcon_meta'
[0.814s] Level 1:colcon.colcon_core.package_identification:_identify(src/MIA26_phase2_ros_contest/assets) by extensions ['ros']
[0.814s] Level 1:colcon.colcon_core.package_identification:_identify(src/MIA26_phase2_ros_contest/assets) by extension 'ros'
[0.814s] Level 1:colcon.colcon_core.package_identification:_identify(src/MIA26_phase2_ros_contest/assets) by extensions ['cmake', 'python']
[0.814s] Level 1:colcon.colcon_core.package_identification:_identify(src/MIA26_phase2_ros_contest/assets) by extension 'cmake'
[0.814s] Level 1:colcon.colcon_core.package_identification:_identify(src/MIA26_phase2_ros_contest/assets) by extension 'python'
[0.814s] Level 1:colcon.colcon_core.package_identification:_identify(src/MIA26_phase2_ros_contest/assets) by extensions ['python_setup_py']
[0.814s] Level 1:colcon.colcon_core.package_identification:_identify(src/MIA26_phase2_ros_contest/assets) by extension 'python_setup_py'
[0.815s] Level 1:colcon.colcon_core.package_identification:_identify(src/MIA26_phase2_ros_contest/maze_control) by extensions ['ignore', 'ignore_ament_install']
[0.815s] Level 1:colcon.colcon_core.package_identification:_identify(src/MIA26_phase2_ros_contest/maze_control) by extension 'ignore'
[0.815s] Level 1:colcon.colcon_core.package_identification:_identify(src/MIA26_phase2_ros_contest/maze_control) by extension 'ignore_ament_install'
[0.815s] Level 1:colcon.colcon_core.package_identification:_identify(src/MIA26_phase2_ros_contest/maze_control) by extensions ['colcon_pkg']
[0.817s] Level 1:colcon.colcon_core.package_identification:_identify(src/MIA26_phase2_ros_contest/maze_control) by extension 'colcon_pkg'
[0.817s] Level 1:colcon.colcon_core.package_identification:_identify(src/MIA26_phase2_ros_contest/maze_control) by extensions ['colcon_meta']
[0.817s] Level 1:colcon.colcon_core.package_identification:_identify(src/MIA26_phase2_ros_contest/maze_control) by extension 'colcon_meta'
[0.817s] Level 1:colcon.colcon_core.package_identification:_identify(src/MIA26_phase2_ros_contest/maze_control) by extensions ['ros']
[0.817s] Level 1:colcon.colcon_core.package_identification:_identify(src/MIA26_phase2_ros_contest/maze_control) by extension 'ros'
[0.827s] DEBUG:colcon.colcon_core.package_identification:Package 'src/MIA26_phase2_ros_contest/maze_control' with type 'ros.ament_python' and name 'maze_control'
[0.828s] Level 1:colcon.colcon_core.package_identification:_identify(src/build) by extensions ['ignore', 'ignore_ament_install']
[0.828s] Level 1:colcon.colcon_core.package_identification:_identify(src/build) by extension 'ignore'
[0.828s] Level 1:colcon.colcon_core.package_identification:_identify(src/build) ignored
[0.829s] Level 1:colcon.colcon_core.package_identification:_identify(src/install) by extensions ['ignore', 'ignore_ament_install']
[0.829s] Level 1:colcon.colcon_core.package_identification:_identify(src/install) by extension 'ignore'
[0.829s] Level 1:colcon.colcon_core.package_identification:_identify(src/install) ignored
[0.829s] Level 1:colcon.colcon_core.package_identification:_identify(src/interfaces) by extensions ['ignore', 'ignore_ament_install']
[0.830s] Level 1:colcon.colcon_core.package_identification:_identify(src/interfaces) by extension 'ignore'
[0.830s] Level 1:colcon.colcon_core.package_identification:_identify(src/interfaces) by extension 'ignore_ament_install'
[0.830s] Level 1:colcon.colcon_core.package_identification:_identify(src/interfaces) by extensions ['colcon_pkg']
[0.830s] Level 1:colcon.colcon_core.package_identification:_identify(src/interfaces) by extension 'colcon_pkg'
[0.831s] Level 1:colcon.colcon_core.package_identification:_identify(src/interfaces) by extensions ['colcon_meta']
[0.831s] Level 1:colcon.colcon_core.package_identification:_identify(src/interfaces) by extension 'colcon_meta'
[0.831s] Level 1:colcon.colcon_core.package_identification:_identify(src/interfaces) by extensions ['ros']
[0.831s] Level 1:colcon.colcon_core.package_identification:_identify(src/interfaces) by extension 'ros'
[0.833s] DEBUG:colcon.colcon_core.package_identification:Package 'src/interfaces' with type 'ros.ament_cmake' and name 'interfaces'
[0.833s] Level 1:colcon.colcon_core.package_identification:_identify(src/log) by extensions ['ignore', 'ignore_ament_install']
[0.833s] Level 1:colcon.colcon_core.package_identification:_identify(src/log) by extension 'ignore'
[0.833s] Level 1:colcon.colcon_core.package_identification:_identify(src/log) ignored
[0.833s] Level 1:colcon.colcon_core.package_identification:_identify(src/mazeSolve_pkg) by extensions ['ignore', 'ignore_ament_install']
[0.834s] Level 1:colcon.colcon_core.package_identification:_identify(src/mazeSolve_pkg) by extension 'ignore'
[0.834s] Level 1:colcon.colcon_core.package_identification:_identify(src/mazeSolve_pkg) by extension 'ignore_ament_install'
[0.834s] Level 1:colcon.colcon_core.package_identification:_identify(src/mazeSolve_pkg) by extensions ['colcon_pkg']
[0.834s] Level 1:colcon.colcon_core.package_identification:_identify(src/mazeSolve_pkg) by extension 'colcon_pkg'
[0.834s] Level 1:colcon.colcon_core.package_identification:_identify(src/mazeSolve_pkg) by extensions ['colcon_meta']
[0.834s] Level 1:colcon.colcon_core.package_identification:_identify(src/mazeSolve_pkg) by extension 'colcon_meta'
[0.834s] Level 1:colcon.colcon_core.package_identification:_identify(src/mazeSolve_pkg) by extensions ['ros']
[0.834s] Level 1:colcon.colcon_core.package_identification:_identify(src/mazeSolve_pkg) by extension 'ros'
[0.836s] DEBUG:colcon.colcon_core.package_identification:Package 'src/mazeSolve_pkg' with type 'ros.ament_python' and name 'mazeSolve_pkg'
[0.837s] Level 1:colcon.colcon_core.package_discovery:discover_packages(recursive) using defaults
[0.837s] Level 1:colcon.colcon_core.package_discovery:discover_packages(ignore) discover
[0.837s] Level 1:colcon.colcon_core.package_discovery:discover_packages(ignore) using defaults
[0.837s] Level 1:colcon.colcon_core.package_discovery:discover_packages(path) discover
[0.837s] Level 1:colcon.colcon_core.package_discovery:discover_packages(path) using defaults
[0.969s] Level 5:colcon.colcon_core.verb:set package 'interfaces' build argument 'cmake_args' from command line to 'None'
[0.969s] Level 5:colcon.colcon_core.verb:set package 'interfaces' build argument 'cmake_target' from command line to 'None'
[0.969s] Level 5:colcon.colcon_core.verb:set package 'interfaces' build argument 'cmake_target_skip_unavailable' from command line to 'False'
[0.969s] Level 5:colcon.colcon_core.verb:set package 'interfaces' build argument 'cmake_clean_cache' from command line to 'False'
[0.969s] Level 5:colcon.colcon_core.verb:set package 'interfaces' build argument 'cmake_clean_first' from command line to 'False'
[0.969s] Level 5:colcon.colcon_core.verb:set package 'interfaces' build argument 'cmake_force_configure' from command line to 'False'
[0.969s] Level 5:colcon.colcon_core.verb:set package 'interfaces' build argument 'ament_cmake_args' from command line to 'None'
[0.969s] Level 5:colcon.colcon_core.verb:set package 'interfaces' build argument 'catkin_cmake_args' from command line to 'None'
[0.969s] Level 5:colcon.colcon_core.verb:set package 'interfaces' build argument 'catkin_skip_building_tests' from command line to 'False'
[0.969s] DEBUG:colcon.colcon_core.verb:Building package 'interfaces' with the following arguments: {'ament_cmake_args': None, 'build_base': '/root/training_ws_merge2/build/interfaces', 'catkin_cmake_args': None, 'catkin_skip_building_tests': False, 'cmake_args': None, 'cmake_clean_cache': False, 'cmake_clean_first': False, 'cmake_force_configure': False, 'cmake_target': None, 'cmake_target_skip_unavailable': False, 'install_base': '/root/training_ws_merge2/install/interfaces', 'merge_install': False, 'path': '/root/training_ws_merge2/src/interfaces', 'symlink_install': True, 'test_result_base': None}
[0.970s] Level 5:colcon.colcon_core.verb:set package 'mazeSolve_pkg' build argument 'cmake_args' from command line to 'None'
[0.970s] Level 5:colcon.colcon_core.verb:set package 'mazeSolve_pkg' build argument 'cmake_target' from command line to 'None'
[0.970s] Level 5:colcon.colcon_core.verb:set package 'mazeSolve_pkg' build argument 'cmake_target_skip_unavailable' from command line to 'False'
[0.971s] Level 5:colcon.colcon_core.verb:set package 'mazeSolve_pkg' build argument 'cmake_clean_cache' from command line to 'False'
[0.971s] Level 5:colcon.colcon_core.verb:set package 'mazeSolve_pkg' build argument 'cmake_clean_first' from command line to 'False'
[0.971s] Level 5:colcon.colcon_core.verb:set package 'mazeSolve_pkg' build argument 'cmake_force_configure' from command line to 'False'
[0.971s] Level 5:colcon.colcon_core.verb:set package 'mazeSolve_pkg' build argument 'ament_cmake_args' from command line to 'None'
[0.971s] Level 5:colcon.colcon_core.verb:set package 'mazeSolve_pkg' build argument 'catkin_cmake_args' from command line to 'None'
[0.971s] Level 5:colcon.colcon_core.verb:set package 'mazeSolve_pkg' build argument 'catkin_skip_building_tests' from command line to 'False'
[0.971s] DEBUG:colcon.colcon_core.verb:Building package 'mazeSolve_pkg' with the following arguments: {'ament_cmake_args': None, 'build_base': '/root/training_ws_merge2/build/mazeSolve_pkg', 'catkin_cmake_args': None, 'catkin_skip_building_tests': False, 'cmake_args': None, 'cmake_clean_cache': False, 'cmake_clean_first': False, 'cmake_force_configure': False, 'cmake_target': None, 'cmake_target_skip_unavailable': False, 'install_base': '/root/training_ws_merge2/install/mazeSolve_pkg', 'merge_install': False, 'path': '/root/training_ws_merge2/src/mazeSolve_pkg', 'symlink_install': True, 'test_result_base': None}
[0.972s] Level 5:colcon.colcon_core.verb:set package 'maze_control' build argument 'cmake_args' from command line to 'None'
[0.972s] Level 5:colcon.colcon_core.verb:set package 'maze_control' build argument 'cmake_target' from command line to 'None'
[0.972s] Level 5:colcon.colcon_core.verb:set package 'maze_control' build argument 'cmake_target_skip_unavailable' from command line to 'False'
[0.972s] Level 5:colcon.colcon_core.verb:set package 'maze_control' build argument 'cmake_clean_cache' from command line to 'False'
[0.972s] Level 5:colcon.colcon_core.verb:set package 'maze_control' build argument 'cmake_clean_first' from command line to 'False'
[0.973s] Level 5:colcon.colcon_core.verb:set package 'maze_control' build argument 'cmake_force_configure' from command line to 'False'
[0.973s] Level 5:colcon.colcon_core.verb:set package 'maze_control' build argument 'ament_cmake_args' from command line to 'None'
[0.973s] Level 5:colcon.colcon_core.verb:set package 'maze_control' build argument 'catkin_cmake_args' from command line to 'None'
[0.973s] Level 5:colcon.colcon_core.verb:set package 'maze_control' build argument 'catkin_skip_building_tests' from command line to 'False'
[0.973s] DEBUG:colcon.colcon_core.verb:Building package 'maze_control' with the following arguments: {'ament_cmake_args': None, 'build_base': '/root/training_ws_merge2/build/maze_control', 'catkin_cmake_args': None, 'catkin_skip_building_tests': False, 'cmake_args': None, 'cmake_clean_cache': False, 'cmake_clean_first': False, 'cmake_force_configure': False, 'cmake_target': None, 'cmake_target_skip_unavailable': False, 'install_base': '/root/training_ws_merge2/install/maze_control', 'merge_install': False, 'path': '/root/training_ws_merge2/src/MIA26_phase2_ros_contest/maze_control', 'symlink_install': True, 'test_result_base': None}
[0.973s] INFO:colcon.colcon_core.executor:Executing jobs using 'parallel' executor
[0.976s] DEBUG:colcon.colcon_parallel_executor.executor.parallel:run_until_complete
[0.976s] INFO:colcon.colcon_ros.task.ament_cmake.build:Building ROS package in '/root/training_ws_merge2/src/interfaces' with build type 'ament_cmake'
[0.977s] INFO:colcon.colcon_cmake.task.cmake.build:Building CMake package in '/root/training_ws_merge2/src/interfaces'
[0.987s] INFO:colcon.colcon_core.plugin_system:Skipping extension 'colcon_core.shell.bat': Not used on non-Windows systems
[0.989s] INFO:colcon.colcon_core.shell:Skip shell extension 'powershell' for command environment: Not usable outside of PowerShell
[0.989s] DEBUG:colcon.colcon_core.shell:Skip shell extension 'dsv' for command environment
[1.031s] DEBUG:colcon.colcon_core.event_handler.log_command:Invoking command in '/root/training_ws_merge2/build/interfaces': CMAKE_PREFIX_PATH=${CMAKE_PREFIX_PATH}:/opt/ros/jazzy /usr/bin/cmake /root/training_ws_merge2/src/interfaces -DAMENT_CMAKE_SYMLINK_INSTALL=1 -DCMAKE_INSTALL_PREFIX=/root/training_ws_merge2/install/interfaces
[10.345s] DEBUG:colcon.colcon_core.event_handler.log_command:Invoked command in '/root/training_ws_merge2/build/interfaces' returned '0': CMAKE_PREFIX_PATH=${CMAKE_PREFIX_PATH}:/opt/ros/jazzy /usr/bin/cmake /root/training_ws_merge2/src/interfaces -DAMENT_CMAKE_SYMLINK_INSTALL=1 -DCMAKE_INSTALL_PREFIX=/root/training_ws_merge2/install/interfaces
[10.347s] DEBUG:colcon.colcon_core.event_handler.log_command:Invoking command in '/root/training_ws_merge2/build/interfaces': CMAKE_PREFIX_PATH=${CMAKE_PREFIX_PATH}:/opt/ros/jazzy /usr/bin/cmake --build /root/training_ws_merge2/build/interfaces -- -j8 -l8
[36.528s] DEBUG:colcon.colcon_core.event_handler.log_command:Invoked command in '/root/training_ws_merge2/build/interfaces' returned '0': CMAKE_PREFIX_PATH=${CMAKE_PREFIX_PATH}:/opt/ros/jazzy /usr/bin/cmake --build /root/training_ws_merge2/build/interfaces -- -j8 -l8
[36.555s] DEBUG:colcon.colcon_core.event_handler.log_command:Invoking command in '/root/training_ws_merge2/build/interfaces': CMAKE_PREFIX_PATH=${CMAKE_PREFIX_PATH}:/opt/ros/jazzy /usr/bin/cmake --install /root/training_ws_merge2/build/interfaces
[38.479s] Level 1:colcon.colcon_core.environment:create_environment_scripts_only(interfaces)
[38.480s] DEBUG:colcon.colcon_core.event_handler.log_command:Invoked command in '/root/training_ws_merge2/build/interfaces' returned '0': CMAKE_PREFIX_PATH=${CMAKE_PREFIX_PATH}:/opt/ros/jazzy /usr/bin/cmake --install /root/training_ws_merge2/build/interfaces
[38.490s] Level 1:colcon.colcon_core.environment:checking '/root/training_ws_merge2/install/interfaces' for CMake module files
[38.492s] Level 1:colcon.colcon_core.environment:checking '/root/training_ws_merge2/install/interfaces' for CMake config files
[38.493s] Level 1:colcon.colcon_core.shell:create_environment_hook('interfaces', 'cmake_prefix_path')
[38.494s] INFO:colcon.colcon_core.shell:Creating environment hook '/root/training_ws_merge2/install/interfaces/share/interfaces/hook/cmake_prefix_path.ps1'
[38.496s] INFO:colcon.colcon_core.shell:Creating environment descriptor '/root/training_ws_merge2/install/interfaces/share/interfaces/hook/cmake_prefix_path.dsv'
[38.498s] INFO:colcon.colcon_core.shell:Creating environment hook '/root/training_ws_merge2/install/interfaces/share/interfaces/hook/cmake_prefix_path.sh'
[38.500s] Level 1:colcon.colcon_core.environment:checking '/root/training_ws_merge2/install/interfaces/lib'
[38.500s] Level 1:colcon.colcon_core.shell:create_environment_hook('interfaces', 'ld_library_path_lib')
[38.501s] INFO:colcon.colcon_core.shell:Creating environment hook '/root/training_ws_merge2/install/interfaces/share/interfaces/hook/ld_library_path_lib.ps1'
[38.502s] INFO:colcon.colcon_core.shell:Creating environment descriptor '/root/training_ws_merge2/install/interfaces/share/interfaces/hook/ld_library_path_lib.dsv'
[38.504s] INFO:colcon.colcon_core.shell:Creating environment hook '/root/training_ws_merge2/install/interfaces/share/interfaces/hook/ld_library_path_lib.sh'
[38.504s] Level 1:colcon.colcon_core.environment:checking '/root/training_ws_merge2/install/interfaces/bin'
[38.505s] Level 1:colcon.colcon_core.environment:checking '/root/training_ws_merge2/install/interfaces/lib/pkgconfig/interfaces.pc'
[38.509s] Level 1:colcon.colcon_core.environment:checking '/root/training_ws_merge2/install/interfaces/lib/python3.12/site-packages'
[38.509s] Level 1:colcon.colcon_core.shell:create_environment_hook('interfaces', 'pythonpath')
[38.509s] INFO:colcon.colcon_core.shell:Creating environment hook '/root/training_ws_merge2/install/interfaces/share/interfaces/hook/pythonpath.ps1'
[38.510s] INFO:colcon.colcon_core.shell:Creating environment descriptor '/root/training_ws_merge2/install/interfaces/share/interfaces/hook/pythonpath.dsv'
[38.512s] INFO:colcon.colcon_core.shell:Creating environment hook '/root/training_ws_merge2/install/interfaces/share/interfaces/hook/pythonpath.sh'
[38.514s] Level 1:colcon.colcon_core.environment:checking '/root/training_ws_merge2/install/interfaces/bin'
[38.515s] INFO:colcon.colcon_core.shell:Creating package script '/root/training_ws_merge2/install/interfaces/share/interfaces/package.ps1'
[38.518s] INFO:colcon.colcon_core.shell:Creating package descriptor '/root/training_ws_merge2/install/interfaces/share/interfaces/package.dsv'
[38.521s] INFO:colcon.colcon_core.shell:Creating package script '/root/training_ws_merge2/install/interfaces/share/interfaces/package.sh'
[38.523s] INFO:colcon.colcon_core.shell:Creating package script '/root/training_ws_merge2/install/interfaces/share/interfaces/package.bash'
[38.524s] INFO:colcon.colcon_core.shell:Creating package script '/root/training_ws_merge2/install/interfaces/share/interfaces/package.zsh'
[38.525s] Level 1:colcon.colcon_core.environment:create_file_with_runtime_dependencies(/root/training_ws_merge2/install/interfaces/share/colcon-core/packages/interfaces)
[38.526s] Level 1:colcon.colcon_core.environment:create_environment_scripts_only(interfaces)
[38.527s] Level 1:colcon.colcon_core.environment:checking '/root/training_ws_merge2/install/interfaces' for CMake module files
[38.529s] Level 1:colcon.colcon_core.environment:checking '/root/training_ws_merge2/install/interfaces' for CMake config files
[38.530s] Level 1:colcon.colcon_core.shell:create_environment_hook('interfaces', 'cmake_prefix_path')
[38.531s] INFO:colcon.colcon_core.shell:Creating environment hook '/root/training_ws_merge2/install/interfaces/share/interfaces/hook/cmake_prefix_path.ps1'
[38.532s] INFO:colcon.colcon_core.shell:Creating environment descriptor '/root/training_ws_merge2/install/interfaces/share/interfaces/hook/cmake_prefix_path.dsv'
[38.533s] INFO:colcon.colcon_core.shell:Creating environment hook '/root/training_ws_merge2/install/interfaces/share/interfaces/hook/cmake_prefix_path.sh'
[38.535s] Level 1:colcon.colcon_core.environment:checking '/root/training_ws_merge2/install/interfaces/lib'
[38.535s] Level 1:colcon.colcon_core.shell:create_environment_hook('interfaces', 'ld_library_path_lib')
[38.536s] INFO:colcon.colcon_core.shell:Creating environment hook '/root/training_ws_merge2/install/interfaces/share/interfaces/hook/ld_library_path_lib.ps1'
[38.537s] INFO:colcon.colcon_core.shell:Creating environment descriptor '/root/training_ws_merge2/install/interfaces/share/interfaces/hook/ld_library_path_lib.dsv'
[38.538s] INFO:colcon.colcon_core.shell:Creating environment hook '/root/training_ws_merge2/install/interfaces/share/interfaces/hook/ld_library_path_lib.sh'
[38.539s] Level 1:colcon.colcon_core.environment:checking '/root/training_ws_merge2/install/interfaces/bin'
[38.539s] Level 1:colcon.colcon_core.environment:checking '/root/training_ws_merge2/install/interfaces/lib/pkgconfig/interfaces.pc'
[38.539s] Level 1:colcon.colcon_core.environment:checking '/root/training_ws_merge2/install/interfaces/lib/python3.12/site-packages'
[38.540s] Level 1:colcon.colcon_core.shell:create_environment_hook('interfaces', 'pythonpath')
[38.540s] INFO:colcon.colcon_core.shell:Creating environment hook '/root/training_ws_merge2/install/interfaces/share/interfaces/hook/pythonpath.ps1'
[38.541s] INFO:colcon.colcon_core.shell:Creating environment descriptor '/root/training_ws_merge2/install/interfaces/share/interfaces/hook/pythonpath.dsv'
[38.542s] INFO:colcon.colcon_core.shell:Creating environment hook '/root/training_ws_merge2/install/interfaces/share/interfaces/hook/pythonpath.sh'
[38.544s] Level 1:colcon.colcon_core.environment:checking '/root/training_ws_merge2/install/interfaces/bin'
[38.545s] INFO:colcon.colcon_core.shell:Creating package script '/root/training_ws_merge2/install/interfaces/share/interfaces/package.ps1'
[38.547s] INFO:colcon.colcon_core.shell:Creating package descriptor '/root/training_ws_merge2/install/interfaces/share/interfaces/package.dsv'
[38.548s] INFO:colcon.colcon_core.shell:Creating package script '/root/training_ws_merge2/install/interfaces/share/interfaces/package.sh'
[38.549s] INFO:colcon.colcon_core.shell:Creating package script '/root/training_ws_merge2/install/interfaces/share/interfaces/package.bash'
[38.550s] INFO:colcon.colcon_core.shell:Creating package script '/root/training_ws_merge2/install/interfaces/share/interfaces/package.zsh'
[38.552s] Level 1:colcon.colcon_core.environment:create_file_with_runtime_dependencies(/root/training_ws_merge2/install/interfaces/share/colcon-core/packages/interfaces)
[38.554s] INFO:colcon.colcon_ros.task.ament_python.build:Building ROS package in '/root/training_ws_merge2/src/mazeSolve_pkg' with build type 'ament_python'
[38.554s] Level 1:colcon.colcon_core.shell:create_environment_hook('mazeSolve_pkg', 'ament_prefix_path')
[38.555s] INFO:colcon.colcon_core.shell:Creating environment hook '/root/training_ws_merge2/install/mazeSolve_pkg/share/mazeSolve_pkg/hook/ament_prefix_path.ps1'
[38.556s] INFO:colcon.colcon_core.shell:Creating environment descriptor '/root/training_ws_merge2/install/mazeSolve_pkg/share/mazeSolve_pkg/hook/ament_prefix_path.dsv'
[38.557s] INFO:colcon.colcon_core.shell:Creating environment hook '/root/training_ws_merge2/install/mazeSolve_pkg/share/mazeSolve_pkg/hook/ament_prefix_path.sh'
[38.558s] INFO:colcon.colcon_core.shell:Skip shell extension 'powershell' for command environment: Not usable outside of PowerShell
[38.558s] DEBUG:colcon.colcon_core.shell:Skip shell extension 'dsv' for command environment
[38.570s] INFO:colcon.colcon_ros.task.ament_python.build:Building ROS package in '/root/training_ws_merge2/src/MIA26_phase2_ros_contest/maze_control' with build type 'ament_python'
[38.570s] Level 1:colcon.colcon_core.shell:create_environment_hook('maze_control', 'ament_prefix_path')
[38.571s] INFO:colcon.colcon_core.shell:Creating environment hook '/root/training_ws_merge2/install/maze_control/share/maze_control/hook/ament_prefix_path.ps1'
[38.572s] INFO:colcon.colcon_core.shell:Creating environment descriptor '/root/training_ws_merge2/install/maze_control/share/maze_control/hook/ament_prefix_path.dsv'
[38.573s] INFO:colcon.colcon_core.shell:Creating environment hook '/root/training_ws_merge2/install/maze_control/share/maze_control/hook/ament_prefix_path.sh'
[38.574s] INFO:colcon.colcon_core.shell:Skip shell extension 'powershell' for command environment: Not usable outside of PowerShell
[38.574s] DEBUG:colcon.colcon_core.shell:Skip shell extension 'dsv' for command environment
[39.129s] INFO:colcon.colcon_core.task.python.build:Building Python package in '/root/training_ws_merge2/src/mazeSolve_pkg'
[39.129s] INFO:colcon.colcon_core.shell:Skip shell extension 'powershell' for command environment: Not usable outside of PowerShell
[39.129s] DEBUG:colcon.colcon_core.shell:Skip shell extension 'dsv' for command environment
[39.678s] INFO:colcon.colcon_core.task.python.build:Building Python package in '/root/training_ws_merge2/src/MIA26_phase2_ros_contest/maze_control'
[39.678s] INFO:colcon.colcon_core.shell:Skip shell extension 'powershell' for command environment: Not usable outside of PowerShell
[39.678s] DEBUG:colcon.colcon_core.shell:Skip shell extension 'dsv' for command environment
[41.406s] DEBUG:colcon.colcon_core.task.python.build:Available setuptools commands: build, build_clib, build_py, test, extract_messages, clean, install_data, develop, sdist, build_ext, compile_catalog, check, editable_wheel, upload, install, easy_install, bdist_dumb, egg_info, bdist_egg, install_headers, rotate, bdist_rpm, upload_docs, symlink_data, setopt, dist_info, alias, bdist, install_scripts, install_egg_info, saveopts, update_catalog, install_lib, init_catalog, register, build_scripts
[41.411s] DEBUG:colcon.colcon_core.task.python.build:Available setuptools commands: build, build_clib, build_py, test, extract_messages, clean, install_data, develop, sdist, build_ext, compile_catalog, check, editable_wheel, upload, install, easy_install, bdist_dumb, egg_info, bdist_egg, install_headers, rotate, bdist_rpm, upload_docs, symlink_data, setopt, dist_info, alias, bdist, install_scripts, install_egg_info, saveopts, update_catalog, install_lib, init_catalog, register, build_scripts
[42.298s] DEBUG:colcon.colcon_core.task.python.build:Available setuptools 'develop' options: --editable, --no-find-links, --install-layout, --exclude-scripts, --find-links, --prefix, --force-installation-into-system-dir, --always-unzip, --verbose, --allow-hosts, --site-dirs, --quiet, --no-user-cfg, --script-dir, --egg-path, --uninstall, --local-snapshots-ok, --build-directory, --optimize, --user, --version, --zip-ok, --install-dir, --dry-run, --multi-version, --record, --index-url, --always-copy, --help, --upgrade, --no-deps
[42.301s] DEBUG:colcon.colcon_core.event_handler.log_command:Invoking command in '/root/training_ws_merge2/build/mazeSolve_pkg': AMENT_PREFIX_PATH=/root/training_ws_merge2/install/interfaces:${AMENT_PREFIX_PATH} CMAKE_PREFIX_PATH=/root/training_ws_merge2/install/interfaces:${CMAKE_PREFIX_PATH} LD_LIBRARY_PATH=/root/training_ws_merge2/install/interfaces/lib:${LD_LIBRARY_PATH} PYTHONPATH=/root/training_ws_merge2/build/mazeSolve_pkg/prefix_override:/usr/lib/python3/dist-packages/colcon_core/task/python/colcon_distutils_commands:/root/training_ws_merge2/install/mazeSolve_pkg/lib/python3.12/site-packages:/root/training_ws_merge2/install/interfaces/lib/python3.12/site-packages:${PYTHONPATH} /usr/bin/python3 -W ignore:setup.py install is deprecated -W ignore:easy_install command is deprecated setup.py develop --editable --build-directory /root/training_ws_merge2/build/mazeSolve_pkg/build --no-deps symlink_data
[42.355s] DEBUG:colcon.colcon_core.task.python.build:Available setuptools 'develop' options: --editable, --no-find-links, --install-layout, --exclude-scripts, --find-links, --prefix, --force-installation-into-system-dir, --always-unzip, --verbose, --allow-hosts, --site-dirs, --quiet, --no-user-cfg, --script-dir, --egg-path, --uninstall, --local-snapshots-ok, --build-directory, --optimize, --user, --version, --zip-ok, --install-dir, --dry-run, --multi-version, --record, --index-url, --always-copy, --help, --upgrade, --no-deps
[42.359s] DEBUG:colcon.colcon_core.event_handler.log_command:Invoking command in '/root/training_ws_merge2/build/maze_control': AMENT_PREFIX_PATH=/root/training_ws_merge2/install/interfaces:${AMENT_PREFIX_PATH} CMAKE_PREFIX_PATH=/root/training_ws_merge2/install/interfaces:${CMAKE_PREFIX_PATH} LD_LIBRARY_PATH=/root/training_ws_merge2/install/interfaces/lib:${LD_LIBRARY_PATH} PYTHONPATH=/root/training_ws_merge2/build/maze_control/prefix_override:/usr/lib/python3/dist-packages/colcon_core/task/python/colcon_distutils_commands:/root/training_ws_merge2/install/maze_control/lib/python3.12/site-packages:/root/training_ws_merge2/install/interfaces/lib/python3.12/site-packages:${PYTHONPATH} /usr/bin/python3 -W ignore:setup.py install is deprecated -W ignore:easy_install command is deprecated setup.py develop --editable --build-directory /root/training_ws_merge2/build/maze_control/build --no-deps symlink_data
[44.082s] Level 1:colcon.colcon_core.shell:create_environment_hook('mazeSolve_pkg', 'pythonpath_develop')
[44.082s] INFO:colcon.colcon_core.shell:Creating environment hook '/root/training_ws_merge2/build/mazeSolve_pkg/share/mazeSolve_pkg/hook/pythonpath_develop.ps1'
[44.084s] DEBUG:colcon.colcon_core.event_handler.log_command:Invoked command in '/root/training_ws_merge2/build/mazeSolve_pkg' returned '0': AMENT_PREFIX_PATH=/root/training_ws_merge2/install/interfaces:${AMENT_PREFIX_PATH} CMAKE_PREFIX_PATH=/root/training_ws_merge2/install/interfaces:${CMAKE_PREFIX_PATH} LD_LIBRARY_PATH=/root/training_ws_merge2/install/interfaces/lib:${LD_LIBRARY_PATH} PYTHONPATH=/root/training_ws_merge2/build/mazeSolve_pkg/prefix_override:/usr/lib/python3/dist-packages/colcon_core/task/python/colcon_distutils_commands:/root/training_ws_merge2/install/mazeSolve_pkg/lib/python3.12/site-packages:/root/training_ws_merge2/install/interfaces/lib/python3.12/site-packages:${PYTHONPATH} /usr/bin/python3 -W ignore:setup.py install is deprecated -W ignore:easy_install command is deprecated setup.py develop --editable --build-directory /root/training_ws_merge2/build/mazeSolve_pkg/build --no-deps symlink_data
[44.084s] INFO:colcon.colcon_core.shell:Creating environment descriptor '/root/training_ws_merge2/build/mazeSolve_pkg/share/mazeSolve_pkg/hook/pythonpath_develop.dsv'
[44.085s] INFO:colcon.colcon_core.shell:Creating environment hook '/root/training_ws_merge2/build/mazeSolve_pkg/share/mazeSolve_pkg/hook/pythonpath_develop.sh'
[44.086s] Level 1:colcon.colcon_core.environment:checking '/root/training_ws_merge2/install/mazeSolve_pkg' for CMake module files
[44.088s] Level 1:colcon.colcon_core.environment:checking '/root/training_ws_merge2/install/mazeSolve_pkg' for CMake config files
[44.089s] Level 1:colcon.colcon_core.environment:checking '/root/training_ws_merge2/install/mazeSolve_pkg/lib'
[44.089s] Level 1:colcon.colcon_core.environment:checking '/root/training_ws_merge2/install/mazeSolve_pkg/bin'
[44.089s] Level 1:colcon.colcon_core.environment:checking '/root/training_ws_merge2/install/mazeSolve_pkg/lib/pkgconfig/mazeSolve_pkg.pc'
[44.090s] Level 1:colcon.colcon_core.environment:checking '/root/training_ws_merge2/install/mazeSolve_pkg/lib/python3.12/site-packages'
[44.090s] Level 1:colcon.colcon_core.shell:create_environment_hook('mazeSolve_pkg', 'pythonpath')
[44.091s] INFO:colcon.colcon_core.shell:Creating environment hook '/root/training_ws_merge2/install/mazeSolve_pkg/share/mazeSolve_pkg/hook/pythonpath.ps1'
[44.092s] INFO:colcon.colcon_core.shell:Creating environment descriptor '/root/training_ws_merge2/install/mazeSolve_pkg/share/mazeSolve_pkg/hook/pythonpath.dsv'
[44.094s] INFO:colcon.colcon_core.shell:Creating environment hook '/root/training_ws_merge2/install/mazeSolve_pkg/share/mazeSolve_pkg/hook/pythonpath.sh'
[44.096s] Level 1:colcon.colcon_core.environment:checking '/root/training_ws_merge2/install/mazeSolve_pkg/bin'
[44.096s] Level 1:colcon.colcon_core.environment:create_environment_scripts_only(mazeSolve_pkg)
[44.097s] INFO:colcon.colcon_core.shell:Creating package script '/root/training_ws_merge2/install/mazeSolve_pkg/share/mazeSolve_pkg/package.ps1'
[44.099s] INFO:colcon.colcon_core.shell:Creating package descriptor '/root/training_ws_merge2/install/mazeSolve_pkg/share/mazeSolve_pkg/package.dsv'
[44.100s] INFO:colcon.colcon_core.shell:Creating package script '/root/training_ws_merge2/install/mazeSolve_pkg/share/mazeSolve_pkg/package.sh'
[44.102s] INFO:colcon.colcon_core.shell:Creating package script '/root/training_ws_merge2/install/mazeSolve_pkg/share/mazeSolve_pkg/package.bash'
[44.103s] INFO:colcon.colcon_core.shell:Creating package script '/root/training_ws_merge2/install/mazeSolve_pkg/share/mazeSolve_pkg/package.zsh'
[44.103s] Level 1:colcon.colcon_core.environment:create_file_with_runtime_dependencies(/root/training_ws_merge2/install/mazeSolve_pkg/share/colcon-core/packages/mazeSolve_pkg)
[44.242s] Level 1:colcon.colcon_core.shell:create_environment_hook('maze_control', 'pythonpath_develop')
[44.243s] INFO:colcon.colcon_core.shell:Creating environment hook '/root/training_ws_merge2/build/maze_control/share/maze_control/hook/pythonpath_develop.ps1'
[44.244s] INFO:colcon.colcon_core.shell:Creating environment descriptor '/root/training_ws_merge2/build/maze_control/share/maze_control/hook/pythonpath_develop.dsv'
[44.243s] DEBUG:colcon.colcon_core.event_handler.log_command:Invoked command in '/root/training_ws_merge2/build/maze_control' returned '0': AMENT_PREFIX_PATH=/root/training_ws_merge2/install/interfaces:${AMENT_PREFIX_PATH} CMAKE_PREFIX_PATH=/root/training_ws_merge2/install/interfaces:${CMAKE_PREFIX_PATH} LD_LIBRARY_PATH=/root/training_ws_merge2/install/interfaces/lib:${LD_LIBRARY_PATH} PYTHONPATH=/root/training_ws_merge2/build/maze_control/prefix_override:/usr/lib/python3/dist-packages/colcon_core/task/python/colcon_distutils_commands:/root/training_ws_merge2/install/maze_control/lib/python3.12/site-packages:/root/training_ws_merge2/install/interfaces/lib/python3.12/site-packages:${PYTHONPATH} /usr/bin/python3 -W ignore:setup.py install is deprecated -W ignore:easy_install command is deprecated setup.py develop --editable --build-directory /root/training_ws_merge2/build/maze_control/build --no-deps symlink_data
[44.246s] INFO:colcon.colcon_core.shell:Creating environment hook '/root/training_ws_merge2/build/maze_control/share/maze_control/hook/pythonpath_develop.sh'
[44.247s] Level 1:colcon.colcon_core.environment:checking '/root/training_ws_merge2/install/maze_control' for CMake module files
[44.249s] Level 1:colcon.colcon_core.environment:checking '/root/training_ws_merge2/install/maze_control' for CMake config files
[44.251s] Level 1:colcon.colcon_core.environment:checking '/root/training_ws_merge2/install/maze_control/lib'
[44.252s] Level 1:colcon.colcon_core.environment:checking '/root/training_ws_merge2/install/maze_control/bin'
[44.252s] Level 1:colcon.colcon_core.environment:checking '/root/training_ws_merge2/install/maze_control/lib/pkgconfig/maze_control.pc'
[44.252s] Level 1:colcon.colcon_core.environment:checking '/root/training_ws_merge2/install/maze_control/lib/python3.12/site-packages'
[44.253s] Level 1:colcon.colcon_core.shell:create_environment_hook('maze_control', 'pythonpath')
[44.253s] INFO:colcon.colcon_core.shell:Creating environment hook '/root/training_ws_merge2/install/maze_control/share/maze_control/hook/pythonpath.ps1'
[44.255s] INFO:colcon.colcon_core.shell:Creating environment descriptor '/root/training_ws_merge2/install/maze_control/share/maze_control/hook/pythonpath.dsv'
[44.256s] INFO:colcon.colcon_core.shell:Creating environment hook '/root/training_ws_merge2/install/maze_control/share/maze_control/hook/pythonpath.sh'
[44.258s] Level 1:colcon.colcon_core.environment:checking '/root/training_ws_merge2/install/maze_control/bin'
[44.258s] Level 1:colcon.colcon_core.environment:create_environment_scripts_only(maze_control)
[44.259s] INFO:colcon.colcon_core.shell:Creating package script '/root/training_ws_merge2/install/maze_control/share/maze_control/package.ps1'
[44.261s] INFO:colcon.colcon_core.shell:Creating package descriptor '/root/training_ws_merge2/install/maze_control/share/maze_control/package.dsv'
[44.263s] INFO:colcon.colcon_core.shell:Creating package script '/root/training_ws_merge2/install/maze_control/share/maze_control/package.sh'
[44.265s] INFO:colcon.colcon_core.shell:Creating package script '/root/training_ws_merge2/install/maze_control/share/maze_control/package.bash'
[44.266s] INFO:colcon.colcon_core.shell:Creating package script '/root/training_ws_merge2/install/maze_control/share/maze_control/package.zsh'
[44.267s] Level 1:colcon.colcon_core.environment:create_file_with_runtime_dependencies(/root/training_ws_merge2/install/maze_control/share/colcon-core/packages/maze_control)
[44.268s] DEBUG:colcon.colcon_parallel_executor.executor.parallel:closing loop
[44.269s] DEBUG:colcon.colcon_parallel_executor.executor.parallel:loop closed
[44.269s] DEBUG:colcon.colcon_parallel_executor.executor.parallel:run_until_complete finished with '0'
[44.269s] DEBUG:colcon.colcon_core.event_reactor:joining thread
[44.291s] INFO:colcon.colcon_core.plugin_system:Skipping extension 'colcon_notification.desktop_notification.notify_send': Could not find 'notify-send'
[44.291s] INFO:colcon.colcon_core.plugin_system:Skipping extension 'colcon_notification.desktop_notification.terminal_notifier': Not used on non-Darwin systems
[44.291s] INFO:colcon.colcon_core.plugin_system:Skipping extension 'colcon_notification.desktop_notification.win32': Not used on non-Windows systems
[44.291s] INFO:colcon.colcon_notification.desktop_notification:Sending desktop notification using 'notify2'
[44.298s] DEBUG:colcon.colcon_notification.desktop_notification.notify2:Failed to initialize notify2: org.freedesktop.DBus.Error.Spawn.ExecFailed: /usr/bin/dbus-launch terminated abnormally without any error message
[44.298s] DEBUG:colcon.colcon_core.event_reactor:joined thread
[44.299s] INFO:colcon.colcon_core.shell:Creating prefix script '/root/training_ws_merge2/install/local_setup.ps1'
[44.302s] INFO:colcon.colcon_core.shell:Creating prefix util module '/root/training_ws_merge2/install/_local_setup_util_ps1.py'
[44.305s] INFO:colcon.colcon_core.shell:Creating prefix chain script '/root/training_ws_merge2/install/setup.ps1'
[44.309s] INFO:colcon.colcon_core.shell:Creating prefix script '/root/training_ws_merge2/install/local_setup.sh'
[44.311s] INFO:colcon.colcon_core.shell:Creating prefix util module '/root/training_ws_merge2/install/_local_setup_util_sh.py'
[44.313s] INFO:colcon.colcon_core.shell:Creating prefix chain script '/root/training_ws_merge2/install/setup.sh'
[44.315s] INFO:colcon.colcon_core.shell:Creating prefix script '/root/training_ws_merge2/install/local_setup.bash'
[44.317s] INFO:colcon.colcon_core.shell:Creating prefix chain script '/root/training_ws_merge2/install/setup.bash'
[44.319s] INFO:colcon.colcon_core.shell:Creating prefix script '/root/training_ws_merge2/install/local_setup.zsh'
[44.320s] INFO:colcon.colcon_core.shell:Creating prefix chain script '/root/training_ws_merge2/install/setup.zsh'
