[0.173s] DEBUG:colcon:Command line arguments: ['/usr/bin/colcon', 'build']
[0.173s] DEBUG:colcon:Parsed command line arguments: Namespace(log_base=None, log_level=None, verb_name='build', build_base='build', install_base='install', merge_install=False, symlink_install=False, test_result_base=None, continue_on_error=False, executor='parallel', parallel_workers=12, event_handlers=None, ignore_user_meta=False, metas=['./colcon.meta'], base_paths=['.'], packages_ignore=None, packages_ignore_regex=None, paths=None, packages_up_to=None, packages_up_to_regex=None, packages_above=None, packages_above_and_dependencies=None, packages_above_depth=None, packages_select_by_dep=None, packages_skip_by_dep=None, packages_skip_up_to=None, packages_select_build_failed=False, packages_skip_build_finished=False, packages_select_test_failures=False, packages_skip_test_passed=False, packages_select=None, packages_skip=None, packages_select_regex=None, packages_skip_regex=None, packages_start=None, packages_end=None, allow_overriding=[], cmake_args=None, cmake_target=None, cmake_target_skip_unavailable=False, cmake_clean_cache=False, cmake_clean_first=False, cmake_force_configure=False, ament_cmake_args=None, catkin_cmake_args=None, catkin_skip_building_tests=False, mixin_files=None, mixin=None, verb_parser=<colcon_mixin.mixin.mixin_argument.MixinArgumentDecorator object at 0x76705d6a0a10>, verb_extension=<colcon_core.verb.build.BuildVerb object at 0x76705d6a0350>, main=<bound method BuildVerb.main of <colcon_core.verb.build.BuildVerb object at 0x76705d6a0350>>, mixin_verb=('build',))
[0.232s] Level 1:colcon.colcon_core.package_discovery:discover_packages(colcon_meta) check parameters
[0.232s] Level 1:colcon.colcon_core.package_discovery:discover_packages(recursive) check parameters
[0.233s] Level 1:colcon.colcon_core.package_discovery:discover_packages(ignore) check parameters
[0.233s] Level 1:colcon.colcon_core.package_discovery:discover_packages(path) check parameters
[0.233s] Level 1:colcon.colcon_core.package_discovery:discover_packages(colcon_meta) discover
[0.233s] Level 1:colcon.colcon_core.package_discovery:discover_packages(recursive) discover
[0.233s] INFO:colcon.colcon_core.package_discovery:Crawling recursively for packages in '/home/mohamed-khaled/Solving-Maze'
[0.233s] Level 1:colcon.colcon_core.package_identification:_identify(.) by extensions ['ignore', 'ignore_ament_install']
[0.233s] Level 1:colcon.colcon_core.package_identification:_identify(.) by extension 'ignore'
[0.233s] Level 1:colcon.colcon_core.package_identification:_identify(.) by extension 'ignore_ament_install'
[0.234s] Level 1:colcon.colcon_core.package_identification:_identify(.) by extensions ['colcon_pkg']
[0.234s] Level 1:colcon.colcon_core.package_identification:_identify(.) by extension 'colcon_pkg'
[0.234s] Level 1:colcon.colcon_core.package_identification:_identify(.) by extensions ['colcon_meta']
[0.234s] Level 1:colcon.colcon_core.package_identification:_identify(.) by extension 'colcon_meta'
[0.234s] Level 1:colcon.colcon_core.package_identification:_identify(.) by extensions ['ros']
[0.234s] Level 1:colcon.colcon_core.package_identification:_identify(.) by extension 'ros'
[0.275s] Level 1:colcon.colcon_core.package_identification:_identify(.) by extensions ['cmake', 'python']
[0.275s] Level 1:colcon.colcon_core.package_identification:_identify(.) by extension 'cmake'
[0.275s] Level 1:colcon.colcon_core.package_identification:_identify(.) by extension 'python'
[0.275s] Level 1:colcon.colcon_core.package_identification:_identify(.) by extensions ['python_setup_py']
[0.275s] Level 1:colcon.colcon_core.package_identification:_identify(.) by extension 'python_setup_py'
[0.275s] Level 1:colcon.colcon_core.package_identification:_identify(build) by extensions ['ignore', 'ignore_ament_install']
[0.275s] Level 1:colcon.colcon_core.package_identification:_identify(build) by extension 'ignore'
[0.276s] Level 1:colcon.colcon_core.package_identification:_identify(build) ignored
[0.276s] Level 1:colcon.colcon_core.package_identification:_identify(install) by extensions ['ignore', 'ignore_ament_install']
[0.276s] Level 1:colcon.colcon_core.package_identification:_identify(install) by extension 'ignore'
[0.276s] Level 1:colcon.colcon_core.package_identification:_identify(install) ignored
[0.276s] Level 1:colcon.colcon_core.package_identification:_identify(log) by extensions ['ignore', 'ignore_ament_install']
[0.276s] Level 1:colcon.colcon_core.package_identification:_identify(log) by extension 'ignore'
[0.277s] Level 1:colcon.colcon_core.package_identification:_identify(log) ignored
[0.277s] Level 1:colcon.colcon_core.package_identification:_identify(src) by extensions ['ignore', 'ignore_ament_install']
[0.277s] Level 1:colcon.colcon_core.package_identification:_identify(src) by extension 'ignore'
[0.277s] Level 1:colcon.colcon_core.package_identification:_identify(src) by extension 'ignore_ament_install'
[0.277s] Level 1:colcon.colcon_core.package_identification:_identify(src) by extensions ['colcon_pkg']
[0.277s] Level 1:colcon.colcon_core.package_identification:_identify(src) by extension 'colcon_pkg'
[0.277s] Level 1:colcon.colcon_core.package_identification:_identify(src) by extensions ['colcon_meta']
[0.277s] Level 1:colcon.colcon_core.package_identification:_identify(src) by extension 'colcon_meta'
[0.278s] Level 1:colcon.colcon_core.package_identification:_identify(src) by extensions ['ros']
[0.278s] Level 1:colcon.colcon_core.package_identification:_identify(src) by extension 'ros'
[0.278s] Level 1:colcon.colcon_core.package_identification:_identify(src) by extensions ['cmake', 'python']
[0.278s] Level 1:colcon.colcon_core.package_identification:_identify(src) by extension 'cmake'
[0.278s] Level 1:colcon.colcon_core.package_identification:_identify(src) by extension 'python'
[0.278s] Level 1:colcon.colcon_core.package_identification:_identify(src) by extensions ['python_setup_py']
[0.278s] Level 1:colcon.colcon_core.package_identification:_identify(src) by extension 'python_setup_py'
[0.278s] Level 1:colcon.colcon_core.package_identification:_identify(src/MIA26_phase2_ros_contest) by extensions ['ignore', 'ignore_ament_install']
[0.279s] Level 1:colcon.colcon_core.package_identification:_identify(src/MIA26_phase2_ros_contest) by extension 'ignore'
[0.279s] Level 1:colcon.colcon_core.package_identification:_identify(src/MIA26_phase2_ros_contest) by extension 'ignore_ament_install'
[0.279s] Level 1:colcon.colcon_core.package_identification:_identify(src/MIA26_phase2_ros_contest) by extensions ['colcon_pkg']
[0.279s] Level 1:colcon.colcon_core.package_identification:_identify(src/MIA26_phase2_ros_contest) by extension 'colcon_pkg'
[0.279s] Level 1:colcon.colcon_core.package_identification:_identify(src/MIA26_phase2_ros_contest) by extensions ['colcon_meta']
[0.279s] Level 1:colcon.colcon_core.package_identification:_identify(src/MIA26_phase2_ros_contest) by extension 'colcon_meta'
[0.279s] Level 1:colcon.colcon_core.package_identification:_identify(src/MIA26_phase2_ros_contest) by extensions ['ros']
[0.279s] Level 1:colcon.colcon_core.package_identification:_identify(src/MIA26_phase2_ros_contest) by extension 'ros'
[0.279s] Level 1:colcon.colcon_core.package_identification:_identify(src/MIA26_phase2_ros_contest) by extensions ['cmake', 'python']
[0.279s] Level 1:colcon.colcon_core.package_identification:_identify(src/MIA26_phase2_ros_contest) by extension 'cmake'
[0.280s] Level 1:colcon.colcon_core.package_identification:_identify(src/MIA26_phase2_ros_contest) by extension 'python'
[0.280s] Level 1:colcon.colcon_core.package_identification:_identify(src/MIA26_phase2_ros_contest) by extensions ['python_setup_py']
[0.280s] Level 1:colcon.colcon_core.package_identification:_identify(src/MIA26_phase2_ros_contest) by extension 'python_setup_py'
[0.280s] Level 1:colcon.colcon_core.package_identification:_identify(src/MIA26_phase2_ros_contest/assets) by extensions ['ignore', 'ignore_ament_install']
[0.280s] Level 1:colcon.colcon_core.package_identification:_identify(src/MIA26_phase2_ros_contest/assets) by extension 'ignore'
[0.280s] Level 1:colcon.colcon_core.package_identification:_identify(src/MIA26_phase2_ros_contest/assets) by extension 'ignore_ament_install'
[0.280s] Level 1:colcon.colcon_core.package_identification:_identify(src/MIA26_phase2_ros_contest/assets) by extensions ['colcon_pkg']
[0.280s] Level 1:colcon.colcon_core.package_identification:_identify(src/MIA26_phase2_ros_contest/assets) by extension 'colcon_pkg'
[0.281s] Level 1:colcon.colcon_core.package_identification:_identify(src/MIA26_phase2_ros_contest/assets) by extensions ['colcon_meta']
[0.281s] Level 1:colcon.colcon_core.package_identification:_identify(src/MIA26_phase2_ros_contest/assets) by extension 'colcon_meta'
[0.281s] Level 1:colcon.colcon_core.package_identification:_identify(src/MIA26_phase2_ros_contest/assets) by extensions ['ros']
[0.281s] Level 1:colcon.colcon_core.package_identification:_identify(src/MIA26_phase2_ros_contest/assets) by extension 'ros'
[0.281s] Level 1:colcon.colcon_core.package_identification:_identify(src/MIA26_phase2_ros_contest/assets) by extensions ['cmake', 'python']
[0.281s] Level 1:colcon.colcon_core.package_identification:_identify(src/MIA26_phase2_ros_contest/assets) by extension 'cmake'
[0.281s] Level 1:colcon.colcon_core.package_identification:_identify(src/MIA26_phase2_ros_contest/assets) by extension 'python'
[0.281s] Level 1:colcon.colcon_core.package_identification:_identify(src/MIA26_phase2_ros_contest/assets) by extensions ['python_setup_py']
[0.281s] Level 1:colcon.colcon_core.package_identification:_identify(src/MIA26_phase2_ros_contest/assets) by extension 'python_setup_py'
[0.282s] Level 1:colcon.colcon_core.package_identification:_identify(src/MIA26_phase2_ros_contest/maze_control) by extensions ['ignore', 'ignore_ament_install']
[0.282s] Level 1:colcon.colcon_core.package_identification:_identify(src/MIA26_phase2_ros_contest/maze_control) by extension 'ignore'
[0.282s] Level 1:colcon.colcon_core.package_identification:_identify(src/MIA26_phase2_ros_contest/maze_control) by extension 'ignore_ament_install'
[0.282s] Level 1:colcon.colcon_core.package_identification:_identify(src/MIA26_phase2_ros_contest/maze_control) by extensions ['colcon_pkg']
[0.282s] Level 1:colcon.colcon_core.package_identification:_identify(src/MIA26_phase2_ros_contest/maze_control) by extension 'colcon_pkg'
[0.282s] Level 1:colcon.colcon_core.package_identification:_identify(src/MIA26_phase2_ros_contest/maze_control) by extensions ['colcon_meta']
[0.282s] Level 1:colcon.colcon_core.package_identification:_identify(src/MIA26_phase2_ros_contest/maze_control) by extension 'colcon_meta'
[0.282s] Level 1:colcon.colcon_core.package_identification:_identify(src/MIA26_phase2_ros_contest/maze_control) by extensions ['ros']
[0.282s] Level 1:colcon.colcon_core.package_identification:_identify(src/MIA26_phase2_ros_contest/maze_control) by extension 'ros'
[0.286s] DEBUG:colcon.colcon_core.package_identification:Package 'src/MIA26_phase2_ros_contest/maze_control' with type 'ros.ament_python' and name 'maze_control'
[0.286s] Level 1:colcon.colcon_core.package_identification:_identify(src/interfaces) by extensions ['ignore', 'ignore_ament_install']
[0.286s] Level 1:colcon.colcon_core.package_identification:_identify(src/interfaces) by extension 'ignore'
[0.286s] Level 1:colcon.colcon_core.package_identification:_identify(src/interfaces) by extension 'ignore_ament_install'
[0.287s] Level 1:colcon.colcon_core.package_identification:_identify(src/interfaces) by extensions ['colcon_pkg']
[0.287s] Level 1:colcon.colcon_core.package_identification:_identify(src/interfaces) by extension 'colcon_pkg'
[0.287s] Level 1:colcon.colcon_core.package_identification:_identify(src/interfaces) by extensions ['colcon_meta']
[0.287s] Level 1:colcon.colcon_core.package_identification:_identify(src/interfaces) by extension 'colcon_meta'
[0.287s] Level 1:colcon.colcon_core.package_identification:_identify(src/interfaces) by extensions ['ros']
[0.287s] Level 1:colcon.colcon_core.package_identification:_identify(src/interfaces) by extension 'ros'
[0.288s] DEBUG:colcon.colcon_core.package_identification:Package 'src/interfaces' with type 'ros.ament_cmake' and name 'interfaces'
[0.288s] Level 1:colcon.colcon_core.package_identification:_identify(src/mazeSolve_pkg) by extensions ['ignore', 'ignore_ament_install']
[0.288s] Level 1:colcon.colcon_core.package_identification:_identify(src/mazeSolve_pkg) by extension 'ignore'
[0.288s] Level 1:colcon.colcon_core.package_identification:_identify(src/mazeSolve_pkg) by extension 'ignore_ament_install'
[0.288s] Level 1:colcon.colcon_core.package_identification:_identify(src/mazeSolve_pkg) by extensions ['colcon_pkg']
[0.288s] Level 1:colcon.colcon_core.package_identification:_identify(src/mazeSolve_pkg) by extension 'colcon_pkg'
[0.288s] Level 1:colcon.colcon_core.package_identification:_identify(src/mazeSolve_pkg) by extensions ['colcon_meta']
[0.289s] Level 1:colcon.colcon_core.package_identification:_identify(src/mazeSolve_pkg) by extension 'colcon_meta'
[0.289s] Level 1:colcon.colcon_core.package_identification:_identify(src/mazeSolve_pkg) by extensions ['ros']
[0.289s] Level 1:colcon.colcon_core.package_identification:_identify(src/mazeSolve_pkg) by extension 'ros'
[0.290s] DEBUG:colcon.colcon_core.package_identification:Package 'src/mazeSolve_pkg' with type 'ros.ament_python' and name 'mazeSolve_pkg'
[0.290s] Level 1:colcon.colcon_core.package_discovery:discover_packages(recursive) using defaults
[0.290s] Level 1:colcon.colcon_core.package_discovery:discover_packages(ignore) discover
[0.290s] Level 1:colcon.colcon_core.package_discovery:discover_packages(ignore) using defaults
[0.290s] Level 1:colcon.colcon_core.package_discovery:discover_packages(path) discover
[0.290s] Level 1:colcon.colcon_core.package_discovery:discover_packages(path) using defaults
[0.320s] Level 1:colcon.colcon_core.package_discovery:discover_packages(prefix_path) check parameters
[0.320s] Level 1:colcon.colcon_core.package_discovery:discover_packages(prefix_path) discover
[0.325s] DEBUG:colcon.colcon_installed_package_information.package_discovery:Found 405 installed packages in /opt/ros/jazzy
[0.327s] Level 1:colcon.colcon_core.package_discovery:discover_packages(prefix_path) using defaults
[0.417s] Level 5:colcon.colcon_core.verb:set package 'interfaces' build argument 'cmake_args' from command line to 'None'
[0.417s] Level 5:colcon.colcon_core.verb:set package 'interfaces' build argument 'cmake_target' from command line to 'None'
[0.417s] Level 5:colcon.colcon_core.verb:set package 'interfaces' build argument 'cmake_target_skip_unavailable' from command line to 'False'
[0.417s] Level 5:colcon.colcon_core.verb:set package 'interfaces' build argument 'cmake_clean_cache' from command line to 'False'
[0.418s] Level 5:colcon.colcon_core.verb:set package 'interfaces' build argument 'cmake_clean_first' from command line to 'False'
[0.418s] Level 5:colcon.colcon_core.verb:set package 'interfaces' build argument 'cmake_force_configure' from command line to 'False'
[0.418s] Level 5:colcon.colcon_core.verb:set package 'interfaces' build argument 'ament_cmake_args' from command line to 'None'
[0.418s] Level 5:colcon.colcon_core.verb:set package 'interfaces' build argument 'catkin_cmake_args' from command line to 'None'
[0.418s] Level 5:colcon.colcon_core.verb:set package 'interfaces' build argument 'catkin_skip_building_tests' from command line to 'False'
[0.418s] DEBUG:colcon.colcon_core.verb:Building package 'interfaces' with the following arguments: {'ament_cmake_args': None, 'build_base': '/home/mohamed-khaled/Solving-Maze/build/interfaces', 'catkin_cmake_args': None, 'catkin_skip_building_tests': False, 'cmake_args': None, 'cmake_clean_cache': False, 'cmake_clean_first': False, 'cmake_force_configure': False, 'cmake_target': None, 'cmake_target_skip_unavailable': False, 'install_base': '/home/mohamed-khaled/Solving-Maze/install/interfaces', 'merge_install': False, 'path': '/home/mohamed-khaled/Solving-Maze/src/interfaces', 'symlink_install': False, 'test_result_base': None}
[0.418s] Level 5:colcon.colcon_core.verb:set package 'mazeSolve_pkg' build argument 'cmake_args' from command line to 'None'
[0.418s] Level 5:colcon.colcon_core.verb:set package 'mazeSolve_pkg' build argument 'cmake_target' from command line to 'None'
[0.418s] Level 5:colcon.colcon_core.verb:set package 'mazeSolve_pkg' build argument 'cmake_target_skip_unavailable' from command line to 'False'
[0.419s] Level 5:colcon.colcon_core.verb:set package 'mazeSolve_pkg' build argument 'cmake_clean_cache' from command line to 'False'
[0.419s] Level 5:colcon.colcon_core.verb:set package 'mazeSolve_pkg' build argument 'cmake_clean_first' from command line to 'False'
[0.419s] Level 5:colcon.colcon_core.verb:set package 'mazeSolve_pkg' build argument 'cmake_force_configure' from command line to 'False'
[0.419s] Level 5:colcon.colcon_core.verb:set package 'mazeSolve_pkg' build argument 'ament_cmake_args' from command line to 'None'
[0.419s] Level 5:colcon.colcon_core.verb:set package 'mazeSolve_pkg' build argument 'catkin_cmake_args' from command line to 'None'
[0.419s] Level 5:colcon.colcon_core.verb:set package 'mazeSolve_pkg' build argument 'catkin_skip_building_tests' from command line to 'False'
[0.419s] DEBUG:colcon.colcon_core.verb:Building package 'mazeSolve_pkg' with the following arguments: {'ament_cmake_args': None, 'build_base': '/home/mohamed-khaled/Solving-Maze/build/mazeSolve_pkg', 'catkin_cmake_args': None, 'catkin_skip_building_tests': False, 'cmake_args': None, 'cmake_clean_cache': False, 'cmake_clean_first': False, 'cmake_force_configure': False, 'cmake_target': None, 'cmake_target_skip_unavailable': False, 'install_base': '/home/mohamed-khaled/Solving-Maze/install/mazeSolve_pkg', 'merge_install': False, 'path': '/home/mohamed-khaled/Solving-Maze/src/mazeSolve_pkg', 'symlink_install': False, 'test_result_base': None}
[0.419s] Level 5:colcon.colcon_core.verb:set package 'maze_control' build argument 'cmake_args' from command line to 'None'
[0.419s] Level 5:colcon.colcon_core.verb:set package 'maze_control' build argument 'cmake_target' from command line to 'None'
[0.419s] Level 5:colcon.colcon_core.verb:set package 'maze_control' build argument 'cmake_target_skip_unavailable' from command line to 'False'
[0.419s] Level 5:colcon.colcon_core.verb:set package 'maze_control' build argument 'cmake_clean_cache' from command line to 'False'
[0.420s] Level 5:colcon.colcon_core.verb:set package 'maze_control' build argument 'cmake_clean_first' from command line to 'False'
[0.420s] Level 5:colcon.colcon_core.verb:set package 'maze_control' build argument 'cmake_force_configure' from command line to 'False'
[0.420s] Level 5:colcon.colcon_core.verb:set package 'maze_control' build argument 'ament_cmake_args' from command line to 'None'
[0.420s] Level 5:colcon.colcon_core.verb:set package 'maze_control' build argument 'catkin_cmake_args' from command line to 'None'
[0.420s] Level 5:colcon.colcon_core.verb:set package 'maze_control' build argument 'catkin_skip_building_tests' from command line to 'False'
[0.420s] DEBUG:colcon.colcon_core.verb:Building package 'maze_control' with the following arguments: {'ament_cmake_args': None, 'build_base': '/home/mohamed-khaled/Solving-Maze/build/maze_control', 'catkin_cmake_args': None, 'catkin_skip_building_tests': False, 'cmake_args': None, 'cmake_clean_cache': False, 'cmake_clean_first': False, 'cmake_force_configure': False, 'cmake_target': None, 'cmake_target_skip_unavailable': False, 'install_base': '/home/mohamed-khaled/Solving-Maze/install/maze_control', 'merge_install': False, 'path': '/home/mohamed-khaled/Solving-Maze/src/MIA26_phase2_ros_contest/maze_control', 'symlink_install': False, 'test_result_base': None}
[0.420s] INFO:colcon.colcon_core.executor:Executing jobs using 'parallel' executor
[0.421s] DEBUG:colcon.colcon_parallel_executor.executor.parallel:run_until_complete
[0.421s] INFO:colcon.colcon_ros.task.ament_cmake.build:Building ROS package in '/home/mohamed-khaled/Solving-Maze/src/interfaces' with build type 'ament_cmake'
[0.421s] INFO:colcon.colcon_cmake.task.cmake.build:Building CMake package in '/home/mohamed-khaled/Solving-Maze/src/interfaces'
[0.424s] INFO:colcon.colcon_core.plugin_system:Skipping extension 'colcon_core.shell.bat': Not used on non-Windows systems
[0.425s] INFO:colcon.colcon_core.shell:Skip shell extension 'powershell' for command environment: Not usable outside of PowerShell
[0.425s] DEBUG:colcon.colcon_core.shell:Skip shell extension 'dsv' for command environment
[0.430s] INFO:colcon.colcon_ros.task.ament_python.build:Building ROS package in '/home/mohamed-khaled/Solving-Maze/src/mazeSolve_pkg' with build type 'ament_python'
[0.430s] Level 1:colcon.colcon_core.shell:create_environment_hook('mazeSolve_pkg', 'ament_prefix_path')
[0.431s] INFO:colcon.colcon_core.shell:Creating environment hook '/home/mohamed-khaled/Solving-Maze/install/mazeSolve_pkg/share/mazeSolve_pkg/hook/ament_prefix_path.ps1'
[0.431s] INFO:colcon.colcon_core.shell:Creating environment descriptor '/home/mohamed-khaled/Solving-Maze/install/mazeSolve_pkg/share/mazeSolve_pkg/hook/ament_prefix_path.dsv'
[0.432s] INFO:colcon.colcon_core.shell:Creating environment hook '/home/mohamed-khaled/Solving-Maze/install/mazeSolve_pkg/share/mazeSolve_pkg/hook/ament_prefix_path.sh'
[0.433s] INFO:colcon.colcon_core.shell:Skip shell extension 'powershell' for command environment: Not usable outside of PowerShell
[0.433s] DEBUG:colcon.colcon_core.shell:Skip shell extension 'dsv' for command environment
[0.437s] INFO:colcon.colcon_ros.task.ament_python.build:Building ROS package in '/home/mohamed-khaled/Solving-Maze/src/MIA26_phase2_ros_contest/maze_control' with build type 'ament_python'
[0.437s] Level 1:colcon.colcon_core.shell:create_environment_hook('maze_control', 'ament_prefix_path')
[0.438s] INFO:colcon.colcon_core.shell:Creating environment hook '/home/mohamed-khaled/Solving-Maze/install/maze_control/share/maze_control/hook/ament_prefix_path.ps1'
[0.438s] INFO:colcon.colcon_core.shell:Creating environment descriptor '/home/mohamed-khaled/Solving-Maze/install/maze_control/share/maze_control/hook/ament_prefix_path.dsv'
[0.439s] INFO:colcon.colcon_core.shell:Creating environment hook '/home/mohamed-khaled/Solving-Maze/install/maze_control/share/maze_control/hook/ament_prefix_path.sh'
[0.440s] INFO:colcon.colcon_core.shell:Skip shell extension 'powershell' for command environment: Not usable outside of PowerShell
[0.440s] DEBUG:colcon.colcon_core.shell:Skip shell extension 'dsv' for command environment
[0.465s] DEBUG:colcon.colcon_core.event_handler.log_command:Invoking command in '/home/mohamed-khaled/Solving-Maze/build/interfaces': CMAKE_PREFIX_PATH=${CMAKE_PREFIX_PATH}:/opt/ros/jazzy DEBUGINFOD_URLS=https://debuginfod.ubuntu.com /usr/bin/cmake --build /home/mohamed-khaled/Solving-Maze/build/interfaces -- -j12 -l12
[0.861s] INFO:colcon.colcon_core.task.python.build:Building Python package in '/home/mohamed-khaled/Solving-Maze/src/mazeSolve_pkg'
[0.861s] INFO:colcon.colcon_core.shell:Skip shell extension 'powershell' for command environment: Not usable outside of PowerShell
[0.861s] DEBUG:colcon.colcon_core.shell:Skip shell extension 'dsv' for command environment
[1.214s] INFO:colcon.colcon_core.task.python.build:Building Python package in '/home/mohamed-khaled/Solving-Maze/src/MIA26_phase2_ros_contest/maze_control'
[1.214s] INFO:colcon.colcon_core.shell:Skip shell extension 'powershell' for command environment: Not usable outside of PowerShell
[1.214s] DEBUG:colcon.colcon_core.shell:Skip shell extension 'dsv' for command environment
[1.222s] DEBUG:colcon.colcon_core.event_handler.log_command:Invoked command in '/home/mohamed-khaled/Solving-Maze/build/interfaces' returned '0': CMAKE_PREFIX_PATH=${CMAKE_PREFIX_PATH}:/opt/ros/jazzy DEBUGINFOD_URLS=https://debuginfod.ubuntu.com /usr/bin/cmake --build /home/mohamed-khaled/Solving-Maze/build/interfaces -- -j12 -l12
[1.234s] DEBUG:colcon.colcon_core.event_handler.log_command:Invoking command in '/home/mohamed-khaled/Solving-Maze/build/interfaces': CMAKE_PREFIX_PATH=${CMAKE_PREFIX_PATH}:/opt/ros/jazzy DEBUGINFOD_URLS=https://debuginfod.ubuntu.com /usr/bin/cmake --install /home/mohamed-khaled/Solving-Maze/build/interfaces
[1.309s] Level 1:colcon.colcon_core.environment:create_environment_scripts_only(interfaces)
[1.316s] Level 1:colcon.colcon_core.environment:checking '/home/mohamed-khaled/Solving-Maze/install/interfaces' for CMake module files
[1.317s] Level 1:colcon.colcon_core.environment:checking '/home/mohamed-khaled/Solving-Maze/install/interfaces' for CMake config files
[1.321s] DEBUG:colcon.colcon_core.event_handler.log_command:Invoked command in '/home/mohamed-khaled/Solving-Maze/build/interfaces' returned '0': CMAKE_PREFIX_PATH=${CMAKE_PREFIX_PATH}:/opt/ros/jazzy DEBUGINFOD_URLS=https://debuginfod.ubuntu.com /usr/bin/cmake --install /home/mohamed-khaled/Solving-Maze/build/interfaces
[1.321s] Level 1:colcon.colcon_core.shell:create_environment_hook('interfaces', 'cmake_prefix_path')
[1.321s] INFO:colcon.colcon_core.shell:Creating environment hook '/home/mohamed-khaled/Solving-Maze/install/interfaces/share/interfaces/hook/cmake_prefix_path.ps1'
[1.322s] INFO:colcon.colcon_core.shell:Creating environment descriptor '/home/mohamed-khaled/Solving-Maze/install/interfaces/share/interfaces/hook/cmake_prefix_path.dsv'
[1.322s] INFO:colcon.colcon_core.shell:Creating environment hook '/home/mohamed-khaled/Solving-Maze/install/interfaces/share/interfaces/hook/cmake_prefix_path.sh'
[1.324s] Level 1:colcon.colcon_core.environment:checking '/home/mohamed-khaled/Solving-Maze/install/interfaces/lib'
[1.324s] Level 1:colcon.colcon_core.shell:create_environment_hook('interfaces', 'ld_library_path_lib')
[1.324s] INFO:colcon.colcon_core.shell:Creating environment hook '/home/mohamed-khaled/Solving-Maze/install/interfaces/share/interfaces/hook/ld_library_path_lib.ps1'
[1.325s] INFO:colcon.colcon_core.shell:Creating environment descriptor '/home/mohamed-khaled/Solving-Maze/install/interfaces/share/interfaces/hook/ld_library_path_lib.dsv'
[1.325s] INFO:colcon.colcon_core.shell:Creating environment hook '/home/mohamed-khaled/Solving-Maze/install/interfaces/share/interfaces/hook/ld_library_path_lib.sh'
[1.326s] Level 1:colcon.colcon_core.environment:checking '/home/mohamed-khaled/Solving-Maze/install/interfaces/bin'
[1.326s] Level 1:colcon.colcon_core.environment:checking '/home/mohamed-khaled/Solving-Maze/install/interfaces/lib/pkgconfig/interfaces.pc'
[1.327s] Level 1:colcon.colcon_core.environment:checking '/home/mohamed-khaled/Solving-Maze/install/interfaces/lib/python3.12/site-packages'
[1.327s] Level 1:colcon.colcon_core.shell:create_environment_hook('interfaces', 'pythonpath')
[1.327s] INFO:colcon.colcon_core.shell:Creating environment hook '/home/mohamed-khaled/Solving-Maze/install/interfaces/share/interfaces/hook/pythonpath.ps1'
[1.328s] INFO:colcon.colcon_core.shell:Creating environment descriptor '/home/mohamed-khaled/Solving-Maze/install/interfaces/share/interfaces/hook/pythonpath.dsv'
[1.328s] INFO:colcon.colcon_core.shell:Creating environment hook '/home/mohamed-khaled/Solving-Maze/install/interfaces/share/interfaces/hook/pythonpath.sh'
[1.329s] Level 1:colcon.colcon_core.environment:checking '/home/mohamed-khaled/Solving-Maze/install/interfaces/bin'
[1.329s] INFO:colcon.colcon_core.shell:Creating package script '/home/mohamed-khaled/Solving-Maze/install/interfaces/share/interfaces/package.ps1'
[1.331s] INFO:colcon.colcon_core.shell:Creating package descriptor '/home/mohamed-khaled/Solving-Maze/install/interfaces/share/interfaces/package.dsv'
[1.332s] INFO:colcon.colcon_core.shell:Creating package script '/home/mohamed-khaled/Solving-Maze/install/interfaces/share/interfaces/package.sh'
[1.332s] INFO:colcon.colcon_core.shell:Creating package script '/home/mohamed-khaled/Solving-Maze/install/interfaces/share/interfaces/package.bash'
[1.333s] INFO:colcon.colcon_core.shell:Creating package script '/home/mohamed-khaled/Solving-Maze/install/interfaces/share/interfaces/package.zsh'
[1.334s] Level 1:colcon.colcon_core.environment:create_file_with_runtime_dependencies(/home/mohamed-khaled/Solving-Maze/install/interfaces/share/colcon-core/packages/interfaces)
[1.335s] Level 1:colcon.colcon_core.environment:create_environment_scripts_only(interfaces)
[1.335s] Level 1:colcon.colcon_core.environment:checking '/home/mohamed-khaled/Solving-Maze/install/interfaces' for CMake module files
[1.336s] Level 1:colcon.colcon_core.environment:checking '/home/mohamed-khaled/Solving-Maze/install/interfaces' for CMake config files
[1.336s] Level 1:colcon.colcon_core.shell:create_environment_hook('interfaces', 'cmake_prefix_path')
[1.337s] INFO:colcon.colcon_core.shell:Creating environment hook '/home/mohamed-khaled/Solving-Maze/install/interfaces/share/interfaces/hook/cmake_prefix_path.ps1'
[1.337s] INFO:colcon.colcon_core.shell:Creating environment descriptor '/home/mohamed-khaled/Solving-Maze/install/interfaces/share/interfaces/hook/cmake_prefix_path.dsv'
[1.338s] INFO:colcon.colcon_core.shell:Creating environment hook '/home/mohamed-khaled/Solving-Maze/install/interfaces/share/interfaces/hook/cmake_prefix_path.sh'
[1.338s] Level 1:colcon.colcon_core.environment:checking '/home/mohamed-khaled/Solving-Maze/install/interfaces/lib'
[1.339s] Level 1:colcon.colcon_core.shell:create_environment_hook('interfaces', 'ld_library_path_lib')
[1.339s] INFO:colcon.colcon_core.shell:Creating environment hook '/home/mohamed-khaled/Solving-Maze/install/interfaces/share/interfaces/hook/ld_library_path_lib.ps1'
[1.339s] INFO:colcon.colcon_core.shell:Creating environment descriptor '/home/mohamed-khaled/Solving-Maze/install/interfaces/share/interfaces/hook/ld_library_path_lib.dsv'
[1.340s] INFO:colcon.colcon_core.shell:Creating environment hook '/home/mohamed-khaled/Solving-Maze/install/interfaces/share/interfaces/hook/ld_library_path_lib.sh'
[1.340s] Level 1:colcon.colcon_core.environment:checking '/home/mohamed-khaled/Solving-Maze/install/interfaces/bin'
[1.340s] Level 1:colcon.colcon_core.environment:checking '/home/mohamed-khaled/Solving-Maze/install/interfaces/lib/pkgconfig/interfaces.pc'
[1.341s] Level 1:colcon.colcon_core.environment:checking '/home/mohamed-khaled/Solving-Maze/install/interfaces/lib/python3.12/site-packages'
[1.341s] Level 1:colcon.colcon_core.shell:create_environment_hook('interfaces', 'pythonpath')
[1.341s] INFO:colcon.colcon_core.shell:Creating environment hook '/home/mohamed-khaled/Solving-Maze/install/interfaces/share/interfaces/hook/pythonpath.ps1'
[1.342s] INFO:colcon.colcon_core.shell:Creating environment descriptor '/home/mohamed-khaled/Solving-Maze/install/interfaces/share/interfaces/hook/pythonpath.dsv'
[1.342s] INFO:colcon.colcon_core.shell:Creating environment hook '/home/mohamed-khaled/Solving-Maze/install/interfaces/share/interfaces/hook/pythonpath.sh'
[1.343s] Level 1:colcon.colcon_core.environment:checking '/home/mohamed-khaled/Solving-Maze/install/interfaces/bin'
[1.343s] INFO:colcon.colcon_core.shell:Creating package script '/home/mohamed-khaled/Solving-Maze/install/interfaces/share/interfaces/package.ps1'
[1.344s] INFO:colcon.colcon_core.shell:Creating package descriptor '/home/mohamed-khaled/Solving-Maze/install/interfaces/share/interfaces/package.dsv'
[1.345s] INFO:colcon.colcon_core.shell:Creating package script '/home/mohamed-khaled/Solving-Maze/install/interfaces/share/interfaces/package.sh'
[1.346s] INFO:colcon.colcon_core.shell:Creating package script '/home/mohamed-khaled/Solving-Maze/install/interfaces/share/interfaces/package.bash'
[1.346s] INFO:colcon.colcon_core.shell:Creating package script '/home/mohamed-khaled/Solving-Maze/install/interfaces/share/interfaces/package.zsh'
[1.347s] Level 1:colcon.colcon_core.environment:create_file_with_runtime_dependencies(/home/mohamed-khaled/Solving-Maze/install/interfaces/share/colcon-core/packages/interfaces)
[2.175s] DEBUG:colcon.colcon_core.task.python.build:Available setuptools commands: install_scripts, sdist, build_ext, setopt, bdist, upload, build, install_lib, saveopts, upload_docs, develop, rotate, install_headers, check, dist_info, clean, bdist_egg, bdist_rpm, bdist_dumb, bdist_wheel, register, build_py, test, build_scripts, extract_messages, egg_info, symlink_data, editable_wheel, install_data, install_egg_info, compile_catalog, alias, update_catalog, build_clib, easy_install, init_catalog, install
[2.178s] DEBUG:colcon.colcon_core.event_handler.log_command:Invoking command in '/home/mohamed-khaled/Solving-Maze/src/MIA26_phase2_ros_contest/maze_control': DEBUGINFOD_URLS=https://debuginfod.ubuntu.com PYTHONPATH=/home/mohamed-khaled/Solving-Maze/build/maze_control/prefix_override:/usr/lib/python3/dist-packages/colcon_core/task/python/colcon_distutils_commands:/home/mohamed-khaled/Solving-Maze/install/maze_control/lib/python3.12/site-packages:${PYTHONPATH} /usr/bin/python3 -W ignore:setup.py install is deprecated -W ignore:easy_install command is deprecated setup.py egg_info --egg-base ../../../build/maze_control build --build-base /home/mohamed-khaled/Solving-Maze/build/maze_control/build install --record /home/mohamed-khaled/Solving-Maze/build/maze_control/install.log --install-scripts $base/lib/maze_control --single-version-externally-managed install_data
[2.193s] DEBUG:colcon.colcon_core.task.python.build:Available setuptools commands: install_scripts, sdist, build_ext, setopt, bdist, upload, build, install_lib, saveopts, upload_docs, develop, rotate, install_headers, check, dist_info, clean, bdist_egg, bdist_rpm, bdist_dumb, bdist_wheel, register, build_py, test, build_scripts, extract_messages, egg_info, symlink_data, editable_wheel, install_data, install_egg_info, compile_catalog, alias, update_catalog, build_clib, easy_install, init_catalog, install
[2.197s] DEBUG:colcon.colcon_core.event_handler.log_command:Invoking command in '/home/mohamed-khaled/Solving-Maze/src/mazeSolve_pkg': DEBUGINFOD_URLS=https://debuginfod.ubuntu.com PYTHONPATH=/home/mohamed-khaled/Solving-Maze/build/mazeSolve_pkg/prefix_override:/usr/lib/python3/dist-packages/colcon_core/task/python/colcon_distutils_commands:/home/mohamed-khaled/Solving-Maze/install/mazeSolve_pkg/lib/python3.12/site-packages:${PYTHONPATH} /usr/bin/python3 -W ignore:setup.py install is deprecated -W ignore:easy_install command is deprecated setup.py egg_info --egg-base ../../build/mazeSolve_pkg build --build-base /home/mohamed-khaled/Solving-Maze/build/mazeSolve_pkg/build install --record /home/mohamed-khaled/Solving-Maze/build/mazeSolve_pkg/install.log --install-scripts $base/lib/mazeSolve_pkg --single-version-externally-managed install_data
[3.048s] Level 1:colcon.colcon_core.environment:checking '/home/mohamed-khaled/Solving-Maze/install/maze_control' for CMake module files
[3.050s] DEBUG:colcon.colcon_core.event_handler.log_command:Invoked command in '/home/mohamed-khaled/Solving-Maze/src/MIA26_phase2_ros_contest/maze_control' returned '0': DEBUGINFOD_URLS=https://debuginfod.ubuntu.com PYTHONPATH=/home/mohamed-khaled/Solving-Maze/build/maze_control/prefix_override:/usr/lib/python3/dist-packages/colcon_core/task/python/colcon_distutils_commands:/home/mohamed-khaled/Solving-Maze/install/maze_control/lib/python3.12/site-packages:${PYTHONPATH} /usr/bin/python3 -W ignore:setup.py install is deprecated -W ignore:easy_install command is deprecated setup.py egg_info --egg-base ../../../build/maze_control build --build-base /home/mohamed-khaled/Solving-Maze/build/maze_control/build install --record /home/mohamed-khaled/Solving-Maze/build/maze_control/install.log --install-scripts $base/lib/maze_control --single-version-externally-managed install_data
[3.050s] Level 1:colcon.colcon_core.environment:checking '/home/mohamed-khaled/Solving-Maze/install/maze_control' for CMake config files
[3.051s] Level 1:colcon.colcon_core.environment:checking '/home/mohamed-khaled/Solving-Maze/install/maze_control/lib'
[3.052s] Level 1:colcon.colcon_core.environment:checking '/home/mohamed-khaled/Solving-Maze/install/maze_control/bin'
[3.052s] Level 1:colcon.colcon_core.environment:checking '/home/mohamed-khaled/Solving-Maze/install/maze_control/lib/pkgconfig/maze_control.pc'
[3.052s] Level 1:colcon.colcon_core.environment:checking '/home/mohamed-khaled/Solving-Maze/install/maze_control/lib/python3.12/site-packages'
[3.052s] Level 1:colcon.colcon_core.shell:create_environment_hook('maze_control', 'pythonpath')
[3.053s] INFO:colcon.colcon_core.shell:Creating environment hook '/home/mohamed-khaled/Solving-Maze/install/maze_control/share/maze_control/hook/pythonpath.ps1'
[3.054s] INFO:colcon.colcon_core.shell:Creating environment descriptor '/home/mohamed-khaled/Solving-Maze/install/maze_control/share/maze_control/hook/pythonpath.dsv'
[3.054s] INFO:colcon.colcon_core.shell:Creating environment hook '/home/mohamed-khaled/Solving-Maze/install/maze_control/share/maze_control/hook/pythonpath.sh'
[3.056s] Level 1:colcon.colcon_core.environment:checking '/home/mohamed-khaled/Solving-Maze/install/maze_control/bin'
[3.056s] Level 1:colcon.colcon_core.environment:create_environment_scripts_only(maze_control)
[3.056s] INFO:colcon.colcon_core.shell:Creating package script '/home/mohamed-khaled/Solving-Maze/install/maze_control/share/maze_control/package.ps1'
[3.057s] INFO:colcon.colcon_core.shell:Creating package descriptor '/home/mohamed-khaled/Solving-Maze/install/maze_control/share/maze_control/package.dsv'
[3.058s] INFO:colcon.colcon_core.shell:Creating package script '/home/mohamed-khaled/Solving-Maze/install/maze_control/share/maze_control/package.sh'
[3.059s] INFO:colcon.colcon_core.shell:Creating package script '/home/mohamed-khaled/Solving-Maze/install/maze_control/share/maze_control/package.bash'
[3.060s] INFO:colcon.colcon_core.shell:Creating package script '/home/mohamed-khaled/Solving-Maze/install/maze_control/share/maze_control/package.zsh'
[3.060s] Level 1:colcon.colcon_core.environment:create_file_with_runtime_dependencies(/home/mohamed-khaled/Solving-Maze/install/maze_control/share/colcon-core/packages/maze_control)
[3.062s] Level 1:colcon.colcon_core.environment:checking '/home/mohamed-khaled/Solving-Maze/install/mazeSolve_pkg' for CMake module files
[3.063s] Level 1:colcon.colcon_core.environment:checking '/home/mohamed-khaled/Solving-Maze/install/mazeSolve_pkg' for CMake config files
[3.064s] DEBUG:colcon.colcon_core.event_handler.log_command:Invoked command in '/home/mohamed-khaled/Solving-Maze/src/mazeSolve_pkg' returned '0': DEBUGINFOD_URLS=https://debuginfod.ubuntu.com PYTHONPATH=/home/mohamed-khaled/Solving-Maze/build/mazeSolve_pkg/prefix_override:/usr/lib/python3/dist-packages/colcon_core/task/python/colcon_distutils_commands:/home/mohamed-khaled/Solving-Maze/install/mazeSolve_pkg/lib/python3.12/site-packages:${PYTHONPATH} /usr/bin/python3 -W ignore:setup.py install is deprecated -W ignore:easy_install command is deprecated setup.py egg_info --egg-base ../../build/mazeSolve_pkg build --build-base /home/mohamed-khaled/Solving-Maze/build/mazeSolve_pkg/build install --record /home/mohamed-khaled/Solving-Maze/build/mazeSolve_pkg/install.log --install-scripts $base/lib/mazeSolve_pkg --single-version-externally-managed install_data
[3.065s] Level 1:colcon.colcon_core.environment:checking '/home/mohamed-khaled/Solving-Maze/install/mazeSolve_pkg/lib'
[3.065s] Level 1:colcon.colcon_core.environment:checking '/home/mohamed-khaled/Solving-Maze/install/mazeSolve_pkg/bin'
[3.065s] Level 1:colcon.colcon_core.environment:checking '/home/mohamed-khaled/Solving-Maze/install/mazeSolve_pkg/lib/pkgconfig/mazeSolve_pkg.pc'
[3.066s] Level 1:colcon.colcon_core.environment:checking '/home/mohamed-khaled/Solving-Maze/install/mazeSolve_pkg/lib/python3.12/site-packages'
[3.066s] Level 1:colcon.colcon_core.shell:create_environment_hook('mazeSolve_pkg', 'pythonpath')
[3.066s] INFO:colcon.colcon_core.shell:Creating environment hook '/home/mohamed-khaled/Solving-Maze/install/mazeSolve_pkg/share/mazeSolve_pkg/hook/pythonpath.ps1'
[3.067s] INFO:colcon.colcon_core.shell:Creating environment descriptor '/home/mohamed-khaled/Solving-Maze/install/mazeSolve_pkg/share/mazeSolve_pkg/hook/pythonpath.dsv'
[3.068s] INFO:colcon.colcon_core.shell:Creating environment hook '/home/mohamed-khaled/Solving-Maze/install/mazeSolve_pkg/share/mazeSolve_pkg/hook/pythonpath.sh'
[3.069s] Level 1:colcon.colcon_core.environment:checking '/home/mohamed-khaled/Solving-Maze/install/mazeSolve_pkg/bin'
[3.069s] Level 1:colcon.colcon_core.environment:create_environment_scripts_only(mazeSolve_pkg)
[3.070s] INFO:colcon.colcon_core.shell:Creating package script '/home/mohamed-khaled/Solving-Maze/install/mazeSolve_pkg/share/mazeSolve_pkg/package.ps1'
[3.071s] INFO:colcon.colcon_core.shell:Creating package descriptor '/home/mohamed-khaled/Solving-Maze/install/mazeSolve_pkg/share/mazeSolve_pkg/package.dsv'
[3.071s] INFO:colcon.colcon_core.shell:Creating package script '/home/mohamed-khaled/Solving-Maze/install/mazeSolve_pkg/share/mazeSolve_pkg/package.sh'
[3.072s] INFO:colcon.colcon_core.shell:Creating package script '/home/mohamed-khaled/Solving-Maze/install/mazeSolve_pkg/share/mazeSolve_pkg/package.bash'
[3.073s] INFO:colcon.colcon_core.shell:Creating package script '/home/mohamed-khaled/Solving-Maze/install/mazeSolve_pkg/share/mazeSolve_pkg/package.zsh'
[3.073s] Level 1:colcon.colcon_core.environment:create_file_with_runtime_dependencies(/home/mohamed-khaled/Solving-Maze/install/mazeSolve_pkg/share/colcon-core/packages/mazeSolve_pkg)
[3.074s] DEBUG:colcon.colcon_parallel_executor.executor.parallel:closing loop
[3.075s] DEBUG:colcon.colcon_parallel_executor.executor.parallel:loop closed
[3.075s] DEBUG:colcon.colcon_parallel_executor.executor.parallel:run_until_complete finished with '0'
[3.075s] DEBUG:colcon.colcon_core.event_reactor:joining thread
[3.083s] INFO:colcon.colcon_core.plugin_system:Skipping extension 'colcon_notification.desktop_notification.terminal_notifier': Not used on non-Darwin systems
[3.083s] INFO:colcon.colcon_core.plugin_system:Skipping extension 'colcon_notification.desktop_notification.win32': Not used on non-Windows systems
[3.083s] INFO:colcon.colcon_notification.desktop_notification:Sending desktop notification using 'notify2'
[3.106s] DEBUG:colcon.colcon_core.event_reactor:joined thread
[3.106s] INFO:colcon.colcon_core.shell:Creating prefix script '/home/mohamed-khaled/Solving-Maze/install/local_setup.ps1'
[3.108s] INFO:colcon.colcon_core.shell:Creating prefix util module '/home/mohamed-khaled/Solving-Maze/install/_local_setup_util_ps1.py'
[3.109s] INFO:colcon.colcon_core.shell:Creating prefix chain script '/home/mohamed-khaled/Solving-Maze/install/setup.ps1'
[3.111s] INFO:colcon.colcon_core.shell:Creating prefix script '/home/mohamed-khaled/Solving-Maze/install/local_setup.sh'
[3.112s] INFO:colcon.colcon_core.shell:Creating prefix util module '/home/mohamed-khaled/Solving-Maze/install/_local_setup_util_sh.py'
[3.113s] INFO:colcon.colcon_core.shell:Creating prefix chain script '/home/mohamed-khaled/Solving-Maze/install/setup.sh'
[3.114s] INFO:colcon.colcon_core.shell:Creating prefix script '/home/mohamed-khaled/Solving-Maze/install/local_setup.bash'
[3.115s] INFO:colcon.colcon_core.shell:Creating prefix chain script '/home/mohamed-khaled/Solving-Maze/install/setup.bash'
[3.116s] INFO:colcon.colcon_core.shell:Creating prefix script '/home/mohamed-khaled/Solving-Maze/install/local_setup.zsh'
[3.117s] INFO:colcon.colcon_core.shell:Creating prefix chain script '/home/mohamed-khaled/Solving-Maze/install/setup.zsh'
