[0.397s] DEBUG:colcon:Command line arguments: ['/usr/bin/colcon', 'build']
[0.397s] DEBUG:colcon:Parsed command line arguments: Namespace(log_base=None, log_level=None, verb_name='build', build_base='build', install_base='install', merge_install=False, symlink_install=False, test_result_base=None, continue_on_error=False, executor='parallel', parallel_workers=8, event_handlers=None, ignore_user_meta=False, metas=['./colcon.meta'], base_paths=['.'], packages_ignore=None, packages_ignore_regex=None, paths=None, packages_up_to=None, packages_up_to_regex=None, packages_above=None, packages_above_and_dependencies=None, packages_above_depth=None, packages_select_by_dep=None, packages_skip_by_dep=None, packages_skip_up_to=None, packages_select_build_failed=False, packages_skip_build_finished=False, packages_select_test_failures=False, packages_skip_test_passed=False, packages_select=None, packages_skip=None, packages_select_regex=None, packages_skip_regex=None, packages_start=None, packages_end=None, allow_overriding=[], cmake_args=None, cmake_target=None, cmake_target_skip_unavailable=False, cmake_clean_cache=False, cmake_clean_first=False, cmake_force_configure=False, ament_cmake_args=None, catkin_cmake_args=None, catkin_skip_building_tests=False, mixin_files=None, mixin=None, verb_parser=<colcon_mixin.mixin.mixin_argument.MixinArgumentDecorator object at 0x760cfb6b28a0>, verb_extension=<colcon_core.verb.build.BuildVerb object at 0x760cfb7cec00>, main=<bound method BuildVerb.main of <colcon_core.verb.build.BuildVerb object at 0x760cfb7cec00>>, mixin_verb=('build',))
[0.516s] Level 1:colcon.colcon_core.package_discovery:discover_packages(colcon_meta) check parameters
[0.516s] Level 1:colcon.colcon_core.package_discovery:discover_packages(recursive) check parameters
[0.516s] Level 1:colcon.colcon_core.package_discovery:discover_packages(ignore) check parameters
[0.516s] Level 1:colcon.colcon_core.package_discovery:discover_packages(path) check parameters
[0.516s] Level 1:colcon.colcon_core.package_discovery:discover_packages(colcon_meta) discover
[0.516s] Level 1:colcon.colcon_core.package_discovery:discover_packages(recursive) discover
[0.517s] INFO:colcon.colcon_core.package_discovery:Crawling recursively for packages in '/home/a/Solving-Maze'
[0.517s] Level 1:colcon.colcon_core.package_identification:_identify(.) by extensions ['ignore', 'ignore_ament_install']
[0.517s] Level 1:colcon.colcon_core.package_identification:_identify(.) by extension 'ignore'
[0.517s] Level 1:colcon.colcon_core.package_identification:_identify(.) by extension 'ignore_ament_install'
[0.517s] Level 1:colcon.colcon_core.package_identification:_identify(.) by extensions ['colcon_pkg']
[0.517s] Level 1:colcon.colcon_core.package_identification:_identify(.) by extension 'colcon_pkg'
[0.517s] Level 1:colcon.colcon_core.package_identification:_identify(.) by extensions ['colcon_meta']
[0.517s] Level 1:colcon.colcon_core.package_identification:_identify(.) by extension 'colcon_meta'
[0.518s] Level 1:colcon.colcon_core.package_identification:_identify(.) by extensions ['ros']
[0.518s] Level 1:colcon.colcon_core.package_identification:_identify(.) by extension 'ros'
[0.583s] Level 1:colcon.colcon_core.package_identification:_identify(.) by extensions ['cmake', 'python']
[0.583s] Level 1:colcon.colcon_core.package_identification:_identify(.) by extension 'cmake'
[0.583s] Level 1:colcon.colcon_core.package_identification:_identify(.) by extension 'python'
[0.583s] Level 1:colcon.colcon_core.package_identification:_identify(.) by extensions ['python_setup_py']
[0.583s] Level 1:colcon.colcon_core.package_identification:_identify(.) by extension 'python_setup_py'
[0.583s] Level 1:colcon.colcon_core.package_identification:_identify(build) by extensions ['ignore', 'ignore_ament_install']
[0.584s] Level 1:colcon.colcon_core.package_identification:_identify(build) by extension 'ignore'
[0.584s] Level 1:colcon.colcon_core.package_identification:_identify(build) ignored
[0.584s] Level 1:colcon.colcon_core.package_identification:_identify(install) by extensions ['ignore', 'ignore_ament_install']
[0.584s] Level 1:colcon.colcon_core.package_identification:_identify(install) by extension 'ignore'
[0.584s] Level 1:colcon.colcon_core.package_identification:_identify(install) ignored
[0.584s] Level 1:colcon.colcon_core.package_identification:_identify(log) by extensions ['ignore', 'ignore_ament_install']
[0.584s] Level 1:colcon.colcon_core.package_identification:_identify(log) by extension 'ignore'
[0.584s] Level 1:colcon.colcon_core.package_identification:_identify(log) ignored
[0.585s] Level 1:colcon.colcon_core.package_identification:_identify(src) by extensions ['ignore', 'ignore_ament_install']
[0.585s] Level 1:colcon.colcon_core.package_identification:_identify(src) by extension 'ignore'
[0.585s] Level 1:colcon.colcon_core.package_identification:_identify(src) by extension 'ignore_ament_install'
[0.585s] Level 1:colcon.colcon_core.package_identification:_identify(src) by extensions ['colcon_pkg']
[0.585s] Level 1:colcon.colcon_core.package_identification:_identify(src) by extension 'colcon_pkg'
[0.585s] Level 1:colcon.colcon_core.package_identification:_identify(src) by extensions ['colcon_meta']
[0.585s] Level 1:colcon.colcon_core.package_identification:_identify(src) by extension 'colcon_meta'
[0.585s] Level 1:colcon.colcon_core.package_identification:_identify(src) by extensions ['ros']
[0.585s] Level 1:colcon.colcon_core.package_identification:_identify(src) by extension 'ros'
[0.585s] Level 1:colcon.colcon_core.package_identification:_identify(src) by extensions ['cmake', 'python']
[0.585s] Level 1:colcon.colcon_core.package_identification:_identify(src) by extension 'cmake'
[0.585s] Level 1:colcon.colcon_core.package_identification:_identify(src) by extension 'python'
[0.586s] Level 1:colcon.colcon_core.package_identification:_identify(src) by extensions ['python_setup_py']
[0.586s] Level 1:colcon.colcon_core.package_identification:_identify(src) by extension 'python_setup_py'
[0.586s] Level 1:colcon.colcon_core.package_identification:_identify(src/MIA26_phase2_ros_contest) by extensions ['ignore', 'ignore_ament_install']
[0.586s] Level 1:colcon.colcon_core.package_identification:_identify(src/MIA26_phase2_ros_contest) by extension 'ignore'
[0.586s] Level 1:colcon.colcon_core.package_identification:_identify(src/MIA26_phase2_ros_contest) by extension 'ignore_ament_install'
[0.586s] Level 1:colcon.colcon_core.package_identification:_identify(src/MIA26_phase2_ros_contest) by extensions ['colcon_pkg']
[0.586s] Level 1:colcon.colcon_core.package_identification:_identify(src/MIA26_phase2_ros_contest) by extension 'colcon_pkg'
[0.586s] Level 1:colcon.colcon_core.package_identification:_identify(src/MIA26_phase2_ros_contest) by extensions ['colcon_meta']
[0.586s] Level 1:colcon.colcon_core.package_identification:_identify(src/MIA26_phase2_ros_contest) by extension 'colcon_meta'
[0.587s] Level 1:colcon.colcon_core.package_identification:_identify(src/MIA26_phase2_ros_contest) by extensions ['ros']
[0.587s] Level 1:colcon.colcon_core.package_identification:_identify(src/MIA26_phase2_ros_contest) by extension 'ros'
[0.587s] Level 1:colcon.colcon_core.package_identification:_identify(src/MIA26_phase2_ros_contest) by extensions ['cmake', 'python']
[0.587s] Level 1:colcon.colcon_core.package_identification:_identify(src/MIA26_phase2_ros_contest) by extension 'cmake'
[0.587s] Level 1:colcon.colcon_core.package_identification:_identify(src/MIA26_phase2_ros_contest) by extension 'python'
[0.587s] Level 1:colcon.colcon_core.package_identification:_identify(src/MIA26_phase2_ros_contest) by extensions ['python_setup_py']
[0.587s] Level 1:colcon.colcon_core.package_identification:_identify(src/MIA26_phase2_ros_contest) by extension 'python_setup_py'
[0.587s] Level 1:colcon.colcon_core.package_identification:_identify(src/MIA26_phase2_ros_contest/assets) by extensions ['ignore', 'ignore_ament_install']
[0.587s] Level 1:colcon.colcon_core.package_identification:_identify(src/MIA26_phase2_ros_contest/assets) by extension 'ignore'
[0.587s] Level 1:colcon.colcon_core.package_identification:_identify(src/MIA26_phase2_ros_contest/assets) by extension 'ignore_ament_install'
[0.588s] Level 1:colcon.colcon_core.package_identification:_identify(src/MIA26_phase2_ros_contest/assets) by extensions ['colcon_pkg']
[0.588s] Level 1:colcon.colcon_core.package_identification:_identify(src/MIA26_phase2_ros_contest/assets) by extension 'colcon_pkg'
[0.588s] Level 1:colcon.colcon_core.package_identification:_identify(src/MIA26_phase2_ros_contest/assets) by extensions ['colcon_meta']
[0.588s] Level 1:colcon.colcon_core.package_identification:_identify(src/MIA26_phase2_ros_contest/assets) by extension 'colcon_meta'
[0.588s] Level 1:colcon.colcon_core.package_identification:_identify(src/MIA26_phase2_ros_contest/assets) by extensions ['ros']
[0.588s] Level 1:colcon.colcon_core.package_identification:_identify(src/MIA26_phase2_ros_contest/assets) by extension 'ros'
[0.588s] Level 1:colcon.colcon_core.package_identification:_identify(src/MIA26_phase2_ros_contest/assets) by extensions ['cmake', 'python']
[0.588s] Level 1:colcon.colcon_core.package_identification:_identify(src/MIA26_phase2_ros_contest/assets) by extension 'cmake'
[0.588s] Level 1:colcon.colcon_core.package_identification:_identify(src/MIA26_phase2_ros_contest/assets) by extension 'python'
[0.588s] Level 1:colcon.colcon_core.package_identification:_identify(src/MIA26_phase2_ros_contest/assets) by extensions ['python_setup_py']
[0.588s] Level 1:colcon.colcon_core.package_identification:_identify(src/MIA26_phase2_ros_contest/assets) by extension 'python_setup_py'
[0.589s] Level 1:colcon.colcon_core.package_identification:_identify(src/MIA26_phase2_ros_contest/maze_control) by extensions ['ignore', 'ignore_ament_install']
[0.589s] Level 1:colcon.colcon_core.package_identification:_identify(src/MIA26_phase2_ros_contest/maze_control) by extension 'ignore'
[0.589s] Level 1:colcon.colcon_core.package_identification:_identify(src/MIA26_phase2_ros_contest/maze_control) by extension 'ignore_ament_install'
[0.589s] Level 1:colcon.colcon_core.package_identification:_identify(src/MIA26_phase2_ros_contest/maze_control) by extensions ['colcon_pkg']
[0.589s] Level 1:colcon.colcon_core.package_identification:_identify(src/MIA26_phase2_ros_contest/maze_control) by extension 'colcon_pkg'
[0.589s] Level 1:colcon.colcon_core.package_identification:_identify(src/MIA26_phase2_ros_contest/maze_control) by extensions ['colcon_meta']
[0.589s] Level 1:colcon.colcon_core.package_identification:_identify(src/MIA26_phase2_ros_contest/maze_control) by extension 'colcon_meta'
[0.589s] Level 1:colcon.colcon_core.package_identification:_identify(src/MIA26_phase2_ros_contest/maze_control) by extensions ['ros']
[0.589s] Level 1:colcon.colcon_core.package_identification:_identify(src/MIA26_phase2_ros_contest/maze_control) by extension 'ros'
[0.595s] DEBUG:colcon.colcon_core.package_identification:Found ROS schema reference in package manifest in 'src/MIA26_phase2_ros_contest/maze_control'
[0.596s] WARNING:colcon.colcon_core.package_identification:Failed to parse ROS package manifest in 'src/MIA26_phase2_ros_contest/maze_control': Error(s) in package 'src/MIA26_phase2_ros_contest/maze_control/package.xml':
Error(s):
- The generic dependency on 'rclpy' is redundant with: exec_depend
[0.596s] Level 1:colcon.colcon_core.package_identification:_identify(src/MIA26_phase2_ros_contest/maze_control) by extensions ['cmake', 'python']
[0.596s] Level 1:colcon.colcon_core.package_identification:_identify(src/MIA26_phase2_ros_contest/maze_control) by extension 'cmake'
[0.596s] Level 1:colcon.colcon_core.package_identification:_identify(src/MIA26_phase2_ros_contest/maze_control) by extension 'python'
[0.596s] DEBUG:colcon.colcon_core.package_identification:Python package in 'src/MIA26_phase2_ros_contest/maze_control' passes arguments to the setup() function which requires a different identification extension than 'python'
[0.597s] Level 1:colcon.colcon_core.package_identification:_identify(src/MIA26_phase2_ros_contest/maze_control) by extensions ['python_setup_py']
[0.597s] Level 1:colcon.colcon_core.package_identification:_identify(src/MIA26_phase2_ros_contest/maze_control) by extension 'python_setup_py'
[1.052s] DEBUG:colcon.colcon_core.package_identification:Package 'src/MIA26_phase2_ros_contest/maze_control' with type 'python' and name 'maze_control'
[1.052s] Level 1:colcon.colcon_core.package_identification:_identify(src/interfaces) by extensions ['ignore', 'ignore_ament_install']
[1.052s] Level 1:colcon.colcon_core.package_identification:_identify(src/interfaces) by extension 'ignore'
[1.052s] Level 1:colcon.colcon_core.package_identification:_identify(src/interfaces) by extension 'ignore_ament_install'
[1.053s] Level 1:colcon.colcon_core.package_identification:_identify(src/interfaces) by extensions ['colcon_pkg']
[1.053s] Level 1:colcon.colcon_core.package_identification:_identify(src/interfaces) by extension 'colcon_pkg'
[1.053s] Level 1:colcon.colcon_core.package_identification:_identify(src/interfaces) by extensions ['colcon_meta']
[1.053s] Level 1:colcon.colcon_core.package_identification:_identify(src/interfaces) by extension 'colcon_meta'
[1.053s] Level 1:colcon.colcon_core.package_identification:_identify(src/interfaces) by extensions ['ros']
[1.053s] Level 1:colcon.colcon_core.package_identification:_identify(src/interfaces) by extension 'ros'
[1.059s] DEBUG:colcon.colcon_core.package_identification:Package 'src/interfaces' with type 'ros.ament_cmake' and name 'interfaces'
[1.059s] Level 1:colcon.colcon_core.package_identification:_identify(src/mazeSolve_pkg) by extensions ['ignore', 'ignore_ament_install']
[1.059s] Level 1:colcon.colcon_core.package_identification:_identify(src/mazeSolve_pkg) by extension 'ignore'
[1.060s] Level 1:colcon.colcon_core.package_identification:_identify(src/mazeSolve_pkg) by extension 'ignore_ament_install'
[1.060s] Level 1:colcon.colcon_core.package_identification:_identify(src/mazeSolve_pkg) by extensions ['colcon_pkg']
[1.060s] Level 1:colcon.colcon_core.package_identification:_identify(src/mazeSolve_pkg) by extension 'colcon_pkg'
[1.060s] Level 1:colcon.colcon_core.package_identification:_identify(src/mazeSolve_pkg) by extensions ['colcon_meta']
[1.060s] Level 1:colcon.colcon_core.package_identification:_identify(src/mazeSolve_pkg) by extension 'colcon_meta'
[1.060s] Level 1:colcon.colcon_core.package_identification:_identify(src/mazeSolve_pkg) by extensions ['ros']
[1.060s] Level 1:colcon.colcon_core.package_identification:_identify(src/mazeSolve_pkg) by extension 'ros'
[1.063s] DEBUG:colcon.colcon_core.package_identification:Package 'src/mazeSolve_pkg' with type 'ros.ament_python' and name 'mazeSolve_pkg'
[1.063s] Level 1:colcon.colcon_core.package_discovery:discover_packages(recursive) using defaults
[1.064s] Level 1:colcon.colcon_core.package_discovery:discover_packages(ignore) discover
[1.064s] Level 1:colcon.colcon_core.package_discovery:discover_packages(ignore) using defaults
[1.064s] Level 1:colcon.colcon_core.package_discovery:discover_packages(path) discover
[1.064s] Level 1:colcon.colcon_core.package_discovery:discover_packages(path) using defaults
[1.139s] Level 1:colcon.colcon_core.package_discovery:discover_packages(prefix_path) check parameters
[1.139s] Level 1:colcon.colcon_core.package_discovery:discover_packages(prefix_path) discover
[1.151s] DEBUG:colcon.colcon_installed_package_information.package_discovery:Found 3 installed packages in /home/a/Solving-Maze/install
[1.156s] DEBUG:colcon.colcon_installed_package_information.package_discovery:Found 495 installed packages in /opt/ros/jazzy
[1.160s] Level 1:colcon.colcon_core.package_discovery:discover_packages(prefix_path) using defaults
[1.425s] Level 5:colcon.colcon_core.verb:set package 'interfaces' build argument 'cmake_args' from command line to 'None'
[1.425s] Level 5:colcon.colcon_core.verb:set package 'interfaces' build argument 'cmake_target' from command line to 'None'
[1.425s] Level 5:colcon.colcon_core.verb:set package 'interfaces' build argument 'cmake_target_skip_unavailable' from command line to 'False'
[1.425s] Level 5:colcon.colcon_core.verb:set package 'interfaces' build argument 'cmake_clean_cache' from command line to 'False'
[1.425s] Level 5:colcon.colcon_core.verb:set package 'interfaces' build argument 'cmake_clean_first' from command line to 'False'
[1.425s] Level 5:colcon.colcon_core.verb:set package 'interfaces' build argument 'cmake_force_configure' from command line to 'False'
[1.425s] Level 5:colcon.colcon_core.verb:set package 'interfaces' build argument 'ament_cmake_args' from command line to 'None'
[1.425s] Level 5:colcon.colcon_core.verb:set package 'interfaces' build argument 'catkin_cmake_args' from command line to 'None'
[1.425s] Level 5:colcon.colcon_core.verb:set package 'interfaces' build argument 'catkin_skip_building_tests' from command line to 'False'
[1.425s] DEBUG:colcon.colcon_core.verb:Building package 'interfaces' with the following arguments: {'ament_cmake_args': None, 'build_base': '/home/a/Solving-Maze/build/interfaces', 'catkin_cmake_args': None, 'catkin_skip_building_tests': False, 'cmake_args': None, 'cmake_clean_cache': False, 'cmake_clean_first': False, 'cmake_force_configure': False, 'cmake_target': None, 'cmake_target_skip_unavailable': False, 'install_base': '/home/a/Solving-Maze/install/interfaces', 'merge_install': False, 'path': '/home/a/Solving-Maze/src/interfaces', 'symlink_install': False, 'test_result_base': None}
[1.426s] Level 5:colcon.colcon_core.verb:set package 'maze_control' build argument 'cmake_args' from command line to 'None'
[1.426s] Level 5:colcon.colcon_core.verb:set package 'maze_control' build argument 'cmake_target' from command line to 'None'
[1.426s] Level 5:colcon.colcon_core.verb:set package 'maze_control' build argument 'cmake_target_skip_unavailable' from command line to 'False'
[1.426s] Level 5:colcon.colcon_core.verb:set package 'maze_control' build argument 'cmake_clean_cache' from command line to 'False'
[1.426s] Level 5:colcon.colcon_core.verb:set package 'maze_control' build argument 'cmake_clean_first' from command line to 'False'
[1.426s] Level 5:colcon.colcon_core.verb:set package 'maze_control' build argument 'cmake_force_configure' from command line to 'False'
[1.426s] Level 5:colcon.colcon_core.verb:set package 'maze_control' build argument 'ament_cmake_args' from command line to 'None'
[1.426s] Level 5:colcon.colcon_core.verb:set package 'maze_control' build argument 'catkin_cmake_args' from command line to 'None'
[1.426s] Level 5:colcon.colcon_core.verb:set package 'maze_control' build argument 'catkin_skip_building_tests' from command line to 'False'
[1.426s] DEBUG:colcon.colcon_core.verb:Building package 'maze_control' with the following arguments: {'ament_cmake_args': None, 'build_base': '/home/a/Solving-Maze/build/maze_control', 'catkin_cmake_args': None, 'catkin_skip_building_tests': False, 'cmake_args': None, 'cmake_clean_cache': False, 'cmake_clean_first': False, 'cmake_force_configure': False, 'cmake_target': None, 'cmake_target_skip_unavailable': False, 'install_base': '/home/a/Solving-Maze/install/maze_control', 'merge_install': False, 'path': '/home/a/Solving-Maze/src/MIA26_phase2_ros_contest/maze_control', 'symlink_install': False, 'test_result_base': None}
[1.427s] Level 5:colcon.colcon_core.verb:set package 'mazeSolve_pkg' build argument 'cmake_args' from command line to 'None'
[1.427s] Level 5:colcon.colcon_core.verb:set package 'mazeSolve_pkg' build argument 'cmake_target' from command line to 'None'
[1.427s] Level 5:colcon.colcon_core.verb:set package 'mazeSolve_pkg' build argument 'cmake_target_skip_unavailable' from command line to 'False'
[1.427s] Level 5:colcon.colcon_core.verb:set package 'mazeSolve_pkg' build argument 'cmake_clean_cache' from command line to 'False'
[1.427s] Level 5:colcon.colcon_core.verb:set package 'mazeSolve_pkg' build argument 'cmake_clean_first' from command line to 'False'
[1.427s] Level 5:colcon.colcon_core.verb:set package 'mazeSolve_pkg' build argument 'cmake_force_configure' from command line to 'False'
[1.427s] Level 5:colcon.colcon_core.verb:set package 'mazeSolve_pkg' build argument 'ament_cmake_args' from command line to 'None'
[1.427s] Level 5:colcon.colcon_core.verb:set package 'mazeSolve_pkg' build argument 'catkin_cmake_args' from command line to 'None'
[1.427s] Level 5:colcon.colcon_core.verb:set package 'mazeSolve_pkg' build argument 'catkin_skip_building_tests' from command line to 'False'
[1.427s] DEBUG:colcon.colcon_core.verb:Building package 'mazeSolve_pkg' with the following arguments: {'ament_cmake_args': None, 'build_base': '/home/a/Solving-Maze/build/mazeSolve_pkg', 'catkin_cmake_args': None, 'catkin_skip_building_tests': False, 'cmake_args': None, 'cmake_clean_cache': False, 'cmake_clean_first': False, 'cmake_force_configure': False, 'cmake_target': None, 'cmake_target_skip_unavailable': False, 'install_base': '/home/a/Solving-Maze/install/mazeSolve_pkg', 'merge_install': False, 'path': '/home/a/Solving-Maze/src/mazeSolve_pkg', 'symlink_install': False, 'test_result_base': None}
[1.428s] INFO:colcon.colcon_core.executor:Executing jobs using 'parallel' executor
[1.429s] DEBUG:colcon.colcon_parallel_executor.executor.parallel:run_until_complete
[1.430s] INFO:colcon.colcon_ros.task.ament_cmake.build:Building ROS package in '/home/a/Solving-Maze/src/interfaces' with build type 'ament_cmake'
[1.430s] INFO:colcon.colcon_cmake.task.cmake.build:Building CMake package in '/home/a/Solving-Maze/src/interfaces'
[1.437s] INFO:colcon.colcon_core.plugin_system:Skipping extension 'colcon_core.shell.bat': Not used on non-Windows systems
[1.437s] INFO:colcon.colcon_core.shell:Skip shell extension 'powershell' for command environment: Not usable outside of PowerShell
[1.437s] DEBUG:colcon.colcon_core.shell:Skip shell extension 'dsv' for command environment
[1.446s] INFO:colcon.colcon_core.task.python.build:Building Python package in '/home/a/Solving-Maze/src/MIA26_phase2_ros_contest/maze_control'
[1.447s] INFO:colcon.colcon_core.shell:Skip shell extension 'powershell' for command environment: Not usable outside of PowerShell
[1.447s] DEBUG:colcon.colcon_core.shell:Skip shell extension 'dsv' for command environment
[1.464s] DEBUG:colcon.colcon_core.event_handler.log_command:Invoking command in '/home/a/Solving-Maze/build/interfaces': CMAKE_PREFIX_PATH=${CMAKE_PREFIX_PATH}:/home/a/Solving-Maze/install/mazeSolve_pkg:/opt/ros/jazzy DEBUGINFOD_URLS=https://debuginfod.ubuntu.com /usr/bin/cmake --build /home/a/Solving-Maze/build/interfaces -- -j8 -l8
[2.590s] DEBUG:colcon.colcon_core.event_handler.log_command:Invoked command in '/home/a/Solving-Maze/build/interfaces' returned '0': CMAKE_PREFIX_PATH=${CMAKE_PREFIX_PATH}:/home/a/Solving-Maze/install/mazeSolve_pkg:/opt/ros/jazzy DEBUGINFOD_URLS=https://debuginfod.ubuntu.com /usr/bin/cmake --build /home/a/Solving-Maze/build/interfaces -- -j8 -l8
[2.615s] DEBUG:colcon.colcon_core.event_handler.log_command:Invoking command in '/home/a/Solving-Maze/build/interfaces': CMAKE_PREFIX_PATH=${CMAKE_PREFIX_PATH}:/home/a/Solving-Maze/install/mazeSolve_pkg:/opt/ros/jazzy DEBUGINFOD_URLS=https://debuginfod.ubuntu.com /usr/bin/cmake --install /home/a/Solving-Maze/build/interfaces
[2.753s] Level 1:colcon.colcon_core.environment:create_environment_scripts_only(interfaces)
[2.756s] DEBUG:colcon.colcon_core.event_handler.log_command:Invoked command in '/home/a/Solving-Maze/build/interfaces' returned '0': CMAKE_PREFIX_PATH=${CMAKE_PREFIX_PATH}:/home/a/Solving-Maze/install/mazeSolve_pkg:/opt/ros/jazzy DEBUGINFOD_URLS=https://debuginfod.ubuntu.com /usr/bin/cmake --install /home/a/Solving-Maze/build/interfaces
[2.765s] Level 1:colcon.colcon_core.environment:checking '/home/a/Solving-Maze/install/interfaces' for CMake module files
[2.767s] Level 1:colcon.colcon_core.environment:checking '/home/a/Solving-Maze/install/interfaces' for CMake config files
[2.767s] Level 1:colcon.colcon_core.shell:create_environment_hook('interfaces', 'cmake_prefix_path')
[2.768s] INFO:colcon.colcon_core.shell:Creating environment hook '/home/a/Solving-Maze/install/interfaces/share/interfaces/hook/cmake_prefix_path.ps1'
[2.769s] INFO:colcon.colcon_core.shell:Creating environment descriptor '/home/a/Solving-Maze/install/interfaces/share/interfaces/hook/cmake_prefix_path.dsv'
[2.770s] INFO:colcon.colcon_core.shell:Creating environment hook '/home/a/Solving-Maze/install/interfaces/share/interfaces/hook/cmake_prefix_path.sh'
[2.773s] Level 1:colcon.colcon_core.environment:checking '/home/a/Solving-Maze/install/interfaces/lib'
[2.773s] Level 1:colcon.colcon_core.shell:create_environment_hook('interfaces', 'ld_library_path_lib')
[2.774s] INFO:colcon.colcon_core.shell:Creating environment hook '/home/a/Solving-Maze/install/interfaces/share/interfaces/hook/ld_library_path_lib.ps1'
[2.776s] INFO:colcon.colcon_core.shell:Creating environment descriptor '/home/a/Solving-Maze/install/interfaces/share/interfaces/hook/ld_library_path_lib.dsv'
[2.778s] INFO:colcon.colcon_core.shell:Creating environment hook '/home/a/Solving-Maze/install/interfaces/share/interfaces/hook/ld_library_path_lib.sh'
[2.779s] Level 1:colcon.colcon_core.environment:checking '/home/a/Solving-Maze/install/interfaces/bin'
[2.779s] Level 1:colcon.colcon_core.environment:checking '/home/a/Solving-Maze/install/interfaces/lib/pkgconfig/interfaces.pc'
[2.779s] Level 1:colcon.colcon_core.environment:checking '/home/a/Solving-Maze/install/interfaces/lib/python3.12/site-packages'
[2.780s] Level 1:colcon.colcon_core.shell:create_environment_hook('interfaces', 'pythonpath')
[2.780s] INFO:colcon.colcon_core.shell:Creating environment hook '/home/a/Solving-Maze/install/interfaces/share/interfaces/hook/pythonpath.ps1'
[2.781s] INFO:colcon.colcon_core.shell:Creating environment descriptor '/home/a/Solving-Maze/install/interfaces/share/interfaces/hook/pythonpath.dsv'
[2.782s] INFO:colcon.colcon_core.shell:Creating environment hook '/home/a/Solving-Maze/install/interfaces/share/interfaces/hook/pythonpath.sh'
[2.783s] Level 1:colcon.colcon_core.environment:checking '/home/a/Solving-Maze/install/interfaces/bin'
[2.784s] INFO:colcon.colcon_core.shell:Creating package script '/home/a/Solving-Maze/install/interfaces/share/interfaces/package.ps1'
[2.786s] INFO:colcon.colcon_core.shell:Creating package descriptor '/home/a/Solving-Maze/install/interfaces/share/interfaces/package.dsv'
[2.787s] INFO:colcon.colcon_core.shell:Creating package script '/home/a/Solving-Maze/install/interfaces/share/interfaces/package.sh'
[2.788s] INFO:colcon.colcon_core.shell:Creating package script '/home/a/Solving-Maze/install/interfaces/share/interfaces/package.bash'
[2.790s] INFO:colcon.colcon_core.shell:Creating package script '/home/a/Solving-Maze/install/interfaces/share/interfaces/package.zsh'
[2.792s] Level 1:colcon.colcon_core.environment:create_file_with_runtime_dependencies(/home/a/Solving-Maze/install/interfaces/share/colcon-core/packages/interfaces)
[2.794s] Level 1:colcon.colcon_core.environment:create_environment_scripts_only(interfaces)
[2.795s] Level 1:colcon.colcon_core.environment:checking '/home/a/Solving-Maze/install/interfaces' for CMake module files
[2.796s] Level 1:colcon.colcon_core.environment:checking '/home/a/Solving-Maze/install/interfaces' for CMake config files
[2.796s] Level 1:colcon.colcon_core.shell:create_environment_hook('interfaces', 'cmake_prefix_path')
[2.797s] INFO:colcon.colcon_core.shell:Creating environment hook '/home/a/Solving-Maze/install/interfaces/share/interfaces/hook/cmake_prefix_path.ps1'
[2.799s] INFO:colcon.colcon_core.shell:Creating environment descriptor '/home/a/Solving-Maze/install/interfaces/share/interfaces/hook/cmake_prefix_path.dsv'
[2.800s] INFO:colcon.colcon_core.shell:Creating environment hook '/home/a/Solving-Maze/install/interfaces/share/interfaces/hook/cmake_prefix_path.sh'
[2.801s] Level 1:colcon.colcon_core.environment:checking '/home/a/Solving-Maze/install/interfaces/lib'
[2.801s] Level 1:colcon.colcon_core.shell:create_environment_hook('interfaces', 'ld_library_path_lib')
[2.801s] INFO:colcon.colcon_core.shell:Creating environment hook '/home/a/Solving-Maze/install/interfaces/share/interfaces/hook/ld_library_path_lib.ps1'
[2.802s] INFO:colcon.colcon_core.shell:Creating environment descriptor '/home/a/Solving-Maze/install/interfaces/share/interfaces/hook/ld_library_path_lib.dsv'
[2.802s] INFO:colcon.colcon_core.shell:Creating environment hook '/home/a/Solving-Maze/install/interfaces/share/interfaces/hook/ld_library_path_lib.sh'
[2.803s] Level 1:colcon.colcon_core.environment:checking '/home/a/Solving-Maze/install/interfaces/bin'
[2.803s] Level 1:colcon.colcon_core.environment:checking '/home/a/Solving-Maze/install/interfaces/lib/pkgconfig/interfaces.pc'
[2.803s] Level 1:colcon.colcon_core.environment:checking '/home/a/Solving-Maze/install/interfaces/lib/python3.12/site-packages'
[2.804s] Level 1:colcon.colcon_core.shell:create_environment_hook('interfaces', 'pythonpath')
[2.804s] INFO:colcon.colcon_core.shell:Creating environment hook '/home/a/Solving-Maze/install/interfaces/share/interfaces/hook/pythonpath.ps1'
[2.805s] INFO:colcon.colcon_core.shell:Creating environment descriptor '/home/a/Solving-Maze/install/interfaces/share/interfaces/hook/pythonpath.dsv'
[2.805s] INFO:colcon.colcon_core.shell:Creating environment hook '/home/a/Solving-Maze/install/interfaces/share/interfaces/hook/pythonpath.sh'
[2.806s] Level 1:colcon.colcon_core.environment:checking '/home/a/Solving-Maze/install/interfaces/bin'
[2.807s] INFO:colcon.colcon_core.shell:Creating package script '/home/a/Solving-Maze/install/interfaces/share/interfaces/package.ps1'
[2.809s] INFO:colcon.colcon_core.shell:Creating package descriptor '/home/a/Solving-Maze/install/interfaces/share/interfaces/package.dsv'
[2.811s] INFO:colcon.colcon_core.shell:Creating package script '/home/a/Solving-Maze/install/interfaces/share/interfaces/package.sh'
[2.812s] INFO:colcon.colcon_core.shell:Creating package script '/home/a/Solving-Maze/install/interfaces/share/interfaces/package.bash'
[2.813s] INFO:colcon.colcon_core.shell:Creating package script '/home/a/Solving-Maze/install/interfaces/share/interfaces/package.zsh'
[2.814s] Level 1:colcon.colcon_core.environment:create_file_with_runtime_dependencies(/home/a/Solving-Maze/install/interfaces/share/colcon-core/packages/interfaces)
[2.815s] INFO:colcon.colcon_ros.task.ament_python.build:Building ROS package in '/home/a/Solving-Maze/src/mazeSolve_pkg' with build type 'ament_python'
[2.816s] Level 1:colcon.colcon_core.shell:create_environment_hook('mazeSolve_pkg', 'ament_prefix_path')
[2.817s] INFO:colcon.colcon_core.shell:Creating environment hook '/home/a/Solving-Maze/install/mazeSolve_pkg/share/mazeSolve_pkg/hook/ament_prefix_path.ps1'
[2.818s] INFO:colcon.colcon_core.shell:Creating environment descriptor '/home/a/Solving-Maze/install/mazeSolve_pkg/share/mazeSolve_pkg/hook/ament_prefix_path.dsv'
[2.818s] INFO:colcon.colcon_core.shell:Creating environment hook '/home/a/Solving-Maze/install/mazeSolve_pkg/share/mazeSolve_pkg/hook/ament_prefix_path.sh'
[2.819s] INFO:colcon.colcon_core.shell:Skip shell extension 'powershell' for command environment: Not usable outside of PowerShell
[2.819s] DEBUG:colcon.colcon_core.shell:Skip shell extension 'dsv' for command environment
[3.366s] INFO:colcon.colcon_core.task.python.build:Building Python package in '/home/a/Solving-Maze/src/mazeSolve_pkg'
[3.367s] INFO:colcon.colcon_core.shell:Skip shell extension 'powershell' for command environment: Not usable outside of PowerShell
[3.367s] DEBUG:colcon.colcon_core.shell:Skip shell extension 'dsv' for command environment
[3.824s] DEBUG:colcon.colcon_core.task.python.build:Available setuptools commands: build_py, build_scripts, sdist, saveopts, build_ext, compile_catalog, install_headers, editable_wheel, extract_messages, build, setopt, install_data, clean, register, rotate, alias, install, symlink_data, egg_info, init_catalog, bdist, upload, test, install_scripts, check, easy_install, install_egg_info, develop, bdist_dumb, bdist_egg, bdist_wheel, bdist_rpm, upload_docs, install_lib, dist_info, build_clib, update_catalog
[3.828s] DEBUG:colcon.colcon_core.event_handler.log_command:Invoking command in '/home/a/Solving-Maze/src/MIA26_phase2_ros_contest/maze_control': DEBUGINFOD_URLS=https://debuginfod.ubuntu.com PYTHONPATH=/home/a/Solving-Maze/build/maze_control/prefix_override:/usr/lib/python3/dist-packages/colcon_core/task/python/colcon_distutils_commands:/home/a/Solving-Maze/install/maze_control/lib/python3.12/site-packages:${PYTHONPATH} /usr/bin/python3 -W ignore:setup.py install is deprecated -W ignore:easy_install command is deprecated setup.py egg_info --egg-base ../../../build/maze_control build --build-base /home/a/Solving-Maze/build/maze_control/build install --record /home/a/Solving-Maze/build/maze_control/install.log --install-scripts $base/lib/maze_control --single-version-externally-managed install_data
[4.762s] DEBUG:colcon.colcon_core.task.python.build:Available setuptools commands: build_py, build_scripts, sdist, saveopts, build_ext, compile_catalog, install_headers, editable_wheel, extract_messages, build, setopt, install_data, clean, register, rotate, alias, install, symlink_data, egg_info, init_catalog, bdist, upload, test, install_scripts, check, easy_install, install_egg_info, develop, bdist_dumb, bdist_egg, bdist_wheel, bdist_rpm, upload_docs, install_lib, dist_info, build_clib, update_catalog
[4.765s] DEBUG:colcon.colcon_core.event_handler.log_command:Invoking command in '/home/a/Solving-Maze/src/mazeSolve_pkg': DEBUGINFOD_URLS=https://debuginfod.ubuntu.com PYTHONPATH=/home/a/Solving-Maze/build/mazeSolve_pkg/prefix_override:/usr/lib/python3/dist-packages/colcon_core/task/python/colcon_distutils_commands:/home/a/Solving-Maze/install/mazeSolve_pkg/lib/python3.12/site-packages:${PYTHONPATH} /usr/bin/python3 -W ignore:setup.py install is deprecated -W ignore:easy_install command is deprecated setup.py egg_info --egg-base ../../build/mazeSolve_pkg build --build-base /home/a/Solving-Maze/build/mazeSolve_pkg/build install --record /home/a/Solving-Maze/build/mazeSolve_pkg/install.log --install-scripts $base/lib/mazeSolve_pkg --single-version-externally-managed install_data
[5.118s] Level 1:colcon.colcon_core.environment:checking '/home/a/Solving-Maze/install/maze_control' for CMake module files
[5.120s] DEBUG:colcon.colcon_core.event_handler.log_command:Invoked command in '/home/a/Solving-Maze/src/MIA26_phase2_ros_contest/maze_control' returned '0': DEBUGINFOD_URLS=https://debuginfod.ubuntu.com PYTHONPATH=/home/a/Solving-Maze/build/maze_control/prefix_override:/usr/lib/python3/dist-packages/colcon_core/task/python/colcon_distutils_commands:/home/a/Solving-Maze/install/maze_control/lib/python3.12/site-packages:${PYTHONPATH} /usr/bin/python3 -W ignore:setup.py install is deprecated -W ignore:easy_install command is deprecated setup.py egg_info --egg-base ../../../build/maze_control build --build-base /home/a/Solving-Maze/build/maze_control/build install --record /home/a/Solving-Maze/build/maze_control/install.log --install-scripts $base/lib/maze_control --single-version-externally-managed install_data
[5.120s] Level 1:colcon.colcon_core.environment:checking '/home/a/Solving-Maze/install/maze_control' for CMake config files
[5.122s] Level 1:colcon.colcon_core.environment:checking '/home/a/Solving-Maze/install/maze_control/lib'
[5.122s] Level 1:colcon.colcon_core.environment:checking '/home/a/Solving-Maze/install/maze_control/bin'
[5.122s] Level 1:colcon.colcon_core.environment:checking '/home/a/Solving-Maze/install/maze_control/lib/pkgconfig/maze_control.pc'
[5.123s] Level 1:colcon.colcon_core.environment:checking '/home/a/Solving-Maze/install/maze_control/lib/python3.12/site-packages'
[5.123s] Level 1:colcon.colcon_core.shell:create_environment_hook('maze_control', 'pythonpath')
[5.123s] INFO:colcon.colcon_core.shell:Creating environment hook '/home/a/Solving-Maze/install/maze_control/share/maze_control/hook/pythonpath.ps1'
[5.124s] INFO:colcon.colcon_core.shell:Creating environment descriptor '/home/a/Solving-Maze/install/maze_control/share/maze_control/hook/pythonpath.dsv'
[5.125s] INFO:colcon.colcon_core.shell:Creating environment hook '/home/a/Solving-Maze/install/maze_control/share/maze_control/hook/pythonpath.sh'
[5.126s] Level 1:colcon.colcon_core.environment:checking '/home/a/Solving-Maze/install/maze_control/bin'
[5.127s] Level 1:colcon.colcon_core.environment:create_environment_scripts_only(maze_control)
[5.127s] INFO:colcon.colcon_core.shell:Creating package script '/home/a/Solving-Maze/install/maze_control/share/maze_control/package.ps1'
[5.128s] INFO:colcon.colcon_core.shell:Creating package descriptor '/home/a/Solving-Maze/install/maze_control/share/maze_control/package.dsv'
[5.129s] INFO:colcon.colcon_core.shell:Creating package script '/home/a/Solving-Maze/install/maze_control/share/maze_control/package.sh'
[5.129s] INFO:colcon.colcon_core.shell:Creating package script '/home/a/Solving-Maze/install/maze_control/share/maze_control/package.bash'
[5.130s] INFO:colcon.colcon_core.shell:Creating package script '/home/a/Solving-Maze/install/maze_control/share/maze_control/package.zsh'
[5.130s] Level 1:colcon.colcon_core.environment:create_file_with_runtime_dependencies(/home/a/Solving-Maze/install/maze_control/share/colcon-core/packages/maze_control)
[5.985s] Level 1:colcon.colcon_core.environment:checking '/home/a/Solving-Maze/install/mazeSolve_pkg' for CMake module files
[5.986s] DEBUG:colcon.colcon_core.event_handler.log_command:Invoked command in '/home/a/Solving-Maze/src/mazeSolve_pkg' returned '0': DEBUGINFOD_URLS=https://debuginfod.ubuntu.com PYTHONPATH=/home/a/Solving-Maze/build/mazeSolve_pkg/prefix_override:/usr/lib/python3/dist-packages/colcon_core/task/python/colcon_distutils_commands:/home/a/Solving-Maze/install/mazeSolve_pkg/lib/python3.12/site-packages:${PYTHONPATH} /usr/bin/python3 -W ignore:setup.py install is deprecated -W ignore:easy_install command is deprecated setup.py egg_info --egg-base ../../build/mazeSolve_pkg build --build-base /home/a/Solving-Maze/build/mazeSolve_pkg/build install --record /home/a/Solving-Maze/build/mazeSolve_pkg/install.log --install-scripts $base/lib/mazeSolve_pkg --single-version-externally-managed install_data
[5.987s] Level 1:colcon.colcon_core.environment:checking '/home/a/Solving-Maze/install/mazeSolve_pkg' for CMake config files
[5.989s] Level 1:colcon.colcon_core.environment:checking '/home/a/Solving-Maze/install/mazeSolve_pkg/lib'
[5.989s] Level 1:colcon.colcon_core.environment:checking '/home/a/Solving-Maze/install/mazeSolve_pkg/bin'
[5.990s] Level 1:colcon.colcon_core.environment:checking '/home/a/Solving-Maze/install/mazeSolve_pkg/lib/pkgconfig/mazeSolve_pkg.pc'
[5.990s] Level 1:colcon.colcon_core.environment:checking '/home/a/Solving-Maze/install/mazeSolve_pkg/lib/python3.12/site-packages'
[5.990s] Level 1:colcon.colcon_core.shell:create_environment_hook('mazeSolve_pkg', 'pythonpath')
[5.990s] INFO:colcon.colcon_core.shell:Creating environment hook '/home/a/Solving-Maze/install/mazeSolve_pkg/share/mazeSolve_pkg/hook/pythonpath.ps1'
[5.991s] INFO:colcon.colcon_core.shell:Creating environment descriptor '/home/a/Solving-Maze/install/mazeSolve_pkg/share/mazeSolve_pkg/hook/pythonpath.dsv'
[5.992s] INFO:colcon.colcon_core.shell:Creating environment hook '/home/a/Solving-Maze/install/mazeSolve_pkg/share/mazeSolve_pkg/hook/pythonpath.sh'
[5.993s] Level 1:colcon.colcon_core.environment:checking '/home/a/Solving-Maze/install/mazeSolve_pkg/bin'
[5.993s] Level 1:colcon.colcon_core.environment:create_environment_scripts_only(mazeSolve_pkg)
[5.994s] INFO:colcon.colcon_core.shell:Creating package script '/home/a/Solving-Maze/install/mazeSolve_pkg/share/mazeSolve_pkg/package.ps1'
[5.995s] INFO:colcon.colcon_core.shell:Creating package descriptor '/home/a/Solving-Maze/install/mazeSolve_pkg/share/mazeSolve_pkg/package.dsv'
[5.995s] INFO:colcon.colcon_core.shell:Creating package script '/home/a/Solving-Maze/install/mazeSolve_pkg/share/mazeSolve_pkg/package.sh'
[5.996s] INFO:colcon.colcon_core.shell:Creating package script '/home/a/Solving-Maze/install/mazeSolve_pkg/share/mazeSolve_pkg/package.bash'
[5.996s] INFO:colcon.colcon_core.shell:Creating package script '/home/a/Solving-Maze/install/mazeSolve_pkg/share/mazeSolve_pkg/package.zsh'
[5.997s] Level 1:colcon.colcon_core.environment:create_file_with_runtime_dependencies(/home/a/Solving-Maze/install/mazeSolve_pkg/share/colcon-core/packages/mazeSolve_pkg)
[5.997s] DEBUG:colcon.colcon_parallel_executor.executor.parallel:closing loop
[5.998s] DEBUG:colcon.colcon_parallel_executor.executor.parallel:loop closed
[5.999s] DEBUG:colcon.colcon_parallel_executor.executor.parallel:run_until_complete finished with '0'
[6.000s] DEBUG:colcon.colcon_core.event_reactor:joining thread
[6.018s] INFO:colcon.colcon_core.plugin_system:Skipping extension 'colcon_notification.desktop_notification.terminal_notifier': Not used on non-Darwin systems
[6.019s] INFO:colcon.colcon_core.plugin_system:Skipping extension 'colcon_notification.desktop_notification.win32': Not used on non-Windows systems
[6.019s] INFO:colcon.colcon_notification.desktop_notification:Sending desktop notification using 'notify2'
[6.052s] DEBUG:colcon.colcon_core.event_reactor:joined thread
[6.052s] INFO:colcon.colcon_core.shell:Creating prefix script '/home/a/Solving-Maze/install/local_setup.ps1'
[6.054s] INFO:colcon.colcon_core.shell:Creating prefix util module '/home/a/Solving-Maze/install/_local_setup_util_ps1.py'
[6.056s] INFO:colcon.colcon_core.shell:Creating prefix chain script '/home/a/Solving-Maze/install/setup.ps1'
[6.057s] INFO:colcon.colcon_core.shell:Creating prefix script '/home/a/Solving-Maze/install/local_setup.sh'
[6.058s] INFO:colcon.colcon_core.shell:Creating prefix util module '/home/a/Solving-Maze/install/_local_setup_util_sh.py'
[6.059s] INFO:colcon.colcon_core.shell:Creating prefix chain script '/home/a/Solving-Maze/install/setup.sh'
[6.060s] INFO:colcon.colcon_core.shell:Creating prefix script '/home/a/Solving-Maze/install/local_setup.bash'
[6.061s] INFO:colcon.colcon_core.shell:Creating prefix chain script '/home/a/Solving-Maze/install/setup.bash'
[6.063s] INFO:colcon.colcon_core.shell:Creating prefix script '/home/a/Solving-Maze/install/local_setup.zsh'
[6.064s] INFO:colcon.colcon_core.shell:Creating prefix chain script '/home/a/Solving-Maze/install/setup.zsh'
