-- The C compiler identification is GNU 13.3.0
-- The CXX compiler identification is GNU 13.3.0
-- Detecting C compiler ABI info
-- Detecting C compiler ABI info - done
-- Check for working C compiler: /usr/bin/cc - skipped
-- Detecting C compile features
-- Detecting C compile features - done
-- Detecting CXX compiler ABI info
-- Detecting CXX compiler ABI info - done
-- Check for working CXX compiler: /usr/bin/c++ - skipped
-- Detecting CXX compile features
-- Detecting CXX compile features - done
-- Found ament_cmake: 2.5.6 (/opt/ros/jazzy/share/ament_cmake/cmake)
-- Found Python3: /usr/bin/python3 (found version "3.12.3") found components: Interpreter 
-- Override CMake install command with custom implementation using symlinks instead of copying resources
-- Found action_msgs: 2.0.4 (/opt/ros/jazzy/share/action_msgs/cmake)
-- Found rosidl_generator_c: 4.6.9 (/opt/ros/jazzy/share/rosidl_generator_c/cmake)
-- Found rosidl_generator_cpp: 4.6.9 (/opt/ros/jazzy/share/rosidl_generator_cpp/cmake)
-- Using all available rosidl_typesupport_c: rosidl_typesupport_fastrtps_c;rosidl_typesupport_introspection_c
-- Using all available rosidl_typesupport_cpp: rosidl_typesupport_fastrtps_cpp;rosidl_typesupport_introspection_cpp
-- Found rosidl_default_generators: 1.6.1 (/opt/ros/jazzy/share/rosidl_default_generators/cmake)
-- Found rosidl_adapter: 4.6.9 (/opt/ros/jazzy/share/rosidl_adapter/cmake)
-- Found ament_lint_auto: 0.17.5 (/opt/ros/jazzy/share/ament_lint_auto/cmake)
-- Added test 'lint_cmake' to check CMake code style
-- Added test 'xmllint' to check XML markup files
-- Configuring done (1.2s)
-- Generating done (0.0s)
-- Build files have been written to: /home/a/Solving-Maze/build/interfaces
-- Install configuration: ""
-- Execute custom install script
-- Symlinking: /home/a/Solving-Maze/install/interfaces/share/ament_index/resource_index/package_run_dependencies/interfaces
-- Symlinking: /home/a/Solving-Maze/install/interfaces/share/ament_index/resource_index/parent_prefix_path/interfaces
-- Symlinking: /home/a/Solving-Maze/install/interfaces/share/interfaces/environment/ament_prefix_path.sh
-- Symlinking: /home/a/Solving-Maze/install/interfaces/share/interfaces/environment/ament_prefix_path.dsv
-- Symlinking: /home/a/Solving-Maze/install/interfaces/share/interfaces/environment/path.sh
-- Symlinking: /home/a/Solving-Maze/install/interfaces/share/interfaces/environment/path.dsv
-- Symlinking: /home/a/Solving-Maze/install/interfaces/share/interfaces/local_setup.bash
-- Symlinking: /home/a/Solving-Maze/install/interfaces/share/interfaces/local_setup.sh
-- Symlinking: /home/a/Solving-Maze/install/interfaces/share/interfaces/local_setup.zsh
-- Symlinking: /home/a/Solving-Maze/install/interfaces/share/interfaces/local_setup.dsv
-- Symlinking: /home/a/Solving-Maze/install/interfaces/share/interfaces/package.dsv
-- Symlinking: /home/a/Solving-Maze/install/interfaces/share/ament_index/resource_index/packages/interfaces
-- Symlinking: /home/a/Solving-Maze/install/interfaces/share/interfaces/cmake/interfacesConfig.cmake
-- Symlinking: /home/a/Solving-Maze/install/interfaces/share/interfaces/cmake/interfacesConfig-version.cmake
-- Symlinking: /home/a/Solving-Maze/install/interfaces/share/interfaces/package.xml
