[0.053s] Invoking command in '/root/training_ws_merge2/build/interfaces': CMAKE_PREFIX_PATH=${CMAKE_PREFIX_PATH}:/opt/ros/jazzy /usr/bin/cmake /root/training_ws_merge2/src/interfaces -DAMENT_CMAKE_SYMLINK_INSTALL=1 -DCMAKE_INSTALL_PREFIX=/root/training_ws_merge2/install/interfaces
[0.309s] -- The C compiler identification is GNU 13.3.0
[0.474s] -- The CXX compiler identification is GNU 13.3.0
[0.523s] -- Detecting C compiler ABI info
[0.825s] -- Detecting C compiler ABI info - done
[0.865s] -- Check for working C compiler: /usr/bin/cc - skipped
[0.866s] -- Detecting C compile features
[0.867s] -- Detecting C compile features - done
[0.902s] -- Detecting CXX compiler ABI info
[1.196s] -- Detecting CXX compiler ABI info - done
[1.218s] -- Check for working CXX compiler: /usr/bin/c++ - skipped
[1.220s] -- Detecting CXX compile features
[1.220s] -- Detecting CXX compile features - done
[1.236s] -- Found ament_cmake: 2.5.6 (/opt/ros/jazzy/share/ament_cmake/cmake)
[1.697s] -- Found Python3: /usr/bin/python3 (found version "3.12.3") found components: Interpreter 
[1.910s] -- Override CMake install command with custom implementation using symlinks instead of copying resources
[2.212s] -- Found rosidl_default_generators: 1.6.1 (/opt/ros/jazzy/share/rosidl_default_generators/cmake)
[2.255s] -- Using all available rosidl_typesupport_c: rosidl_typesupport_fastrtps_c;rosidl_typesupport_introspection_c
[2.495s] -- Using all available rosidl_typesupport_cpp: rosidl_typesupport_fastrtps_cpp;rosidl_typesupport_introspection_cpp
[2.733s] -- Found rosidl_adapter: 4.6.9 (/opt/ros/jazzy/share/rosidl_adapter/cmake)
[2.756s] -- Found action_msgs: 2.0.4 (/opt/ros/jazzy/share/action_msgs/cmake)
[4.694s] -- Found ament_cmake_ros: 0.12.1 (/opt/ros/jazzy/share/ament_cmake_ros/cmake)
[5.878s] -- Using all available rosidl_typesupport_c: rosidl_typesupport_fastrtps_c;rosidl_typesupport_introspection_c
[7.381s] -- Using all available rosidl_typesupport_cpp: rosidl_typesupport_fastrtps_cpp;rosidl_typesupport_introspection_cpp
[7.398s] -- Found python_cmake_module: 0.11.1 (/opt/ros/jazzy/share/python_cmake_module/cmake)
[7.754s] -- Found PythonExtra: /usr/bin/python3  
[8.951s] -- Found Python3: /usr/bin/python3 (found version "3.12.3") found components: Interpreter Development NumPy Development.Module Development.Embed 
[9.132s] -- Found Python3: /usr/bin/python3 (found version "3.12.3") found components: Interpreter 
[9.174s] -- Configuring done (9.1s)
[9.290s] -- Generating done (0.1s)
[9.336s] -- Build files have been written to: /root/training_ws_merge2/build/interfaces
[9.367s] Invoked command in '/root/training_ws_merge2/build/interfaces' returned '0': CMAKE_PREFIX_PATH=${CMAKE_PREFIX_PATH}:/opt/ros/jazzy /usr/bin/cmake /root/training_ws_merge2/src/interfaces -DAMENT_CMAKE_SYMLINK_INSTALL=1 -DCMAKE_INSTALL_PREFIX=/root/training_ws_merge2/install/interfaces
[9.369s] Invoking command in '/root/training_ws_merge2/build/interfaces': CMAKE_PREFIX_PATH=${CMAKE_PREFIX_PATH}:/opt/ros/jazzy /usr/bin/cmake --build /root/training_ws_merge2/build/interfaces -- -j8 -l8
[9.505s] [  2%] [34m[1mGenerating Rust code for ROS interfaces[0m
[10.245s] [  2%] Built target interfaces__rs
[10.333s] [  2%] Built target ament_cmake_python_symlink_interfaces
[10.388s] [  5%] [34m[1mGenerating type hashes for ROS interfaces[0m
[10.921s] [  5%] Built target interfaces__rosidl_generator_type_description
[11.437s] running egg_info
[11.440s] creating interfaces.egg-info
[11.483s] writing interfaces.egg-info/PKG-INFO
[11.483s] writing dependency_links to interfaces.egg-info/dependency_links.txt
[11.484s] writing top-level names to interfaces.egg-info/top_level.txt
[11.484s] writing manifest file 'interfaces.egg-info/SOURCES.txt'
[11.613s] reading manifest file 'interfaces.egg-info/SOURCES.txt'
[11.614s] writing manifest file 'interfaces.egg-info/SOURCES.txt'
[11.708s] [  5%] Built target ament_cmake_python_build_interfaces_egg
[11.765s] [  8%] [34m[1mGenerating C++ code for ROS interfaces[0m
[12.850s] [  8%] Built target interfaces__cpp
[12.879s] [ 11%] [34m[1mGenerating C code for ROS interfaces[0m
[14.100s] [ 14%] [32mBuilding C object CMakeFiles/interfaces__rosidl_generator_c.dir/rosidl_generator_c/interfaces/action/detail/move__description.c.o[0m
[14.312s] [ 17%] [32mBuilding C object CMakeFiles/interfaces__rosidl_generator_c.dir/rosidl_generator_c/interfaces/action/detail/move__type_support.c.o[0m
[14.417s] [ 20%] [32mBuilding C object CMakeFiles/interfaces__rosidl_generator_c.dir/rosidl_generator_c/interfaces/action/detail/move__functions.c.o[0m
[14.777s] [ 22%] [32m[1mLinking C shared library libinterfaces__rosidl_generator_c.so[0m
[14.897s] [ 22%] Built target interfaces__rosidl_generator_c
[14.933s] [ 25%] [34m[1mGenerating C type support for eProsima Fast-RTPS[0m
[16.112s] [ 28%] [32mBuilding CXX object CMakeFiles/interfaces__rosidl_typesupport_fastrtps_c.dir/rosidl_typesupport_fastrtps_c/interfaces/action/detail/move__type_support_c.cpp.o[0m
[17.590s] [ 31%] [32m[1mLinking CXX shared library libinterfaces__rosidl_typesupport_fastrtps_c.so[0m
[17.910s] [ 31%] Built target interfaces__rosidl_typesupport_fastrtps_c
[17.944s] [ 34%] [34m[1mGenerating C++ type support dispatch for ROS interfaces[0m
[18.767s] [ 37%] [32mBuilding CXX object CMakeFiles/interfaces__rosidl_typesupport_cpp.dir/rosidl_typesupport_cpp/interfaces/action/move__type_support.cpp.o[0m
[20.531s] [ 40%] [32m[1mLinking CXX shared library libinterfaces__rosidl_typesupport_cpp.so[0m
[20.746s] [ 40%] Built target interfaces__rosidl_typesupport_cpp
[20.772s] [ 42%] [34m[1mGenerating C++ introspection for ROS interfaces[0m
[21.548s] [ 45%] [32mBuilding CXX object CMakeFiles/interfaces__rosidl_typesupport_introspection_cpp.dir/rosidl_typesupport_introspection_cpp/interfaces/action/detail/move__type_support.cpp.o[0m
[23.495s] [ 48%] [32m[1mLinking CXX shared library libinterfaces__rosidl_typesupport_introspection_cpp.so[0m
[23.752s] [ 48%] Built target interfaces__rosidl_typesupport_introspection_cpp
[23.796s] [ 51%] [34m[1mGenerating C++ type support for eProsima Fast-RTPS[0m
[25.581s] [ 54%] [32mBuilding CXX object CMakeFiles/interfaces__rosidl_typesupport_fastrtps_cpp.dir/rosidl_typesupport_fastrtps_cpp/interfaces/action/detail/dds_fastrtps/move__type_support.cpp.o[0m
[28.757s] [ 57%] [32m[1mLinking CXX shared library libinterfaces__rosidl_typesupport_fastrtps_cpp.so[0m
[29.008s] [ 57%] Built target interfaces__rosidl_typesupport_fastrtps_cpp
[29.038s] [ 60%] [34m[1mGenerating C type support dispatch for ROS interfaces[0m
[29.837s] [ 62%] [32mBuilding CXX object CMakeFiles/interfaces__rosidl_typesupport_c.dir/rosidl_typesupport_c/interfaces/action/move__type_support.cpp.o[0m
[29.981s] [ 65%] [32m[1mLinking CXX shared library libinterfaces__rosidl_typesupport_c.so[0m
[30.097s] [ 65%] Built target interfaces__rosidl_typesupport_c
[30.129s] [ 68%] [34m[1mGenerating C introspection for ROS interfaces[0m
[31.101s] [ 71%] [32mBuilding C object CMakeFiles/interfaces__rosidl_typesupport_introspection_c.dir/rosidl_typesupport_introspection_c/interfaces/action/detail/move__type_support.c.o[0m
[31.286s] [ 74%] [32m[1mLinking C shared library libinterfaces__rosidl_typesupport_introspection_c.so[0m
[31.397s] [ 74%] Built target interfaces__rosidl_typesupport_introspection_c
[31.465s] [ 74%] Built target interfaces
[31.530s] [ 77%] [34m[1mGenerating Python code for ROS interfaces[0m
[33.286s] [ 77%] Built target interfaces__py
[33.345s] [ 80%] [32mBuilding C object CMakeFiles/interfaces__rosidl_generator_py.dir/rosidl_generator_py/interfaces/action/_move_s.c.o[0m
[33.822s] [ 82%] [32m[1mLinking C shared library libinterfaces__rosidl_generator_py.so[0m
[33.968s] [ 82%] Built target interfaces__rosidl_generator_py
[34.024s] [ 85%] [32mBuilding C object CMakeFiles/interfaces_s__rosidl_typesupport_fastrtps_c.dir/rosidl_generator_py/interfaces/_interfaces_s.ep.rosidl_typesupport_fastrtps_c.c.o[0m
[34.339s] [ 88%] [32m[1mLinking C shared module rosidl_generator_py/interfaces/interfaces_s__rosidl_typesupport_fastrtps_c.so[0m
[34.422s] [ 88%] Built target interfaces_s__rosidl_typesupport_fastrtps_c
[34.479s] [ 91%] [32mBuilding C object CMakeFiles/interfaces_s__rosidl_typesupport_c.dir/rosidl_generator_py/interfaces/_interfaces_s.ep.rosidl_typesupport_c.c.o[0m
[34.762s] [ 94%] [32m[1mLinking C shared module rosidl_generator_py/interfaces/interfaces_s__rosidl_typesupport_c.so[0m
[34.945s] [ 94%] Built target interfaces_s__rosidl_typesupport_c
[35.058s] [ 97%] [32mBuilding C object CMakeFiles/interfaces_s__rosidl_typesupport_introspection_c.dir/rosidl_generator_py/interfaces/_interfaces_s.ep.rosidl_typesupport_introspection_c.c.o[0m
[35.424s] [100%] [32m[1mLinking C shared module rosidl_generator_py/interfaces/interfaces_s__rosidl_typesupport_introspection_c.so[0m
[35.518s] [100%] Built target interfaces_s__rosidl_typesupport_introspection_c
[35.550s] Invoked command in '/root/training_ws_merge2/build/interfaces' returned '0': CMAKE_PREFIX_PATH=${CMAKE_PREFIX_PATH}:/opt/ros/jazzy /usr/bin/cmake --build /root/training_ws_merge2/build/interfaces -- -j8 -l8
[35.577s] Invoking command in '/root/training_ws_merge2/build/interfaces': CMAKE_PREFIX_PATH=${CMAKE_PREFIX_PATH}:/opt/ros/jazzy /usr/bin/cmake --install /root/training_ws_merge2/build/interfaces
[35.596s] -- Install configuration: ""
[35.597s] -- Execute custom install script
[35.598s] -- Symlinking: /root/training_ws_merge2/install/interfaces/share/ament_index/resource_index/rosidl_interfaces/interfaces
[35.624s] -- Symlinking: /root/training_ws_merge2/install/interfaces/share/interfaces/action/Move.json
[35.646s] -- Symlinking: /root/training_ws_merge2/install/interfaces/include/interfaces/interfaces/action/detail/move__functions.h
[35.671s] -- Symlinking: /root/training_ws_merge2/install/interfaces/include/interfaces/interfaces/action/detail/move__struct.h
[35.697s] -- Symlinking: /root/training_ws_merge2/install/interfaces/include/interfaces/interfaces/action/detail/move__type_support.h
[35.722s] -- Symlinking: /root/training_ws_merge2/install/interfaces/include/interfaces/interfaces/action/move.h
[35.747s] -- Symlinking: /root/training_ws_merge2/install/interfaces/include/interfaces/interfaces/msg/rosidl_generator_c__visibility_control.h
[35.771s] -- Symlinking: /root/training_ws_merge2/install/interfaces/share/interfaces/environment/library_path.sh
[35.795s] -- Symlinking: /root/training_ws_merge2/install/interfaces/share/interfaces/environment/library_path.dsv
[35.816s] -- Symlinking: /root/training_ws_merge2/install/interfaces/include/interfaces/interfaces/action/detail/move__rosidl_typesupport_fastrtps_c.h
[35.838s] -- Symlinking: /root/training_ws_merge2/install/interfaces/include/interfaces/interfaces/msg/rosidl_typesupport_fastrtps_c__visibility_control.h
[35.866s] -- Symlinking: /root/training_ws_merge2/install/interfaces/include/interfaces/interfaces/action/detail/move__rosidl_typesupport_introspection_c.h
[35.893s] -- Symlinking: /root/training_ws_merge2/install/interfaces/include/interfaces/interfaces/msg/rosidl_typesupport_introspection_c__visibility_control.h
[35.914s] -- Symlinking: /root/training_ws_merge2/install/interfaces/include/interfaces/interfaces/action/detail/move__builder.hpp
[35.937s] -- Symlinking: /root/training_ws_merge2/install/interfaces/include/interfaces/interfaces/action/detail/move__struct.hpp
[35.961s] -- Symlinking: /root/training_ws_merge2/install/interfaces/include/interfaces/interfaces/action/detail/move__traits.hpp
[35.987s] -- Symlinking: /root/training_ws_merge2/install/interfaces/include/interfaces/interfaces/action/detail/move__type_support.hpp
[36.013s] -- Symlinking: /root/training_ws_merge2/install/interfaces/include/interfaces/interfaces/action/move.hpp
[36.038s] -- Symlinking: /root/training_ws_merge2/install/interfaces/include/interfaces/interfaces/msg/rosidl_generator_cpp__visibility_control.hpp
[36.064s] -- Symlinking: /root/training_ws_merge2/install/interfaces/include/interfaces/interfaces/action/detail/move__rosidl_typesupport_fastrtps_cpp.hpp
[36.090s] -- Symlinking: /root/training_ws_merge2/install/interfaces/include/interfaces/interfaces/msg/rosidl_typesupport_fastrtps_cpp__visibility_control.h
[36.116s] -- Symlinking: /root/training_ws_merge2/install/interfaces/include/interfaces/interfaces/action/detail/move__rosidl_typesupport_introspection_cpp.hpp
[36.140s] -- Symlinking: /root/training_ws_merge2/install/interfaces/share/interfaces/environment/pythonpath.sh
[36.171s] -- Symlinking: /root/training_ws_merge2/install/interfaces/share/interfaces/environment/pythonpath.dsv
[36.200s] -- Symlinking: /root/training_ws_merge2/install/interfaces/lib/python3.12/site-packages/interfaces-0.0.0-py3.12.egg-info/PKG-INFO
[36.224s] -- Symlinking: /root/training_ws_merge2/install/interfaces/lib/python3.12/site-packages/interfaces-0.0.0-py3.12.egg-info/SOURCES.txt
[36.248s] -- Symlinking: /root/training_ws_merge2/install/interfaces/lib/python3.12/site-packages/interfaces-0.0.0-py3.12.egg-info/dependency_links.txt
[36.274s] -- Symlinking: /root/training_ws_merge2/install/interfaces/lib/python3.12/site-packages/interfaces-0.0.0-py3.12.egg-info/top_level.txt
[36.298s] -- Symlinking: /root/training_ws_merge2/install/interfaces/lib/python3.12/site-packages/interfaces/__init__.py
[36.325s] -- Symlinking: /root/training_ws_merge2/install/interfaces/lib/python3.12/site-packages/interfaces/_interfaces_s.ep.rosidl_typesupport_c.c
[36.352s] -- Symlinking: /root/training_ws_merge2/install/interfaces/lib/python3.12/site-packages/interfaces/_interfaces_s.ep.rosidl_typesupport_fastrtps_c.c
[36.378s] -- Symlinking: /root/training_ws_merge2/install/interfaces/lib/python3.12/site-packages/interfaces/_interfaces_s.ep.rosidl_typesupport_introspection_c.c
[36.400s] -- Symlinking: /root/training_ws_merge2/install/interfaces/lib/python3.12/site-packages/interfaces/action/__init__.py
[36.427s] -- Symlinking: /root/training_ws_merge2/install/interfaces/lib/python3.12/site-packages/interfaces/action/_move.py
[36.450s] -- Symlinking: /root/training_ws_merge2/install/interfaces/lib/python3.12/site-packages/interfaces/action/_move_s.c
[36.477s] -- Symlinking: /root/training_ws_merge2/install/interfaces/lib/python3.12/site-packages/interfaces/interfaces_s__rosidl_typesupport_c.so
[36.499s] -- Symlinking: /root/training_ws_merge2/install/interfaces/lib/python3.12/site-packages/interfaces/interfaces_s__rosidl_typesupport_fastrtps_c.so
[36.523s] -- Symlinking: /root/training_ws_merge2/install/interfaces/lib/python3.12/site-packages/interfaces/interfaces_s__rosidl_typesupport_introspection_c.so
[36.547s] -- Up-to-date symlink: /root/training_ws_merge2/install/interfaces/lib/python3.12/site-packages/interfaces/interfaces_s__rosidl_typesupport_fastrtps_c.so
[36.548s] -- Up-to-date symlink: /root/training_ws_merge2/install/interfaces/lib/python3.12/site-packages/interfaces/interfaces_s__rosidl_typesupport_introspection_c.so
[36.549s] -- Up-to-date symlink: /root/training_ws_merge2/install/interfaces/lib/python3.12/site-packages/interfaces/interfaces_s__rosidl_typesupport_c.so
[36.550s] -- Symlinking: /root/training_ws_merge2/install/interfaces/share/ament_index/resource_index/rust_packages/interfaces
[36.574s] -- Symlinking: /root/training_ws_merge2/install/interfaces/share/interfaces/rust/Cargo.toml
[36.598s] -- Symlinking: /root/training_ws_merge2/install/interfaces/share/interfaces/rust/build.rs
[36.625s] -- Symlinking: /root/training_ws_merge2/install/interfaces/share/interfaces/rust/src/action.rs
[36.651s] -- Symlinking: /root/training_ws_merge2/install/interfaces/share/interfaces/rust/src/action/rmw.rs
[36.676s] -- Symlinking: /root/training_ws_merge2/install/interfaces/share/interfaces/rust/src/lib.rs
[36.699s] -- Symlinking: /root/training_ws_merge2/install/interfaces/share/interfaces/action/Move.idl
[36.724s] -- Symlinking: /root/training_ws_merge2/install/interfaces/share/interfaces/action/Move.action
[36.750s] -- Symlinking: /root/training_ws_merge2/install/interfaces/share/ament_index/resource_index/package_run_dependencies/interfaces
[36.775s] -- Symlinking: /root/training_ws_merge2/install/interfaces/share/ament_index/resource_index/parent_prefix_path/interfaces
[36.800s] -- Symlinking: /root/training_ws_merge2/install/interfaces/share/interfaces/environment/ament_prefix_path.sh
[36.824s] -- Symlinking: /root/training_ws_merge2/install/interfaces/share/interfaces/environment/ament_prefix_path.dsv
[36.850s] -- Symlinking: /root/training_ws_merge2/install/interfaces/share/interfaces/environment/path.sh
[36.879s] -- Symlinking: /root/training_ws_merge2/install/interfaces/share/interfaces/environment/path.dsv
[36.906s] -- Symlinking: /root/training_ws_merge2/install/interfaces/share/interfaces/local_setup.bash
[36.930s] -- Symlinking: /root/training_ws_merge2/install/interfaces/share/interfaces/local_setup.sh
[36.958s] -- Symlinking: /root/training_ws_merge2/install/interfaces/share/interfaces/local_setup.zsh
[36.982s] -- Symlinking: /root/training_ws_merge2/install/interfaces/share/interfaces/local_setup.dsv
[37.007s] -- Symlinking: /root/training_ws_merge2/install/interfaces/share/interfaces/package.dsv
[37.031s] -- Symlinking: /root/training_ws_merge2/install/interfaces/share/ament_index/resource_index/packages/interfaces
[37.059s] -- Symlinking: /root/training_ws_merge2/install/interfaces/share/interfaces/cmake/rosidl_cmake-extras.cmake
[37.087s] -- Symlinking: /root/training_ws_merge2/install/interfaces/share/interfaces/cmake/ament_cmake_export_dependencies-extras.cmake
[37.112s] -- Symlinking: /root/training_ws_merge2/install/interfaces/share/interfaces/cmake/ament_cmake_export_include_directories-extras.cmake
[37.138s] -- Symlinking: /root/training_ws_merge2/install/interfaces/share/interfaces/cmake/ament_cmake_export_libraries-extras.cmake
[37.165s] -- Symlinking: /root/training_ws_merge2/install/interfaces/share/interfaces/cmake/ament_cmake_export_targets-extras.cmake
[37.190s] -- Symlinking: /root/training_ws_merge2/install/interfaces/share/interfaces/cmake/rosidl_cmake_export_typesupport_targets-extras.cmake
[37.216s] -- Symlinking: /root/training_ws_merge2/install/interfaces/share/interfaces/cmake/rosidl_cmake_export_typesupport_libraries-extras.cmake
[37.239s] -- Symlinking: /root/training_ws_merge2/install/interfaces/share/interfaces/cmake/rosidl_cmake_aggregate_target-extras.cmake
[37.265s] -- Symlinking: /root/training_ws_merge2/install/interfaces/share/interfaces/cmake/interfacesConfig.cmake
[37.287s] -- Symlinking: /root/training_ws_merge2/install/interfaces/share/interfaces/cmake/interfacesConfig-version.cmake
[37.312s] -- Symlinking: /root/training_ws_merge2/install/interfaces/share/interfaces/package.xml
[37.337s] -- Installing: /root/training_ws_merge2/install/interfaces/lib/libinterfaces__rosidl_generator_c.so
[37.338s] -- Set non-toolchain portion of runtime path of "/root/training_ws_merge2/install/interfaces/lib/libinterfaces__rosidl_generator_c.so" to ""
[37.339s] -- Installing: /root/training_ws_merge2/install/interfaces/lib/libinterfaces__rosidl_typesupport_fastrtps_c.so
[37.341s] -- Set non-toolchain portion of runtime path of "/root/training_ws_merge2/install/interfaces/lib/libinterfaces__rosidl_typesupport_fastrtps_c.so" to ""
[37.341s] -- Installing: /root/training_ws_merge2/install/interfaces/lib/libinterfaces__rosidl_typesupport_introspection_c.so
[37.342s] -- Set non-toolchain portion of runtime path of "/root/training_ws_merge2/install/interfaces/lib/libinterfaces__rosidl_typesupport_introspection_c.so" to ""
[37.342s] -- Installing: /root/training_ws_merge2/install/interfaces/lib/libinterfaces__rosidl_typesupport_c.so
[37.343s] -- Set non-toolchain portion of runtime path of "/root/training_ws_merge2/install/interfaces/lib/libinterfaces__rosidl_typesupport_c.so" to ""
[37.343s] -- Installing: /root/training_ws_merge2/install/interfaces/lib/libinterfaces__rosidl_typesupport_fastrtps_cpp.so
[37.345s] -- Set non-toolchain portion of runtime path of "/root/training_ws_merge2/install/interfaces/lib/libinterfaces__rosidl_typesupport_fastrtps_cpp.so" to ""
[37.345s] -- Installing: /root/training_ws_merge2/install/interfaces/lib/libinterfaces__rosidl_typesupport_introspection_cpp.so
[37.346s] -- Set non-toolchain portion of runtime path of "/root/training_ws_merge2/install/interfaces/lib/libinterfaces__rosidl_typesupport_introspection_cpp.so" to ""
[37.346s] -- Installing: /root/training_ws_merge2/install/interfaces/lib/libinterfaces__rosidl_typesupport_cpp.so
[37.347s] -- Set non-toolchain portion of runtime path of "/root/training_ws_merge2/install/interfaces/lib/libinterfaces__rosidl_typesupport_cpp.so" to ""
[37.464s] Listing '/root/training_ws_merge2/install/interfaces/lib/python3.12/site-packages/interfaces'...
[37.465s] Compiling '/root/training_ws_merge2/install/interfaces/lib/python3.12/site-packages/interfaces/__init__.py'...
[37.465s] Listing '/root/training_ws_merge2/install/interfaces/lib/python3.12/site-packages/interfaces/action'...
[37.465s] Compiling '/root/training_ws_merge2/install/interfaces/lib/python3.12/site-packages/interfaces/action/__init__.py'...
[37.465s] Compiling '/root/training_ws_merge2/install/interfaces/lib/python3.12/site-packages/interfaces/action/_move.py'...
[37.483s] -- Installing: /root/training_ws_merge2/install/interfaces/lib/libinterfaces__rosidl_generator_py.so
[37.484s] -- Set non-toolchain portion of runtime path of "/root/training_ws_merge2/install/interfaces/lib/libinterfaces__rosidl_generator_py.so" to ""
[37.485s] -- Installing: /root/training_ws_merge2/install/interfaces/share/interfaces/cmake/export_interfaces__rosidl_generator_cExport.cmake
[37.485s] -- Installing: /root/training_ws_merge2/install/interfaces/share/interfaces/cmake/export_interfaces__rosidl_generator_cExport-noconfig.cmake
[37.487s] -- Installing: /root/training_ws_merge2/install/interfaces/share/interfaces/cmake/export_interfaces__rosidl_typesupport_fastrtps_cExport.cmake
[37.489s] -- Installing: /root/training_ws_merge2/install/interfaces/share/interfaces/cmake/export_interfaces__rosidl_typesupport_fastrtps_cExport-noconfig.cmake
[37.489s] -- Installing: /root/training_ws_merge2/install/interfaces/share/interfaces/cmake/interfaces__rosidl_typesupport_introspection_cExport.cmake
[37.491s] -- Installing: /root/training_ws_merge2/install/interfaces/share/interfaces/cmake/interfaces__rosidl_typesupport_introspection_cExport-noconfig.cmake
[37.491s] -- Installing: /root/training_ws_merge2/install/interfaces/share/interfaces/cmake/interfaces__rosidl_typesupport_cExport.cmake
[37.492s] -- Installing: /root/training_ws_merge2/install/interfaces/share/interfaces/cmake/interfaces__rosidl_typesupport_cExport-noconfig.cmake
[37.492s] -- Installing: /root/training_ws_merge2/install/interfaces/share/interfaces/cmake/export_interfaces__rosidl_generator_cppExport.cmake
[37.492s] -- Installing: /root/training_ws_merge2/install/interfaces/share/interfaces/cmake/export_interfaces__rosidl_typesupport_fastrtps_cppExport.cmake
[37.493s] -- Installing: /root/training_ws_merge2/install/interfaces/share/interfaces/cmake/export_interfaces__rosidl_typesupport_fastrtps_cppExport-noconfig.cmake
[37.493s] -- Installing: /root/training_ws_merge2/install/interfaces/share/interfaces/cmake/interfaces__rosidl_typesupport_introspection_cppExport.cmake
[37.494s] -- Installing: /root/training_ws_merge2/install/interfaces/share/interfaces/cmake/interfaces__rosidl_typesupport_introspection_cppExport-noconfig.cmake
[37.494s] -- Installing: /root/training_ws_merge2/install/interfaces/share/interfaces/cmake/interfaces__rosidl_typesupport_cppExport.cmake
[37.495s] -- Installing: /root/training_ws_merge2/install/interfaces/share/interfaces/cmake/interfaces__rosidl_typesupport_cppExport-noconfig.cmake
[37.495s] -- Installing: /root/training_ws_merge2/install/interfaces/share/interfaces/cmake/export_interfaces__rosidl_generator_pyExport.cmake
[37.495s] -- Installing: /root/training_ws_merge2/install/interfaces/share/interfaces/cmake/export_interfaces__rosidl_generator_pyExport-noconfig.cmake
[37.502s] Invoked command in '/root/training_ws_merge2/build/interfaces' returned '0': CMAKE_PREFIX_PATH=${CMAKE_PREFIX_PATH}:/opt/ros/jazzy /usr/bin/cmake --install /root/training_ws_merge2/build/interfaces
