[0.025s] Invoking command in '/root/training_ws_merge2/src/build/interfaces': CMAKE_PREFIX_PATH=${CMAKE_PREFIX_PATH}:/root/training_ws_merge2/src/install/maze_control:/root/training_ws_merge2/src/install/mazeSolve_pkg:/root/training_ws_merge2/install/maze_control:/root/training_ws_merge2/install/mazeSolve_pkg:/root/training_ws/install/mazeSolve_pkg:/opt/ros/jazzy /usr/bin/cmake --build /root/training_ws_merge2/src/build/interfaces -- -j8 -l8
[0.136s] [  5%] Built target interfaces__rosidl_generator_type_description
[0.137s] [  5%] Built target interfaces__rs
[0.155s] [  5%] Built target ament_cmake_python_symlink_interfaces
[0.181s] [ 14%] Built target interfaces__cpp
[0.181s] [ 22%] Built target interfaces__rosidl_generator_c
[0.245s] [ 31%] Built target interfaces__rosidl_typesupport_c
[0.248s] [ 40%] Built target interfaces__rosidl_typesupport_introspection_c
[0.253s] [ 48%] Built target interfaces__rosidl_typesupport_fastrtps_c
[0.254s] [ 57%] Built target interfaces__rosidl_typesupport_introspection_cpp
[0.262s] [ 65%] Built target interfaces__rosidl_typesupport_fastrtps_cpp
[0.267s] [ 74%] Built target interfaces__rosidl_typesupport_cpp
[0.315s] [ 74%] Built target interfaces
[0.360s] [ 77%] Built target interfaces__py
[0.408s] [ 82%] Built target interfaces__rosidl_generator_py
[0.460s] [ 94%] Built target interfaces_s__rosidl_typesupport_introspection_c
[0.461s] [ 94%] Built target interfaces_s__rosidl_typesupport_fastrtps_c
[0.466s] [100%] Built target interfaces_s__rosidl_typesupport_c
[0.599s] running egg_info
[0.634s] writing interfaces.egg-info/PKG-INFO
[0.635s] writing dependency_links to interfaces.egg-info/dependency_links.txt
[0.635s] writing top-level names to interfaces.egg-info/top_level.txt
[0.737s] reading manifest file 'interfaces.egg-info/SOURCES.txt'
[0.738s] writing manifest file 'interfaces.egg-info/SOURCES.txt'
[0.805s] [100%] Built target ament_cmake_python_build_interfaces_egg
[0.831s] Invoked command in '/root/training_ws_merge2/src/build/interfaces' returned '0': CMAKE_PREFIX_PATH=${CMAKE_PREFIX_PATH}:/root/training_ws_merge2/src/install/maze_control:/root/training_ws_merge2/src/install/mazeSolve_pkg:/root/training_ws_merge2/install/maze_control:/root/training_ws_merge2/install/mazeSolve_pkg:/root/training_ws/install/mazeSolve_pkg:/opt/ros/jazzy /usr/bin/cmake --build /root/training_ws_merge2/src/build/interfaces -- -j8 -l8
[0.852s] Invoking command in '/root/training_ws_merge2/src/build/interfaces': CMAKE_PREFIX_PATH=${CMAKE_PREFIX_PATH}:/root/training_ws_merge2/src/install/maze_control:/root/training_ws_merge2/src/install/mazeSolve_pkg:/root/training_ws_merge2/install/maze_control:/root/training_ws_merge2/install/mazeSolve_pkg:/root/training_ws/install/mazeSolve_pkg:/opt/ros/jazzy /usr/bin/cmake --install /root/training_ws_merge2/src/build/interfaces
[0.868s] -- Install configuration: ""
[0.869s] -- Execute custom install script
[0.869s] -- Up-to-date symlink: /root/training_ws_merge2/src/install/interfaces/share/ament_index/resource_index/rosidl_interfaces/interfaces
[0.870s] -- Up-to-date symlink: /root/training_ws_merge2/src/install/interfaces/share/interfaces/action/Move.json
[0.871s] -- Up-to-date symlink: /root/training_ws_merge2/src/install/interfaces/include/interfaces/interfaces/action/detail/move__functions.h
[0.871s] -- Up-to-date symlink: /root/training_ws_merge2/src/install/interfaces/include/interfaces/interfaces/action/detail/move__struct.h
[0.871s] -- Up-to-date symlink: /root/training_ws_merge2/src/install/interfaces/include/interfaces/interfaces/action/detail/move__type_support.h
[0.871s] -- Up-to-date symlink: /root/training_ws_merge2/src/install/interfaces/include/interfaces/interfaces/action/move.h
[0.871s] -- Up-to-date symlink: /root/training_ws_merge2/src/install/interfaces/include/interfaces/interfaces/msg/rosidl_generator_c__visibility_control.h
[0.872s] -- Up-to-date symlink: /root/training_ws_merge2/src/install/interfaces/share/interfaces/environment/library_path.sh
[0.872s] -- Up-to-date symlink: /root/training_ws_merge2/src/install/interfaces/share/interfaces/environment/library_path.dsv
[0.873s] -- Up-to-date symlink: /root/training_ws_merge2/src/install/interfaces/include/interfaces/interfaces/action/detail/move__rosidl_typesupport_fastrtps_c.h
[0.873s] -- Up-to-date symlink: /root/training_ws_merge2/src/install/interfaces/include/interfaces/interfaces/msg/rosidl_typesupport_fastrtps_c__visibility_control.h
[0.875s] -- Up-to-date symlink: /root/training_ws_merge2/src/install/interfaces/include/interfaces/interfaces/action/detail/move__rosidl_typesupport_introspection_c.h
[0.875s] -- Up-to-date symlink: /root/training_ws_merge2/src/install/interfaces/include/interfaces/interfaces/msg/rosidl_typesupport_introspection_c__visibility_control.h
[0.876s] -- Up-to-date symlink: /root/training_ws_merge2/src/install/interfaces/include/interfaces/interfaces/action/detail/move__builder.hpp
[0.876s] -- Up-to-date symlink: /root/training_ws_merge2/src/install/interfaces/include/interfaces/interfaces/action/detail/move__struct.hpp
[0.877s] -- Up-to-date symlink: /root/training_ws_merge2/src/install/interfaces/include/interfaces/interfaces/action/detail/move__traits.hpp
[0.877s] -- Up-to-date symlink: /root/training_ws_merge2/src/install/interfaces/include/interfaces/interfaces/action/detail/move__type_support.hpp
[0.877s] -- Up-to-date symlink: /root/training_ws_merge2/src/install/interfaces/include/interfaces/interfaces/action/move.hpp
[0.877s] -- Up-to-date symlink: /root/training_ws_merge2/src/install/interfaces/include/interfaces/interfaces/msg/rosidl_generator_cpp__visibility_control.hpp
[0.878s] -- Up-to-date symlink: /root/training_ws_merge2/src/install/interfaces/include/interfaces/interfaces/action/detail/move__rosidl_typesupport_fastrtps_cpp.hpp
[0.879s] -- Up-to-date symlink: /root/training_ws_merge2/src/install/interfaces/include/interfaces/interfaces/msg/rosidl_typesupport_fastrtps_cpp__visibility_control.h
[0.879s] -- Up-to-date symlink: /root/training_ws_merge2/src/install/interfaces/include/interfaces/interfaces/action/detail/move__rosidl_typesupport_introspection_cpp.hpp
[0.879s] -- Up-to-date symlink: /root/training_ws_merge2/src/install/interfaces/share/interfaces/environment/pythonpath.sh
[0.880s] -- Up-to-date symlink: /root/training_ws_merge2/src/install/interfaces/share/interfaces/environment/pythonpath.dsv
[0.880s] -- Up-to-date symlink: /root/training_ws_merge2/src/install/interfaces/lib/python3.12/site-packages/interfaces-0.0.0-py3.12.egg-info/PKG-INFO
[0.880s] -- Up-to-date symlink: /root/training_ws_merge2/src/install/interfaces/lib/python3.12/site-packages/interfaces-0.0.0-py3.12.egg-info/SOURCES.txt
[0.881s] -- Up-to-date symlink: /root/training_ws_merge2/src/install/interfaces/lib/python3.12/site-packages/interfaces-0.0.0-py3.12.egg-info/dependency_links.txt
[0.881s] -- Up-to-date symlink: /root/training_ws_merge2/src/install/interfaces/lib/python3.12/site-packages/interfaces-0.0.0-py3.12.egg-info/top_level.txt
[0.881s] -- Up-to-date symlink: /root/training_ws_merge2/src/install/interfaces/lib/python3.12/site-packages/interfaces/__init__.py
[0.881s] -- Up-to-date symlink: /root/training_ws_merge2/src/install/interfaces/lib/python3.12/site-packages/interfaces/_interfaces_s.ep.rosidl_typesupport_c.c
[0.882s] -- Up-to-date symlink: /root/training_ws_merge2/src/install/interfaces/lib/python3.12/site-packages/interfaces/_interfaces_s.ep.rosidl_typesupport_fastrtps_c.c
[0.882s] -- Up-to-date symlink: /root/training_ws_merge2/src/install/interfaces/lib/python3.12/site-packages/interfaces/_interfaces_s.ep.rosidl_typesupport_introspection_c.c
[0.882s] -- Up-to-date symlink: /root/training_ws_merge2/src/install/interfaces/lib/python3.12/site-packages/interfaces/action/__init__.py
[0.883s] -- Up-to-date symlink: /root/training_ws_merge2/src/install/interfaces/lib/python3.12/site-packages/interfaces/action/_move.py
[0.883s] -- Up-to-date symlink: /root/training_ws_merge2/src/install/interfaces/lib/python3.12/site-packages/interfaces/action/_move_s.c
[0.883s] -- Up-to-date symlink: /root/training_ws_merge2/src/install/interfaces/lib/python3.12/site-packages/interfaces/interfaces_s__rosidl_typesupport_c.so
[0.884s] -- Up-to-date symlink: /root/training_ws_merge2/src/install/interfaces/lib/python3.12/site-packages/interfaces/interfaces_s__rosidl_typesupport_fastrtps_c.so
[0.884s] -- Up-to-date symlink: /root/training_ws_merge2/src/install/interfaces/lib/python3.12/site-packages/interfaces/interfaces_s__rosidl_typesupport_introspection_c.so
[0.884s] -- Up-to-date symlink: /root/training_ws_merge2/src/install/interfaces/lib/python3.12/site-packages/interfaces/interfaces_s__rosidl_typesupport_fastrtps_c.so
[0.885s] -- Up-to-date symlink: /root/training_ws_merge2/src/install/interfaces/lib/python3.12/site-packages/interfaces/interfaces_s__rosidl_typesupport_introspection_c.so
[0.885s] -- Up-to-date symlink: /root/training_ws_merge2/src/install/interfaces/lib/python3.12/site-packages/interfaces/interfaces_s__rosidl_typesupport_c.so
[0.885s] -- Up-to-date symlink: /root/training_ws_merge2/src/install/interfaces/share/ament_index/resource_index/rust_packages/interfaces
[0.886s] -- Up-to-date symlink: /root/training_ws_merge2/src/install/interfaces/share/interfaces/rust/Cargo.toml
[0.886s] -- Up-to-date symlink: /root/training_ws_merge2/src/install/interfaces/share/interfaces/rust/build.rs
[0.886s] -- Up-to-date symlink: /root/training_ws_merge2/src/install/interfaces/share/interfaces/rust/src/action.rs
[0.887s] -- Up-to-date symlink: /root/training_ws_merge2/src/install/interfaces/share/interfaces/rust/src/action/rmw.rs
[0.887s] -- Up-to-date symlink: /root/training_ws_merge2/src/install/interfaces/share/interfaces/rust/src/lib.rs
[0.888s] -- Up-to-date symlink: /root/training_ws_merge2/src/install/interfaces/share/interfaces/action/Move.idl
[0.888s] -- Up-to-date symlink: /root/training_ws_merge2/src/install/interfaces/share/interfaces/action/Move.action
[0.889s] -- Up-to-date symlink: /root/training_ws_merge2/src/install/interfaces/share/ament_index/resource_index/package_run_dependencies/interfaces
[0.889s] -- Up-to-date symlink: /root/training_ws_merge2/src/install/interfaces/share/ament_index/resource_index/parent_prefix_path/interfaces
[0.889s] -- Up-to-date symlink: /root/training_ws_merge2/src/install/interfaces/share/interfaces/environment/ament_prefix_path.sh
[0.890s] -- Up-to-date symlink: /root/training_ws_merge2/src/install/interfaces/share/interfaces/environment/ament_prefix_path.dsv
[0.890s] -- Up-to-date symlink: /root/training_ws_merge2/src/install/interfaces/share/interfaces/environment/path.sh
[0.890s] -- Up-to-date symlink: /root/training_ws_merge2/src/install/interfaces/share/interfaces/environment/path.dsv
[0.890s] -- Up-to-date symlink: /root/training_ws_merge2/src/install/interfaces/share/interfaces/local_setup.bash
[0.891s] -- Up-to-date symlink: /root/training_ws_merge2/src/install/interfaces/share/interfaces/local_setup.sh
[0.891s] -- Up-to-date symlink: /root/training_ws_merge2/src/install/interfaces/share/interfaces/local_setup.zsh
[0.891s] -- Up-to-date symlink: /root/training_ws_merge2/src/install/interfaces/share/interfaces/local_setup.dsv
[0.892s] -- Symlinking: /root/training_ws_merge2/src/install/interfaces/share/interfaces/package.dsv
[0.908s] -- Up-to-date symlink: /root/training_ws_merge2/src/install/interfaces/share/ament_index/resource_index/packages/interfaces
[0.908s] -- Up-to-date symlink: /root/training_ws_merge2/src/install/interfaces/share/interfaces/cmake/rosidl_cmake-extras.cmake
[0.909s] -- Up-to-date symlink: /root/training_ws_merge2/src/install/interfaces/share/interfaces/cmake/ament_cmake_export_dependencies-extras.cmake
[0.909s] -- Up-to-date symlink: /root/training_ws_merge2/src/install/interfaces/share/interfaces/cmake/ament_cmake_export_include_directories-extras.cmake
[0.910s] -- Up-to-date symlink: /root/training_ws_merge2/src/install/interfaces/share/interfaces/cmake/ament_cmake_export_libraries-extras.cmake
[0.910s] -- Up-to-date symlink: /root/training_ws_merge2/src/install/interfaces/share/interfaces/cmake/ament_cmake_export_targets-extras.cmake
[0.911s] -- Up-to-date symlink: /root/training_ws_merge2/src/install/interfaces/share/interfaces/cmake/rosidl_cmake_export_typesupport_targets-extras.cmake
[0.911s] -- Up-to-date symlink: /root/training_ws_merge2/src/install/interfaces/share/interfaces/cmake/rosidl_cmake_export_typesupport_libraries-extras.cmake
[0.911s] -- Up-to-date symlink: /root/training_ws_merge2/src/install/interfaces/share/interfaces/cmake/rosidl_cmake_aggregate_target-extras.cmake
[0.912s] -- Up-to-date symlink: /root/training_ws_merge2/src/install/interfaces/share/interfaces/cmake/interfacesConfig.cmake
[0.912s] -- Up-to-date symlink: /root/training_ws_merge2/src/install/interfaces/share/interfaces/cmake/interfacesConfig-version.cmake
[0.913s] -- Up-to-date symlink: /root/training_ws_merge2/src/install/interfaces/share/interfaces/package.xml
[0.913s] -- Up-to-date: /root/training_ws_merge2/src/install/interfaces/lib/libinterfaces__rosidl_generator_c.so
[0.913s] -- Up-to-date: /root/training_ws_merge2/src/install/interfaces/lib/libinterfaces__rosidl_typesupport_fastrtps_c.so
[0.914s] -- Up-to-date: /root/training_ws_merge2/src/install/interfaces/lib/libinterfaces__rosidl_typesupport_introspection_c.so
[0.914s] -- Up-to-date: /root/training_ws_merge2/src/install/interfaces/lib/libinterfaces__rosidl_typesupport_c.so
[0.915s] -- Up-to-date: /root/training_ws_merge2/src/install/interfaces/lib/libinterfaces__rosidl_typesupport_fastrtps_cpp.so
[0.915s] -- Up-to-date: /root/training_ws_merge2/src/install/interfaces/lib/libinterfaces__rosidl_typesupport_introspection_cpp.so
[0.915s] -- Up-to-date: /root/training_ws_merge2/src/install/interfaces/lib/libinterfaces__rosidl_typesupport_cpp.so
[0.986s] Listing '/root/training_ws_merge2/src/install/interfaces/lib/python3.12/site-packages/interfaces'...
[0.986s] Listing '/root/training_ws_merge2/src/install/interfaces/lib/python3.12/site-packages/interfaces/action'...
[1.001s] -- Up-to-date: /root/training_ws_merge2/src/install/interfaces/lib/libinterfaces__rosidl_generator_py.so
[1.001s] -- Up-to-date: /root/training_ws_merge2/src/install/interfaces/share/interfaces/cmake/export_interfaces__rosidl_generator_cExport.cmake
[1.002s] -- Up-to-date: /root/training_ws_merge2/src/install/interfaces/share/interfaces/cmake/export_interfaces__rosidl_generator_cExport-noconfig.cmake
[1.002s] -- Up-to-date: /root/training_ws_merge2/src/install/interfaces/share/interfaces/cmake/export_interfaces__rosidl_typesupport_fastrtps_cExport.cmake
[1.003s] -- Up-to-date: /root/training_ws_merge2/src/install/interfaces/share/interfaces/cmake/export_interfaces__rosidl_typesupport_fastrtps_cExport-noconfig.cmake
[1.003s] -- Up-to-date: /root/training_ws_merge2/src/install/interfaces/share/interfaces/cmake/interfaces__rosidl_typesupport_introspection_cExport.cmake
[1.003s] -- Up-to-date: /root/training_ws_merge2/src/install/interfaces/share/interfaces/cmake/interfaces__rosidl_typesupport_introspection_cExport-noconfig.cmake
[1.003s] -- Up-to-date: /root/training_ws_merge2/src/install/interfaces/share/interfaces/cmake/interfaces__rosidl_typesupport_cExport.cmake
[1.004s] -- Up-to-date: /root/training_ws_merge2/src/install/interfaces/share/interfaces/cmake/interfaces__rosidl_typesupport_cExport-noconfig.cmake
[1.004s] -- Up-to-date: /root/training_ws_merge2/src/install/interfaces/share/interfaces/cmake/export_interfaces__rosidl_generator_cppExport.cmake
[1.004s] -- Up-to-date: /root/training_ws_merge2/src/install/interfaces/share/interfaces/cmake/export_interfaces__rosidl_typesupport_fastrtps_cppExport.cmake
[1.004s] -- Up-to-date: /root/training_ws_merge2/src/install/interfaces/share/interfaces/cmake/export_interfaces__rosidl_typesupport_fastrtps_cppExport-noconfig.cmake
[1.004s] -- Up-to-date: /root/training_ws_merge2/src/install/interfaces/share/interfaces/cmake/interfaces__rosidl_typesupport_introspection_cppExport.cmake
[1.004s] -- Up-to-date: /root/training_ws_merge2/src/install/interfaces/share/interfaces/cmake/interfaces__rosidl_typesupport_introspection_cppExport-noconfig.cmake
[1.005s] -- Up-to-date: /root/training_ws_merge2/src/install/interfaces/share/interfaces/cmake/interfaces__rosidl_typesupport_cppExport.cmake
[1.005s] -- Up-to-date: /root/training_ws_merge2/src/install/interfaces/share/interfaces/cmake/interfaces__rosidl_typesupport_cppExport-noconfig.cmake
[1.005s] -- Up-to-date: /root/training_ws_merge2/src/install/interfaces/share/interfaces/cmake/export_interfaces__rosidl_generator_pyExport.cmake
[1.005s] -- Up-to-date: /root/training_ws_merge2/src/install/interfaces/share/interfaces/cmake/export_interfaces__rosidl_generator_pyExport-noconfig.cmake
[1.008s] Invoked command in '/root/training_ws_merge2/src/build/interfaces' returned '0': CMAKE_PREFIX_PATH=${CMAKE_PREFIX_PATH}:/root/training_ws_merge2/src/install/maze_control:/root/training_ws_merge2/src/install/mazeSolve_pkg:/root/training_ws_merge2/install/maze_control:/root/training_ws_merge2/install/mazeSolve_pkg:/root/training_ws/install/mazeSolve_pkg:/opt/ros/jazzy /usr/bin/cmake --install /root/training_ws_merge2/src/build/interfaces
