running egg_info
writing ../../build/mazeSolve_pkg/mazeSolve_pkg.egg-info/PKG-INFO
writing dependency_links to ../../build/mazeSolve_pkg/mazeSolve_pkg.egg-info/dependency_links.txt
writing entry points to ../../build/mazeSolve_pkg/mazeSolve_pkg.egg-info/entry_points.txt
writing requirements to ../../build/mazeSolve_pkg/mazeSolve_pkg.egg-info/requires.txt
writing top-level names to ../../build/mazeSolve_pkg/mazeSolve_pkg.egg-info/top_level.txt
reading manifest file '../../build/mazeSolve_pkg/mazeSolve_pkg.egg-info/SOURCES.txt'
writing manifest file '../../build/mazeSolve_pkg/mazeSolve_pkg.egg-info/SOURCES.txt'
running build
running build_py
running install
running install_lib
running install_data
running install_egg_info
removing '/root/training_ws_merge2/install/mazeSolve_pkg/lib/python3.12/site-packages/mazeSolve_pkg-0.0.0-py3.12.egg-info' (and everything under it)
Copying ../../build/mazeSolve_pkg/mazeSolve_pkg.egg-info to /root/training_ws_merge2/install/mazeSolve_pkg/lib/python3.12/site-packages/mazeSolve_pkg-0.0.0-py3.12.egg-info
running install_scripts
Installing action_x_server script to /root/training_ws_merge2/install/mazeSolve_pkg/lib/mazeSolve_pkg
Installing yaw_client script to /root/training_ws_merge2/install/mazeSolve_pkg/lib/mazeSolve_pkg
Installing yawserver script to /root/training_ws_merge2/install/mazeSolve_pkg/lib/mazeSolve_pkg
writing list of installed files to '/root/training_ws_merge2/build/mazeSolve_pkg/install.log'
