[0.663s] Invoking command in '/home/a/Solving-Maze/src/mazeSolve_pkg': DEBUGINFOD_URLS=https://debuginfod.ubuntu.com PYTHONPATH=/home/a/Solving-Maze/build/mazeSolve_pkg/prefix_override:/usr/lib/python3/dist-packages/colcon_core/task/python/colcon_distutils_commands:/home/a/Solving-Maze/install/mazeSolve_pkg/lib/python3.12/site-packages:/home/a/Solving-Maze/install/interfaces/lib/python3.12/site-packages:/home/a/Solving-Maze/install/maze_control/lib/python3.12/site-packages:/home/a/Solving-Maze/install/mazeSolve_pkg/lib/python3.12/site-packages:/opt/ros/jazzy/lib/python3.12/site-packages /usr/bin/python3 -W ignore:setup.py install is deprecated -W ignore:easy_install command is deprecated setup.py egg_info --egg-base ../../build/mazeSolve_pkg build --build-base /home/a/Solving-Maze/build/mazeSolve_pkg/build install --record /home/a/Solving-Maze/build/mazeSolve_pkg/install.log --install-scripts $base/lib/mazeSolve_pkg --single-version-externally-managed install_data
[0.878s] running egg_info
[0.894s] writing ../../build/mazeSolve_pkg/mazeSolve_pkg.egg-info/PKG-INFO
[0.894s] writing dependency_links to ../../build/mazeSolve_pkg/mazeSolve_pkg.egg-info/dependency_links.txt
[0.894s] writing entry points to ../../build/mazeSolve_pkg/mazeSolve_pkg.egg-info/entry_points.txt
[0.894s] writing requirements to ../../build/mazeSolve_pkg/mazeSolve_pkg.egg-info/requires.txt
[0.894s] writing top-level names to ../../build/mazeSolve_pkg/mazeSolve_pkg.egg-info/top_level.txt
[0.927s] reading manifest file '../../build/mazeSolve_pkg/mazeSolve_pkg.egg-info/SOURCES.txt'
[0.927s] writing manifest file '../../build/mazeSolve_pkg/mazeSolve_pkg.egg-info/SOURCES.txt'
[0.927s] running build
[0.927s] running build_py
[0.927s] copying mazeSolve_pkg/yawserver.py -> /home/a/Solving-Maze/build/mazeSolve_pkg/build/lib/mazeSolve_pkg
[0.928s] running install
[0.932s] running install_lib
[0.948s] copying /home/a/Solving-Maze/build/mazeSolve_pkg/build/lib/mazeSolve_pkg/yawserver.py -> /home/a/Solving-Maze/install/mazeSolve_pkg/lib/python3.12/site-packages/mazeSolve_pkg
[0.949s] byte-compiling /home/a/Solving-Maze/install/mazeSolve_pkg/lib/python3.12/site-packages/mazeSolve_pkg/yawserver.py to yawserver.cpython-312.pyc
[0.950s] running install_data
[0.950s] running install_egg_info
[0.968s] removing '/home/a/Solving-Maze/install/mazeSolve_pkg/lib/python3.12/site-packages/mazeSolve_pkg-0.0.0-py3.12.egg-info' (and everything under it)
[0.968s] Copying ../../build/mazeSolve_pkg/mazeSolve_pkg.egg-info to /home/a/Solving-Maze/install/mazeSolve_pkg/lib/python3.12/site-packages/mazeSolve_pkg-0.0.0-py3.12.egg-info
[0.969s] running install_scripts
[1.072s] Installing action_x_server script to /home/a/Solving-Maze/install/mazeSolve_pkg/lib/mazeSolve_pkg
[1.072s] Installing yaw_client script to /home/a/Solving-Maze/install/mazeSolve_pkg/lib/mazeSolve_pkg
[1.072s] Installing yawserver script to /home/a/Solving-Maze/install/mazeSolve_pkg/lib/mazeSolve_pkg
[1.072s] writing list of installed files to '/home/a/Solving-Maze/build/mazeSolve_pkg/install.log'
[1.096s] Invoked command in '/home/a/Solving-Maze/src/mazeSolve_pkg' returned '0': DEBUGINFOD_URLS=https://debuginfod.ubuntu.com PYTHONPATH=/home/a/Solving-Maze/build/mazeSolve_pkg/prefix_override:/usr/lib/python3/dist-packages/colcon_core/task/python/colcon_distutils_commands:/home/a/Solving-Maze/install/mazeSolve_pkg/lib/python3.12/site-packages:/home/a/Solving-Maze/install/interfaces/lib/python3.12/site-packages:/home/a/Solving-Maze/install/maze_control/lib/python3.12/site-packages:/home/a/Solving-Maze/install/mazeSolve_pkg/lib/python3.12/site-packages:/opt/ros/jazzy/lib/python3.12/site-packages /usr/bin/python3 -W ignore:setup.py install is deprecated -W ignore:easy_install command is deprecated setup.py egg_info --egg-base ../../build/mazeSolve_pkg build --build-base /home/a/Solving-Maze/build/mazeSolve_pkg/build install --record /home/a/Solving-Maze/build/mazeSolve_pkg/install.log --install-scripts $base/lib/mazeSolve_pkg --single-version-externally-managed install_data
