[2.306s] Invoking command in '/home/a/Solving-Maze/src/MIA26_phase2_ros_contest/maze_control': DEBUGINFOD_URLS=https://debuginfod.ubuntu.com PYTHONPATH=/home/a/Solving-Maze/build/maze_control/prefix_override:/usr/lib/python3/dist-packages/colcon_core/task/python/colcon_distutils_commands:/home/a/Solving-Maze/install/maze_control/lib/python3.12/site-packages:${PYTHONPATH} /usr/bin/python3 -W ignore:setup.py install is deprecated -W ignore:easy_install command is deprecated setup.py egg_info --egg-base ../../../build/maze_control build --build-base /home/a/Solving-Maze/build/maze_control/build install --record /home/a/Solving-Maze/build/maze_control/install.log --install-scripts $base/lib/maze_control --single-version-externally-managed install_data
[2.590s] /usr/lib/python3/dist-packages/setuptools/dist.py:744: SetuptoolsDeprecationWarning: Invalid dash-separated options
[2.591s] !!
[2.592s] 
[2.592s]         ********************************************************************************
[2.592s]         Usage of dash-separated 'script-dir' will not be supported in future
[2.592s]         versions. Please use the underscore name 'script_dir' instead.
[2.592s] 
[2.593s]         This deprecation is overdue, please update your project and remove deprecated
[2.593s]         calls to avoid build errors in the future.
[2.593s] 
[2.593s]         See https://setuptools.pypa.io/en/latest/userguide/declarative_config.html for details.
[2.593s]         ********************************************************************************
[2.593s] 
[2.593s] !!
[2.594s]   opt = self.warn_dash_deprecation(opt, section)
[2.948s] running egg_info
[2.996s] writing ../../../build/maze_control/maze_control.egg-info/PKG-INFO
[2.996s] writing dependency_links to ../../../build/maze_control/maze_control.egg-info/dependency_links.txt
[2.996s] writing entry points to ../../../build/maze_control/maze_control.egg-info/entry_points.txt
[2.997s] writing requirements to ../../../build/maze_control/maze_control.egg-info/requires.txt
[2.998s] writing top-level names to ../../../build/maze_control/maze_control.egg-info/top_level.txt
[3.097s] reading manifest file '../../../build/maze_control/maze_control.egg-info/SOURCES.txt'
[3.100s] writing manifest file '../../../build/maze_control/maze_control.egg-info/SOURCES.txt'
[3.100s] running build
[3.100s] running build_py
[3.101s] running install
[3.113s] running install_lib
[3.165s] running install_data
[3.166s] running install_egg_info
[3.218s] removing '/home/a/Solving-Maze/install/maze_control/lib/python3.12/site-packages/maze_control-0.1.0-py3.12.egg-info' (and everything under it)
[3.219s] Copying ../../../build/maze_control/maze_control.egg-info to /home/a/Solving-Maze/install/maze_control/lib/python3.12/site-packages/maze_control-0.1.0-py3.12.egg-info
[3.222s] running install_scripts
[3.520s] Installing maze_timer_node script to /home/a/Solving-Maze/install/maze_control/lib/maze_control
[3.520s] Installing wall_retraction_service script to /home/a/Solving-Maze/install/maze_control/lib/maze_control
[3.521s] writing list of installed files to '/home/a/Solving-Maze/build/maze_control/install.log'
[3.607s] Invoked command in '/home/a/Solving-Maze/src/MIA26_phase2_ros_contest/maze_control' returned '0': DEBUGINFOD_URLS=https://debuginfod.ubuntu.com PYTHONPATH=/home/a/Solving-Maze/build/maze_control/prefix_override:/usr/lib/python3/dist-packages/colcon_core/task/python/colcon_distutils_commands:/home/a/Solving-Maze/install/maze_control/lib/python3.12/site-packages:${PYTHONPATH} /usr/bin/python3 -W ignore:setup.py install is deprecated -W ignore:easy_install command is deprecated setup.py egg_info --egg-base ../../../build/maze_control build --build-base /home/a/Solving-Maze/build/maze_control/build install --record /home/a/Solving-Maze/build/maze_control/install.log --install-scripts $base/lib/maze_control --single-version-externally-managed install_data
