[2.471s] Invoking command in '/root/training_ws_merge2/src/mazeSolve_pkg': AMENT_PREFIX_PATH=/root/training_ws_merge2/install/interfaces:${AMENT_PREFIX_PATH} CMAKE_PREFIX_PATH=/root/training_ws_merge2/install/interfaces:${CMAKE_PREFIX_PATH} LD_LIBRARY_PATH=/root/training_ws_merge2/install/interfaces/lib:${LD_LIBRARY_PATH} PYTHONPATH=/root/training_ws_merge2/build/mazeSolve_pkg/prefix_override:/usr/lib/python3/dist-packages/colcon_core/task/python/colcon_distutils_commands:/root/training_ws_merge2/install/mazeSolve_pkg/lib/python3.12/site-packages:/root/training_ws_merge2/install/interfaces/lib/python3.12/site-packages:${PYTHONPATH} /usr/bin/python3 -W ignore:setup.py install is deprecated -W ignore:easy_install command is deprecated setup.py egg_info --egg-base ../../build/mazeSolve_pkg build --build-base /root/training_ws_merge2/build/mazeSolve_pkg/build install --record /root/training_ws_merge2/build/mazeSolve_pkg/install.log --install-scripts $base/lib/mazeSolve_pkg --single-version-externally-managed install_data
[3.108s] running egg_info
[3.111s] creating ../../build/mazeSolve_pkg/mazeSolve_pkg.egg-info
[3.169s] writing ../../build/mazeSolve_pkg/mazeSolve_pkg.egg-info/PKG-INFO
[3.170s] writing dependency_links to ../../build/mazeSolve_pkg/mazeSolve_pkg.egg-info/dependency_links.txt
[3.170s] writing entry points to ../../build/mazeSolve_pkg/mazeSolve_pkg.egg-info/entry_points.txt
[3.171s] writing requirements to ../../build/mazeSolve_pkg/mazeSolve_pkg.egg-info/requires.txt
[3.172s] writing top-level names to ../../build/mazeSolve_pkg/mazeSolve_pkg.egg-info/top_level.txt
[3.173s] writing manifest file '../../build/mazeSolve_pkg/mazeSolve_pkg.egg-info/SOURCES.txt'
[3.305s] reading manifest file '../../build/mazeSolve_pkg/mazeSolve_pkg.egg-info/SOURCES.txt'
[3.307s] writing manifest file '../../build/mazeSolve_pkg/mazeSolve_pkg.egg-info/SOURCES.txt'
[3.307s] running build
[3.308s] running build_py
[3.308s] creating /root/training_ws_merge2/build/mazeSolve_pkg/build
[3.309s] creating /root/training_ws_merge2/build/mazeSolve_pkg/build/lib
[3.309s] creating /root/training_ws_merge2/build/mazeSolve_pkg/build/lib/mazeSolve_pkg
[3.309s] copying mazeSolve_pkg/move_x_server.py -> /root/training_ws_merge2/build/mazeSolve_pkg/build/lib/mazeSolve_pkg
[3.310s] copying mazeSolve_pkg/yawserver.py -> /root/training_ws_merge2/build/mazeSolve_pkg/build/lib/mazeSolve_pkg
[3.310s] copying mazeSolve_pkg/__init__.py -> /root/training_ws_merge2/build/mazeSolve_pkg/build/lib/mazeSolve_pkg
[3.312s] copying mazeSolve_pkg/yaw_client.py -> /root/training_ws_merge2/build/mazeSolve_pkg/build/lib/mazeSolve_pkg
[3.313s] running install
[3.328s] running install_lib
[3.373s] creating /root/training_ws_merge2/install/mazeSolve_pkg/lib/python3.12/site-packages/mazeSolve_pkg
[3.374s] copying /root/training_ws_merge2/build/mazeSolve_pkg/build/lib/mazeSolve_pkg/move_x_server.py -> /root/training_ws_merge2/install/mazeSolve_pkg/lib/python3.12/site-packages/mazeSolve_pkg
[3.374s] copying /root/training_ws_merge2/build/mazeSolve_pkg/build/lib/mazeSolve_pkg/yawserver.py -> /root/training_ws_merge2/install/mazeSolve_pkg/lib/python3.12/site-packages/mazeSolve_pkg
[3.374s] copying /root/training_ws_merge2/build/mazeSolve_pkg/build/lib/mazeSolve_pkg/__init__.py -> /root/training_ws_merge2/install/mazeSolve_pkg/lib/python3.12/site-packages/mazeSolve_pkg
[3.375s] copying /root/training_ws_merge2/build/mazeSolve_pkg/build/lib/mazeSolve_pkg/yaw_client.py -> /root/training_ws_merge2/install/mazeSolve_pkg/lib/python3.12/site-packages/mazeSolve_pkg
[3.376s] byte-compiling /root/training_ws_merge2/install/mazeSolve_pkg/lib/python3.12/site-packages/mazeSolve_pkg/move_x_server.py to move_x_server.cpython-312.pyc
[3.378s] byte-compiling /root/training_ws_merge2/install/mazeSolve_pkg/lib/python3.12/site-packages/mazeSolve_pkg/yawserver.py to yawserver.cpython-312.pyc
[3.381s] byte-compiling /root/training_ws_merge2/install/mazeSolve_pkg/lib/python3.12/site-packages/mazeSolve_pkg/__init__.py to __init__.cpython-312.pyc
[3.381s] byte-compiling /root/training_ws_merge2/install/mazeSolve_pkg/lib/python3.12/site-packages/mazeSolve_pkg/yaw_client.py to yaw_client.cpython-312.pyc
[3.384s] running install_data
[3.384s] creating /root/training_ws_merge2/install/mazeSolve_pkg/share/ament_index
[3.384s] creating /root/training_ws_merge2/install/mazeSolve_pkg/share/ament_index/resource_index
[3.385s] creating /root/training_ws_merge2/install/mazeSolve_pkg/share/ament_index/resource_index/packages
[3.385s] copying resource/mazeSolve_pkg -> /root/training_ws_merge2/install/mazeSolve_pkg/share/ament_index/resource_index/packages
[3.385s] copying package.xml -> /root/training_ws_merge2/install/mazeSolve_pkg/share/mazeSolve_pkg
[3.385s] running install_egg_info
[3.428s] Copying ../../build/mazeSolve_pkg/mazeSolve_pkg.egg-info to /root/training_ws_merge2/install/mazeSolve_pkg/lib/python3.12/site-packages/mazeSolve_pkg-0.0.0-py3.12.egg-info
[3.430s] running install_scripts
[3.721s] Installing action_x_server script to /root/training_ws_merge2/install/mazeSolve_pkg/lib/mazeSolve_pkg
[3.721s] Installing yaw_client script to /root/training_ws_merge2/install/mazeSolve_pkg/lib/mazeSolve_pkg
[3.722s] Installing yawserver script to /root/training_ws_merge2/install/mazeSolve_pkg/lib/mazeSolve_pkg
[3.723s] writing list of installed files to '/root/training_ws_merge2/build/mazeSolve_pkg/install.log'
[3.826s] Invoked command in '/root/training_ws_merge2/src/mazeSolve_pkg' returned '0': AMENT_PREFIX_PATH=/root/training_ws_merge2/install/interfaces:${AMENT_PREFIX_PATH} CMAKE_PREFIX_PATH=/root/training_ws_merge2/install/interfaces:${CMAKE_PREFIX_PATH} LD_LIBRARY_PATH=/root/training_ws_merge2/install/interfaces/lib:${LD_LIBRARY_PATH} PYTHONPATH=/root/training_ws_merge2/build/mazeSolve_pkg/prefix_override:/usr/lib/python3/dist-packages/colcon_core/task/python/colcon_distutils_commands:/root/training_ws_merge2/install/mazeSolve_pkg/lib/python3.12/site-packages:/root/training_ws_merge2/install/interfaces/lib/python3.12/site-packages:${PYTHONPATH} /usr/bin/python3 -W ignore:setup.py install is deprecated -W ignore:easy_install command is deprecated setup.py egg_info --egg-base ../../build/mazeSolve_pkg build --build-base /root/training_ws_merge2/build/mazeSolve_pkg/build install --record /root/training_ws_merge2/build/mazeSolve_pkg/install.log --install-scripts $base/lib/mazeSolve_pkg --single-version-externally-managed install_data
