[0.088s] DEBUG:colcon:Command line arguments: ['/usr/bin/colcon', 'build', '--symlink-install']
[0.088s] DEBUG:colcon:Parsed command line arguments: Namespace(log_base=None, log_level=None, verb_name='build', build_base='build', install_base='install', merge_install=False, symlink_install=True, test_result_base=None, continue_on_error=False, executor='parallel', parallel_workers=8, event_handlers=None, ignore_user_meta=False, metas=['./colcon.meta'], base_paths=['.'], packages_ignore=None, packages_ignore_regex=None, paths=None, packages_up_to=None, packages_up_to_regex=None, packages_above=None, packages_above_and_dependencies=None, packages_above_depth=None, packages_select_by_dep=None, packages_skip_by_dep=None, packages_skip_up_to=None, packages_select_build_failed=False, packages_skip_build_finished=False, packages_select_test_failures=False, packages_skip_test_passed=False, packages_select=None, packages_skip=None, packages_select_regex=None, packages_skip_regex=None, packages_start=None, packages_end=None, allow_overriding=[], cmake_args=None, cmake_target=None, cmake_target_skip_unavailable=False, cmake_clean_cache=False, cmake_clean_first=False, cmake_force_configure=False, ament_cmake_args=None, catkin_cmake_args=None, catkin_skip_building_tests=False, mixin_files=None, mixin=None, verb_parser=<colcon_mixin.mixin.mixin_argument.MixinArgumentDecorator object at 0x7d89edd9e840>, verb_extension=<colcon_core.verb.build.BuildVerb object at 0x7d89edebeed0>, main=<bound method BuildVerb.main of <colcon_core.verb.build.BuildVerb object at 0x7d89edebeed0>>, mixin_verb=('build',))
[0.119s] Level 1:colcon.colcon_core.package_discovery:discover_packages(colcon_meta) check parameters
[0.119s] Level 1:colcon.colcon_core.package_discovery:discover_packages(recursive) check parameters
[0.119s] Level 1:colcon.colcon_core.package_discovery:discover_packages(ignore) check parameters
[0.119s] Level 1:colcon.colcon_core.package_discovery:discover_packages(path) check parameters
[0.119s] Level 1:colcon.colcon_core.package_discovery:discover_packages(colcon_meta) discover
[0.119s] Level 1:colcon.colcon_core.package_discovery:discover_packages(recursive) discover
[0.119s] INFO:colcon.colcon_core.package_discovery:Crawling recursively for packages in '/home/a/Solving-Maze'
[0.119s] Level 1:colcon.colcon_core.package_identification:_identify(.) by extensions ['ignore', 'ignore_ament_install']
[0.119s] Level 1:colcon.colcon_core.package_identification:_identify(.) by extension 'ignore'
[0.119s] Level 1:colcon.colcon_core.package_identification:_identify(.) by extension 'ignore_ament_install'
[0.119s] Level 1:colcon.colcon_core.package_identification:_identify(.) by extensions ['colcon_pkg']
[0.119s] Level 1:colcon.colcon_core.package_identification:_identify(.) by extension 'colcon_pkg'
[0.119s] Level 1:colcon.colcon_core.package_identification:_identify(.) by extensions ['colcon_meta']
[0.119s] Level 1:colcon.colcon_core.package_identification:_identify(.) by extension 'colcon_meta'
[0.119s] Level 1:colcon.colcon_core.package_identification:_identify(.) by extensions ['ros']
[0.119s] Level 1:colcon.colcon_core.package_identification:_identify(.) by extension 'ros'
[0.140s] Level 1:colcon.colcon_core.package_identification:_identify(.) by extensions ['cmake', 'python']
[0.141s] Level 1:colcon.colcon_core.package_identification:_identify(.) by extension 'cmake'
[0.141s] Level 1:colcon.colcon_core.package_identification:_identify(.) by extension 'python'
[0.141s] Level 1:colcon.colcon_core.package_identification:_identify(.) by extensions ['python_setup_py']
[0.141s] Level 1:colcon.colcon_core.package_identification:_identify(.) by extension 'python_setup_py'
[0.141s] Level 1:colcon.colcon_core.package_identification:_identify(build) by extensions ['ignore', 'ignore_ament_install']
[0.141s] Level 1:colcon.colcon_core.package_identification:_identify(build) by extension 'ignore'
[0.141s] Level 1:colcon.colcon_core.package_identification:_identify(build) ignored
[0.141s] Level 1:colcon.colcon_core.package_identification:_identify(install) by extensions ['ignore', 'ignore_ament_install']
[0.141s] Level 1:colcon.colcon_core.package_identification:_identify(install) by extension 'ignore'
[0.141s] Level 1:colcon.colcon_core.package_identification:_identify(install) ignored
[0.141s] Level 1:colcon.colcon_core.package_identification:_identify(log) by extensions ['ignore', 'ignore_ament_install']
[0.141s] Level 1:colcon.colcon_core.package_identification:_identify(log) by extension 'ignore'
[0.141s] Level 1:colcon.colcon_core.package_identification:_identify(log) ignored
[0.141s] Level 1:colcon.colcon_core.package_identification:_identify(src) by extensions ['ignore', 'ignore_ament_install']
[0.141s] Level 1:colcon.colcon_core.package_identification:_identify(src) by extension 'ignore'
[0.141s] Level 1:colcon.colcon_core.package_identification:_identify(src) by extension 'ignore_ament_install'
[0.141s] Level 1:colcon.colcon_core.package_identification:_identify(src) by extensions ['colcon_pkg']
[0.141s] Level 1:colcon.colcon_core.package_identification:_identify(src) by extension 'colcon_pkg'
[0.141s] Level 1:colcon.colcon_core.package_identification:_identify(src) by extensions ['colcon_meta']
[0.141s] Level 1:colcon.colcon_core.package_identification:_identify(src) by extension 'colcon_meta'
[0.141s] Level 1:colcon.colcon_core.package_identification:_identify(src) by extensions ['ros']
[0.141s] Level 1:colcon.colcon_core.package_identification:_identify(src) by extension 'ros'
[0.142s] Level 1:colcon.colcon_core.package_identification:_identify(src) by extensions ['cmake', 'python']
[0.142s] Level 1:colcon.colcon_core.package_identification:_identify(src) by extension 'cmake'
[0.142s] Level 1:colcon.colcon_core.package_identification:_identify(src) by extension 'python'
[0.142s] Level 1:colcon.colcon_core.package_identification:_identify(src) by extensions ['python_setup_py']
[0.142s] Level 1:colcon.colcon_core.package_identification:_identify(src) by extension 'python_setup_py'
[0.142s] Level 1:colcon.colcon_core.package_identification:_identify(src/MIA26_phase2_ros_contest) by extensions ['ignore', 'ignore_ament_install']
[0.142s] Level 1:colcon.colcon_core.package_identification:_identify(src/MIA26_phase2_ros_contest) by extension 'ignore'
[0.142s] Level 1:colcon.colcon_core.package_identification:_identify(src/MIA26_phase2_ros_contest) by extension 'ignore_ament_install'
[0.142s] Level 1:colcon.colcon_core.package_identification:_identify(src/MIA26_phase2_ros_contest) by extensions ['colcon_pkg']
[0.142s] Level 1:colcon.colcon_core.package_identification:_identify(src/MIA26_phase2_ros_contest) by extension 'colcon_pkg'
[0.142s] Level 1:colcon.colcon_core.package_identification:_identify(src/MIA26_phase2_ros_contest) by extensions ['colcon_meta']
[0.142s] Level 1:colcon.colcon_core.package_identification:_identify(src/MIA26_phase2_ros_contest) by extension 'colcon_meta'
[0.142s] Level 1:colcon.colcon_core.package_identification:_identify(src/MIA26_phase2_ros_contest) by extensions ['ros']
[0.142s] Level 1:colcon.colcon_core.package_identification:_identify(src/MIA26_phase2_ros_contest) by extension 'ros'
[0.142s] Level 1:colcon.colcon_core.package_identification:_identify(src/MIA26_phase2_ros_contest) by extensions ['cmake', 'python']
[0.142s] Level 1:colcon.colcon_core.package_identification:_identify(src/MIA26_phase2_ros_contest) by extension 'cmake'
[0.142s] Level 1:colcon.colcon_core.package_identification:_identify(src/MIA26_phase2_ros_contest) by extension 'python'
[0.142s] Level 1:colcon.colcon_core.package_identification:_identify(src/MIA26_phase2_ros_contest) by extensions ['python_setup_py']
[0.142s] Level 1:colcon.colcon_core.package_identification:_identify(src/MIA26_phase2_ros_contest) by extension 'python_setup_py'
[0.142s] Level 1:colcon.colcon_core.package_identification:_identify(src/MIA26_phase2_ros_contest/assets) by extensions ['ignore', 'ignore_ament_install']
[0.142s] Level 1:colcon.colcon_core.package_identification:_identify(src/MIA26_phase2_ros_contest/assets) by extension 'ignore'
[0.142s] Level 1:colcon.colcon_core.package_identification:_identify(src/MIA26_phase2_ros_contest/assets) by extension 'ignore_ament_install'
[0.142s] Level 1:colcon.colcon_core.package_identification:_identify(src/MIA26_phase2_ros_contest/assets) by extensions ['colcon_pkg']
[0.142s] Level 1:colcon.colcon_core.package_identification:_identify(src/MIA26_phase2_ros_contest/assets) by extension 'colcon_pkg'
[0.142s] Level 1:colcon.colcon_core.package_identification:_identify(src/MIA26_phase2_ros_contest/assets) by extensions ['colcon_meta']
[0.142s] Level 1:colcon.colcon_core.package_identification:_identify(src/MIA26_phase2_ros_contest/assets) by extension 'colcon_meta'
[0.142s] Level 1:colcon.colcon_core.package_identification:_identify(src/MIA26_phase2_ros_contest/assets) by extensions ['ros']
[0.142s] Level 1:colcon.colcon_core.package_identification:_identify(src/MIA26_phase2_ros_contest/assets) by extension 'ros'
[0.142s] Level 1:colcon.colcon_core.package_identification:_identify(src/MIA26_phase2_ros_contest/assets) by extensions ['cmake', 'python']
[0.143s] Level 1:colcon.colcon_core.package_identification:_identify(src/MIA26_phase2_ros_contest/assets) by extension 'cmake'
[0.143s] Level 1:colcon.colcon_core.package_identification:_identify(src/MIA26_phase2_ros_contest/assets) by extension 'python'
[0.143s] Level 1:colcon.colcon_core.package_identification:_identify(src/MIA26_phase2_ros_contest/assets) by extensions ['python_setup_py']
[0.143s] Level 1:colcon.colcon_core.package_identification:_identify(src/MIA26_phase2_ros_contest/assets) by extension 'python_setup_py'
[0.143s] Level 1:colcon.colcon_core.package_identification:_identify(src/MIA26_phase2_ros_contest/maze_control) by extensions ['ignore', 'ignore_ament_install']
[0.143s] Level 1:colcon.colcon_core.package_identification:_identify(src/MIA26_phase2_ros_contest/maze_control) by extension 'ignore'
[0.143s] Level 1:colcon.colcon_core.package_identification:_identify(src/MIA26_phase2_ros_contest/maze_control) by extension 'ignore_ament_install'
[0.143s] Level 1:colcon.colcon_core.package_identification:_identify(src/MIA26_phase2_ros_contest/maze_control) by extensions ['colcon_pkg']
[0.143s] Level 1:colcon.colcon_core.package_identification:_identify(src/MIA26_phase2_ros_contest/maze_control) by extension 'colcon_pkg'
[0.143s] Level 1:colcon.colcon_core.package_identification:_identify(src/MIA26_phase2_ros_contest/maze_control) by extensions ['colcon_meta']
[0.143s] Level 1:colcon.colcon_core.package_identification:_identify(src/MIA26_phase2_ros_contest/maze_control) by extension 'colcon_meta'
[0.143s] Level 1:colcon.colcon_core.package_identification:_identify(src/MIA26_phase2_ros_contest/maze_control) by extensions ['ros']
[0.143s] Level 1:colcon.colcon_core.package_identification:_identify(src/MIA26_phase2_ros_contest/maze_control) by extension 'ros'
[0.145s] DEBUG:colcon.colcon_core.package_identification:Found ROS schema reference in package manifest in 'src/MIA26_phase2_ros_contest/maze_control'
[0.145s] WARNING:colcon.colcon_core.package_identification:Failed to parse ROS package manifest in 'src/MIA26_phase2_ros_contest/maze_control': Error(s) in package 'src/MIA26_phase2_ros_contest/maze_control/package.xml':
Error(s):
- The generic dependency on 'rclpy' is redundant with: exec_depend
[0.145s] Level 1:colcon.colcon_core.package_identification:_identify(src/MIA26_phase2_ros_contest/maze_control) by extensions ['cmake', 'python']
[0.145s] Level 1:colcon.colcon_core.package_identification:_identify(src/MIA26_phase2_ros_contest/maze_control) by extension 'cmake'
[0.145s] Level 1:colcon.colcon_core.package_identification:_identify(src/MIA26_phase2_ros_contest/maze_control) by extension 'python'
[0.145s] DEBUG:colcon.colcon_core.package_identification:Python package in 'src/MIA26_phase2_ros_contest/maze_control' passes arguments to the setup() function which requires a different identification extension than 'python'
[0.145s] Level 1:colcon.colcon_core.package_identification:_identify(src/MIA26_phase2_ros_contest/maze_control) by extensions ['python_setup_py']
[0.145s] Level 1:colcon.colcon_core.package_identification:_identify(src/MIA26_phase2_ros_contest/maze_control) by extension 'python_setup_py'
[0.349s] DEBUG:colcon.colcon_core.package_identification:Package 'src/MIA26_phase2_ros_contest/maze_control' with type 'python' and name 'maze_control'
[0.349s] Level 1:colcon.colcon_core.package_identification:_identify(src/interfaces) by extensions ['ignore', 'ignore_ament_install']
[0.349s] Level 1:colcon.colcon_core.package_identification:_identify(src/interfaces) by extension 'ignore'
[0.349s] Level 1:colcon.colcon_core.package_identification:_identify(src/interfaces) by extension 'ignore_ament_install'
[0.349s] Level 1:colcon.colcon_core.package_identification:_identify(src/interfaces) by extensions ['colcon_pkg']
[0.349s] Level 1:colcon.colcon_core.package_identification:_identify(src/interfaces) by extension 'colcon_pkg'
[0.349s] Level 1:colcon.colcon_core.package_identification:_identify(src/interfaces) by extensions ['colcon_meta']
[0.349s] Level 1:colcon.colcon_core.package_identification:_identify(src/interfaces) by extension 'colcon_meta'
[0.349s] Level 1:colcon.colcon_core.package_identification:_identify(src/interfaces) by extensions ['ros']
[0.349s] Level 1:colcon.colcon_core.package_identification:_identify(src/interfaces) by extension 'ros'
[0.350s] DEBUG:colcon.colcon_core.package_identification:Package 'src/interfaces' with type 'ros.ament_cmake' and name 'interfaces'
[0.350s] Level 1:colcon.colcon_core.package_identification:_identify(src/mazeSolve_pkg) by extensions ['ignore', 'ignore_ament_install']
[0.350s] Level 1:colcon.colcon_core.package_identification:_identify(src/mazeSolve_pkg) by extension 'ignore'
[0.350s] Level 1:colcon.colcon_core.package_identification:_identify(src/mazeSolve_pkg) by extension 'ignore_ament_install'
[0.350s] Level 1:colcon.colcon_core.package_identification:_identify(src/mazeSolve_pkg) by extensions ['colcon_pkg']
[0.350s] Level 1:colcon.colcon_core.package_identification:_identify(src/mazeSolve_pkg) by extension 'colcon_pkg'
[0.350s] Level 1:colcon.colcon_core.package_identification:_identify(src/mazeSolve_pkg) by extensions ['colcon_meta']
[0.350s] Level 1:colcon.colcon_core.package_identification:_identify(src/mazeSolve_pkg) by extension 'colcon_meta'
[0.350s] Level 1:colcon.colcon_core.package_identification:_identify(src/mazeSolve_pkg) by extensions ['ros']
[0.350s] Level 1:colcon.colcon_core.package_identification:_identify(src/mazeSolve_pkg) by extension 'ros'
[0.351s] DEBUG:colcon.colcon_core.package_identification:Package 'src/mazeSolve_pkg' with type 'ros.ament_python' and name 'mazeSolve_pkg'
[0.351s] Level 1:colcon.colcon_core.package_discovery:discover_packages(recursive) using defaults
[0.351s] Level 1:colcon.colcon_core.package_discovery:discover_packages(ignore) discover
[0.351s] Level 1:colcon.colcon_core.package_discovery:discover_packages(ignore) using defaults
[0.351s] Level 1:colcon.colcon_core.package_discovery:discover_packages(path) discover
[0.351s] Level 1:colcon.colcon_core.package_discovery:discover_packages(path) using defaults
[0.367s] Level 1:colcon.colcon_core.package_discovery:discover_packages(prefix_path) check parameters
[0.367s] Level 1:colcon.colcon_core.package_discovery:discover_packages(prefix_path) discover
[0.367s] WARNING:colcon.colcon_ros.prefix_path.ament:The path '/home/a/Solving-Maze/install/maze_control' in the environment variable AMENT_PREFIX_PATH doesn't exist
[0.367s] WARNING:colcon.colcon_ros.prefix_path.ament:The path '/home/a/Solving-Maze/install/mazeSolve_pkg' in the environment variable AMENT_PREFIX_PATH doesn't exist
[0.367s] WARNING:colcon.colcon_ros.prefix_path.ament:The path '/home/a/Solving-Maze/install/interfaces' in the environment variable AMENT_PREFIX_PATH doesn't exist
[0.367s] WARNING:colcon.colcon_ros.prefix_path.catkin:The path '/home/a/Solving-Maze/install/interfaces' in the environment variable CMAKE_PREFIX_PATH doesn't exist
[0.368s] DEBUG:colcon.colcon_installed_package_information.package_discovery:Found 0 installed packages in /home/a/Solving-Maze/install
[0.370s] DEBUG:colcon.colcon_installed_package_information.package_discovery:Found 495 installed packages in /opt/ros/jazzy
[0.372s] Level 1:colcon.colcon_core.package_discovery:discover_packages(prefix_path) using defaults
[0.437s] Level 5:colcon.colcon_core.verb:set package 'interfaces' build argument 'cmake_args' from command line to 'None'
[0.437s] Level 5:colcon.colcon_core.verb:set package 'interfaces' build argument 'cmake_target' from command line to 'None'
[0.437s] Level 5:colcon.colcon_core.verb:set package 'interfaces' build argument 'cmake_target_skip_unavailable' from command line to 'False'
[0.437s] Level 5:colcon.colcon_core.verb:set package 'interfaces' build argument 'cmake_clean_cache' from command line to 'False'
[0.437s] Level 5:colcon.colcon_core.verb:set package 'interfaces' build argument 'cmake_clean_first' from command line to 'False'
[0.437s] Level 5:colcon.colcon_core.verb:set package 'interfaces' build argument 'cmake_force_configure' from command line to 'False'
[0.437s] Level 5:colcon.colcon_core.verb:set package 'interfaces' build argument 'ament_cmake_args' from command line to 'None'
[0.437s] Level 5:colcon.colcon_core.verb:set package 'interfaces' build argument 'catkin_cmake_args' from command line to 'None'
[0.437s] Level 5:colcon.colcon_core.verb:set package 'interfaces' build argument 'catkin_skip_building_tests' from command line to 'False'
[0.437s] DEBUG:colcon.colcon_core.verb:Building package 'interfaces' with the following arguments: {'ament_cmake_args': None, 'build_base': '/home/a/Solving-Maze/build/interfaces', 'catkin_cmake_args': None, 'catkin_skip_building_tests': False, 'cmake_args': None, 'cmake_clean_cache': False, 'cmake_clean_first': False, 'cmake_force_configure': False, 'cmake_target': None, 'cmake_target_skip_unavailable': False, 'install_base': '/home/a/Solving-Maze/install/interfaces', 'merge_install': False, 'path': '/home/a/Solving-Maze/src/interfaces', 'symlink_install': True, 'test_result_base': None}
[0.437s] Level 5:colcon.colcon_core.verb:set package 'mazeSolve_pkg' build argument 'cmake_args' from command line to 'None'
[0.438s] Level 5:colcon.colcon_core.verb:set package 'mazeSolve_pkg' build argument 'cmake_target' from command line to 'None'
[0.438s] Level 5:colcon.colcon_core.verb:set package 'mazeSolve_pkg' build argument 'cmake_target_skip_unavailable' from command line to 'False'
[0.438s] Level 5:colcon.colcon_core.verb:set package 'mazeSolve_pkg' build argument 'cmake_clean_cache' from command line to 'False'
[0.438s] Level 5:colcon.colcon_core.verb:set package 'mazeSolve_pkg' build argument 'cmake_clean_first' from command line to 'False'
[0.438s] Level 5:colcon.colcon_core.verb:set package 'mazeSolve_pkg' build argument 'cmake_force_configure' from command line to 'False'
[0.438s] Level 5:colcon.colcon_core.verb:set package 'mazeSolve_pkg' build argument 'ament_cmake_args' from command line to 'None'
[0.438s] Level 5:colcon.colcon_core.verb:set package 'mazeSolve_pkg' build argument 'catkin_cmake_args' from command line to 'None'
[0.438s] Level 5:colcon.colcon_core.verb:set package 'mazeSolve_pkg' build argument 'catkin_skip_building_tests' from command line to 'False'
[0.438s] DEBUG:colcon.colcon_core.verb:Building package 'mazeSolve_pkg' with the following arguments: {'ament_cmake_args': None, 'build_base': '/home/a/Solving-Maze/build/mazeSolve_pkg', 'catkin_cmake_args': None, 'catkin_skip_building_tests': False, 'cmake_args': None, 'cmake_clean_cache': False, 'cmake_clean_first': False, 'cmake_force_configure': False, 'cmake_target': None, 'cmake_target_skip_unavailable': False, 'install_base': '/home/a/Solving-Maze/install/mazeSolve_pkg', 'merge_install': False, 'path': '/home/a/Solving-Maze/src/mazeSolve_pkg', 'symlink_install': True, 'test_result_base': None}
[0.438s] Level 5:colcon.colcon_core.verb:set package 'maze_control' build argument 'cmake_args' from command line to 'None'
[0.438s] Level 5:colcon.colcon_core.verb:set package 'maze_control' build argument 'cmake_target' from command line to 'None'
[0.438s] Level 5:colcon.colcon_core.verb:set package 'maze_control' build argument 'cmake_target_skip_unavailable' from command line to 'False'
[0.438s] Level 5:colcon.colcon_core.verb:set package 'maze_control' build argument 'cmake_clean_cache' from command line to 'False'
[0.438s] Level 5:colcon.colcon_core.verb:set package 'maze_control' build argument 'cmake_clean_first' from command line to 'False'
[0.438s] Level 5:colcon.colcon_core.verb:set package 'maze_control' build argument 'cmake_force_configure' from command line to 'False'
[0.438s] Level 5:colcon.colcon_core.verb:set package 'maze_control' build argument 'ament_cmake_args' from command line to 'None'
[0.438s] Level 5:colcon.colcon_core.verb:set package 'maze_control' build argument 'catkin_cmake_args' from command line to 'None'
[0.438s] Level 5:colcon.colcon_core.verb:set package 'maze_control' build argument 'catkin_skip_building_tests' from command line to 'False'
[0.438s] DEBUG:colcon.colcon_core.verb:Building package 'maze_control' with the following arguments: {'ament_cmake_args': None, 'build_base': '/home/a/Solving-Maze/build/maze_control', 'catkin_cmake_args': None, 'catkin_skip_building_tests': False, 'cmake_args': None, 'cmake_clean_cache': False, 'cmake_clean_first': False, 'cmake_force_configure': False, 'cmake_target': None, 'cmake_target_skip_unavailable': False, 'install_base': '/home/a/Solving-Maze/install/maze_control', 'merge_install': False, 'path': '/home/a/Solving-Maze/src/MIA26_phase2_ros_contest/maze_control', 'symlink_install': True, 'test_result_base': None}
[0.438s] INFO:colcon.colcon_core.executor:Executing jobs using 'parallel' executor
[0.439s] DEBUG:colcon.colcon_parallel_executor.executor.parallel:run_until_complete
[0.439s] INFO:colcon.colcon_ros.task.ament_cmake.build:Building ROS package in '/home/a/Solving-Maze/src/interfaces' with build type 'ament_cmake'
[0.439s] INFO:colcon.colcon_cmake.task.cmake.build:Building CMake package in '/home/a/Solving-Maze/src/interfaces'
[0.441s] INFO:colcon.colcon_core.plugin_system:Skipping extension 'colcon_core.shell.bat': Not used on non-Windows systems
[0.441s] INFO:colcon.colcon_core.shell:Skip shell extension 'powershell' for command environment: Not usable outside of PowerShell
[0.441s] DEBUG:colcon.colcon_core.shell:Skip shell extension 'dsv' for command environment
[0.444s] INFO:colcon.colcon_ros.task.ament_python.build:Building ROS package in '/home/a/Solving-Maze/src/mazeSolve_pkg' with build type 'ament_python'
[0.444s] Level 1:colcon.colcon_core.shell:create_environment_hook('mazeSolve_pkg', 'ament_prefix_path')
[0.445s] INFO:colcon.colcon_core.shell:Creating environment hook '/home/a/Solving-Maze/install/mazeSolve_pkg/share/mazeSolve_pkg/hook/ament_prefix_path.ps1'
[0.445s] INFO:colcon.colcon_core.shell:Creating environment descriptor '/home/a/Solving-Maze/install/mazeSolve_pkg/share/mazeSolve_pkg/hook/ament_prefix_path.dsv'
[0.445s] INFO:colcon.colcon_core.shell:Creating environment hook '/home/a/Solving-Maze/install/mazeSolve_pkg/share/mazeSolve_pkg/hook/ament_prefix_path.sh'
[0.446s] INFO:colcon.colcon_core.shell:Skip shell extension 'powershell' for command environment: Not usable outside of PowerShell
[0.446s] DEBUG:colcon.colcon_core.shell:Skip shell extension 'dsv' for command environment
[0.449s] INFO:colcon.colcon_core.task.python.build:Building Python package in '/home/a/Solving-Maze/src/MIA26_phase2_ros_contest/maze_control'
[0.449s] INFO:colcon.colcon_core.shell:Skip shell extension 'powershell' for command environment: Not usable outside of PowerShell
[0.449s] DEBUG:colcon.colcon_core.shell:Skip shell extension 'dsv' for command environment
[0.466s] DEBUG:colcon.colcon_core.event_handler.log_command:Invoking command in '/home/a/Solving-Maze/build/interfaces': CMAKE_PREFIX_PATH=${CMAKE_PREFIX_PATH}:/home/a/Solving-Maze/install/maze_control:/home/a/Solving-Maze/install/mazeSolve_pkg:/opt/ros/jazzy DEBUGINFOD_URLS=https://debuginfod.ubuntu.com /usr/bin/cmake /home/a/Solving-Maze/src/interfaces -DAMENT_CMAKE_SYMLINK_INSTALL=1 -DCMAKE_INSTALL_PREFIX=/home/a/Solving-Maze/install/interfaces
[0.717s] INFO:colcon.colcon_core.task.python.build:Building Python package in '/home/a/Solving-Maze/src/mazeSolve_pkg'
[0.717s] INFO:colcon.colcon_core.shell:Skip shell extension 'powershell' for command environment: Not usable outside of PowerShell
[0.717s] DEBUG:colcon.colcon_core.shell:Skip shell extension 'dsv' for command environment
[1.715s] DEBUG:colcon.colcon_core.event_handler.log_command:Invoked command in '/home/a/Solving-Maze/build/interfaces' returned '0': CMAKE_PREFIX_PATH=${CMAKE_PREFIX_PATH}:/home/a/Solving-Maze/install/maze_control:/home/a/Solving-Maze/install/mazeSolve_pkg:/opt/ros/jazzy DEBUGINFOD_URLS=https://debuginfod.ubuntu.com /usr/bin/cmake /home/a/Solving-Maze/src/interfaces -DAMENT_CMAKE_SYMLINK_INSTALL=1 -DCMAKE_INSTALL_PREFIX=/home/a/Solving-Maze/install/interfaces
[1.716s] DEBUG:colcon.colcon_core.event_handler.log_command:Invoking command in '/home/a/Solving-Maze/build/interfaces': CMAKE_PREFIX_PATH=${CMAKE_PREFIX_PATH}:/home/a/Solving-Maze/install/maze_control:/home/a/Solving-Maze/install/mazeSolve_pkg:/opt/ros/jazzy DEBUGINFOD_URLS=https://debuginfod.ubuntu.com /usr/bin/cmake --build /home/a/Solving-Maze/build/interfaces -- -j8 -l8
[1.753s] DEBUG:colcon.colcon_core.event_handler.log_command:Invoked command in '/home/a/Solving-Maze/build/interfaces' returned '0': CMAKE_PREFIX_PATH=${CMAKE_PREFIX_PATH}:/home/a/Solving-Maze/install/maze_control:/home/a/Solving-Maze/install/mazeSolve_pkg:/opt/ros/jazzy DEBUGINFOD_URLS=https://debuginfod.ubuntu.com /usr/bin/cmake --build /home/a/Solving-Maze/build/interfaces -- -j8 -l8
[1.763s] DEBUG:colcon.colcon_core.event_handler.log_command:Invoking command in '/home/a/Solving-Maze/build/interfaces': CMAKE_PREFIX_PATH=${CMAKE_PREFIX_PATH}:/home/a/Solving-Maze/install/maze_control:/home/a/Solving-Maze/install/mazeSolve_pkg:/opt/ros/jazzy DEBUGINFOD_URLS=https://debuginfod.ubuntu.com /usr/bin/cmake --install /home/a/Solving-Maze/build/interfaces
[1.816s] DEBUG:colcon.colcon_core.task.python.build:Available setuptools commands: build_clib, build_py, setopt, saveopts, build, rotate, editable_wheel, install, clean, easy_install, sdist, develop, install_lib, init_catalog, symlink_data, update_catalog, install_data, install_egg_info, install_headers, build_scripts, build_ext, check, bdist, bdist_egg, bdist_rpm, egg_info, upload_docs, register, bdist_dumb, compile_catalog, test, install_scripts, dist_info, alias, bdist_wheel, extract_messages, upload
[1.860s] DEBUG:colcon.colcon_core.task.python.build:Available setuptools commands: build_clib, build_py, setopt, saveopts, build, rotate, editable_wheel, install, clean, easy_install, sdist, develop, install_lib, init_catalog, symlink_data, update_catalog, install_data, install_egg_info, install_headers, build_scripts, build_ext, check, bdist, bdist_egg, bdist_rpm, egg_info, upload_docs, register, bdist_dumb, compile_catalog, test, install_scripts, dist_info, alias, bdist_wheel, extract_messages, upload
[1.905s] Level 1:colcon.colcon_core.environment:create_environment_scripts_only(interfaces)
[1.906s] DEBUG:colcon.colcon_core.event_handler.log_command:Invoked command in '/home/a/Solving-Maze/build/interfaces' returned '0': CMAKE_PREFIX_PATH=${CMAKE_PREFIX_PATH}:/home/a/Solving-Maze/install/maze_control:/home/a/Solving-Maze/install/mazeSolve_pkg:/opt/ros/jazzy DEBUGINFOD_URLS=https://debuginfod.ubuntu.com /usr/bin/cmake --install /home/a/Solving-Maze/build/interfaces
[1.907s] Level 1:colcon.colcon_core.environment:checking '/home/a/Solving-Maze/install/interfaces' for CMake module files
[1.908s] Level 1:colcon.colcon_core.environment:checking '/home/a/Solving-Maze/install/interfaces' for CMake config files
[1.908s] Level 1:colcon.colcon_core.shell:create_environment_hook('interfaces', 'cmake_prefix_path')
[1.908s] INFO:colcon.colcon_core.shell:Creating environment hook '/home/a/Solving-Maze/install/interfaces/share/interfaces/hook/cmake_prefix_path.ps1'
[1.909s] INFO:colcon.colcon_core.shell:Creating environment descriptor '/home/a/Solving-Maze/install/interfaces/share/interfaces/hook/cmake_prefix_path.dsv'
[1.909s] INFO:colcon.colcon_core.shell:Creating environment hook '/home/a/Solving-Maze/install/interfaces/share/interfaces/hook/cmake_prefix_path.sh'
[1.910s] Level 1:colcon.colcon_core.environment:checking '/home/a/Solving-Maze/install/interfaces/bin'
[1.910s] Level 1:colcon.colcon_core.environment:checking '/home/a/Solving-Maze/install/interfaces/lib/pkgconfig/interfaces.pc'
[1.910s] Level 1:colcon.colcon_core.environment:checking '/home/a/Solving-Maze/install/interfaces/lib/python3.12/site-packages'
[1.910s] Level 1:colcon.colcon_core.environment:checking '/home/a/Solving-Maze/install/interfaces/bin'
[1.910s] INFO:colcon.colcon_core.shell:Creating package script '/home/a/Solving-Maze/install/interfaces/share/interfaces/package.ps1'
[1.911s] INFO:colcon.colcon_core.shell:Creating package descriptor '/home/a/Solving-Maze/install/interfaces/share/interfaces/package.dsv'
[1.912s] INFO:colcon.colcon_core.shell:Creating package script '/home/a/Solving-Maze/install/interfaces/share/interfaces/package.sh'
[1.912s] INFO:colcon.colcon_core.shell:Creating package script '/home/a/Solving-Maze/install/interfaces/share/interfaces/package.bash'
[1.913s] INFO:colcon.colcon_core.shell:Creating package script '/home/a/Solving-Maze/install/interfaces/share/interfaces/package.zsh'
[1.913s] Level 1:colcon.colcon_core.environment:create_file_with_runtime_dependencies(/home/a/Solving-Maze/install/interfaces/share/colcon-core/packages/interfaces)
[1.914s] Level 1:colcon.colcon_core.environment:create_environment_scripts_only(interfaces)
[1.914s] Level 1:colcon.colcon_core.environment:checking '/home/a/Solving-Maze/install/interfaces' for CMake module files
[1.915s] Level 1:colcon.colcon_core.environment:checking '/home/a/Solving-Maze/install/interfaces' for CMake config files
[1.915s] Level 1:colcon.colcon_core.shell:create_environment_hook('interfaces', 'cmake_prefix_path')
[1.915s] INFO:colcon.colcon_core.shell:Creating environment hook '/home/a/Solving-Maze/install/interfaces/share/interfaces/hook/cmake_prefix_path.ps1'
[1.915s] INFO:colcon.colcon_core.shell:Creating environment descriptor '/home/a/Solving-Maze/install/interfaces/share/interfaces/hook/cmake_prefix_path.dsv'
[1.916s] INFO:colcon.colcon_core.shell:Creating environment hook '/home/a/Solving-Maze/install/interfaces/share/interfaces/hook/cmake_prefix_path.sh'
[1.916s] Level 1:colcon.colcon_core.environment:checking '/home/a/Solving-Maze/install/interfaces/bin'
[1.916s] Level 1:colcon.colcon_core.environment:checking '/home/a/Solving-Maze/install/interfaces/lib/pkgconfig/interfaces.pc'
[1.916s] Level 1:colcon.colcon_core.environment:checking '/home/a/Solving-Maze/install/interfaces/lib/python3.12/site-packages'
[1.917s] Level 1:colcon.colcon_core.environment:checking '/home/a/Solving-Maze/install/interfaces/bin'
[1.917s] INFO:colcon.colcon_core.shell:Creating package script '/home/a/Solving-Maze/install/interfaces/share/interfaces/package.ps1'
[1.917s] INFO:colcon.colcon_core.shell:Creating package descriptor '/home/a/Solving-Maze/install/interfaces/share/interfaces/package.dsv'
[1.918s] INFO:colcon.colcon_core.shell:Creating package script '/home/a/Solving-Maze/install/interfaces/share/interfaces/package.sh'
[1.918s] INFO:colcon.colcon_core.shell:Creating package script '/home/a/Solving-Maze/install/interfaces/share/interfaces/package.bash'
[1.918s] INFO:colcon.colcon_core.shell:Creating package script '/home/a/Solving-Maze/install/interfaces/share/interfaces/package.zsh'
[1.919s] Level 1:colcon.colcon_core.environment:create_file_with_runtime_dependencies(/home/a/Solving-Maze/install/interfaces/share/colcon-core/packages/interfaces)
[2.147s] DEBUG:colcon.colcon_core.task.python.build:Available setuptools 'develop' options: --build-directory, --editable, --multi-version, --find-links, --always-copy, --optimize, --help, --dry-run, --uninstall, --exclude-scripts, --index-url, --no-find-links, --version, --quiet, --always-unzip, --script-dir, --upgrade, --verbose, --allow-hosts, --no-user-cfg, --install-dir, --egg-path, --user, --local-snapshots-ok, --no-deps, --site-dirs, --zip-ok, --force-installation-into-system-dir, --record, --install-layout, --prefix
[2.149s] DEBUG:colcon.colcon_core.event_handler.log_command:Invoking command in '/home/a/Solving-Maze/build/mazeSolve_pkg': DEBUGINFOD_URLS=https://debuginfod.ubuntu.com PYTHONPATH=/home/a/Solving-Maze/build/mazeSolve_pkg/prefix_override:/usr/lib/python3/dist-packages/colcon_core/task/python/colcon_distutils_commands:/home/a/Solving-Maze/install/mazeSolve_pkg/lib/python3.12/site-packages:${PYTHONPATH} /usr/bin/python3 -W ignore:setup.py install is deprecated -W ignore:easy_install command is deprecated setup.py develop --editable --build-directory /home/a/Solving-Maze/build/mazeSolve_pkg/build --no-deps symlink_data
[2.195s] DEBUG:colcon.colcon_core.task.python.build:Available setuptools 'develop' options: --build-directory, --editable, --multi-version, --find-links, --always-copy, --optimize, --help, --dry-run, --uninstall, --exclude-scripts, --index-url, --no-find-links, --version, --quiet, --always-unzip, --script-dir, --upgrade, --verbose, --allow-hosts, --no-user-cfg, --install-dir, --egg-path, --user, --local-snapshots-ok, --no-deps, --site-dirs, --zip-ok, --force-installation-into-system-dir, --record, --install-layout, --prefix
[2.196s] DEBUG:colcon.colcon_core.event_handler.log_command:Invoking command in '/home/a/Solving-Maze/build/maze_control': DEBUGINFOD_URLS=https://debuginfod.ubuntu.com PYTHONPATH=/home/a/Solving-Maze/build/maze_control/prefix_override:/usr/lib/python3/dist-packages/colcon_core/task/python/colcon_distutils_commands:/home/a/Solving-Maze/install/maze_control/lib/python3.12/site-packages:${PYTHONPATH} /usr/bin/python3 -W ignore:setup.py install is deprecated -W ignore:easy_install command is deprecated setup.py develop --editable --build-directory /home/a/Solving-Maze/build/maze_control/build --no-deps symlink_data
[2.888s] Level 1:colcon.colcon_core.shell:create_environment_hook('mazeSolve_pkg', 'pythonpath_develop')
[2.888s] INFO:colcon.colcon_core.shell:Creating environment hook '/home/a/Solving-Maze/build/mazeSolve_pkg/share/mazeSolve_pkg/hook/pythonpath_develop.ps1'
[2.889s] DEBUG:colcon.colcon_core.event_handler.log_command:Invoked command in '/home/a/Solving-Maze/build/mazeSolve_pkg' returned '0': DEBUGINFOD_URLS=https://debuginfod.ubuntu.com PYTHONPATH=/home/a/Solving-Maze/build/mazeSolve_pkg/prefix_override:/usr/lib/python3/dist-packages/colcon_core/task/python/colcon_distutils_commands:/home/a/Solving-Maze/install/mazeSolve_pkg/lib/python3.12/site-packages:${PYTHONPATH} /usr/bin/python3 -W ignore:setup.py install is deprecated -W ignore:easy_install command is deprecated setup.py develop --editable --build-directory /home/a/Solving-Maze/build/mazeSolve_pkg/build --no-deps symlink_data
[2.889s] INFO:colcon.colcon_core.shell:Creating environment descriptor '/home/a/Solving-Maze/build/mazeSolve_pkg/share/mazeSolve_pkg/hook/pythonpath_develop.dsv'
[2.890s] INFO:colcon.colcon_core.shell:Creating environment hook '/home/a/Solving-Maze/build/mazeSolve_pkg/share/mazeSolve_pkg/hook/pythonpath_develop.sh'
[2.890s] Level 1:colcon.colcon_core.environment:checking '/home/a/Solving-Maze/install/mazeSolve_pkg' for CMake module files
[2.891s] Level 1:colcon.colcon_core.environment:checking '/home/a/Solving-Maze/install/mazeSolve_pkg' for CMake config files
[2.891s] Level 1:colcon.colcon_core.environment:checking '/home/a/Solving-Maze/install/mazeSolve_pkg/lib'
[2.891s] Level 1:colcon.colcon_core.environment:checking '/home/a/Solving-Maze/install/mazeSolve_pkg/bin'
[2.891s] Level 1:colcon.colcon_core.environment:checking '/home/a/Solving-Maze/install/mazeSolve_pkg/lib/pkgconfig/mazeSolve_pkg.pc'
[2.891s] Level 1:colcon.colcon_core.environment:checking '/home/a/Solving-Maze/install/mazeSolve_pkg/lib/python3.12/site-packages'
[2.892s] Level 1:colcon.colcon_core.shell:create_environment_hook('mazeSolve_pkg', 'pythonpath')
[2.892s] INFO:colcon.colcon_core.shell:Creating environment hook '/home/a/Solving-Maze/install/mazeSolve_pkg/share/mazeSolve_pkg/hook/pythonpath.ps1'
[2.892s] INFO:colcon.colcon_core.shell:Creating environment descriptor '/home/a/Solving-Maze/install/mazeSolve_pkg/share/mazeSolve_pkg/hook/pythonpath.dsv'
[2.892s] INFO:colcon.colcon_core.shell:Creating environment hook '/home/a/Solving-Maze/install/mazeSolve_pkg/share/mazeSolve_pkg/hook/pythonpath.sh'
[2.893s] Level 1:colcon.colcon_core.environment:checking '/home/a/Solving-Maze/install/mazeSolve_pkg/bin'
[2.893s] Level 1:colcon.colcon_core.environment:create_environment_scripts_only(mazeSolve_pkg)
[2.894s] INFO:colcon.colcon_core.shell:Creating package script '/home/a/Solving-Maze/install/mazeSolve_pkg/share/mazeSolve_pkg/package.ps1'
[2.894s] INFO:colcon.colcon_core.shell:Creating package descriptor '/home/a/Solving-Maze/install/mazeSolve_pkg/share/mazeSolve_pkg/package.dsv'
[2.895s] INFO:colcon.colcon_core.shell:Creating package script '/home/a/Solving-Maze/install/mazeSolve_pkg/share/mazeSolve_pkg/package.sh'
[2.895s] INFO:colcon.colcon_core.shell:Creating package script '/home/a/Solving-Maze/install/mazeSolve_pkg/share/mazeSolve_pkg/package.bash'
[2.896s] INFO:colcon.colcon_core.shell:Creating package script '/home/a/Solving-Maze/install/mazeSolve_pkg/share/mazeSolve_pkg/package.zsh'
[2.896s] Level 1:colcon.colcon_core.environment:create_file_with_runtime_dependencies(/home/a/Solving-Maze/install/mazeSolve_pkg/share/colcon-core/packages/mazeSolve_pkg)
[2.951s] Level 1:colcon.colcon_core.shell:create_environment_hook('maze_control', 'pythonpath_develop')
[2.951s] INFO:colcon.colcon_core.shell:Creating environment hook '/home/a/Solving-Maze/build/maze_control/share/maze_control/hook/pythonpath_develop.ps1'
[2.951s] DEBUG:colcon.colcon_core.event_handler.log_command:Invoked command in '/home/a/Solving-Maze/build/maze_control' returned '0': DEBUGINFOD_URLS=https://debuginfod.ubuntu.com PYTHONPATH=/home/a/Solving-Maze/build/maze_control/prefix_override:/usr/lib/python3/dist-packages/colcon_core/task/python/colcon_distutils_commands:/home/a/Solving-Maze/install/maze_control/lib/python3.12/site-packages:${PYTHONPATH} /usr/bin/python3 -W ignore:setup.py install is deprecated -W ignore:easy_install command is deprecated setup.py develop --editable --build-directory /home/a/Solving-Maze/build/maze_control/build --no-deps symlink_data
[2.952s] INFO:colcon.colcon_core.shell:Creating environment descriptor '/home/a/Solving-Maze/build/maze_control/share/maze_control/hook/pythonpath_develop.dsv'
[2.952s] INFO:colcon.colcon_core.shell:Creating environment hook '/home/a/Solving-Maze/build/maze_control/share/maze_control/hook/pythonpath_develop.sh'
[2.953s] Level 1:colcon.colcon_core.environment:checking '/home/a/Solving-Maze/install/maze_control' for CMake module files
[2.953s] Level 1:colcon.colcon_core.environment:checking '/home/a/Solving-Maze/install/maze_control' for CMake config files
[2.953s] Level 1:colcon.colcon_core.environment:checking '/home/a/Solving-Maze/install/maze_control/lib'
[2.953s] Level 1:colcon.colcon_core.environment:checking '/home/a/Solving-Maze/install/maze_control/bin'
[2.953s] Level 1:colcon.colcon_core.environment:checking '/home/a/Solving-Maze/install/maze_control/lib/pkgconfig/maze_control.pc'
[2.954s] Level 1:colcon.colcon_core.environment:checking '/home/a/Solving-Maze/install/maze_control/lib/python3.12/site-packages'
[2.954s] Level 1:colcon.colcon_core.shell:create_environment_hook('maze_control', 'pythonpath')
[2.954s] INFO:colcon.colcon_core.shell:Creating environment hook '/home/a/Solving-Maze/install/maze_control/share/maze_control/hook/pythonpath.ps1'
[2.954s] INFO:colcon.colcon_core.shell:Creating environment descriptor '/home/a/Solving-Maze/install/maze_control/share/maze_control/hook/pythonpath.dsv'
[2.954s] INFO:colcon.colcon_core.shell:Creating environment hook '/home/a/Solving-Maze/install/maze_control/share/maze_control/hook/pythonpath.sh'
[2.955s] Level 1:colcon.colcon_core.environment:checking '/home/a/Solving-Maze/install/maze_control/bin'
[2.955s] Level 1:colcon.colcon_core.environment:create_environment_scripts_only(maze_control)
[2.955s] INFO:colcon.colcon_core.shell:Creating package script '/home/a/Solving-Maze/install/maze_control/share/maze_control/package.ps1'
[2.955s] INFO:colcon.colcon_core.shell:Creating package descriptor '/home/a/Solving-Maze/install/maze_control/share/maze_control/package.dsv'
[2.956s] INFO:colcon.colcon_core.shell:Creating package script '/home/a/Solving-Maze/install/maze_control/share/maze_control/package.sh'
[2.956s] INFO:colcon.colcon_core.shell:Creating package script '/home/a/Solving-Maze/install/maze_control/share/maze_control/package.bash'
[2.956s] INFO:colcon.colcon_core.shell:Creating package script '/home/a/Solving-Maze/install/maze_control/share/maze_control/package.zsh'
[2.956s] Level 1:colcon.colcon_core.environment:create_file_with_runtime_dependencies(/home/a/Solving-Maze/install/maze_control/share/colcon-core/packages/maze_control)
[2.957s] DEBUG:colcon.colcon_parallel_executor.executor.parallel:closing loop
[2.957s] DEBUG:colcon.colcon_parallel_executor.executor.parallel:loop closed
[2.957s] DEBUG:colcon.colcon_parallel_executor.executor.parallel:run_until_complete finished with '0'
[2.957s] DEBUG:colcon.colcon_core.event_reactor:joining thread
[2.961s] INFO:colcon.colcon_core.plugin_system:Skipping extension 'colcon_notification.desktop_notification.terminal_notifier': Not used on non-Darwin systems
[2.961s] INFO:colcon.colcon_core.plugin_system:Skipping extension 'colcon_notification.desktop_notification.win32': Not used on non-Windows systems
[2.961s] INFO:colcon.colcon_notification.desktop_notification:Sending desktop notification using 'notify2'
[2.973s] DEBUG:colcon.colcon_core.event_reactor:joined thread
[2.973s] INFO:colcon.colcon_core.shell:Creating prefix script '/home/a/Solving-Maze/install/local_setup.ps1'
[2.974s] INFO:colcon.colcon_core.shell:Creating prefix util module '/home/a/Solving-Maze/install/_local_setup_util_ps1.py'
[2.975s] INFO:colcon.colcon_core.shell:Creating prefix chain script '/home/a/Solving-Maze/install/setup.ps1'
[2.976s] INFO:colcon.colcon_core.shell:Creating prefix script '/home/a/Solving-Maze/install/local_setup.sh'
[2.976s] INFO:colcon.colcon_core.shell:Creating prefix util module '/home/a/Solving-Maze/install/_local_setup_util_sh.py'
[2.976s] INFO:colcon.colcon_core.shell:Creating prefix chain script '/home/a/Solving-Maze/install/setup.sh'
[2.977s] INFO:colcon.colcon_core.shell:Creating prefix script '/home/a/Solving-Maze/install/local_setup.bash'
[2.977s] INFO:colcon.colcon_core.shell:Creating prefix chain script '/home/a/Solving-Maze/install/setup.bash'
[2.978s] INFO:colcon.colcon_core.shell:Creating prefix script '/home/a/Solving-Maze/install/local_setup.zsh'
[2.978s] INFO:colcon.colcon_core.shell:Creating prefix chain script '/home/a/Solving-Maze/install/setup.zsh'
