[4.339s] Invoking command in '/root/training_ws_merge2/build/mazeSolve_pkg': PYTHONPATH=/root/training_ws_merge2/build/mazeSolve_pkg/prefix_override:/usr/lib/python3/dist-packages/colcon_core/task/python/colcon_distutils_commands:/root/training_ws_merge2/install/mazeSolve_pkg/lib/python3.12/site-packages:/root/training_ws_merge2/install/interfaces/lib/python3.12/site-packages:/root/training_ws_merge2/build/maze_control:/root/training_ws_merge2/install/maze_control/lib/python3.12/site-packages:/root/training_ws_merge2/build/mazeSolve_pkg:/root/training_ws_merge2/install/mazeSolve_pkg/lib/python3.12/site-packages:/opt/ros/jazzy/lib/python3.12/site-packages /usr/bin/python3 -W ignore:setup.py install is deprecated -W ignore:easy_install command is deprecated setup.py develop --editable --build-directory /root/training_ws_merge2/build/mazeSolve_pkg/build --no-deps symlink_data
[5.947s] running develop
[6.638s] running egg_info
[6.638s] creating mazeSolve_pkg.egg-info
[6.699s] writing mazeSolve_pkg.egg-info/PKG-INFO
[6.700s] writing dependency_links to mazeSolve_pkg.egg-info/dependency_links.txt
[6.701s] writing entry points to mazeSolve_pkg.egg-info/entry_points.txt
[6.702s] writing requirements to mazeSolve_pkg.egg-info/requires.txt
[6.705s] writing top-level names to mazeSolve_pkg.egg-info/top_level.txt
[6.705s] writing manifest file 'mazeSolve_pkg.egg-info/SOURCES.txt'
[6.883s] reading manifest file 'mazeSolve_pkg.egg-info/SOURCES.txt'
[6.886s] writing manifest file 'mazeSolve_pkg.egg-info/SOURCES.txt'
[6.988s] running build_ext
[6.989s] Creating /root/training_ws_merge2/install/mazeSolve_pkg/lib/python3.12/site-packages/mazeSolve-pkg.egg-link (link to .)
[6.991s] Installing action_x_server script to /root/training_ws_merge2/install/mazeSolve_pkg/lib/mazeSolve_pkg
[6.992s] Installing yaw_client script to /root/training_ws_merge2/install/mazeSolve_pkg/lib/mazeSolve_pkg
[6.993s] Installing yaw_pid_server script to /root/training_ws_merge2/install/mazeSolve_pkg/lib/mazeSolve_pkg
[6.993s] Installing yawserver script to /root/training_ws_merge2/install/mazeSolve_pkg/lib/mazeSolve_pkg
[6.994s] Installing yawserverNew script to /root/training_ws_merge2/install/mazeSolve_pkg/lib/mazeSolve_pkg
[6.994s] 
[6.995s] Installed /root/training_ws_merge2/build/mazeSolve_pkg
[6.995s] running symlink_data
[6.996s] creating /root/training_ws_merge2/install/mazeSolve_pkg/share/ament_index
[6.997s] creating /root/training_ws_merge2/install/mazeSolve_pkg/share/ament_index/resource_index
[6.998s] creating /root/training_ws_merge2/install/mazeSolve_pkg/share/ament_index/resource_index/packages
[6.998s] symbolically linking /root/training_ws_merge2/build/mazeSolve_pkg/resource/mazeSolve_pkg -> /root/training_ws_merge2/install/mazeSolve_pkg/share/ament_index/resource_index/packages
[6.998s] symbolically linking /root/training_ws_merge2/build/mazeSolve_pkg/package.xml -> /root/training_ws_merge2/install/mazeSolve_pkg/share/mazeSolve_pkg
[6.999s] creating /root/training_ws_merge2/install/mazeSolve_pkg/share/mazeSolve_pkg/launch
[7.002s] symbolically linking /root/training_ws_merge2/build/mazeSolve_pkg/launch/launch.py -> /root/training_ws_merge2/install/mazeSolve_pkg/share/mazeSolve_pkg/launch
[7.147s] Invoked command in '/root/training_ws_merge2/build/mazeSolve_pkg' returned '0': PYTHONPATH=/root/training_ws_merge2/build/mazeSolve_pkg/prefix_override:/usr/lib/python3/dist-packages/colcon_core/task/python/colcon_distutils_commands:/root/training_ws_merge2/install/mazeSolve_pkg/lib/python3.12/site-packages:/root/training_ws_merge2/install/interfaces/lib/python3.12/site-packages:/root/training_ws_merge2/build/maze_control:/root/training_ws_merge2/install/maze_control/lib/python3.12/site-packages:/root/training_ws_merge2/build/mazeSolve_pkg:/root/training_ws_merge2/install/mazeSolve_pkg/lib/python3.12/site-packages:/opt/ros/jazzy/lib/python3.12/site-packages /usr/bin/python3 -W ignore:setup.py install is deprecated -W ignore:easy_install command is deprecated setup.py develop --editable --build-directory /root/training_ws_merge2/build/mazeSolve_pkg/build --no-deps symlink_data
