[0.040s] Invoking command in '/home/mohamed-khaled/Solving-Maze/build/interfaces': CMAKE_PREFIX_PATH=${CMAKE_PREFIX_PATH}:/home/mohamed-khaled/Solving-Maze/install/maze_control:/home/mohamed-khaled/Solving-Maze/install/mazeSolve_pkg:/opt/ros/jazzy DEBUGINFOD_URLS=https://debuginfod.ubuntu.com /usr/bin/cmake --build /home/mohamed-khaled/Solving-Maze/build/interfaces -- -j12 -l12
[0.391s] [  2%] Built target interfaces__rs
[0.391s] [  5%] Built target interfaces__rosidl_generator_type_description
[0.392s] [  5%] Built target ament_cmake_python_copy_interfaces
[0.392s] [  8%] Built target interfaces__cpp
[0.392s] [ 22%] Built target interfaces__rosidl_generator_c
[0.392s] [ 31%] Built target interfaces__rosidl_typesupport_c
[0.392s] [ 40%] Built target interfaces__rosidl_typesupport_cpp
[0.393s] [ 48%] Built target interfaces__rosidl_typesupport_introspection_cpp
[0.393s] [ 57%] Built target interfaces__rosidl_typesupport_fastrtps_c
[0.393s] [ 65%] Built target interfaces__rosidl_typesupport_introspection_c
[0.393s] [ 74%] Built target interfaces__rosidl_typesupport_fastrtps_cpp
[0.393s] [ 74%] Built target interfaces
[0.393s] [ 77%] Built target interfaces__py
[0.393s] [ 82%] Built target interfaces__rosidl_generator_py
[0.393s] [100%] Built target interfaces_s__rosidl_typesupport_introspection_c
[0.394s] [100%] Built target interfaces_s__rosidl_typesupport_c
[0.394s] [100%] Built target interfaces_s__rosidl_typesupport_fastrtps_c
[0.480s] running egg_info
[0.515s] writing interfaces.egg-info/PKG-INFO
[0.515s] writing dependency_links to interfaces.egg-info/dependency_links.txt
[0.516s] writing top-level names to interfaces.egg-info/top_level.txt
[0.617s] reading manifest file 'interfaces.egg-info/SOURCES.txt'
[0.617s] writing manifest file 'interfaces.egg-info/SOURCES.txt'
[0.648s] [100%] Built target ament_cmake_python_build_interfaces_egg
[0.715s] Invoked command in '/home/mohamed-khaled/Solving-Maze/build/interfaces' returned '0': CMAKE_PREFIX_PATH=${CMAKE_PREFIX_PATH}:/home/mohamed-khaled/Solving-Maze/install/maze_control:/home/mohamed-khaled/Solving-Maze/install/mazeSolve_pkg:/opt/ros/jazzy DEBUGINFOD_URLS=https://debuginfod.ubuntu.com /usr/bin/cmake --build /home/mohamed-khaled/Solving-Maze/build/interfaces -- -j12 -l12
[0.727s] Invoking command in '/home/mohamed-khaled/Solving-Maze/build/interfaces': CMAKE_PREFIX_PATH=${CMAKE_PREFIX_PATH}:/home/mohamed-khaled/Solving-Maze/install/maze_control:/home/mohamed-khaled/Solving-Maze/install/mazeSolve_pkg:/opt/ros/jazzy DEBUGINFOD_URLS=https://debuginfod.ubuntu.com /usr/bin/cmake --install /home/mohamed-khaled/Solving-Maze/build/interfaces
[0.737s] -- Install configuration: ""
[0.738s] -- Up-to-date: /home/mohamed-khaled/Solving-Maze/install/interfaces/share/ament_index/resource_index/rosidl_interfaces/interfaces
[0.738s] -- Up-to-date: /home/mohamed-khaled/Solving-Maze/install/interfaces/share/interfaces/action/MoveYaw.json
[0.738s] -- Up-to-date: /home/mohamed-khaled/Solving-Maze/install/interfaces/include/interfaces/interfaces
[0.738s] -- Up-to-date: /home/mohamed-khaled/Solving-Maze/install/interfaces/include/interfaces/interfaces/action
[0.739s] -- Up-to-date: /home/mohamed-khaled/Solving-Maze/install/interfaces/include/interfaces/interfaces/action/detail
[0.739s] -- Up-to-date: /home/mohamed-khaled/Solving-Maze/install/interfaces/include/interfaces/interfaces/action/detail/move_yaw__struct.h
[0.739s] -- Up-to-date: /home/mohamed-khaled/Solving-Maze/install/interfaces/include/interfaces/interfaces/action/detail/move_yaw__functions.c
[0.739s] -- Up-to-date: /home/mohamed-khaled/Solving-Maze/install/interfaces/include/interfaces/interfaces/action/detail/move_yaw__type_support.h
[0.740s] -- Up-to-date: /home/mohamed-khaled/Solving-Maze/install/interfaces/include/interfaces/interfaces/action/detail/move_yaw__type_support.c
[0.740s] -- Up-to-date: /home/mohamed-khaled/Solving-Maze/install/interfaces/include/interfaces/interfaces/action/detail/move_yaw__description.c
[0.740s] -- Up-to-date: /home/mohamed-khaled/Solving-Maze/install/interfaces/include/interfaces/interfaces/action/detail/move_yaw__functions.h
[0.740s] -- Up-to-date: /home/mohamed-khaled/Solving-Maze/install/interfaces/include/interfaces/interfaces/action/move_yaw.h
[0.741s] -- Up-to-date: /home/mohamed-khaled/Solving-Maze/install/interfaces/include/interfaces/interfaces/msg
[0.741s] -- Up-to-date: /home/mohamed-khaled/Solving-Maze/install/interfaces/include/interfaces/interfaces/msg/rosidl_generator_c__visibility_control.h
[0.741s] -- Up-to-date: /home/mohamed-khaled/Solving-Maze/install/interfaces/share/interfaces/environment/library_path.sh
[0.741s] -- Up-to-date: /home/mohamed-khaled/Solving-Maze/install/interfaces/share/interfaces/environment/library_path.dsv
[0.742s] -- Up-to-date: /home/mohamed-khaled/Solving-Maze/install/interfaces/lib/libinterfaces__rosidl_generator_c.so
[0.742s] -- Up-to-date: /home/mohamed-khaled/Solving-Maze/install/interfaces/include/interfaces/interfaces
[0.742s] -- Up-to-date: /home/mohamed-khaled/Solving-Maze/install/interfaces/include/interfaces/interfaces/action
[0.742s] -- Up-to-date: /home/mohamed-khaled/Solving-Maze/install/interfaces/include/interfaces/interfaces/action/detail
[0.742s] -- Up-to-date: /home/mohamed-khaled/Solving-Maze/install/interfaces/include/interfaces/interfaces/action/detail/move_yaw__rosidl_typesupport_fastrtps_c.h
[0.743s] -- Up-to-date: /home/mohamed-khaled/Solving-Maze/install/interfaces/include/interfaces/interfaces/msg
[0.743s] -- Up-to-date: /home/mohamed-khaled/Solving-Maze/install/interfaces/include/interfaces/interfaces/msg/rosidl_typesupport_fastrtps_c__visibility_control.h
[0.743s] -- Up-to-date: /home/mohamed-khaled/Solving-Maze/install/interfaces/lib/libinterfaces__rosidl_typesupport_fastrtps_c.so
[0.743s] -- Up-to-date: /home/mohamed-khaled/Solving-Maze/install/interfaces/include/interfaces/interfaces
[0.743s] -- Up-to-date: /home/mohamed-khaled/Solving-Maze/install/interfaces/include/interfaces/interfaces/action
[0.744s] -- Up-to-date: /home/mohamed-khaled/Solving-Maze/install/interfaces/include/interfaces/interfaces/action/detail
[0.744s] -- Up-to-date: /home/mohamed-khaled/Solving-Maze/install/interfaces/include/interfaces/interfaces/action/detail/move_yaw__type_support.c
[0.744s] -- Up-to-date: /home/mohamed-khaled/Solving-Maze/install/interfaces/include/interfaces/interfaces/action/detail/move_yaw__rosidl_typesupport_introspection_c.h
[0.744s] -- Up-to-date: /home/mohamed-khaled/Solving-Maze/install/interfaces/include/interfaces/interfaces/msg
[0.744s] -- Up-to-date: /home/mohamed-khaled/Solving-Maze/install/interfaces/include/interfaces/interfaces/msg/rosidl_typesupport_introspection_c__visibility_control.h
[0.745s] -- Up-to-date: /home/mohamed-khaled/Solving-Maze/install/interfaces/lib/libinterfaces__rosidl_typesupport_introspection_c.so
[0.745s] -- Up-to-date: /home/mohamed-khaled/Solving-Maze/install/interfaces/lib/libinterfaces__rosidl_typesupport_c.so
[0.745s] -- Up-to-date: /home/mohamed-khaled/Solving-Maze/install/interfaces/include/interfaces/interfaces
[0.745s] -- Up-to-date: /home/mohamed-khaled/Solving-Maze/install/interfaces/include/interfaces/interfaces/action
[0.745s] -- Up-to-date: /home/mohamed-khaled/Solving-Maze/install/interfaces/include/interfaces/interfaces/action/detail
[0.746s] -- Up-to-date: /home/mohamed-khaled/Solving-Maze/install/interfaces/include/interfaces/interfaces/action/detail/move_yaw__builder.hpp
[0.746s] -- Up-to-date: /home/mohamed-khaled/Solving-Maze/install/interfaces/include/interfaces/interfaces/action/detail/move_yaw__traits.hpp
[0.746s] -- Up-to-date: /home/mohamed-khaled/Solving-Maze/install/interfaces/include/interfaces/interfaces/action/detail/move_yaw__type_support.hpp
[0.746s] -- Up-to-date: /home/mohamed-khaled/Solving-Maze/install/interfaces/include/interfaces/interfaces/action/detail/move_yaw__struct.hpp
[0.746s] -- Up-to-date: /home/mohamed-khaled/Solving-Maze/install/interfaces/include/interfaces/interfaces/action/move_yaw.hpp
[0.747s] -- Up-to-date: /home/mohamed-khaled/Solving-Maze/install/interfaces/include/interfaces/interfaces/msg
[0.747s] -- Up-to-date: /home/mohamed-khaled/Solving-Maze/install/interfaces/include/interfaces/interfaces/msg/rosidl_generator_cpp__visibility_control.hpp
[0.747s] -- Up-to-date: /home/mohamed-khaled/Solving-Maze/install/interfaces/include/interfaces/interfaces
[0.747s] -- Up-to-date: /home/mohamed-khaled/Solving-Maze/install/interfaces/include/interfaces/interfaces/action
[0.747s] -- Up-to-date: /home/mohamed-khaled/Solving-Maze/install/interfaces/include/interfaces/interfaces/action/detail
[0.748s] -- Up-to-date: /home/mohamed-khaled/Solving-Maze/install/interfaces/include/interfaces/interfaces/action/detail/move_yaw__rosidl_typesupport_fastrtps_cpp.hpp
[0.748s] -- Up-to-date: /home/mohamed-khaled/Solving-Maze/install/interfaces/include/interfaces/interfaces/action/detail/dds_fastrtps
[0.748s] -- Up-to-date: /home/mohamed-khaled/Solving-Maze/install/interfaces/include/interfaces/interfaces/msg
[0.748s] -- Up-to-date: /home/mohamed-khaled/Solving-Maze/install/interfaces/include/interfaces/interfaces/msg/rosidl_typesupport_fastrtps_cpp__visibility_control.h
[0.748s] -- Up-to-date: /home/mohamed-khaled/Solving-Maze/install/interfaces/lib/libinterfaces__rosidl_typesupport_fastrtps_cpp.so
[0.749s] -- Up-to-date: /home/mohamed-khaled/Solving-Maze/install/interfaces/include/interfaces/interfaces
[0.749s] -- Up-to-date: /home/mohamed-khaled/Solving-Maze/install/interfaces/include/interfaces/interfaces/action
[0.749s] -- Up-to-date: /home/mohamed-khaled/Solving-Maze/install/interfaces/include/interfaces/interfaces/action/detail
[0.749s] -- Up-to-date: /home/mohamed-khaled/Solving-Maze/install/interfaces/include/interfaces/interfaces/action/detail/move_yaw__rosidl_typesupport_introspection_cpp.hpp
[0.749s] -- Up-to-date: /home/mohamed-khaled/Solving-Maze/install/interfaces/include/interfaces/interfaces/action/detail/move_yaw__type_support.cpp
[0.749s] -- Up-to-date: /home/mohamed-khaled/Solving-Maze/install/interfaces/lib/libinterfaces__rosidl_typesupport_introspection_cpp.so
[0.750s] -- Up-to-date: /home/mohamed-khaled/Solving-Maze/install/interfaces/lib/libinterfaces__rosidl_typesupport_cpp.so
[0.750s] -- Up-to-date: /home/mohamed-khaled/Solving-Maze/install/interfaces/share/interfaces/environment/pythonpath.sh
[0.750s] -- Up-to-date: /home/mohamed-khaled/Solving-Maze/install/interfaces/share/interfaces/environment/pythonpath.dsv
[0.750s] -- Up-to-date: /home/mohamed-khaled/Solving-Maze/install/interfaces/lib/python3.12/site-packages/interfaces-0.0.0-py3.12.egg-info
[0.750s] -- Installing: /home/mohamed-khaled/Solving-Maze/install/interfaces/lib/python3.12/site-packages/interfaces-0.0.0-py3.12.egg-info/SOURCES.txt
[0.751s] -- Installing: /home/mohamed-khaled/Solving-Maze/install/interfaces/lib/python3.12/site-packages/interfaces-0.0.0-py3.12.egg-info/PKG-INFO
[0.751s] -- Installing: /home/mohamed-khaled/Solving-Maze/install/interfaces/lib/python3.12/site-packages/interfaces-0.0.0-py3.12.egg-info/top_level.txt
[0.751s] -- Installing: /home/mohamed-khaled/Solving-Maze/install/interfaces/lib/python3.12/site-packages/interfaces-0.0.0-py3.12.egg-info/dependency_links.txt
[0.751s] -- Up-to-date: /home/mohamed-khaled/Solving-Maze/install/interfaces/lib/python3.12/site-packages/interfaces
[0.751s] -- Up-to-date: /home/mohamed-khaled/Solving-Maze/install/interfaces/lib/python3.12/site-packages/interfaces/_interfaces_s.ep.rosidl_typesupport_c.c
[0.752s] -- Up-to-date: /home/mohamed-khaled/Solving-Maze/install/interfaces/lib/python3.12/site-packages/interfaces/action
[0.752s] -- Up-to-date: /home/mohamed-khaled/Solving-Maze/install/interfaces/lib/python3.12/site-packages/interfaces/action/_move_yaw_s.c
[0.752s] -- Up-to-date: /home/mohamed-khaled/Solving-Maze/install/interfaces/lib/python3.12/site-packages/interfaces/action/_move_yaw.py
[0.752s] -- Up-to-date: /home/mohamed-khaled/Solving-Maze/install/interfaces/lib/python3.12/site-packages/interfaces/action/__init__.py
[0.752s] -- Up-to-date: /home/mohamed-khaled/Solving-Maze/install/interfaces/lib/python3.12/site-packages/interfaces/interfaces_s__rosidl_typesupport_c.so
[0.753s] -- Up-to-date: /home/mohamed-khaled/Solving-Maze/install/interfaces/lib/python3.12/site-packages/interfaces/_interfaces_s.ep.rosidl_typesupport_introspection_c.c
[0.753s] -- Up-to-date: /home/mohamed-khaled/Solving-Maze/install/interfaces/lib/python3.12/site-packages/interfaces/interfaces_s__rosidl_typesupport_introspection_c.so
[0.753s] -- Up-to-date: /home/mohamed-khaled/Solving-Maze/install/interfaces/lib/python3.12/site-packages/interfaces/__init__.py
[0.753s] -- Up-to-date: /home/mohamed-khaled/Solving-Maze/install/interfaces/lib/python3.12/site-packages/interfaces/_interfaces_s.ep.rosidl_typesupport_fastrtps_c.c
[0.753s] -- Up-to-date: /home/mohamed-khaled/Solving-Maze/install/interfaces/lib/python3.12/site-packages/interfaces/interfaces_s__rosidl_typesupport_fastrtps_c.so
[0.789s] Listing '/home/mohamed-khaled/Solving-Maze/install/interfaces/lib/python3.12/site-packages/interfaces'...
[0.789s] Listing '/home/mohamed-khaled/Solving-Maze/install/interfaces/lib/python3.12/site-packages/interfaces/action'...
[0.796s] -- Up-to-date: /home/mohamed-khaled/Solving-Maze/install/interfaces/lib/python3.12/site-packages/interfaces/interfaces_s__rosidl_typesupport_fastrtps_c.so
[0.796s] -- Up-to-date: /home/mohamed-khaled/Solving-Maze/install/interfaces/lib/python3.12/site-packages/interfaces/interfaces_s__rosidl_typesupport_introspection_c.so
[0.796s] -- Up-to-date: /home/mohamed-khaled/Solving-Maze/install/interfaces/lib/python3.12/site-packages/interfaces/interfaces_s__rosidl_typesupport_c.so
[0.797s] -- Up-to-date: /home/mohamed-khaled/Solving-Maze/install/interfaces/lib/libinterfaces__rosidl_generator_py.so
[0.797s] -- Up-to-date: /home/mohamed-khaled/Solving-Maze/install/interfaces/share/ament_index/resource_index/rust_packages/interfaces
[0.797s] -- Up-to-date: /home/mohamed-khaled/Solving-Maze/install/interfaces/share/interfaces/rust
[0.798s] -- Up-to-date: /home/mohamed-khaled/Solving-Maze/install/interfaces/share/interfaces/rust/build.rs
[0.798s] -- Up-to-date: /home/mohamed-khaled/Solving-Maze/install/interfaces/share/interfaces/rust/src
[0.798s] -- Up-to-date: /home/mohamed-khaled/Solving-Maze/install/interfaces/share/interfaces/rust/src/lib.rs
[0.798s] -- Up-to-date: /home/mohamed-khaled/Solving-Maze/install/interfaces/share/interfaces/rust/src/action
[0.799s] -- Up-to-date: /home/mohamed-khaled/Solving-Maze/install/interfaces/share/interfaces/rust/src/action/rmw.rs
[0.799s] -- Up-to-date: /home/mohamed-khaled/Solving-Maze/install/interfaces/share/interfaces/rust/src/action.rs
[0.799s] -- Up-to-date: /home/mohamed-khaled/Solving-Maze/install/interfaces/share/interfaces/rust/Cargo.toml
[0.799s] -- Up-to-date: /home/mohamed-khaled/Solving-Maze/install/interfaces/share/interfaces/action/MoveYaw.idl
[0.800s] -- Up-to-date: /home/mohamed-khaled/Solving-Maze/install/interfaces/share/interfaces/action/MoveYaw.action
[0.800s] -- Up-to-date: /home/mohamed-khaled/Solving-Maze/install/interfaces/share/ament_index/resource_index/package_run_dependencies/interfaces
[0.800s] -- Up-to-date: /home/mohamed-khaled/Solving-Maze/install/interfaces/share/ament_index/resource_index/parent_prefix_path/interfaces
[0.800s] -- Up-to-date: /home/mohamed-khaled/Solving-Maze/install/interfaces/share/interfaces/environment/ament_prefix_path.sh
[0.801s] -- Up-to-date: /home/mohamed-khaled/Solving-Maze/install/interfaces/share/interfaces/environment/ament_prefix_path.dsv
[0.801s] -- Up-to-date: /home/mohamed-khaled/Solving-Maze/install/interfaces/share/interfaces/environment/path.sh
[0.801s] -- Up-to-date: /home/mohamed-khaled/Solving-Maze/install/interfaces/share/interfaces/environment/path.dsv
[0.801s] -- Up-to-date: /home/mohamed-khaled/Solving-Maze/install/interfaces/share/interfaces/local_setup.bash
[0.801s] -- Up-to-date: /home/mohamed-khaled/Solving-Maze/install/interfaces/share/interfaces/local_setup.sh
[0.802s] -- Up-to-date: /home/mohamed-khaled/Solving-Maze/install/interfaces/share/interfaces/local_setup.zsh
[0.802s] -- Up-to-date: /home/mohamed-khaled/Solving-Maze/install/interfaces/share/interfaces/local_setup.dsv
[0.803s] -- Installing: /home/mohamed-khaled/Solving-Maze/install/interfaces/share/interfaces/package.dsv
[0.804s] -- Up-to-date: /home/mohamed-khaled/Solving-Maze/install/interfaces/share/ament_index/resource_index/packages/interfaces
[0.804s] -- Up-to-date: /home/mohamed-khaled/Solving-Maze/install/interfaces/share/interfaces/cmake/export_interfaces__rosidl_generator_cExport.cmake
[0.804s] -- Up-to-date: /home/mohamed-khaled/Solving-Maze/install/interfaces/share/interfaces/cmake/export_interfaces__rosidl_generator_cExport-noconfig.cmake
[0.805s] -- Up-to-date: /home/mohamed-khaled/Solving-Maze/install/interfaces/share/interfaces/cmake/export_interfaces__rosidl_typesupport_fastrtps_cExport.cmake
[0.805s] -- Up-to-date: /home/mohamed-khaled/Solving-Maze/install/interfaces/share/interfaces/cmake/export_interfaces__rosidl_typesupport_fastrtps_cExport-noconfig.cmake
[0.806s] -- Up-to-date: /home/mohamed-khaled/Solving-Maze/install/interfaces/share/interfaces/cmake/interfaces__rosidl_typesupport_introspection_cExport.cmake
[0.806s] -- Up-to-date: /home/mohamed-khaled/Solving-Maze/install/interfaces/share/interfaces/cmake/interfaces__rosidl_typesupport_introspection_cExport-noconfig.cmake
[0.807s] -- Up-to-date: /home/mohamed-khaled/Solving-Maze/install/interfaces/share/interfaces/cmake/interfaces__rosidl_typesupport_cExport.cmake
[0.807s] -- Up-to-date: /home/mohamed-khaled/Solving-Maze/install/interfaces/share/interfaces/cmake/interfaces__rosidl_typesupport_cExport-noconfig.cmake
[0.807s] -- Up-to-date: /home/mohamed-khaled/Solving-Maze/install/interfaces/share/interfaces/cmake/export_interfaces__rosidl_generator_cppExport.cmake
[0.808s] -- Up-to-date: /home/mohamed-khaled/Solving-Maze/install/interfaces/share/interfaces/cmake/export_interfaces__rosidl_typesupport_fastrtps_cppExport.cmake
[0.808s] -- Up-to-date: /home/mohamed-khaled/Solving-Maze/install/interfaces/share/interfaces/cmake/export_interfaces__rosidl_typesupport_fastrtps_cppExport-noconfig.cmake
[0.809s] -- Up-to-date: /home/mohamed-khaled/Solving-Maze/install/interfaces/share/interfaces/cmake/interfaces__rosidl_typesupport_introspection_cppExport.cmake
[0.809s] -- Up-to-date: /home/mohamed-khaled/Solving-Maze/install/interfaces/share/interfaces/cmake/interfaces__rosidl_typesupport_introspection_cppExport-noconfig.cmake
[0.810s] -- Up-to-date: /home/mohamed-khaled/Solving-Maze/install/interfaces/share/interfaces/cmake/interfaces__rosidl_typesupport_cppExport.cmake
[0.810s] -- Up-to-date: /home/mohamed-khaled/Solving-Maze/install/interfaces/share/interfaces/cmake/interfaces__rosidl_typesupport_cppExport-noconfig.cmake
[0.810s] -- Up-to-date: /home/mohamed-khaled/Solving-Maze/install/interfaces/share/interfaces/cmake/export_interfaces__rosidl_generator_pyExport.cmake
[0.811s] -- Up-to-date: /home/mohamed-khaled/Solving-Maze/install/interfaces/share/interfaces/cmake/export_interfaces__rosidl_generator_pyExport-noconfig.cmake
[0.811s] -- Up-to-date: /home/mohamed-khaled/Solving-Maze/install/interfaces/share/interfaces/cmake/rosidl_cmake-extras.cmake
[0.811s] -- Up-to-date: /home/mohamed-khaled/Solving-Maze/install/interfaces/share/interfaces/cmake/ament_cmake_export_dependencies-extras.cmake
[0.811s] -- Up-to-date: /home/mohamed-khaled/Solving-Maze/install/interfaces/share/interfaces/cmake/ament_cmake_export_include_directories-extras.cmake
[0.812s] -- Up-to-date: /home/mohamed-khaled/Solving-Maze/install/interfaces/share/interfaces/cmake/ament_cmake_export_libraries-extras.cmake
[0.812s] -- Up-to-date: /home/mohamed-khaled/Solving-Maze/install/interfaces/share/interfaces/cmake/ament_cmake_export_targets-extras.cmake
[0.812s] -- Up-to-date: /home/mohamed-khaled/Solving-Maze/install/interfaces/share/interfaces/cmake/rosidl_cmake_export_typesupport_targets-extras.cmake
[0.812s] -- Up-to-date: /home/mohamed-khaled/Solving-Maze/install/interfaces/share/interfaces/cmake/rosidl_cmake_export_typesupport_libraries-extras.cmake
[0.812s] -- Up-to-date: /home/mohamed-khaled/Solving-Maze/install/interfaces/share/interfaces/cmake/rosidl_cmake_aggregate_target-extras.cmake
[0.813s] -- Up-to-date: /home/mohamed-khaled/Solving-Maze/install/interfaces/share/interfaces/cmake/interfacesConfig.cmake
[0.813s] -- Up-to-date: /home/mohamed-khaled/Solving-Maze/install/interfaces/share/interfaces/cmake/interfacesConfig-version.cmake
[0.813s] -- Up-to-date: /home/mohamed-khaled/Solving-Maze/install/interfaces/share/interfaces/package.xml
[0.813s] Invoked command in '/home/mohamed-khaled/Solving-Maze/build/interfaces' returned '0': CMAKE_PREFIX_PATH=${CMAKE_PREFIX_PATH}:/home/mohamed-khaled/Solving-Maze/install/maze_control:/home/mohamed-khaled/Solving-Maze/install/mazeSolve_pkg:/opt/ros/jazzy DEBUGINFOD_URLS=https://debuginfod.ubuntu.com /usr/bin/cmake --install /home/mohamed-khaled/Solving-Maze/build/interfaces
