[0.009s] Invoking command in '/home/mohamed-khaled/Solving-Maze/build/interfaces': CMAKE_PREFIX_PATH=${CMAKE_PREFIX_PATH}:/opt/ros/jazzy DEBUGINFOD_URLS=https://debuginfod.ubuntu.com /usr/bin/cmake --build /home/mohamed-khaled/Solving-Maze/build/interfaces -- -j12 -l12
[0.030s] -- Found ament_cmake: 2.5.6 (/opt/ros/jazzy/share/ament_cmake/cmake)
[0.127s] -- Found rosidl_default_generators: 1.6.1 (/opt/ros/jazzy/share/rosidl_default_generators/cmake)
[0.129s] -- Using all available rosidl_typesupport_c: rosidl_typesupport_fastrtps_c;rosidl_typesupport_introspection_c
[0.165s] -- Using all available rosidl_typesupport_cpp: rosidl_typesupport_fastrtps_cpp;rosidl_typesupport_introspection_cpp
[0.197s] -- Found rosidl_adapter: 4.6.9 (/opt/ros/jazzy/share/rosidl_adapter/cmake)
[0.199s] -- Found action_msgs: 2.0.4 (/opt/ros/jazzy/share/action_msgs/cmake)
[0.490s] -- Found ament_cmake_ros: 0.12.1 (/opt/ros/jazzy/share/ament_cmake_ros/cmake)
[0.583s] -- Using all available rosidl_typesupport_c: rosidl_typesupport_fastrtps_c;rosidl_typesupport_introspection_c
[0.700s] -- Using all available rosidl_typesupport_cpp: rosidl_typesupport_fastrtps_cpp;rosidl_typesupport_introspection_cpp
[0.701s] -- Found python_cmake_module: 0.11.1 (/opt/ros/jazzy/share/python_cmake_module/cmake)
[0.944s] -- Found Python3: /usr/bin/python3 (found version "3.12.3") found components: Interpreter Development NumPy Development.Module Development.Embed 
[0.984s] -- Found Python3: /usr/bin/python3 (found version "3.12.3") found components: Interpreter 
[0.990s] -- Configuring done (1.0s)
[1.023s] -- Generating done (0.0s)
[1.036s] -- Build files have been written to: /home/mohamed-khaled/Solving-Maze/build/interfaces
[1.065s] [  5%] [34m[1mGenerating type hashes for ROS interfaces[0m
[1.065s] [  5%] [34m[1mGenerating Rust code for ROS interfaces[0m
[1.073s] [  5%] Built target ament_cmake_python_copy_interfaces
[1.274s] [  5%] Built target interfaces__rosidl_generator_type_description
[1.282s] [  8%] [34m[1mGenerating C code for ROS interfaces[0m
[1.290s] [ 11%] [34m[1mGenerating C++ code for ROS interfaces[0m
[1.306s] running egg_info
[1.320s] [ 11%] Built target interfaces__rs
[1.350s] writing interfaces.egg-info/PKG-INFO
[1.350s] writing dependency_links to interfaces.egg-info/dependency_links.txt
[1.351s] writing top-level names to interfaces.egg-info/top_level.txt
[1.423s] reading manifest file 'interfaces.egg-info/SOURCES.txt'
[1.423s] writing manifest file 'interfaces.egg-info/SOURCES.txt'
[1.446s] [ 11%] Built target ament_cmake_python_build_interfaces_egg
[1.740s] [ 11%] Built target interfaces__cpp
[1.749s] [ 20%] [32mBuilding C object CMakeFiles/interfaces__rosidl_generator_c.dir/rosidl_generator_c/interfaces/action/detail/move_yaw__functions.c.o[0m
[1.749s] [ 20%] [32mBuilding C object CMakeFiles/interfaces__rosidl_generator_c.dir/rosidl_generator_c/interfaces/action/detail/move_yaw__type_support.c.o[0m
[1.749s] [ 20%] [32mBuilding C object CMakeFiles/interfaces__rosidl_generator_c.dir/rosidl_generator_c/interfaces/action/detail/move_yaw__description.c.o[0m
[1.914s] [ 22%] [32m[1mLinking C shared library libinterfaces__rosidl_generator_c.so[0m
[1.947s] [ 22%] Built target interfaces__rosidl_generator_c
[1.956s] [ 34%] [34m[1mGenerating C++ type support dispatch for ROS interfaces[0m
[1.956s] [ 34%] [34m[1mGenerating C type support for eProsima Fast-RTPS[0m
[1.956s] [ 34%] [34m[1mGenerating C introspection for ROS interfaces[0m
[1.956s] [ 34%] [34m[1mGenerating C type support dispatch for ROS interfaces[0m
[1.956s] [ 37%] [34m[1mGenerating C++ type support for eProsima Fast-RTPS[0m
[1.956s] [ 40%] [34m[1mGenerating C++ introspection for ROS interfaces[0m
[2.244s] [ 42%] [32mBuilding CXX object CMakeFiles/interfaces__rosidl_typesupport_c.dir/rosidl_typesupport_c/interfaces/action/move_yaw__type_support.cpp.o[0m
[2.251s] [ 45%] [32mBuilding CXX object CMakeFiles/interfaces__rosidl_typesupport_cpp.dir/rosidl_typesupport_cpp/interfaces/action/move_yaw__type_support.cpp.o[0m
[2.305s] [ 48%] [32mBuilding CXX object CMakeFiles/interfaces__rosidl_typesupport_introspection_cpp.dir/rosidl_typesupport_introspection_cpp/interfaces/action/detail/move_yaw__type_support.cpp.o[0m
[2.306s] [ 51%] [32m[1mLinking CXX shared library libinterfaces__rosidl_typesupport_c.so[0m
[2.329s] [ 54%] [32mBuilding C object CMakeFiles/interfaces__rosidl_typesupport_introspection_c.dir/rosidl_typesupport_introspection_c/interfaces/action/detail/move_yaw__type_support.c.o[0m
[2.343s] [ 54%] Built target interfaces__rosidl_typesupport_c
[2.389s] [ 57%] [32m[1mLinking C shared library libinterfaces__rosidl_typesupport_introspection_c.so[0m
[2.420s] [ 57%] Built target interfaces__rosidl_typesupport_introspection_c
[2.456s] [ 60%] [32mBuilding CXX object CMakeFiles/interfaces__rosidl_typesupport_fastrtps_cpp.dir/rosidl_typesupport_fastrtps_cpp/interfaces/action/detail/dds_fastrtps/move_yaw__type_support.cpp.o[0m
[2.488s] [ 62%] [32mBuilding CXX object CMakeFiles/interfaces__rosidl_typesupport_fastrtps_c.dir/rosidl_typesupport_fastrtps_c/interfaces/action/detail/move_yaw__type_support_c.cpp.o[0m
[2.948s] [ 65%] [32m[1mLinking CXX shared library libinterfaces__rosidl_typesupport_cpp.so[0m
[3.001s] [ 68%] [32m[1mLinking CXX shared library libinterfaces__rosidl_typesupport_introspection_cpp.so[0m
[3.018s] [ 68%] Built target interfaces__rosidl_typesupport_cpp
[3.050s] [ 71%] [32m[1mLinking CXX shared library libinterfaces__rosidl_typesupport_fastrtps_c.so[0m
[3.071s] [ 71%] Built target interfaces__rosidl_typesupport_introspection_cpp
[3.117s] [ 71%] Built target interfaces__rosidl_typesupport_fastrtps_c
[3.427s] [ 74%] [32m[1mLinking CXX shared library libinterfaces__rosidl_typesupport_fastrtps_cpp.so[0m
[3.491s] [ 74%] Built target interfaces__rosidl_typesupport_fastrtps_cpp
[3.508s] [ 74%] Built target interfaces
[3.525s] [ 77%] [34m[1mGenerating Python code for ROS interfaces[0m
[4.221s] [ 77%] Built target interfaces__py
[4.238s] [ 80%] [32mBuilding C object CMakeFiles/interfaces__rosidl_generator_py.dir/rosidl_generator_py/interfaces/action/_move_yaw_s.c.o[0m
[4.454s] [ 82%] [32m[1mLinking C shared library libinterfaces__rosidl_generator_py.so[0m
[4.493s] [ 82%] Built target interfaces__rosidl_generator_py
[4.511s] [ 91%] [32mBuilding C object CMakeFiles/interfaces_s__rosidl_typesupport_c.dir/rosidl_generator_py/interfaces/_interfaces_s.ep.rosidl_typesupport_c.c.o[0m
[4.511s] [ 91%] [32mBuilding C object CMakeFiles/interfaces_s__rosidl_typesupport_fastrtps_c.dir/rosidl_generator_py/interfaces/_interfaces_s.ep.rosidl_typesupport_fastrtps_c.c.o[0m
[4.511s] [ 91%] [32mBuilding C object CMakeFiles/interfaces_s__rosidl_typesupport_introspection_c.dir/rosidl_generator_py/interfaces/_interfaces_s.ep.rosidl_typesupport_introspection_c.c.o[0m
[4.627s] [ 97%] [32m[1mLinking C shared module rosidl_generator_py/interfaces/interfaces_s__rosidl_typesupport_introspection_c.so[0m
[4.627s] [ 97%] [32m[1mLinking C shared module rosidl_generator_py/interfaces/interfaces_s__rosidl_typesupport_c.so[0m
[4.627s] [100%] [32m[1mLinking C shared module rosidl_generator_py/interfaces/interfaces_s__rosidl_typesupport_fastrtps_c.so[0m
[4.654s] [100%] Built target interfaces_s__rosidl_typesupport_fastrtps_c
[4.654s] [100%] Built target interfaces_s__rosidl_typesupport_c
[4.655s] [100%] Built target interfaces_s__rosidl_typesupport_introspection_c
[4.664s] Invoked command in '/home/mohamed-khaled/Solving-Maze/build/interfaces' returned '0': CMAKE_PREFIX_PATH=${CMAKE_PREFIX_PATH}:/opt/ros/jazzy DEBUGINFOD_URLS=https://debuginfod.ubuntu.com /usr/bin/cmake --build /home/mohamed-khaled/Solving-Maze/build/interfaces -- -j12 -l12
[4.672s] Invoking command in '/home/mohamed-khaled/Solving-Maze/build/interfaces': CMAKE_PREFIX_PATH=${CMAKE_PREFIX_PATH}:/opt/ros/jazzy DEBUGINFOD_URLS=https://debuginfod.ubuntu.com /usr/bin/cmake --install /home/mohamed-khaled/Solving-Maze/build/interfaces
[4.679s] -- Install configuration: ""
[4.679s] -- Installing: /home/mohamed-khaled/Solving-Maze/install/interfaces/share/ament_index/resource_index/rosidl_interfaces/interfaces
[4.679s] -- Installing: /home/mohamed-khaled/Solving-Maze/install/interfaces/share/interfaces/action/MoveYaw.json
[4.679s] -- Installing: /home/mohamed-khaled/Solving-Maze/install/interfaces/include/interfaces/interfaces
[4.680s] -- Installing: /home/mohamed-khaled/Solving-Maze/install/interfaces/include/interfaces/interfaces/action
[4.680s] -- Installing: /home/mohamed-khaled/Solving-Maze/install/interfaces/include/interfaces/interfaces/action/detail
[4.680s] -- Installing: /home/mohamed-khaled/Solving-Maze/install/interfaces/include/interfaces/interfaces/action/detail/move_yaw__struct.h
[4.680s] -- Installing: /home/mohamed-khaled/Solving-Maze/install/interfaces/include/interfaces/interfaces/action/detail/move_yaw__functions.c
[4.680s] -- Installing: /home/mohamed-khaled/Solving-Maze/install/interfaces/include/interfaces/interfaces/action/detail/move_yaw__type_support.h
[4.680s] -- Installing: /home/mohamed-khaled/Solving-Maze/install/interfaces/include/interfaces/interfaces/action/detail/move_yaw__type_support.c
[4.680s] -- Installing: /home/mohamed-khaled/Solving-Maze/install/interfaces/include/interfaces/interfaces/action/detail/move_yaw__description.c
[4.681s] -- Installing: /home/mohamed-khaled/Solving-Maze/install/interfaces/include/interfaces/interfaces/action/detail/move_yaw__functions.h
[4.681s] -- Installing: /home/mohamed-khaled/Solving-Maze/install/interfaces/include/interfaces/interfaces/action/move_yaw.h
[4.681s] -- Installing: /home/mohamed-khaled/Solving-Maze/install/interfaces/include/interfaces/interfaces/msg
[4.681s] -- Installing: /home/mohamed-khaled/Solving-Maze/install/interfaces/include/interfaces/interfaces/msg/rosidl_generator_c__visibility_control.h
[4.681s] -- Installing: /home/mohamed-khaled/Solving-Maze/install/interfaces/share/interfaces/environment/library_path.sh
[4.681s] -- Installing: /home/mohamed-khaled/Solving-Maze/install/interfaces/share/interfaces/environment/library_path.dsv
[4.682s] -- Installing: /home/mohamed-khaled/Solving-Maze/install/interfaces/lib/libinterfaces__rosidl_generator_c.so
[4.682s] -- Set non-toolchain portion of runtime path of "/home/mohamed-khaled/Solving-Maze/install/interfaces/lib/libinterfaces__rosidl_generator_c.so" to ""
[4.682s] -- Up-to-date: /home/mohamed-khaled/Solving-Maze/install/interfaces/include/interfaces/interfaces
[4.682s] -- Up-to-date: /home/mohamed-khaled/Solving-Maze/install/interfaces/include/interfaces/interfaces/action
[4.682s] -- Up-to-date: /home/mohamed-khaled/Solving-Maze/install/interfaces/include/interfaces/interfaces/action/detail
[4.682s] -- Installing: /home/mohamed-khaled/Solving-Maze/install/interfaces/include/interfaces/interfaces/action/detail/move_yaw__rosidl_typesupport_fastrtps_c.h
[4.683s] -- Up-to-date: /home/mohamed-khaled/Solving-Maze/install/interfaces/include/interfaces/interfaces/msg
[4.683s] -- Installing: /home/mohamed-khaled/Solving-Maze/install/interfaces/include/interfaces/interfaces/msg/rosidl_typesupport_fastrtps_c__visibility_control.h
[4.683s] -- Installing: /home/mohamed-khaled/Solving-Maze/install/interfaces/lib/libinterfaces__rosidl_typesupport_fastrtps_c.so
[4.683s] -- Set non-toolchain portion of runtime path of "/home/mohamed-khaled/Solving-Maze/install/interfaces/lib/libinterfaces__rosidl_typesupport_fastrtps_c.so" to ""
[4.683s] -- Up-to-date: /home/mohamed-khaled/Solving-Maze/install/interfaces/include/interfaces/interfaces
[4.683s] -- Up-to-date: /home/mohamed-khaled/Solving-Maze/install/interfaces/include/interfaces/interfaces/action
[4.683s] -- Up-to-date: /home/mohamed-khaled/Solving-Maze/install/interfaces/include/interfaces/interfaces/action/detail
[4.684s] -- Up-to-date: /home/mohamed-khaled/Solving-Maze/install/interfaces/include/interfaces/interfaces/action/detail/move_yaw__type_support.c
[4.684s] -- Installing: /home/mohamed-khaled/Solving-Maze/install/interfaces/include/interfaces/interfaces/action/detail/move_yaw__rosidl_typesupport_introspection_c.h
[4.684s] -- Up-to-date: /home/mohamed-khaled/Solving-Maze/install/interfaces/include/interfaces/interfaces/msg
[4.684s] -- Installing: /home/mohamed-khaled/Solving-Maze/install/interfaces/include/interfaces/interfaces/msg/rosidl_typesupport_introspection_c__visibility_control.h
[4.684s] -- Installing: /home/mohamed-khaled/Solving-Maze/install/interfaces/lib/libinterfaces__rosidl_typesupport_introspection_c.so
[4.684s] -- Set non-toolchain portion of runtime path of "/home/mohamed-khaled/Solving-Maze/install/interfaces/lib/libinterfaces__rosidl_typesupport_introspection_c.so" to ""
[4.684s] -- Installing: /home/mohamed-khaled/Solving-Maze/install/interfaces/lib/libinterfaces__rosidl_typesupport_c.so
[4.685s] -- Set non-toolchain portion of runtime path of "/home/mohamed-khaled/Solving-Maze/install/interfaces/lib/libinterfaces__rosidl_typesupport_c.so" to ""
[4.685s] -- Up-to-date: /home/mohamed-khaled/Solving-Maze/install/interfaces/include/interfaces/interfaces
[4.685s] -- Up-to-date: /home/mohamed-khaled/Solving-Maze/install/interfaces/include/interfaces/interfaces/action
[4.685s] -- Up-to-date: /home/mohamed-khaled/Solving-Maze/install/interfaces/include/interfaces/interfaces/action/detail
[4.685s] -- Installing: /home/mohamed-khaled/Solving-Maze/install/interfaces/include/interfaces/interfaces/action/detail/move_yaw__builder.hpp
[4.685s] -- Installing: /home/mohamed-khaled/Solving-Maze/install/interfaces/include/interfaces/interfaces/action/detail/move_yaw__traits.hpp
[4.686s] -- Installing: /home/mohamed-khaled/Solving-Maze/install/interfaces/include/interfaces/interfaces/action/detail/move_yaw__type_support.hpp
[4.686s] -- Installing: /home/mohamed-khaled/Solving-Maze/install/interfaces/include/interfaces/interfaces/action/detail/move_yaw__struct.hpp
[4.686s] -- Installing: /home/mohamed-khaled/Solving-Maze/install/interfaces/include/interfaces/interfaces/action/move_yaw.hpp
[4.686s] -- Up-to-date: /home/mohamed-khaled/Solving-Maze/install/interfaces/include/interfaces/interfaces/msg
[4.686s] -- Installing: /home/mohamed-khaled/Solving-Maze/install/interfaces/include/interfaces/interfaces/msg/rosidl_generator_cpp__visibility_control.hpp
[4.686s] -- Up-to-date: /home/mohamed-khaled/Solving-Maze/install/interfaces/include/interfaces/interfaces
[4.686s] -- Up-to-date: /home/mohamed-khaled/Solving-Maze/install/interfaces/include/interfaces/interfaces/action
[4.687s] -- Up-to-date: /home/mohamed-khaled/Solving-Maze/install/interfaces/include/interfaces/interfaces/action/detail
[4.687s] -- Installing: /home/mohamed-khaled/Solving-Maze/install/interfaces/include/interfaces/interfaces/action/detail/move_yaw__rosidl_typesupport_fastrtps_cpp.hpp
[4.687s] -- Installing: /home/mohamed-khaled/Solving-Maze/install/interfaces/include/interfaces/interfaces/action/detail/dds_fastrtps
[4.687s] -- Up-to-date: /home/mohamed-khaled/Solving-Maze/install/interfaces/include/interfaces/interfaces/msg
[4.687s] -- Installing: /home/mohamed-khaled/Solving-Maze/install/interfaces/include/interfaces/interfaces/msg/rosidl_typesupport_fastrtps_cpp__visibility_control.h
[4.687s] -- Installing: /home/mohamed-khaled/Solving-Maze/install/interfaces/lib/libinterfaces__rosidl_typesupport_fastrtps_cpp.so
[4.687s] -- Set non-toolchain portion of runtime path of "/home/mohamed-khaled/Solving-Maze/install/interfaces/lib/libinterfaces__rosidl_typesupport_fastrtps_cpp.so" to ""
[4.688s] -- Up-to-date: /home/mohamed-khaled/Solving-Maze/install/interfaces/include/interfaces/interfaces
[4.688s] -- Up-to-date: /home/mohamed-khaled/Solving-Maze/install/interfaces/include/interfaces/interfaces/action
[4.688s] -- Up-to-date: /home/mohamed-khaled/Solving-Maze/install/interfaces/include/interfaces/interfaces/action/detail
[4.688s] -- Installing: /home/mohamed-khaled/Solving-Maze/install/interfaces/include/interfaces/interfaces/action/detail/move_yaw__rosidl_typesupport_introspection_cpp.hpp
[4.688s] -- Installing: /home/mohamed-khaled/Solving-Maze/install/interfaces/include/interfaces/interfaces/action/detail/move_yaw__type_support.cpp
[4.688s] -- Installing: /home/mohamed-khaled/Solving-Maze/install/interfaces/lib/libinterfaces__rosidl_typesupport_introspection_cpp.so
[4.688s] -- Set non-toolchain portion of runtime path of "/home/mohamed-khaled/Solving-Maze/install/interfaces/lib/libinterfaces__rosidl_typesupport_introspection_cpp.so" to ""
[4.688s] -- Installing: /home/mohamed-khaled/Solving-Maze/install/interfaces/lib/libinterfaces__rosidl_typesupport_cpp.so
[4.689s] -- Set non-toolchain portion of runtime path of "/home/mohamed-khaled/Solving-Maze/install/interfaces/lib/libinterfaces__rosidl_typesupport_cpp.so" to ""
[4.689s] -- Installing: /home/mohamed-khaled/Solving-Maze/install/interfaces/share/interfaces/environment/pythonpath.sh
[4.689s] -- Installing: /home/mohamed-khaled/Solving-Maze/install/interfaces/share/interfaces/environment/pythonpath.dsv
[4.689s] -- Installing: /home/mohamed-khaled/Solving-Maze/install/interfaces/lib/python3.12/site-packages/interfaces-0.0.0-py3.12.egg-info
[4.689s] -- Installing: /home/mohamed-khaled/Solving-Maze/install/interfaces/lib/python3.12/site-packages/interfaces-0.0.0-py3.12.egg-info/SOURCES.txt
[4.689s] -- Installing: /home/mohamed-khaled/Solving-Maze/install/interfaces/lib/python3.12/site-packages/interfaces-0.0.0-py3.12.egg-info/PKG-INFO
[4.689s] -- Installing: /home/mohamed-khaled/Solving-Maze/install/interfaces/lib/python3.12/site-packages/interfaces-0.0.0-py3.12.egg-info/top_level.txt
[4.690s] -- Installing: /home/mohamed-khaled/Solving-Maze/install/interfaces/lib/python3.12/site-packages/interfaces-0.0.0-py3.12.egg-info/dependency_links.txt
[4.690s] -- Installing: /home/mohamed-khaled/Solving-Maze/install/interfaces/lib/python3.12/site-packages/interfaces
[4.690s] -- Installing: /home/mohamed-khaled/Solving-Maze/install/interfaces/lib/python3.12/site-packages/interfaces/_interfaces_s.ep.rosidl_typesupport_c.c
[4.690s] -- Installing: /home/mohamed-khaled/Solving-Maze/install/interfaces/lib/python3.12/site-packages/interfaces/action
[4.690s] -- Installing: /home/mohamed-khaled/Solving-Maze/install/interfaces/lib/python3.12/site-packages/interfaces/action/_move_yaw_s.c
[4.690s] -- Installing: /home/mohamed-khaled/Solving-Maze/install/interfaces/lib/python3.12/site-packages/interfaces/action/_move_yaw.py
[4.690s] -- Installing: /home/mohamed-khaled/Solving-Maze/install/interfaces/lib/python3.12/site-packages/interfaces/action/__init__.py
[4.691s] -- Installing: /home/mohamed-khaled/Solving-Maze/install/interfaces/lib/python3.12/site-packages/interfaces/interfaces_s__rosidl_typesupport_c.so
[4.691s] -- Installing: /home/mohamed-khaled/Solving-Maze/install/interfaces/lib/python3.12/site-packages/interfaces/_interfaces_s.ep.rosidl_typesupport_introspection_c.c
[4.691s] -- Installing: /home/mohamed-khaled/Solving-Maze/install/interfaces/lib/python3.12/site-packages/interfaces/interfaces_s__rosidl_typesupport_introspection_c.so
[4.691s] -- Installing: /home/mohamed-khaled/Solving-Maze/install/interfaces/lib/python3.12/site-packages/interfaces/__init__.py
[4.691s] -- Installing: /home/mohamed-khaled/Solving-Maze/install/interfaces/lib/python3.12/site-packages/interfaces/_interfaces_s.ep.rosidl_typesupport_fastrtps_c.c
[4.691s] -- Installing: /home/mohamed-khaled/Solving-Maze/install/interfaces/lib/python3.12/site-packages/interfaces/interfaces_s__rosidl_typesupport_fastrtps_c.so
[4.731s] Listing '/home/mohamed-khaled/Solving-Maze/install/interfaces/lib/python3.12/site-packages/interfaces'...
[4.731s] Compiling '/home/mohamed-khaled/Solving-Maze/install/interfaces/lib/python3.12/site-packages/interfaces/__init__.py'...
[4.731s] Listing '/home/mohamed-khaled/Solving-Maze/install/interfaces/lib/python3.12/site-packages/interfaces/action'...
[4.731s] Compiling '/home/mohamed-khaled/Solving-Maze/install/interfaces/lib/python3.12/site-packages/interfaces/action/__init__.py'...
[4.731s] Compiling '/home/mohamed-khaled/Solving-Maze/install/interfaces/lib/python3.12/site-packages/interfaces/action/_move_yaw.py'...
[4.736s] -- Installing: /home/mohamed-khaled/Solving-Maze/install/interfaces/lib/python3.12/site-packages/interfaces/interfaces_s__rosidl_typesupport_fastrtps_c.so
[4.736s] -- Set non-toolchain portion of runtime path of "/home/mohamed-khaled/Solving-Maze/install/interfaces/lib/python3.12/site-packages/interfaces/interfaces_s__rosidl_typesupport_fastrtps_c.so" to ""
[4.736s] -- Installing: /home/mohamed-khaled/Solving-Maze/install/interfaces/lib/python3.12/site-packages/interfaces/interfaces_s__rosidl_typesupport_introspection_c.so
[4.737s] -- Set non-toolchain portion of runtime path of "/home/mohamed-khaled/Solving-Maze/install/interfaces/lib/python3.12/site-packages/interfaces/interfaces_s__rosidl_typesupport_introspection_c.so" to ""
[4.737s] -- Installing: /home/mohamed-khaled/Solving-Maze/install/interfaces/lib/python3.12/site-packages/interfaces/interfaces_s__rosidl_typesupport_c.so
[4.737s] -- Set non-toolchain portion of runtime path of "/home/mohamed-khaled/Solving-Maze/install/interfaces/lib/python3.12/site-packages/interfaces/interfaces_s__rosidl_typesupport_c.so" to ""
[4.737s] -- Installing: /home/mohamed-khaled/Solving-Maze/install/interfaces/lib/libinterfaces__rosidl_generator_py.so
[4.737s] -- Set non-toolchain portion of runtime path of "/home/mohamed-khaled/Solving-Maze/install/interfaces/lib/libinterfaces__rosidl_generator_py.so" to ""
[4.737s] -- Installing: /home/mohamed-khaled/Solving-Maze/install/interfaces/share/ament_index/resource_index/rust_packages/interfaces
[4.738s] -- Installing: /home/mohamed-khaled/Solving-Maze/install/interfaces/share/interfaces/rust
[4.738s] -- Installing: /home/mohamed-khaled/Solving-Maze/install/interfaces/share/interfaces/rust/build.rs
[4.738s] -- Installing: /home/mohamed-khaled/Solving-Maze/install/interfaces/share/interfaces/rust/src
[4.738s] -- Installing: /home/mohamed-khaled/Solving-Maze/install/interfaces/share/interfaces/rust/src/lib.rs
[4.738s] -- Installing: /home/mohamed-khaled/Solving-Maze/install/interfaces/share/interfaces/rust/src/action
[4.738s] -- Installing: /home/mohamed-khaled/Solving-Maze/install/interfaces/share/interfaces/rust/src/action/rmw.rs
[4.738s] -- Installing: /home/mohamed-khaled/Solving-Maze/install/interfaces/share/interfaces/rust/src/action.rs
[4.739s] -- Installing: /home/mohamed-khaled/Solving-Maze/install/interfaces/share/interfaces/rust/Cargo.toml
[4.739s] -- Installing: /home/mohamed-khaled/Solving-Maze/install/interfaces/share/interfaces/action/MoveYaw.idl
[4.739s] -- Installing: /home/mohamed-khaled/Solving-Maze/install/interfaces/share/interfaces/action/MoveYaw.action
[4.739s] -- Installing: /home/mohamed-khaled/Solving-Maze/install/interfaces/share/ament_index/resource_index/package_run_dependencies/interfaces
[4.739s] -- Installing: /home/mohamed-khaled/Solving-Maze/install/interfaces/share/ament_index/resource_index/parent_prefix_path/interfaces
[4.739s] -- Installing: /home/mohamed-khaled/Solving-Maze/install/interfaces/share/interfaces/environment/ament_prefix_path.sh
[4.739s] -- Installing: /home/mohamed-khaled/Solving-Maze/install/interfaces/share/interfaces/environment/ament_prefix_path.dsv
[4.740s] -- Installing: /home/mohamed-khaled/Solving-Maze/install/interfaces/share/interfaces/environment/path.sh
[4.740s] -- Installing: /home/mohamed-khaled/Solving-Maze/install/interfaces/share/interfaces/environment/path.dsv
[4.740s] -- Installing: /home/mohamed-khaled/Solving-Maze/install/interfaces/share/interfaces/local_setup.bash
[4.740s] -- Installing: /home/mohamed-khaled/Solving-Maze/install/interfaces/share/interfaces/local_setup.sh
[4.740s] -- Installing: /home/mohamed-khaled/Solving-Maze/install/interfaces/share/interfaces/local_setup.zsh
[4.740s] -- Installing: /home/mohamed-khaled/Solving-Maze/install/interfaces/share/interfaces/local_setup.dsv
[4.740s] -- Installing: /home/mohamed-khaled/Solving-Maze/install/interfaces/share/interfaces/package.dsv
[4.741s] -- Installing: /home/mohamed-khaled/Solving-Maze/install/interfaces/share/ament_index/resource_index/packages/interfaces
[4.741s] -- Installing: /home/mohamed-khaled/Solving-Maze/install/interfaces/share/interfaces/cmake/export_interfaces__rosidl_generator_cExport.cmake
[4.741s] -- Installing: /home/mohamed-khaled/Solving-Maze/install/interfaces/share/interfaces/cmake/export_interfaces__rosidl_generator_cExport-noconfig.cmake
[4.741s] -- Installing: /home/mohamed-khaled/Solving-Maze/install/interfaces/share/interfaces/cmake/export_interfaces__rosidl_typesupport_fastrtps_cExport.cmake
[4.741s] -- Installing: /home/mohamed-khaled/Solving-Maze/install/interfaces/share/interfaces/cmake/export_interfaces__rosidl_typesupport_fastrtps_cExport-noconfig.cmake
[4.741s] -- Installing: /home/mohamed-khaled/Solving-Maze/install/interfaces/share/interfaces/cmake/interfaces__rosidl_typesupport_introspection_cExport.cmake
[4.741s] -- Installing: /home/mohamed-khaled/Solving-Maze/install/interfaces/share/interfaces/cmake/interfaces__rosidl_typesupport_introspection_cExport-noconfig.cmake
[4.742s] -- Installing: /home/mohamed-khaled/Solving-Maze/install/interfaces/share/interfaces/cmake/interfaces__rosidl_typesupport_cExport.cmake
[4.742s] -- Installing: /home/mohamed-khaled/Solving-Maze/install/interfaces/share/interfaces/cmake/interfaces__rosidl_typesupport_cExport-noconfig.cmake
[4.742s] -- Installing: /home/mohamed-khaled/Solving-Maze/install/interfaces/share/interfaces/cmake/export_interfaces__rosidl_generator_cppExport.cmake
[4.742s] -- Installing: /home/mohamed-khaled/Solving-Maze/install/interfaces/share/interfaces/cmake/export_interfaces__rosidl_typesupport_fastrtps_cppExport.cmake
[4.742s] -- Installing: /home/mohamed-khaled/Solving-Maze/install/interfaces/share/interfaces/cmake/export_interfaces__rosidl_typesupport_fastrtps_cppExport-noconfig.cmake
[4.742s] -- Installing: /home/mohamed-khaled/Solving-Maze/install/interfaces/share/interfaces/cmake/interfaces__rosidl_typesupport_introspection_cppExport.cmake
[4.742s] -- Installing: /home/mohamed-khaled/Solving-Maze/install/interfaces/share/interfaces/cmake/interfaces__rosidl_typesupport_introspection_cppExport-noconfig.cmake
[4.743s] -- Installing: /home/mohamed-khaled/Solving-Maze/install/interfaces/share/interfaces/cmake/interfaces__rosidl_typesupport_cppExport.cmake
[4.743s] -- Installing: /home/mohamed-khaled/Solving-Maze/install/interfaces/share/interfaces/cmake/interfaces__rosidl_typesupport_cppExport-noconfig.cmake
[4.743s] -- Installing: /home/mohamed-khaled/Solving-Maze/install/interfaces/share/interfaces/cmake/export_interfaces__rosidl_generator_pyExport.cmake
[4.743s] -- Installing: /home/mohamed-khaled/Solving-Maze/install/interfaces/share/interfaces/cmake/export_interfaces__rosidl_generator_pyExport-noconfig.cmake
[4.743s] -- Installing: /home/mohamed-khaled/Solving-Maze/install/interfaces/share/interfaces/cmake/rosidl_cmake-extras.cmake
[4.743s] -- Installing: /home/mohamed-khaled/Solving-Maze/install/interfaces/share/interfaces/cmake/ament_cmake_export_dependencies-extras.cmake
[4.744s] -- Installing: /home/mohamed-khaled/Solving-Maze/install/interfaces/share/interfaces/cmake/ament_cmake_export_include_directories-extras.cmake
[4.744s] -- Installing: /home/mohamed-khaled/Solving-Maze/install/interfaces/share/interfaces/cmake/ament_cmake_export_libraries-extras.cmake
[4.744s] -- Installing: /home/mohamed-khaled/Solving-Maze/install/interfaces/share/interfaces/cmake/ament_cmake_export_targets-extras.cmake
[4.745s] -- Installing: /home/mohamed-khaled/Solving-Maze/install/interfaces/share/interfaces/cmake/rosidl_cmake_export_typesupport_targets-extras.cmake
[4.745s] -- Installing: /home/mohamed-khaled/Solving-Maze/install/interfaces/share/interfaces/cmake/rosidl_cmake_export_typesupport_libraries-extras.cmake
[4.745s] -- Installing: /home/mohamed-khaled/Solving-Maze/install/interfaces/share/interfaces/cmake/rosidl_cmake_aggregate_target-extras.cmake
[4.745s] -- Installing: /home/mohamed-khaled/Solving-Maze/install/interfaces/share/interfaces/cmake/interfacesConfig.cmake
[4.746s] -- Installing: /home/mohamed-khaled/Solving-Maze/install/interfaces/share/interfaces/cmake/interfacesConfig-version.cmake
[4.746s] -- Installing: /home/mohamed-khaled/Solving-Maze/install/interfaces/share/interfaces/package.xml
[4.746s] Invoked command in '/home/mohamed-khaled/Solving-Maze/build/interfaces' returned '0': CMAKE_PREFIX_PATH=${CMAKE_PREFIX_PATH}:/opt/ros/jazzy DEBUGINFOD_URLS=https://debuginfod.ubuntu.com /usr/bin/cmake --install /home/mohamed-khaled/Solving-Maze/build/interfaces
