[2.609s] Invoking command in '/home/a/Solving-Maze/src/MIA26_phase2_ros_contest/maze_control': DEBUGINFOD_URLS=https://debuginfod.ubuntu.com PYTHONPATH=/home/a/Solving-Maze/build/maze_control/prefix_override:/usr/lib/python3/dist-packages/colcon_core/task/python/colcon_distutils_commands:/home/a/Solving-Maze/install/maze_control/lib/python3.12/site-packages:${PYTHONPATH} /usr/bin/python3 -W ignore:setup.py install is deprecated -W ignore:easy_install command is deprecated setup.py egg_info --egg-base ../../../build/maze_control build --build-base /home/a/Solving-Maze/build/maze_control/build install --record /home/a/Solving-Maze/build/maze_control/install.log --install-scripts $base/lib/maze_control --single-version-externally-managed install_data
[2.888s] /usr/lib/python3/dist-packages/setuptools/dist.py:744: SetuptoolsDeprecationWarning: Invalid dash-separated options
[2.888s] !!
[2.889s] 
[2.889s]         ********************************************************************************
[2.889s]         Usage of dash-separated 'script-dir' will not be supported in future
[2.889s]         versions. Please use the underscore name 'script_dir' instead.
[2.889s] 
[2.890s]         This deprecation is overdue, please update your project and remove deprecated
[2.890s]         calls to avoid build errors in the future.
[2.890s] 
[2.890s]         See https://setuptools.pypa.io/en/latest/userguide/declarative_config.html for details.
[2.891s]         ********************************************************************************
[2.891s] 
[2.891s] !!
[2.891s]   opt = self.warn_dash_deprecation(opt, section)
[3.234s] running egg_info
[3.282s] writing ../../../build/maze_control/maze_control.egg-info/PKG-INFO
[3.283s] writing dependency_links to ../../../build/maze_control/maze_control.egg-info/dependency_links.txt
[3.283s] writing entry points to ../../../build/maze_control/maze_control.egg-info/entry_points.txt
[3.283s] writing requirements to ../../../build/maze_control/maze_control.egg-info/requires.txt
[3.283s] writing top-level names to ../../../build/maze_control/maze_control.egg-info/top_level.txt
[3.384s] reading manifest file '../../../build/maze_control/maze_control.egg-info/SOURCES.txt'
[3.386s] writing manifest file '../../../build/maze_control/maze_control.egg-info/SOURCES.txt'
[3.386s] running build
[3.386s] running build_py
[3.388s] running install
[3.403s] running install_lib
[3.453s] running install_data
[3.457s] running install_egg_info
[3.512s] removing '/home/a/Solving-Maze/install/maze_control/lib/python3.12/site-packages/maze_control-0.1.0-py3.12.egg-info' (and everything under it)
[3.512s] Copying ../../../build/maze_control/maze_control.egg-info to /home/a/Solving-Maze/install/maze_control/lib/python3.12/site-packages/maze_control-0.1.0-py3.12.egg-info
[3.514s] running install_scripts
[3.825s] Installing maze_timer_node script to /home/a/Solving-Maze/install/maze_control/lib/maze_control
[3.834s] Installing wall_retraction_service script to /home/a/Solving-Maze/install/maze_control/lib/maze_control
[3.835s] writing list of installed files to '/home/a/Solving-Maze/build/maze_control/install.log'
[3.927s] Invoked command in '/home/a/Solving-Maze/src/MIA26_phase2_ros_contest/maze_control' returned '0': DEBUGINFOD_URLS=https://debuginfod.ubuntu.com PYTHONPATH=/home/a/Solving-Maze/build/maze_control/prefix_override:/usr/lib/python3/dist-packages/colcon_core/task/python/colcon_distutils_commands:/home/a/Solving-Maze/install/maze_control/lib/python3.12/site-packages:${PYTHONPATH} /usr/bin/python3 -W ignore:setup.py install is deprecated -W ignore:easy_install command is deprecated setup.py egg_info --egg-base ../../../build/maze_control build --build-base /home/a/Solving-Maze/build/maze_control/build install --record /home/a/Solving-Maze/build/maze_control/install.log --install-scripts $base/lib/maze_control --single-version-externally-managed install_data
