[1.605s] Invoking command in '/root/training_ws_merge2/src/build/mazeSolve_pkg': PYTHONPATH=/root/training_ws_merge2/src/build/mazeSolve_pkg/prefix_override:/usr/lib/python3/dist-packages/colcon_core/task/python/colcon_distutils_commands:/root/training_ws_merge2/src/install/mazeSolve_pkg/lib/python3.12/site-packages:/root/training_ws_merge2/src/install/interfaces/lib/python3.12/site-packages:/root/training_ws_merge2/build/maze_control:/root/training_ws_merge2/build/mazeSolve_pkg:/root/training_ws_merge2/src/build/maze_control:/root/training_ws_merge2/src/build/mazeSolve_pkg:/root/training_ws_merge2/src/install/maze_control/lib/python3.12/site-packages:/root/training_ws_merge2/src/install/mazeSolve_pkg/lib/python3.12/site-packages:/root/training_ws_merge2/install/maze_control/lib/python3.12/site-packages:/root/training_ws_merge2/install/mazeSolve_pkg/lib/python3.12/site-packages:/root/training_ws_merge2/install/interfaces/lib/python3.12/site-packages:/root/training_ws/install/maze_control/lib/python3.12/site-packages:/root/training_ws/install/mazeSolve_pkg/lib/python3.12/site-packages:/root/training_ws/install/interfaces/lib/python3.12/site-packages:/opt/ros/jazzy/lib/python3.12/site-packages /usr/bin/python3 -W ignore:setup.py install is deprecated -W ignore:easy_install command is deprecated setup.py develop --uninstall --editable --build-directory /root/training_ws_merge2/src/build/mazeSolve_pkg/build
[2.224s] running develop
[2.604s] Removing /root/training_ws_merge2/src/install/mazeSolve_pkg/lib/python3.12/site-packages/mazeSolve-pkg.egg-link (link to .)
[2.697s] Invoked command in '/root/training_ws_merge2/src/build/mazeSolve_pkg' returned '0': PYTHONPATH=/root/training_ws_merge2/src/build/mazeSolve_pkg/prefix_override:/usr/lib/python3/dist-packages/colcon_core/task/python/colcon_distutils_commands:/root/training_ws_merge2/src/install/mazeSolve_pkg/lib/python3.12/site-packages:/root/training_ws_merge2/src/install/interfaces/lib/python3.12/site-packages:/root/training_ws_merge2/build/maze_control:/root/training_ws_merge2/build/mazeSolve_pkg:/root/training_ws_merge2/src/build/maze_control:/root/training_ws_merge2/src/build/mazeSolve_pkg:/root/training_ws_merge2/src/install/maze_control/lib/python3.12/site-packages:/root/training_ws_merge2/src/install/mazeSolve_pkg/lib/python3.12/site-packages:/root/training_ws_merge2/install/maze_control/lib/python3.12/site-packages:/root/training_ws_merge2/install/mazeSolve_pkg/lib/python3.12/site-packages:/root/training_ws_merge2/install/interfaces/lib/python3.12/site-packages:/root/training_ws/install/maze_control/lib/python3.12/site-packages:/root/training_ws/install/mazeSolve_pkg/lib/python3.12/site-packages:/root/training_ws/install/interfaces/lib/python3.12/site-packages:/opt/ros/jazzy/lib/python3.12/site-packages /usr/bin/python3 -W ignore:setup.py install is deprecated -W ignore:easy_install command is deprecated setup.py develop --uninstall --editable --build-directory /root/training_ws_merge2/src/build/mazeSolve_pkg/build
[2.699s] Invoking command in '/root/training_ws_merge2/src/mazeSolve_pkg': PYTHONPATH=/root/training_ws_merge2/src/build/mazeSolve_pkg/prefix_override:/usr/lib/python3/dist-packages/colcon_core/task/python/colcon_distutils_commands:/root/training_ws_merge2/src/install/mazeSolve_pkg/lib/python3.12/site-packages:/root/training_ws_merge2/src/install/interfaces/lib/python3.12/site-packages:/root/training_ws_merge2/build/maze_control:/root/training_ws_merge2/build/mazeSolve_pkg:/root/training_ws_merge2/src/build/maze_control:/root/training_ws_merge2/src/build/mazeSolve_pkg:/root/training_ws_merge2/src/install/maze_control/lib/python3.12/site-packages:/root/training_ws_merge2/src/install/mazeSolve_pkg/lib/python3.12/site-packages:/root/training_ws_merge2/install/maze_control/lib/python3.12/site-packages:/root/training_ws_merge2/install/mazeSolve_pkg/lib/python3.12/site-packages:/root/training_ws_merge2/install/interfaces/lib/python3.12/site-packages:/root/training_ws/install/maze_control/lib/python3.12/site-packages:/root/training_ws/install/mazeSolve_pkg/lib/python3.12/site-packages:/root/training_ws/install/interfaces/lib/python3.12/site-packages:/opt/ros/jazzy/lib/python3.12/site-packages /usr/bin/python3 -W ignore:setup.py install is deprecated -W ignore:easy_install command is deprecated setup.py egg_info --egg-base ../build/mazeSolve_pkg build --build-base /root/training_ws_merge2/src/build/mazeSolve_pkg/build install --record /root/training_ws_merge2/src/build/mazeSolve_pkg/install.log --install-scripts $base/lib/mazeSolve_pkg --single-version-externally-managed install_data --force
[3.267s] running egg_info
[3.305s] writing ../build/mazeSolve_pkg/mazeSolve_pkg.egg-info/PKG-INFO
[3.306s] writing dependency_links to ../build/mazeSolve_pkg/mazeSolve_pkg.egg-info/dependency_links.txt
[3.306s] writing entry points to ../build/mazeSolve_pkg/mazeSolve_pkg.egg-info/entry_points.txt
[3.307s] writing requirements to ../build/mazeSolve_pkg/mazeSolve_pkg.egg-info/requires.txt
[3.307s] writing top-level names to ../build/mazeSolve_pkg/mazeSolve_pkg.egg-info/top_level.txt
[3.378s] reading manifest file '../build/mazeSolve_pkg/mazeSolve_pkg.egg-info/SOURCES.txt'
[3.380s] writing manifest file '../build/mazeSolve_pkg/mazeSolve_pkg.egg-info/SOURCES.txt'
[3.380s] running build
[3.380s] running build_py
[3.382s] creating /root/training_ws_merge2/src/build/mazeSolve_pkg/build
[3.382s] creating /root/training_ws_merge2/src/build/mazeSolve_pkg/build/lib
[3.382s] creating /root/training_ws_merge2/src/build/mazeSolve_pkg/build/lib/mazeSolve_pkg
[3.383s] copying mazeSolve_pkg/pid_control.py -> /root/training_ws_merge2/src/build/mazeSolve_pkg/build/lib/mazeSolve_pkg
[3.383s] copying mazeSolve_pkg/move_yaw_server.py -> /root/training_ws_merge2/src/build/mazeSolve_pkg/build/lib/mazeSolve_pkg
[3.383s] copying mazeSolve_pkg/move_x_server.py -> /root/training_ws_merge2/src/build/mazeSolve_pkg/build/lib/mazeSolve_pkg
[3.384s] copying mazeSolve_pkg/yawserver.py -> /root/training_ws_merge2/src/build/mazeSolve_pkg/build/lib/mazeSolve_pkg
[3.384s] copying mazeSolve_pkg/__init__.py -> /root/training_ws_merge2/src/build/mazeSolve_pkg/build/lib/mazeSolve_pkg
[3.384s] copying mazeSolve_pkg/yaw_client.py -> /root/training_ws_merge2/src/build/mazeSolve_pkg/build/lib/mazeSolve_pkg
[3.385s] running install
[3.395s] running install_lib
[3.434s] creating /root/training_ws_merge2/src/install/mazeSolve_pkg/lib/python3.12/site-packages/mazeSolve_pkg
[3.435s] copying /root/training_ws_merge2/src/build/mazeSolve_pkg/build/lib/mazeSolve_pkg/pid_control.py -> /root/training_ws_merge2/src/install/mazeSolve_pkg/lib/python3.12/site-packages/mazeSolve_pkg
[3.435s] copying /root/training_ws_merge2/src/build/mazeSolve_pkg/build/lib/mazeSolve_pkg/move_yaw_server.py -> /root/training_ws_merge2/src/install/mazeSolve_pkg/lib/python3.12/site-packages/mazeSolve_pkg
[3.435s] copying /root/training_ws_merge2/src/build/mazeSolve_pkg/build/lib/mazeSolve_pkg/move_x_server.py -> /root/training_ws_merge2/src/install/mazeSolve_pkg/lib/python3.12/site-packages/mazeSolve_pkg
[3.435s] copying /root/training_ws_merge2/src/build/mazeSolve_pkg/build/lib/mazeSolve_pkg/yawserver.py -> /root/training_ws_merge2/src/install/mazeSolve_pkg/lib/python3.12/site-packages/mazeSolve_pkg
[3.436s] copying /root/training_ws_merge2/src/build/mazeSolve_pkg/build/lib/mazeSolve_pkg/__init__.py -> /root/training_ws_merge2/src/install/mazeSolve_pkg/lib/python3.12/site-packages/mazeSolve_pkg
[3.436s] copying /root/training_ws_merge2/src/build/mazeSolve_pkg/build/lib/mazeSolve_pkg/yaw_client.py -> /root/training_ws_merge2/src/install/mazeSolve_pkg/lib/python3.12/site-packages/mazeSolve_pkg
[3.437s] byte-compiling /root/training_ws_merge2/src/install/mazeSolve_pkg/lib/python3.12/site-packages/mazeSolve_pkg/pid_control.py to pid_control.cpython-312.pyc
[3.438s] byte-compiling /root/training_ws_merge2/src/install/mazeSolve_pkg/lib/python3.12/site-packages/mazeSolve_pkg/move_yaw_server.py to move_yaw_server.cpython-312.pyc
[3.441s] byte-compiling /root/training_ws_merge2/src/install/mazeSolve_pkg/lib/python3.12/site-packages/mazeSolve_pkg/move_x_server.py to move_x_server.cpython-312.pyc
[3.444s] byte-compiling /root/training_ws_merge2/src/install/mazeSolve_pkg/lib/python3.12/site-packages/mazeSolve_pkg/yawserver.py to yawserver.cpython-312.pyc
[3.444s] byte-compiling /root/training_ws_merge2/src/install/mazeSolve_pkg/lib/python3.12/site-packages/mazeSolve_pkg/__init__.py to __init__.cpython-312.pyc
[3.445s] byte-compiling /root/training_ws_merge2/src/install/mazeSolve_pkg/lib/python3.12/site-packages/mazeSolve_pkg/yaw_client.py to yaw_client.cpython-312.pyc
[3.450s] running install_data
[3.450s] copying resource/mazeSolve_pkg -> /root/training_ws_merge2/src/install/mazeSolve_pkg/share/ament_index/resource_index/packages
[3.451s] copying package.xml -> /root/training_ws_merge2/src/install/mazeSolve_pkg/share/mazeSolve_pkg
[3.452s] copying launch/launch.py -> /root/training_ws_merge2/src/install/mazeSolve_pkg/share/mazeSolve_pkg/launch
[3.453s] running install_egg_info
[3.491s] Copying ../build/mazeSolve_pkg/mazeSolve_pkg.egg-info to /root/training_ws_merge2/src/install/mazeSolve_pkg/lib/python3.12/site-packages/mazeSolve_pkg-0.0.0-py3.12.egg-info
[3.493s] running install_scripts
[3.729s] Installing action_x_server script to /root/training_ws_merge2/src/install/mazeSolve_pkg/lib/mazeSolve_pkg
[3.729s] Installing yaw_client script to /root/training_ws_merge2/src/install/mazeSolve_pkg/lib/mazeSolve_pkg
[3.730s] Installing yaw_pid_server script to /root/training_ws_merge2/src/install/mazeSolve_pkg/lib/mazeSolve_pkg
[3.731s] Installing yawserver script to /root/training_ws_merge2/src/install/mazeSolve_pkg/lib/mazeSolve_pkg
[3.731s] Installing yawserverNew script to /root/training_ws_merge2/src/install/mazeSolve_pkg/lib/mazeSolve_pkg
[3.732s] writing list of installed files to '/root/training_ws_merge2/src/build/mazeSolve_pkg/install.log'
[3.801s] Invoked command in '/root/training_ws_merge2/src/mazeSolve_pkg' returned '0': PYTHONPATH=/root/training_ws_merge2/src/build/mazeSolve_pkg/prefix_override:/usr/lib/python3/dist-packages/colcon_core/task/python/colcon_distutils_commands:/root/training_ws_merge2/src/install/mazeSolve_pkg/lib/python3.12/site-packages:/root/training_ws_merge2/src/install/interfaces/lib/python3.12/site-packages:/root/training_ws_merge2/build/maze_control:/root/training_ws_merge2/build/mazeSolve_pkg:/root/training_ws_merge2/src/build/maze_control:/root/training_ws_merge2/src/build/mazeSolve_pkg:/root/training_ws_merge2/src/install/maze_control/lib/python3.12/site-packages:/root/training_ws_merge2/src/install/mazeSolve_pkg/lib/python3.12/site-packages:/root/training_ws_merge2/install/maze_control/lib/python3.12/site-packages:/root/training_ws_merge2/install/mazeSolve_pkg/lib/python3.12/site-packages:/root/training_ws_merge2/install/interfaces/lib/python3.12/site-packages:/root/training_ws/install/maze_control/lib/python3.12/site-packages:/root/training_ws/install/mazeSolve_pkg/lib/python3.12/site-packages:/root/training_ws/install/interfaces/lib/python3.12/site-packages:/opt/ros/jazzy/lib/python3.12/site-packages /usr/bin/python3 -W ignore:setup.py install is deprecated -W ignore:easy_install command is deprecated setup.py egg_info --egg-base ../build/mazeSolve_pkg build --build-base /root/training_ws_merge2/src/build/mazeSolve_pkg/build install --record /root/training_ws_merge2/src/build/mazeSolve_pkg/install.log --install-scripts $base/lib/mazeSolve_pkg --single-version-externally-managed install_data --force
