[0.105s] DEBUG:colcon:Command line arguments: ['/usr/bin/colcon', 'build']
[0.105s] DEBUG:colcon:Parsed command line arguments: Namespace(log_base=None, log_level=None, verb_name='build', build_base='build', install_base='install', merge_install=False, symlink_install=False, test_result_base=None, continue_on_error=False, executor='parallel', parallel_workers=12, event_handlers=None, ignore_user_meta=False, metas=['./colcon.meta'], base_paths=['.'], packages_ignore=None, packages_ignore_regex=None, paths=None, packages_up_to=None, packages_up_to_regex=None, packages_above=None, packages_above_and_dependencies=None, packages_above_depth=None, packages_select_by_dep=None, packages_skip_by_dep=None, packages_skip_up_to=None, packages_select_build_failed=False, packages_skip_build_finished=False, packages_select_test_failures=False, packages_skip_test_passed=False, packages_select=None, packages_skip=None, packages_select_regex=None, packages_skip_regex=None, packages_start=None, packages_end=None, allow_overriding=[], cmake_args=None, cmake_target=None, cmake_target_skip_unavailable=False, cmake_clean_cache=False, cmake_clean_first=False, cmake_force_configure=False, ament_cmake_args=None, catkin_cmake_args=None, catkin_skip_building_tests=False, mixin_files=None, mixin=None, verb_parser=<colcon_mixin.mixin.mixin_argument.MixinArgumentDecorator object at 0x7506b0aa0920>, verb_extension=<colcon_core.verb.build.BuildVerb object at 0x7506b0aa0530>, main=<bound method BuildVerb.main of <colcon_core.verb.build.BuildVerb object at 0x7506b0aa0530>>, mixin_verb=('build',))
[0.141s] Level 1:colcon.colcon_core.package_discovery:discover_packages(colcon_meta) check parameters
[0.141s] Level 1:colcon.colcon_core.package_discovery:discover_packages(recursive) check parameters
[0.141s] Level 1:colcon.colcon_core.package_discovery:discover_packages(ignore) check parameters
[0.141s] Level 1:colcon.colcon_core.package_discovery:discover_packages(path) check parameters
[0.141s] Level 1:colcon.colcon_core.package_discovery:discover_packages(colcon_meta) discover
[0.141s] Level 1:colcon.colcon_core.package_discovery:discover_packages(recursive) discover
[0.141s] INFO:colcon.colcon_core.package_discovery:Crawling recursively for packages in '/home/mohamed-khaled/Solving-Maze'
[0.141s] Level 1:colcon.colcon_core.package_identification:_identify(.) by extensions ['ignore', 'ignore_ament_install']
[0.141s] Level 1:colcon.colcon_core.package_identification:_identify(.) by extension 'ignore'
[0.141s] Level 1:colcon.colcon_core.package_identification:_identify(.) by extension 'ignore_ament_install'
[0.141s] Level 1:colcon.colcon_core.package_identification:_identify(.) by extensions ['colcon_pkg']
[0.142s] Level 1:colcon.colcon_core.package_identification:_identify(.) by extension 'colcon_pkg'
[0.142s] Level 1:colcon.colcon_core.package_identification:_identify(.) by extensions ['colcon_meta']
[0.142s] Level 1:colcon.colcon_core.package_identification:_identify(.) by extension 'colcon_meta'
[0.142s] Level 1:colcon.colcon_core.package_identification:_identify(.) by extensions ['ros']
[0.142s] Level 1:colcon.colcon_core.package_identification:_identify(.) by extension 'ros'
[0.165s] Level 1:colcon.colcon_core.package_identification:_identify(.) by extensions ['cmake', 'python']
[0.165s] Level 1:colcon.colcon_core.package_identification:_identify(.) by extension 'cmake'
[0.165s] Level 1:colcon.colcon_core.package_identification:_identify(.) by extension 'python'
[0.165s] Level 1:colcon.colcon_core.package_identification:_identify(.) by extensions ['python_setup_py']
[0.165s] Level 1:colcon.colcon_core.package_identification:_identify(.) by extension 'python_setup_py'
[0.166s] Level 1:colcon.colcon_core.package_identification:_identify(build) by extensions ['ignore', 'ignore_ament_install']
[0.166s] Level 1:colcon.colcon_core.package_identification:_identify(build) by extension 'ignore'
[0.166s] Level 1:colcon.colcon_core.package_identification:_identify(build) ignored
[0.166s] Level 1:colcon.colcon_core.package_identification:_identify(install) by extensions ['ignore', 'ignore_ament_install']
[0.166s] Level 1:colcon.colcon_core.package_identification:_identify(install) by extension 'ignore'
[0.166s] Level 1:colcon.colcon_core.package_identification:_identify(install) ignored
[0.166s] Level 1:colcon.colcon_core.package_identification:_identify(log) by extensions ['ignore', 'ignore_ament_install']
[0.166s] Level 1:colcon.colcon_core.package_identification:_identify(log) by extension 'ignore'
[0.166s] Level 1:colcon.colcon_core.package_identification:_identify(log) ignored
[0.166s] Level 1:colcon.colcon_core.package_identification:_identify(src) by extensions ['ignore', 'ignore_ament_install']
[0.166s] Level 1:colcon.colcon_core.package_identification:_identify(src) by extension 'ignore'
[0.166s] Level 1:colcon.colcon_core.package_identification:_identify(src) by extension 'ignore_ament_install'
[0.166s] Level 1:colcon.colcon_core.package_identification:_identify(src) by extensions ['colcon_pkg']
[0.166s] Level 1:colcon.colcon_core.package_identification:_identify(src) by extension 'colcon_pkg'
[0.167s] Level 1:colcon.colcon_core.package_identification:_identify(src) by extensions ['colcon_meta']
[0.167s] Level 1:colcon.colcon_core.package_identification:_identify(src) by extension 'colcon_meta'
[0.167s] Level 1:colcon.colcon_core.package_identification:_identify(src) by extensions ['ros']
[0.167s] Level 1:colcon.colcon_core.package_identification:_identify(src) by extension 'ros'
[0.167s] Level 1:colcon.colcon_core.package_identification:_identify(src) by extensions ['cmake', 'python']
[0.167s] Level 1:colcon.colcon_core.package_identification:_identify(src) by extension 'cmake'
[0.167s] Level 1:colcon.colcon_core.package_identification:_identify(src) by extension 'python'
[0.167s] Level 1:colcon.colcon_core.package_identification:_identify(src) by extensions ['python_setup_py']
[0.167s] Level 1:colcon.colcon_core.package_identification:_identify(src) by extension 'python_setup_py'
[0.167s] Level 1:colcon.colcon_core.package_identification:_identify(src/MIA26_phase2_ros_contest) by extensions ['ignore', 'ignore_ament_install']
[0.167s] Level 1:colcon.colcon_core.package_identification:_identify(src/MIA26_phase2_ros_contest) by extension 'ignore'
[0.167s] Level 1:colcon.colcon_core.package_identification:_identify(src/MIA26_phase2_ros_contest) by extension 'ignore_ament_install'
[0.167s] Level 1:colcon.colcon_core.package_identification:_identify(src/MIA26_phase2_ros_contest) by extensions ['colcon_pkg']
[0.167s] Level 1:colcon.colcon_core.package_identification:_identify(src/MIA26_phase2_ros_contest) by extension 'colcon_pkg'
[0.167s] Level 1:colcon.colcon_core.package_identification:_identify(src/MIA26_phase2_ros_contest) by extensions ['colcon_meta']
[0.167s] Level 1:colcon.colcon_core.package_identification:_identify(src/MIA26_phase2_ros_contest) by extension 'colcon_meta'
[0.167s] Level 1:colcon.colcon_core.package_identification:_identify(src/MIA26_phase2_ros_contest) by extensions ['ros']
[0.167s] Level 1:colcon.colcon_core.package_identification:_identify(src/MIA26_phase2_ros_contest) by extension 'ros'
[0.167s] Level 1:colcon.colcon_core.package_identification:_identify(src/MIA26_phase2_ros_contest) by extensions ['cmake', 'python']
[0.167s] Level 1:colcon.colcon_core.package_identification:_identify(src/MIA26_phase2_ros_contest) by extension 'cmake'
[0.168s] Level 1:colcon.colcon_core.package_identification:_identify(src/MIA26_phase2_ros_contest) by extension 'python'
[0.168s] Level 1:colcon.colcon_core.package_identification:_identify(src/MIA26_phase2_ros_contest) by extensions ['python_setup_py']
[0.168s] Level 1:colcon.colcon_core.package_identification:_identify(src/MIA26_phase2_ros_contest) by extension 'python_setup_py'
[0.168s] Level 1:colcon.colcon_core.package_identification:_identify(src/MIA26_phase2_ros_contest/assets) by extensions ['ignore', 'ignore_ament_install']
[0.168s] Level 1:colcon.colcon_core.package_identification:_identify(src/MIA26_phase2_ros_contest/assets) by extension 'ignore'
[0.168s] Level 1:colcon.colcon_core.package_identification:_identify(src/MIA26_phase2_ros_contest/assets) by extension 'ignore_ament_install'
[0.168s] Level 1:colcon.colcon_core.package_identification:_identify(src/MIA26_phase2_ros_contest/assets) by extensions ['colcon_pkg']
[0.168s] Level 1:colcon.colcon_core.package_identification:_identify(src/MIA26_phase2_ros_contest/assets) by extension 'colcon_pkg'
[0.168s] Level 1:colcon.colcon_core.package_identification:_identify(src/MIA26_phase2_ros_contest/assets) by extensions ['colcon_meta']
[0.168s] Level 1:colcon.colcon_core.package_identification:_identify(src/MIA26_phase2_ros_contest/assets) by extension 'colcon_meta'
[0.168s] Level 1:colcon.colcon_core.package_identification:_identify(src/MIA26_phase2_ros_contest/assets) by extensions ['ros']
[0.168s] Level 1:colcon.colcon_core.package_identification:_identify(src/MIA26_phase2_ros_contest/assets) by extension 'ros'
[0.168s] Level 1:colcon.colcon_core.package_identification:_identify(src/MIA26_phase2_ros_contest/assets) by extensions ['cmake', 'python']
[0.168s] Level 1:colcon.colcon_core.package_identification:_identify(src/MIA26_phase2_ros_contest/assets) by extension 'cmake'
[0.168s] Level 1:colcon.colcon_core.package_identification:_identify(src/MIA26_phase2_ros_contest/assets) by extension 'python'
[0.168s] Level 1:colcon.colcon_core.package_identification:_identify(src/MIA26_phase2_ros_contest/assets) by extensions ['python_setup_py']
[0.168s] Level 1:colcon.colcon_core.package_identification:_identify(src/MIA26_phase2_ros_contest/assets) by extension 'python_setup_py'
[0.168s] Level 1:colcon.colcon_core.package_identification:_identify(src/MIA26_phase2_ros_contest/maze_control) by extensions ['ignore', 'ignore_ament_install']
[0.168s] Level 1:colcon.colcon_core.package_identification:_identify(src/MIA26_phase2_ros_contest/maze_control) by extension 'ignore'
[0.169s] Level 1:colcon.colcon_core.package_identification:_identify(src/MIA26_phase2_ros_contest/maze_control) by extension 'ignore_ament_install'
[0.169s] Level 1:colcon.colcon_core.package_identification:_identify(src/MIA26_phase2_ros_contest/maze_control) by extensions ['colcon_pkg']
[0.169s] Level 1:colcon.colcon_core.package_identification:_identify(src/MIA26_phase2_ros_contest/maze_control) by extension 'colcon_pkg'
[0.169s] Level 1:colcon.colcon_core.package_identification:_identify(src/MIA26_phase2_ros_contest/maze_control) by extensions ['colcon_meta']
[0.169s] Level 1:colcon.colcon_core.package_identification:_identify(src/MIA26_phase2_ros_contest/maze_control) by extension 'colcon_meta'
[0.169s] Level 1:colcon.colcon_core.package_identification:_identify(src/MIA26_phase2_ros_contest/maze_control) by extensions ['ros']
[0.169s] Level 1:colcon.colcon_core.package_identification:_identify(src/MIA26_phase2_ros_contest/maze_control) by extension 'ros'
[0.171s] DEBUG:colcon.colcon_core.package_identification:Package 'src/MIA26_phase2_ros_contest/maze_control' with type 'ros.ament_python' and name 'maze_control'
[0.171s] Level 1:colcon.colcon_core.package_identification:_identify(src/interfaces) by extensions ['ignore', 'ignore_ament_install']
[0.171s] Level 1:colcon.colcon_core.package_identification:_identify(src/interfaces) by extension 'ignore'
[0.171s] Level 1:colcon.colcon_core.package_identification:_identify(src/interfaces) by extension 'ignore_ament_install'
[0.171s] Level 1:colcon.colcon_core.package_identification:_identify(src/interfaces) by extensions ['colcon_pkg']
[0.171s] Level 1:colcon.colcon_core.package_identification:_identify(src/interfaces) by extension 'colcon_pkg'
[0.171s] Level 1:colcon.colcon_core.package_identification:_identify(src/interfaces) by extensions ['colcon_meta']
[0.171s] Level 1:colcon.colcon_core.package_identification:_identify(src/interfaces) by extension 'colcon_meta'
[0.171s] Level 1:colcon.colcon_core.package_identification:_identify(src/interfaces) by extensions ['ros']
[0.171s] Level 1:colcon.colcon_core.package_identification:_identify(src/interfaces) by extension 'ros'
[0.172s] DEBUG:colcon.colcon_core.package_identification:Package 'src/interfaces' with type 'ros.ament_cmake' and name 'interfaces'
[0.172s] Level 1:colcon.colcon_core.package_identification:_identify(src/mazeSolve_pkg) by extensions ['ignore', 'ignore_ament_install']
[0.172s] Level 1:colcon.colcon_core.package_identification:_identify(src/mazeSolve_pkg) by extension 'ignore'
[0.172s] Level 1:colcon.colcon_core.package_identification:_identify(src/mazeSolve_pkg) by extension 'ignore_ament_install'
[0.172s] Level 1:colcon.colcon_core.package_identification:_identify(src/mazeSolve_pkg) by extensions ['colcon_pkg']
[0.172s] Level 1:colcon.colcon_core.package_identification:_identify(src/mazeSolve_pkg) by extension 'colcon_pkg'
[0.172s] Level 1:colcon.colcon_core.package_identification:_identify(src/mazeSolve_pkg) by extensions ['colcon_meta']
[0.172s] Level 1:colcon.colcon_core.package_identification:_identify(src/mazeSolve_pkg) by extension 'colcon_meta'
[0.172s] Level 1:colcon.colcon_core.package_identification:_identify(src/mazeSolve_pkg) by extensions ['ros']
[0.172s] Level 1:colcon.colcon_core.package_identification:_identify(src/mazeSolve_pkg) by extension 'ros'
[0.173s] DEBUG:colcon.colcon_core.package_identification:Package 'src/mazeSolve_pkg' with type 'ros.ament_python' and name 'mazeSolve_pkg'
[0.173s] Level 1:colcon.colcon_core.package_discovery:discover_packages(recursive) using defaults
[0.173s] Level 1:colcon.colcon_core.package_discovery:discover_packages(ignore) discover
[0.173s] Level 1:colcon.colcon_core.package_discovery:discover_packages(ignore) using defaults
[0.173s] Level 1:colcon.colcon_core.package_discovery:discover_packages(path) discover
[0.173s] Level 1:colcon.colcon_core.package_discovery:discover_packages(path) using defaults
[0.191s] Level 1:colcon.colcon_core.package_discovery:discover_packages(prefix_path) check parameters
[0.191s] Level 1:colcon.colcon_core.package_discovery:discover_packages(prefix_path) discover
[0.193s] DEBUG:colcon.colcon_installed_package_information.package_discovery:Found 405 installed packages in /opt/ros/jazzy
[0.195s] Level 1:colcon.colcon_core.package_discovery:discover_packages(prefix_path) using defaults
[0.251s] Level 5:colcon.colcon_core.verb:set package 'interfaces' build argument 'cmake_args' from command line to 'None'
[0.251s] Level 5:colcon.colcon_core.verb:set package 'interfaces' build argument 'cmake_target' from command line to 'None'
[0.251s] Level 5:colcon.colcon_core.verb:set package 'interfaces' build argument 'cmake_target_skip_unavailable' from command line to 'False'
[0.251s] Level 5:colcon.colcon_core.verb:set package 'interfaces' build argument 'cmake_clean_cache' from command line to 'False'
[0.251s] Level 5:colcon.colcon_core.verb:set package 'interfaces' build argument 'cmake_clean_first' from command line to 'False'
[0.251s] Level 5:colcon.colcon_core.verb:set package 'interfaces' build argument 'cmake_force_configure' from command line to 'False'
[0.251s] Level 5:colcon.colcon_core.verb:set package 'interfaces' build argument 'ament_cmake_args' from command line to 'None'
[0.251s] Level 5:colcon.colcon_core.verb:set package 'interfaces' build argument 'catkin_cmake_args' from command line to 'None'
[0.251s] Level 5:colcon.colcon_core.verb:set package 'interfaces' build argument 'catkin_skip_building_tests' from command line to 'False'
[0.251s] DEBUG:colcon.colcon_core.verb:Building package 'interfaces' with the following arguments: {'ament_cmake_args': None, 'build_base': '/home/mohamed-khaled/Solving-Maze/build/interfaces', 'catkin_cmake_args': None, 'catkin_skip_building_tests': False, 'cmake_args': None, 'cmake_clean_cache': False, 'cmake_clean_first': False, 'cmake_force_configure': False, 'cmake_target': None, 'cmake_target_skip_unavailable': False, 'install_base': '/home/mohamed-khaled/Solving-Maze/install/interfaces', 'merge_install': False, 'path': '/home/mohamed-khaled/Solving-Maze/src/interfaces', 'symlink_install': False, 'test_result_base': None}
[0.251s] Level 5:colcon.colcon_core.verb:set package 'maze_control' build argument 'cmake_args' from command line to 'None'
[0.251s] Level 5:colcon.colcon_core.verb:set package 'maze_control' build argument 'cmake_target' from command line to 'None'
[0.251s] Level 5:colcon.colcon_core.verb:set package 'maze_control' build argument 'cmake_target_skip_unavailable' from command line to 'False'
[0.251s] Level 5:colcon.colcon_core.verb:set package 'maze_control' build argument 'cmake_clean_cache' from command line to 'False'
[0.251s] Level 5:colcon.colcon_core.verb:set package 'maze_control' build argument 'cmake_clean_first' from command line to 'False'
[0.251s] Level 5:colcon.colcon_core.verb:set package 'maze_control' build argument 'cmake_force_configure' from command line to 'False'
[0.251s] Level 5:colcon.colcon_core.verb:set package 'maze_control' build argument 'ament_cmake_args' from command line to 'None'
[0.251s] Level 5:colcon.colcon_core.verb:set package 'maze_control' build argument 'catkin_cmake_args' from command line to 'None'
[0.251s] Level 5:colcon.colcon_core.verb:set package 'maze_control' build argument 'catkin_skip_building_tests' from command line to 'False'
[0.251s] DEBUG:colcon.colcon_core.verb:Building package 'maze_control' with the following arguments: {'ament_cmake_args': None, 'build_base': '/home/mohamed-khaled/Solving-Maze/build/maze_control', 'catkin_cmake_args': None, 'catkin_skip_building_tests': False, 'cmake_args': None, 'cmake_clean_cache': False, 'cmake_clean_first': False, 'cmake_force_configure': False, 'cmake_target': None, 'cmake_target_skip_unavailable': False, 'install_base': '/home/mohamed-khaled/Solving-Maze/install/maze_control', 'merge_install': False, 'path': '/home/mohamed-khaled/Solving-Maze/src/MIA26_phase2_ros_contest/maze_control', 'symlink_install': False, 'test_result_base': None}
[0.252s] Level 5:colcon.colcon_core.verb:set package 'mazeSolve_pkg' build argument 'cmake_args' from command line to 'None'
[0.252s] Level 5:colcon.colcon_core.verb:set package 'mazeSolve_pkg' build argument 'cmake_target' from command line to 'None'
[0.252s] Level 5:colcon.colcon_core.verb:set package 'mazeSolve_pkg' build argument 'cmake_target_skip_unavailable' from command line to 'False'
[0.252s] Level 5:colcon.colcon_core.verb:set package 'mazeSolve_pkg' build argument 'cmake_clean_cache' from command line to 'False'
[0.252s] Level 5:colcon.colcon_core.verb:set package 'mazeSolve_pkg' build argument 'cmake_clean_first' from command line to 'False'
[0.252s] Level 5:colcon.colcon_core.verb:set package 'mazeSolve_pkg' build argument 'cmake_force_configure' from command line to 'False'
[0.252s] Level 5:colcon.colcon_core.verb:set package 'mazeSolve_pkg' build argument 'ament_cmake_args' from command line to 'None'
[0.252s] Level 5:colcon.colcon_core.verb:set package 'mazeSolve_pkg' build argument 'catkin_cmake_args' from command line to 'None'
[0.252s] Level 5:colcon.colcon_core.verb:set package 'mazeSolve_pkg' build argument 'catkin_skip_building_tests' from command line to 'False'
[0.252s] DEBUG:colcon.colcon_core.verb:Building package 'mazeSolve_pkg' with the following arguments: {'ament_cmake_args': None, 'build_base': '/home/mohamed-khaled/Solving-Maze/build/mazeSolve_pkg', 'catkin_cmake_args': None, 'catkin_skip_building_tests': False, 'cmake_args': None, 'cmake_clean_cache': False, 'cmake_clean_first': False, 'cmake_force_configure': False, 'cmake_target': None, 'cmake_target_skip_unavailable': False, 'install_base': '/home/mohamed-khaled/Solving-Maze/install/mazeSolve_pkg', 'merge_install': False, 'path': '/home/mohamed-khaled/Solving-Maze/src/mazeSolve_pkg', 'symlink_install': False, 'test_result_base': None}
[0.252s] INFO:colcon.colcon_core.executor:Executing jobs using 'parallel' executor
[0.253s] DEBUG:colcon.colcon_parallel_executor.executor.parallel:run_until_complete
[0.253s] INFO:colcon.colcon_ros.task.ament_cmake.build:Building ROS package in '/home/mohamed-khaled/Solving-Maze/src/interfaces' with build type 'ament_cmake'
[0.253s] INFO:colcon.colcon_cmake.task.cmake.build:Building CMake package in '/home/mohamed-khaled/Solving-Maze/src/interfaces'
[0.255s] INFO:colcon.colcon_core.plugin_system:Skipping extension 'colcon_core.shell.bat': Not used on non-Windows systems
[0.255s] INFO:colcon.colcon_core.shell:Skip shell extension 'powershell' for command environment: Not usable outside of PowerShell
[0.255s] DEBUG:colcon.colcon_core.shell:Skip shell extension 'dsv' for command environment
[0.258s] INFO:colcon.colcon_ros.task.ament_python.build:Building ROS package in '/home/mohamed-khaled/Solving-Maze/src/MIA26_phase2_ros_contest/maze_control' with build type 'ament_python'
[0.258s] Level 1:colcon.colcon_core.shell:create_environment_hook('maze_control', 'ament_prefix_path')
[0.258s] INFO:colcon.colcon_core.shell:Creating environment hook '/home/mohamed-khaled/Solving-Maze/install/maze_control/share/maze_control/hook/ament_prefix_path.ps1'
[0.259s] INFO:colcon.colcon_core.shell:Creating environment descriptor '/home/mohamed-khaled/Solving-Maze/install/maze_control/share/maze_control/hook/ament_prefix_path.dsv'
[0.259s] INFO:colcon.colcon_core.shell:Creating environment hook '/home/mohamed-khaled/Solving-Maze/install/maze_control/share/maze_control/hook/ament_prefix_path.sh'
[0.260s] INFO:colcon.colcon_core.shell:Skip shell extension 'powershell' for command environment: Not usable outside of PowerShell
[0.260s] DEBUG:colcon.colcon_core.shell:Skip shell extension 'dsv' for command environment
[0.266s] DEBUG:colcon.colcon_core.event_handler.log_command:Invoking command in '/home/mohamed-khaled/Solving-Maze/build/interfaces': CMAKE_PREFIX_PATH=${CMAKE_PREFIX_PATH}:/opt/ros/jazzy DEBUGINFOD_URLS=https://debuginfod.ubuntu.com /usr/bin/cmake --build /home/mohamed-khaled/Solving-Maze/build/interfaces -- -j12 -l12
[0.492s] INFO:colcon.colcon_core.task.python.build:Building Python package in '/home/mohamed-khaled/Solving-Maze/src/MIA26_phase2_ros_contest/maze_control'
[0.492s] INFO:colcon.colcon_core.shell:Skip shell extension 'powershell' for command environment: Not usable outside of PowerShell
[0.492s] DEBUG:colcon.colcon_core.shell:Skip shell extension 'dsv' for command environment
[0.682s] DEBUG:colcon.colcon_core.event_handler.log_command:Invoked command in '/home/mohamed-khaled/Solving-Maze/build/interfaces' returned '0': CMAKE_PREFIX_PATH=${CMAKE_PREFIX_PATH}:/opt/ros/jazzy DEBUGINFOD_URLS=https://debuginfod.ubuntu.com /usr/bin/cmake --build /home/mohamed-khaled/Solving-Maze/build/interfaces -- -j12 -l12
[0.691s] DEBUG:colcon.colcon_core.event_handler.log_command:Invoking command in '/home/mohamed-khaled/Solving-Maze/build/interfaces': CMAKE_PREFIX_PATH=${CMAKE_PREFIX_PATH}:/opt/ros/jazzy DEBUGINFOD_URLS=https://debuginfod.ubuntu.com /usr/bin/cmake --install /home/mohamed-khaled/Solving-Maze/build/interfaces
[0.745s] Level 1:colcon.colcon_core.environment:create_environment_scripts_only(interfaces)
[0.748s] Level 1:colcon.colcon_core.environment:checking '/home/mohamed-khaled/Solving-Maze/install/interfaces' for CMake module files
[0.748s] DEBUG:colcon.colcon_core.event_handler.log_command:Invoked command in '/home/mohamed-khaled/Solving-Maze/build/interfaces' returned '0': CMAKE_PREFIX_PATH=${CMAKE_PREFIX_PATH}:/opt/ros/jazzy DEBUGINFOD_URLS=https://debuginfod.ubuntu.com /usr/bin/cmake --install /home/mohamed-khaled/Solving-Maze/build/interfaces
[0.749s] Level 1:colcon.colcon_core.environment:checking '/home/mohamed-khaled/Solving-Maze/install/interfaces' for CMake config files
[0.750s] Level 1:colcon.colcon_core.shell:create_environment_hook('interfaces', 'cmake_prefix_path')
[0.750s] INFO:colcon.colcon_core.shell:Creating environment hook '/home/mohamed-khaled/Solving-Maze/install/interfaces/share/interfaces/hook/cmake_prefix_path.ps1'
[0.750s] INFO:colcon.colcon_core.shell:Creating environment descriptor '/home/mohamed-khaled/Solving-Maze/install/interfaces/share/interfaces/hook/cmake_prefix_path.dsv'
[0.750s] INFO:colcon.colcon_core.shell:Creating environment hook '/home/mohamed-khaled/Solving-Maze/install/interfaces/share/interfaces/hook/cmake_prefix_path.sh'
[0.751s] Level 1:colcon.colcon_core.environment:checking '/home/mohamed-khaled/Solving-Maze/install/interfaces/lib'
[0.751s] Level 1:colcon.colcon_core.shell:create_environment_hook('interfaces', 'ld_library_path_lib')
[0.751s] INFO:colcon.colcon_core.shell:Creating environment hook '/home/mohamed-khaled/Solving-Maze/install/interfaces/share/interfaces/hook/ld_library_path_lib.ps1'
[0.752s] INFO:colcon.colcon_core.shell:Creating environment descriptor '/home/mohamed-khaled/Solving-Maze/install/interfaces/share/interfaces/hook/ld_library_path_lib.dsv'
[0.752s] INFO:colcon.colcon_core.shell:Creating environment hook '/home/mohamed-khaled/Solving-Maze/install/interfaces/share/interfaces/hook/ld_library_path_lib.sh'
[0.752s] Level 1:colcon.colcon_core.environment:checking '/home/mohamed-khaled/Solving-Maze/install/interfaces/bin'
[0.752s] Level 1:colcon.colcon_core.environment:checking '/home/mohamed-khaled/Solving-Maze/install/interfaces/lib/pkgconfig/interfaces.pc'
[0.753s] Level 1:colcon.colcon_core.environment:checking '/home/mohamed-khaled/Solving-Maze/install/interfaces/lib/python3.12/site-packages'
[0.753s] Level 1:colcon.colcon_core.shell:create_environment_hook('interfaces', 'pythonpath')
[0.753s] INFO:colcon.colcon_core.shell:Creating environment hook '/home/mohamed-khaled/Solving-Maze/install/interfaces/share/interfaces/hook/pythonpath.ps1'
[0.753s] INFO:colcon.colcon_core.shell:Creating environment descriptor '/home/mohamed-khaled/Solving-Maze/install/interfaces/share/interfaces/hook/pythonpath.dsv'
[0.754s] INFO:colcon.colcon_core.shell:Creating environment hook '/home/mohamed-khaled/Solving-Maze/install/interfaces/share/interfaces/hook/pythonpath.sh'
[0.754s] Level 1:colcon.colcon_core.environment:checking '/home/mohamed-khaled/Solving-Maze/install/interfaces/bin'
[0.755s] INFO:colcon.colcon_core.shell:Creating package script '/home/mohamed-khaled/Solving-Maze/install/interfaces/share/interfaces/package.ps1'
[0.756s] INFO:colcon.colcon_core.shell:Creating package descriptor '/home/mohamed-khaled/Solving-Maze/install/interfaces/share/interfaces/package.dsv'
[0.756s] INFO:colcon.colcon_core.shell:Creating package script '/home/mohamed-khaled/Solving-Maze/install/interfaces/share/interfaces/package.sh'
[0.757s] INFO:colcon.colcon_core.shell:Creating package script '/home/mohamed-khaled/Solving-Maze/install/interfaces/share/interfaces/package.bash'
[0.758s] INFO:colcon.colcon_core.shell:Creating package script '/home/mohamed-khaled/Solving-Maze/install/interfaces/share/interfaces/package.zsh'
[0.758s] Level 1:colcon.colcon_core.environment:create_file_with_runtime_dependencies(/home/mohamed-khaled/Solving-Maze/install/interfaces/share/colcon-core/packages/interfaces)
[0.759s] Level 1:colcon.colcon_core.environment:create_environment_scripts_only(interfaces)
[0.759s] Level 1:colcon.colcon_core.environment:checking '/home/mohamed-khaled/Solving-Maze/install/interfaces' for CMake module files
[0.759s] Level 1:colcon.colcon_core.environment:checking '/home/mohamed-khaled/Solving-Maze/install/interfaces' for CMake config files
[0.760s] Level 1:colcon.colcon_core.shell:create_environment_hook('interfaces', 'cmake_prefix_path')
[0.760s] INFO:colcon.colcon_core.shell:Creating environment hook '/home/mohamed-khaled/Solving-Maze/install/interfaces/share/interfaces/hook/cmake_prefix_path.ps1'
[0.760s] INFO:colcon.colcon_core.shell:Creating environment descriptor '/home/mohamed-khaled/Solving-Maze/install/interfaces/share/interfaces/hook/cmake_prefix_path.dsv'
[0.761s] INFO:colcon.colcon_core.shell:Creating environment hook '/home/mohamed-khaled/Solving-Maze/install/interfaces/share/interfaces/hook/cmake_prefix_path.sh'
[0.761s] Level 1:colcon.colcon_core.environment:checking '/home/mohamed-khaled/Solving-Maze/install/interfaces/lib'
[0.761s] Level 1:colcon.colcon_core.shell:create_environment_hook('interfaces', 'ld_library_path_lib')
[0.761s] INFO:colcon.colcon_core.shell:Creating environment hook '/home/mohamed-khaled/Solving-Maze/install/interfaces/share/interfaces/hook/ld_library_path_lib.ps1'
[0.762s] INFO:colcon.colcon_core.shell:Creating environment descriptor '/home/mohamed-khaled/Solving-Maze/install/interfaces/share/interfaces/hook/ld_library_path_lib.dsv'
[0.762s] INFO:colcon.colcon_core.shell:Creating environment hook '/home/mohamed-khaled/Solving-Maze/install/interfaces/share/interfaces/hook/ld_library_path_lib.sh'
[0.762s] Level 1:colcon.colcon_core.environment:checking '/home/mohamed-khaled/Solving-Maze/install/interfaces/bin'
[0.762s] Level 1:colcon.colcon_core.environment:checking '/home/mohamed-khaled/Solving-Maze/install/interfaces/lib/pkgconfig/interfaces.pc'
[0.762s] Level 1:colcon.colcon_core.environment:checking '/home/mohamed-khaled/Solving-Maze/install/interfaces/lib/python3.12/site-packages'
[0.763s] Level 1:colcon.colcon_core.shell:create_environment_hook('interfaces', 'pythonpath')
[0.763s] INFO:colcon.colcon_core.shell:Creating environment hook '/home/mohamed-khaled/Solving-Maze/install/interfaces/share/interfaces/hook/pythonpath.ps1'
[0.763s] INFO:colcon.colcon_core.shell:Creating environment descriptor '/home/mohamed-khaled/Solving-Maze/install/interfaces/share/interfaces/hook/pythonpath.dsv'
[0.763s] INFO:colcon.colcon_core.shell:Creating environment hook '/home/mohamed-khaled/Solving-Maze/install/interfaces/share/interfaces/hook/pythonpath.sh'
[0.764s] Level 1:colcon.colcon_core.environment:checking '/home/mohamed-khaled/Solving-Maze/install/interfaces/bin'
[0.764s] INFO:colcon.colcon_core.shell:Creating package script '/home/mohamed-khaled/Solving-Maze/install/interfaces/share/interfaces/package.ps1'
[0.765s] INFO:colcon.colcon_core.shell:Creating package descriptor '/home/mohamed-khaled/Solving-Maze/install/interfaces/share/interfaces/package.dsv'
[0.765s] INFO:colcon.colcon_core.shell:Creating package script '/home/mohamed-khaled/Solving-Maze/install/interfaces/share/interfaces/package.sh'
[0.766s] INFO:colcon.colcon_core.shell:Creating package script '/home/mohamed-khaled/Solving-Maze/install/interfaces/share/interfaces/package.bash'
[0.766s] INFO:colcon.colcon_core.shell:Creating package script '/home/mohamed-khaled/Solving-Maze/install/interfaces/share/interfaces/package.zsh'
[0.766s] Level 1:colcon.colcon_core.environment:create_file_with_runtime_dependencies(/home/mohamed-khaled/Solving-Maze/install/interfaces/share/colcon-core/packages/interfaces)
[0.767s] INFO:colcon.colcon_ros.task.ament_python.build:Building ROS package in '/home/mohamed-khaled/Solving-Maze/src/mazeSolve_pkg' with build type 'ament_python'
[0.767s] Level 1:colcon.colcon_core.shell:create_environment_hook('mazeSolve_pkg', 'ament_prefix_path')
[0.767s] INFO:colcon.colcon_core.shell:Creating environment hook '/home/mohamed-khaled/Solving-Maze/install/mazeSolve_pkg/share/mazeSolve_pkg/hook/ament_prefix_path.ps1'
[0.767s] INFO:colcon.colcon_core.shell:Creating environment descriptor '/home/mohamed-khaled/Solving-Maze/install/mazeSolve_pkg/share/mazeSolve_pkg/hook/ament_prefix_path.dsv'
[0.768s] INFO:colcon.colcon_core.shell:Creating environment hook '/home/mohamed-khaled/Solving-Maze/install/mazeSolve_pkg/share/mazeSolve_pkg/hook/ament_prefix_path.sh'
[0.768s] INFO:colcon.colcon_core.shell:Skip shell extension 'powershell' for command environment: Not usable outside of PowerShell
[0.768s] DEBUG:colcon.colcon_core.shell:Skip shell extension 'dsv' for command environment
[0.993s] INFO:colcon.colcon_core.task.python.build:Building Python package in '/home/mohamed-khaled/Solving-Maze/src/mazeSolve_pkg'
[0.993s] INFO:colcon.colcon_core.shell:Skip shell extension 'powershell' for command environment: Not usable outside of PowerShell
[0.993s] DEBUG:colcon.colcon_core.shell:Skip shell extension 'dsv' for command environment
[1.110s] DEBUG:colcon.colcon_core.task.python.build:Available setuptools commands: build_ext, update_catalog, editable_wheel, egg_info, check, build, install, dist_info, alias, rotate, install_headers, compile_catalog, init_catalog, setopt, install_egg_info, install_data, upload_docs, install_lib, install_scripts, build_clib, build_scripts, sdist, bdist_rpm, build_py, bdist, symlink_data, clean, bdist_wheel, bdist_dumb, test, register, extract_messages, upload, easy_install, develop, saveopts, bdist_egg
[1.112s] DEBUG:colcon.colcon_core.event_handler.log_command:Invoking command in '/home/mohamed-khaled/Solving-Maze/src/MIA26_phase2_ros_contest/maze_control': DEBUGINFOD_URLS=https://debuginfod.ubuntu.com PYTHONPATH=/home/mohamed-khaled/Solving-Maze/build/maze_control/prefix_override:/usr/lib/python3/dist-packages/colcon_core/task/python/colcon_distutils_commands:/home/mohamed-khaled/Solving-Maze/install/maze_control/lib/python3.12/site-packages:${PYTHONPATH} /usr/bin/python3 -W ignore:setup.py install is deprecated -W ignore:easy_install command is deprecated setup.py egg_info --egg-base ../../../build/maze_control build --build-base /home/mohamed-khaled/Solving-Maze/build/maze_control/build install --record /home/mohamed-khaled/Solving-Maze/build/maze_control/install.log --install-scripts $base/lib/maze_control --single-version-externally-managed install_data
[1.638s] DEBUG:colcon.colcon_core.task.python.build:Available setuptools commands: build_ext, update_catalog, editable_wheel, egg_info, check, build, install, dist_info, alias, rotate, install_headers, compile_catalog, init_catalog, setopt, install_egg_info, install_data, upload_docs, install_lib, install_scripts, build_clib, build_scripts, sdist, bdist_rpm, build_py, bdist, symlink_data, clean, bdist_wheel, bdist_dumb, test, register, extract_messages, upload, easy_install, develop, saveopts, bdist_egg
[1.640s] DEBUG:colcon.colcon_core.event_handler.log_command:Invoking command in '/home/mohamed-khaled/Solving-Maze/src/mazeSolve_pkg': AMENT_PREFIX_PATH=/home/mohamed-khaled/Solving-Maze/install/interfaces:${AMENT_PREFIX_PATH} CMAKE_PREFIX_PATH=/home/mohamed-khaled/Solving-Maze/install/interfaces:${CMAKE_PREFIX_PATH} DEBUGINFOD_URLS=https://debuginfod.ubuntu.com LD_LIBRARY_PATH=/home/mohamed-khaled/Solving-Maze/install/interfaces/lib:${LD_LIBRARY_PATH} PYTHONPATH=/home/mohamed-khaled/Solving-Maze/build/mazeSolve_pkg/prefix_override:/usr/lib/python3/dist-packages/colcon_core/task/python/colcon_distutils_commands:/home/mohamed-khaled/Solving-Maze/install/mazeSolve_pkg/lib/python3.12/site-packages:/home/mohamed-khaled/Solving-Maze/install/interfaces/lib/python3.12/site-packages:${PYTHONPATH} /usr/bin/python3 -W ignore:setup.py install is deprecated -W ignore:easy_install command is deprecated setup.py egg_info --egg-base ../../build/mazeSolve_pkg build --build-base /home/mohamed-khaled/Solving-Maze/build/mazeSolve_pkg/build install --record /home/mohamed-khaled/Solving-Maze/build/mazeSolve_pkg/install.log --install-scripts $base/lib/mazeSolve_pkg --single-version-externally-managed install_data
[1.698s] Level 1:colcon.colcon_core.environment:checking '/home/mohamed-khaled/Solving-Maze/install/maze_control' for CMake module files
[1.699s] DEBUG:colcon.colcon_core.event_handler.log_command:Invoked command in '/home/mohamed-khaled/Solving-Maze/src/MIA26_phase2_ros_contest/maze_control' returned '0': DEBUGINFOD_URLS=https://debuginfod.ubuntu.com PYTHONPATH=/home/mohamed-khaled/Solving-Maze/build/maze_control/prefix_override:/usr/lib/python3/dist-packages/colcon_core/task/python/colcon_distutils_commands:/home/mohamed-khaled/Solving-Maze/install/maze_control/lib/python3.12/site-packages:${PYTHONPATH} /usr/bin/python3 -W ignore:setup.py install is deprecated -W ignore:easy_install command is deprecated setup.py egg_info --egg-base ../../../build/maze_control build --build-base /home/mohamed-khaled/Solving-Maze/build/maze_control/build install --record /home/mohamed-khaled/Solving-Maze/build/maze_control/install.log --install-scripts $base/lib/maze_control --single-version-externally-managed install_data
[1.699s] Level 1:colcon.colcon_core.environment:checking '/home/mohamed-khaled/Solving-Maze/install/maze_control' for CMake config files
[1.699s] Level 1:colcon.colcon_core.environment:checking '/home/mohamed-khaled/Solving-Maze/install/maze_control/lib'
[1.699s] Level 1:colcon.colcon_core.environment:checking '/home/mohamed-khaled/Solving-Maze/install/maze_control/bin'
[1.699s] Level 1:colcon.colcon_core.environment:checking '/home/mohamed-khaled/Solving-Maze/install/maze_control/lib/pkgconfig/maze_control.pc'
[1.700s] Level 1:colcon.colcon_core.environment:checking '/home/mohamed-khaled/Solving-Maze/install/maze_control/lib/python3.12/site-packages'
[1.700s] Level 1:colcon.colcon_core.shell:create_environment_hook('maze_control', 'pythonpath')
[1.700s] INFO:colcon.colcon_core.shell:Creating environment hook '/home/mohamed-khaled/Solving-Maze/install/maze_control/share/maze_control/hook/pythonpath.ps1'
[1.700s] INFO:colcon.colcon_core.shell:Creating environment descriptor '/home/mohamed-khaled/Solving-Maze/install/maze_control/share/maze_control/hook/pythonpath.dsv'
[1.701s] INFO:colcon.colcon_core.shell:Creating environment hook '/home/mohamed-khaled/Solving-Maze/install/maze_control/share/maze_control/hook/pythonpath.sh'
[1.701s] Level 1:colcon.colcon_core.environment:checking '/home/mohamed-khaled/Solving-Maze/install/maze_control/bin'
[1.701s] Level 1:colcon.colcon_core.environment:create_environment_scripts_only(maze_control)
[1.702s] INFO:colcon.colcon_core.shell:Creating package script '/home/mohamed-khaled/Solving-Maze/install/maze_control/share/maze_control/package.ps1'
[1.702s] INFO:colcon.colcon_core.shell:Creating package descriptor '/home/mohamed-khaled/Solving-Maze/install/maze_control/share/maze_control/package.dsv'
[1.703s] INFO:colcon.colcon_core.shell:Creating package script '/home/mohamed-khaled/Solving-Maze/install/maze_control/share/maze_control/package.sh'
[1.703s] INFO:colcon.colcon_core.shell:Creating package script '/home/mohamed-khaled/Solving-Maze/install/maze_control/share/maze_control/package.bash'
[1.703s] INFO:colcon.colcon_core.shell:Creating package script '/home/mohamed-khaled/Solving-Maze/install/maze_control/share/maze_control/package.zsh'
[1.704s] Level 1:colcon.colcon_core.environment:create_file_with_runtime_dependencies(/home/mohamed-khaled/Solving-Maze/install/maze_control/share/colcon-core/packages/maze_control)
[2.291s] Level 1:colcon.colcon_core.environment:checking '/home/mohamed-khaled/Solving-Maze/install/mazeSolve_pkg' for CMake module files
[2.292s] DEBUG:colcon.colcon_core.event_handler.log_command:Invoked command in '/home/mohamed-khaled/Solving-Maze/src/mazeSolve_pkg' returned '0': AMENT_PREFIX_PATH=/home/mohamed-khaled/Solving-Maze/install/interfaces:${AMENT_PREFIX_PATH} CMAKE_PREFIX_PATH=/home/mohamed-khaled/Solving-Maze/install/interfaces:${CMAKE_PREFIX_PATH} DEBUGINFOD_URLS=https://debuginfod.ubuntu.com LD_LIBRARY_PATH=/home/mohamed-khaled/Solving-Maze/install/interfaces/lib:${LD_LIBRARY_PATH} PYTHONPATH=/home/mohamed-khaled/Solving-Maze/build/mazeSolve_pkg/prefix_override:/usr/lib/python3/dist-packages/colcon_core/task/python/colcon_distutils_commands:/home/mohamed-khaled/Solving-Maze/install/mazeSolve_pkg/lib/python3.12/site-packages:/home/mohamed-khaled/Solving-Maze/install/interfaces/lib/python3.12/site-packages:${PYTHONPATH} /usr/bin/python3 -W ignore:setup.py install is deprecated -W ignore:easy_install command is deprecated setup.py egg_info --egg-base ../../build/mazeSolve_pkg build --build-base /home/mohamed-khaled/Solving-Maze/build/mazeSolve_pkg/build install --record /home/mohamed-khaled/Solving-Maze/build/mazeSolve_pkg/install.log --install-scripts $base/lib/mazeSolve_pkg --single-version-externally-managed install_data
[2.292s] Level 1:colcon.colcon_core.environment:checking '/home/mohamed-khaled/Solving-Maze/install/mazeSolve_pkg' for CMake config files
[2.292s] Level 1:colcon.colcon_core.environment:checking '/home/mohamed-khaled/Solving-Maze/install/mazeSolve_pkg/lib'
[2.292s] Level 1:colcon.colcon_core.environment:checking '/home/mohamed-khaled/Solving-Maze/install/mazeSolve_pkg/bin'
[2.292s] Level 1:colcon.colcon_core.environment:checking '/home/mohamed-khaled/Solving-Maze/install/mazeSolve_pkg/lib/pkgconfig/mazeSolve_pkg.pc'
[2.293s] Level 1:colcon.colcon_core.environment:checking '/home/mohamed-khaled/Solving-Maze/install/mazeSolve_pkg/lib/python3.12/site-packages'
[2.293s] Level 1:colcon.colcon_core.shell:create_environment_hook('mazeSolve_pkg', 'pythonpath')
[2.293s] INFO:colcon.colcon_core.shell:Creating environment hook '/home/mohamed-khaled/Solving-Maze/install/mazeSolve_pkg/share/mazeSolve_pkg/hook/pythonpath.ps1'
[2.293s] INFO:colcon.colcon_core.shell:Creating environment descriptor '/home/mohamed-khaled/Solving-Maze/install/mazeSolve_pkg/share/mazeSolve_pkg/hook/pythonpath.dsv'
[2.294s] INFO:colcon.colcon_core.shell:Creating environment hook '/home/mohamed-khaled/Solving-Maze/install/mazeSolve_pkg/share/mazeSolve_pkg/hook/pythonpath.sh'
[2.294s] Level 1:colcon.colcon_core.environment:checking '/home/mohamed-khaled/Solving-Maze/install/mazeSolve_pkg/bin'
[2.294s] Level 1:colcon.colcon_core.environment:create_environment_scripts_only(mazeSolve_pkg)
[2.295s] INFO:colcon.colcon_core.shell:Creating package script '/home/mohamed-khaled/Solving-Maze/install/mazeSolve_pkg/share/mazeSolve_pkg/package.ps1'
[2.295s] INFO:colcon.colcon_core.shell:Creating package descriptor '/home/mohamed-khaled/Solving-Maze/install/mazeSolve_pkg/share/mazeSolve_pkg/package.dsv'
[2.296s] INFO:colcon.colcon_core.shell:Creating package script '/home/mohamed-khaled/Solving-Maze/install/mazeSolve_pkg/share/mazeSolve_pkg/package.sh'
[2.296s] INFO:colcon.colcon_core.shell:Creating package script '/home/mohamed-khaled/Solving-Maze/install/mazeSolve_pkg/share/mazeSolve_pkg/package.bash'
[2.296s] INFO:colcon.colcon_core.shell:Creating package script '/home/mohamed-khaled/Solving-Maze/install/mazeSolve_pkg/share/mazeSolve_pkg/package.zsh'
[2.297s] Level 1:colcon.colcon_core.environment:create_file_with_runtime_dependencies(/home/mohamed-khaled/Solving-Maze/install/mazeSolve_pkg/share/colcon-core/packages/mazeSolve_pkg)
[2.297s] DEBUG:colcon.colcon_parallel_executor.executor.parallel:closing loop
[2.297s] DEBUG:colcon.colcon_parallel_executor.executor.parallel:loop closed
[2.297s] DEBUG:colcon.colcon_parallel_executor.executor.parallel:run_until_complete finished with '0'
[2.297s] DEBUG:colcon.colcon_core.event_reactor:joining thread
[2.303s] INFO:colcon.colcon_core.plugin_system:Skipping extension 'colcon_notification.desktop_notification.terminal_notifier': Not used on non-Darwin systems
[2.303s] INFO:colcon.colcon_core.plugin_system:Skipping extension 'colcon_notification.desktop_notification.win32': Not used on non-Windows systems
[2.303s] INFO:colcon.colcon_notification.desktop_notification:Sending desktop notification using 'notify2'
[2.317s] DEBUG:colcon.colcon_core.event_reactor:joined thread
[2.318s] INFO:colcon.colcon_core.shell:Creating prefix script '/home/mohamed-khaled/Solving-Maze/install/local_setup.ps1'
[2.319s] INFO:colcon.colcon_core.shell:Creating prefix util module '/home/mohamed-khaled/Solving-Maze/install/_local_setup_util_ps1.py'
[2.321s] INFO:colcon.colcon_core.shell:Creating prefix chain script '/home/mohamed-khaled/Solving-Maze/install/setup.ps1'
[2.322s] INFO:colcon.colcon_core.shell:Creating prefix script '/home/mohamed-khaled/Solving-Maze/install/local_setup.sh'
[2.323s] INFO:colcon.colcon_core.shell:Creating prefix util module '/home/mohamed-khaled/Solving-Maze/install/_local_setup_util_sh.py'
[2.324s] INFO:colcon.colcon_core.shell:Creating prefix chain script '/home/mohamed-khaled/Solving-Maze/install/setup.sh'
[2.325s] INFO:colcon.colcon_core.shell:Creating prefix script '/home/mohamed-khaled/Solving-Maze/install/local_setup.bash'
[2.326s] INFO:colcon.colcon_core.shell:Creating prefix chain script '/home/mohamed-khaled/Solving-Maze/install/setup.bash'
[2.327s] INFO:colcon.colcon_core.shell:Creating prefix script '/home/mohamed-khaled/Solving-Maze/install/local_setup.zsh'
[2.328s] INFO:colcon.colcon_core.shell:Creating prefix chain script '/home/mohamed-khaled/Solving-Maze/install/setup.zsh'
