[0.272s] DEBUG:colcon:Command line arguments: ['/usr/bin/colcon', 'build', '--packages-select', 'interfaces', 'mazeSolve_pkg']
[0.272s] DEBUG:colcon:Parsed command line arguments: Namespace(log_base=None, log_level=None, verb_name='build', build_base='build', install_base='install', merge_install=False, symlink_install=False, test_result_base=None, continue_on_error=False, executor='parallel', parallel_workers=8, event_handlers=None, ignore_user_meta=False, metas=['./colcon.meta'], base_paths=['.'], packages_ignore=None, packages_ignore_regex=None, paths=None, packages_up_to=None, packages_up_to_regex=None, packages_above=None, packages_above_and_dependencies=None, packages_above_depth=None, packages_select_by_dep=None, packages_skip_by_dep=None, packages_skip_up_to=None, packages_select_build_failed=False, packages_skip_build_finished=False, packages_select_test_failures=False, packages_skip_test_passed=False, packages_select=['interfaces', 'mazeSolve_pkg'], packages_skip=None, packages_select_regex=None, packages_skip_regex=None, packages_start=None, packages_end=None, cmake_args=None, cmake_target=None, cmake_target_skip_unavailable=False, cmake_clean_cache=False, cmake_clean_first=False, cmake_force_configure=False, ament_cmake_args=None, catkin_cmake_args=None, catkin_skip_building_tests=False, mixin_files=None, mixin=None, verb_parser=<colcon_mixin.mixin.mixin_argument.MixinArgumentDecorator object at 0x7f136852a510>, verb_extension=<colcon_core.verb.build.BuildVerb object at 0x7f1368652240>, main=<bound method BuildVerb.main of <colcon_core.verb.build.BuildVerb object at 0x7f1368652240>>, mixin_verb=('build',))
[0.363s] Level 1:colcon.colcon_core.package_discovery:discover_packages(colcon_meta) check parameters
[0.364s] INFO:colcon.colcon_metadata.package_discovery.colcon_meta:Using configuration from '/root/.colcon/metadata/default/Gazebo.meta'
[0.365s] INFO:colcon.colcon_metadata.package_discovery.colcon_meta:Using configuration from '/root/.colcon/metadata/default/fastdds.meta'
[0.366s] INFO:colcon.colcon_metadata.package_discovery.colcon_meta:Using configuration from '/root/.colcon/metadata/default/fastrtps.meta'
[0.366s] Level 1:colcon.colcon_core.package_discovery:discover_packages(recursive) check parameters
[0.366s] Level 1:colcon.colcon_core.package_discovery:discover_packages(ignore) check parameters
[0.366s] Level 1:colcon.colcon_core.package_discovery:discover_packages(path) check parameters
[0.366s] Level 1:colcon.colcon_core.package_discovery:discover_packages(colcon_meta) discover
[0.366s] Level 1:colcon.colcon_core.package_discovery:discover_packages(recursive) discover
[0.366s] INFO:colcon.colcon_core.package_discovery:Crawling recursively for packages in '/root/training_ws_merge2'
[0.366s] Level 1:colcon.colcon_core.package_identification:_identify(.) by extensions ['ignore', 'ignore_ament_install']
[0.367s] Level 1:colcon.colcon_core.package_identification:_identify(.) by extension 'ignore'
[0.367s] Level 1:colcon.colcon_core.package_identification:_identify(.) by extension 'ignore_ament_install'
[0.367s] Level 1:colcon.colcon_core.package_identification:_identify(.) by extensions ['colcon_pkg']
[0.367s] Level 1:colcon.colcon_core.package_identification:_identify(.) by extension 'colcon_pkg'
[0.367s] Level 1:colcon.colcon_core.package_identification:_identify(.) by extensions ['colcon_meta']
[0.367s] Level 1:colcon.colcon_core.package_identification:_identify(.) by extension 'colcon_meta'
[0.367s] Level 1:colcon.colcon_core.package_identification:_identify(.) by extensions ['ros']
[0.367s] Level 1:colcon.colcon_core.package_identification:_identify(.) by extension 'ros'
[0.430s] Level 1:colcon.colcon_core.package_identification:_identify(.) by extensions ['cmake', 'python']
[0.430s] Level 1:colcon.colcon_core.package_identification:_identify(.) by extension 'cmake'
[0.431s] Level 1:colcon.colcon_core.package_identification:_identify(.) by extension 'python'
[0.431s] Level 1:colcon.colcon_core.package_identification:_identify(.) by extensions ['python_setup_py']
[0.431s] Level 1:colcon.colcon_core.package_identification:_identify(.) by extension 'python_setup_py'
[0.431s] Level 1:colcon.colcon_core.package_identification:_identify(build) by extensions ['ignore', 'ignore_ament_install']
[0.431s] Level 1:colcon.colcon_core.package_identification:_identify(build) by extension 'ignore'
[0.432s] Level 1:colcon.colcon_core.package_identification:_identify(build) ignored
[0.432s] Level 1:colcon.colcon_core.package_identification:_identify(install) by extensions ['ignore', 'ignore_ament_install']
[0.432s] Level 1:colcon.colcon_core.package_identification:_identify(install) by extension 'ignore'
[0.432s] Level 1:colcon.colcon_core.package_identification:_identify(install) ignored
[0.432s] Level 1:colcon.colcon_core.package_identification:_identify(log) by extensions ['ignore', 'ignore_ament_install']
[0.433s] Level 1:colcon.colcon_core.package_identification:_identify(log) by extension 'ignore'
[0.433s] Level 1:colcon.colcon_core.package_identification:_identify(log) ignored
[0.433s] Level 1:colcon.colcon_core.package_identification:_identify(src) by extensions ['ignore', 'ignore_ament_install']
[0.433s] Level 1:colcon.colcon_core.package_identification:_identify(src) by extension 'ignore'
[0.433s] Level 1:colcon.colcon_core.package_identification:_identify(src) by extension 'ignore_ament_install'
[0.433s] Level 1:colcon.colcon_core.package_identification:_identify(src) by extensions ['colcon_pkg']
[0.433s] Level 1:colcon.colcon_core.package_identification:_identify(src) by extension 'colcon_pkg'
[0.433s] Level 1:colcon.colcon_core.package_identification:_identify(src) by extensions ['colcon_meta']
[0.433s] Level 1:colcon.colcon_core.package_identification:_identify(src) by extension 'colcon_meta'
[0.434s] Level 1:colcon.colcon_core.package_identification:_identify(src) by extensions ['ros']
[0.434s] Level 1:colcon.colcon_core.package_identification:_identify(src) by extension 'ros'
[0.434s] Level 1:colcon.colcon_core.package_identification:_identify(src) by extensions ['cmake', 'python']
[0.434s] Level 1:colcon.colcon_core.package_identification:_identify(src) by extension 'cmake'
[0.434s] Level 1:colcon.colcon_core.package_identification:_identify(src) by extension 'python'
[0.434s] Level 1:colcon.colcon_core.package_identification:_identify(src) by extensions ['python_setup_py']
[0.434s] Level 1:colcon.colcon_core.package_identification:_identify(src) by extension 'python_setup_py'
[0.434s] Level 1:colcon.colcon_core.package_identification:_identify(src/MIA26_phase2_ros_contest) by extensions ['ignore', 'ignore_ament_install']
[0.434s] Level 1:colcon.colcon_core.package_identification:_identify(src/MIA26_phase2_ros_contest) by extension 'ignore'
[0.434s] Level 1:colcon.colcon_core.package_identification:_identify(src/MIA26_phase2_ros_contest) by extension 'ignore_ament_install'
[0.435s] Level 1:colcon.colcon_core.package_identification:_identify(src/MIA26_phase2_ros_contest) by extensions ['colcon_pkg']
[0.435s] Level 1:colcon.colcon_core.package_identification:_identify(src/MIA26_phase2_ros_contest) by extension 'colcon_pkg'
[0.435s] Level 1:colcon.colcon_core.package_identification:_identify(src/MIA26_phase2_ros_contest) by extensions ['colcon_meta']
[0.435s] Level 1:colcon.colcon_core.package_identification:_identify(src/MIA26_phase2_ros_contest) by extension 'colcon_meta'
[0.435s] Level 1:colcon.colcon_core.package_identification:_identify(src/MIA26_phase2_ros_contest) by extensions ['ros']
[0.435s] Level 1:colcon.colcon_core.package_identification:_identify(src/MIA26_phase2_ros_contest) by extension 'ros'
[0.435s] Level 1:colcon.colcon_core.package_identification:_identify(src/MIA26_phase2_ros_contest) by extensions ['cmake', 'python']
[0.435s] Level 1:colcon.colcon_core.package_identification:_identify(src/MIA26_phase2_ros_contest) by extension 'cmake'
[0.435s] Level 1:colcon.colcon_core.package_identification:_identify(src/MIA26_phase2_ros_contest) by extension 'python'
[0.435s] Level 1:colcon.colcon_core.package_identification:_identify(src/MIA26_phase2_ros_contest) by extensions ['python_setup_py']
[0.436s] Level 1:colcon.colcon_core.package_identification:_identify(src/MIA26_phase2_ros_contest) by extension 'python_setup_py'
[0.436s] Level 1:colcon.colcon_core.package_identification:_identify(src/MIA26_phase2_ros_contest/assets) by extensions ['ignore', 'ignore_ament_install']
[0.436s] Level 1:colcon.colcon_core.package_identification:_identify(src/MIA26_phase2_ros_contest/assets) by extension 'ignore'
[0.436s] Level 1:colcon.colcon_core.package_identification:_identify(src/MIA26_phase2_ros_contest/assets) by extension 'ignore_ament_install'
[0.436s] Level 1:colcon.colcon_core.package_identification:_identify(src/MIA26_phase2_ros_contest/assets) by extensions ['colcon_pkg']
[0.436s] Level 1:colcon.colcon_core.package_identification:_identify(src/MIA26_phase2_ros_contest/assets) by extension 'colcon_pkg'
[0.437s] Level 1:colcon.colcon_core.package_identification:_identify(src/MIA26_phase2_ros_contest/assets) by extensions ['colcon_meta']
[0.437s] Level 1:colcon.colcon_core.package_identification:_identify(src/MIA26_phase2_ros_contest/assets) by extension 'colcon_meta'
[0.437s] Level 1:colcon.colcon_core.package_identification:_identify(src/MIA26_phase2_ros_contest/assets) by extensions ['ros']
[0.437s] Level 1:colcon.colcon_core.package_identification:_identify(src/MIA26_phase2_ros_contest/assets) by extension 'ros'
[0.437s] Level 1:colcon.colcon_core.package_identification:_identify(src/MIA26_phase2_ros_contest/assets) by extensions ['cmake', 'python']
[0.437s] Level 1:colcon.colcon_core.package_identification:_identify(src/MIA26_phase2_ros_contest/assets) by extension 'cmake'
[0.437s] Level 1:colcon.colcon_core.package_identification:_identify(src/MIA26_phase2_ros_contest/assets) by extension 'python'
[0.437s] Level 1:colcon.colcon_core.package_identification:_identify(src/MIA26_phase2_ros_contest/assets) by extensions ['python_setup_py']
[0.437s] Level 1:colcon.colcon_core.package_identification:_identify(src/MIA26_phase2_ros_contest/assets) by extension 'python_setup_py'
[0.438s] Level 1:colcon.colcon_core.package_identification:_identify(src/MIA26_phase2_ros_contest/maze_control) by extensions ['ignore', 'ignore_ament_install']
[0.438s] Level 1:colcon.colcon_core.package_identification:_identify(src/MIA26_phase2_ros_contest/maze_control) by extension 'ignore'
[0.438s] Level 1:colcon.colcon_core.package_identification:_identify(src/MIA26_phase2_ros_contest/maze_control) by extension 'ignore_ament_install'
[0.438s] Level 1:colcon.colcon_core.package_identification:_identify(src/MIA26_phase2_ros_contest/maze_control) by extensions ['colcon_pkg']
[0.438s] Level 1:colcon.colcon_core.package_identification:_identify(src/MIA26_phase2_ros_contest/maze_control) by extension 'colcon_pkg'
[0.438s] Level 1:colcon.colcon_core.package_identification:_identify(src/MIA26_phase2_ros_contest/maze_control) by extensions ['colcon_meta']
[0.438s] Level 1:colcon.colcon_core.package_identification:_identify(src/MIA26_phase2_ros_contest/maze_control) by extension 'colcon_meta'
[0.438s] Level 1:colcon.colcon_core.package_identification:_identify(src/MIA26_phase2_ros_contest/maze_control) by extensions ['ros']
[0.438s] Level 1:colcon.colcon_core.package_identification:_identify(src/MIA26_phase2_ros_contest/maze_control) by extension 'ros'
[0.443s] DEBUG:colcon.colcon_core.package_identification:Package 'src/MIA26_phase2_ros_contest/maze_control' with type 'ros.ament_python' and name 'maze_control'
[0.444s] Level 1:colcon.colcon_core.package_identification:_identify(src/build) by extensions ['ignore', 'ignore_ament_install']
[0.444s] Level 1:colcon.colcon_core.package_identification:_identify(src/build) by extension 'ignore'
[0.444s] Level 1:colcon.colcon_core.package_identification:_identify(src/build) ignored
[0.444s] Level 1:colcon.colcon_core.package_identification:_identify(src/install) by extensions ['ignore', 'ignore_ament_install']
[0.444s] Level 1:colcon.colcon_core.package_identification:_identify(src/install) by extension 'ignore'
[0.444s] Level 1:colcon.colcon_core.package_identification:_identify(src/install) ignored
[0.445s] Level 1:colcon.colcon_core.package_identification:_identify(src/interfaces) by extensions ['ignore', 'ignore_ament_install']
[0.445s] Level 1:colcon.colcon_core.package_identification:_identify(src/interfaces) by extension 'ignore'
[0.445s] Level 1:colcon.colcon_core.package_identification:_identify(src/interfaces) by extension 'ignore_ament_install'
[0.445s] Level 1:colcon.colcon_core.package_identification:_identify(src/interfaces) by extensions ['colcon_pkg']
[0.445s] Level 1:colcon.colcon_core.package_identification:_identify(src/interfaces) by extension 'colcon_pkg'
[0.445s] Level 1:colcon.colcon_core.package_identification:_identify(src/interfaces) by extensions ['colcon_meta']
[0.445s] Level 1:colcon.colcon_core.package_identification:_identify(src/interfaces) by extension 'colcon_meta'
[0.445s] Level 1:colcon.colcon_core.package_identification:_identify(src/interfaces) by extensions ['ros']
[0.445s] Level 1:colcon.colcon_core.package_identification:_identify(src/interfaces) by extension 'ros'
[0.446s] DEBUG:colcon.colcon_core.package_identification:Package 'src/interfaces' with type 'ros.ament_cmake' and name 'interfaces'
[0.446s] Level 1:colcon.colcon_core.package_identification:_identify(src/log) by extensions ['ignore', 'ignore_ament_install']
[0.446s] Level 1:colcon.colcon_core.package_identification:_identify(src/log) by extension 'ignore'
[0.447s] Level 1:colcon.colcon_core.package_identification:_identify(src/log) ignored
[0.447s] Level 1:colcon.colcon_core.package_identification:_identify(src/mazeSolve_pkg) by extensions ['ignore', 'ignore_ament_install']
[0.447s] Level 1:colcon.colcon_core.package_identification:_identify(src/mazeSolve_pkg) by extension 'ignore'
[0.447s] Level 1:colcon.colcon_core.package_identification:_identify(src/mazeSolve_pkg) by extension 'ignore_ament_install'
[0.447s] Level 1:colcon.colcon_core.package_identification:_identify(src/mazeSolve_pkg) by extensions ['colcon_pkg']
[0.447s] Level 1:colcon.colcon_core.package_identification:_identify(src/mazeSolve_pkg) by extension 'colcon_pkg'
[0.447s] Level 1:colcon.colcon_core.package_identification:_identify(src/mazeSolve_pkg) by extensions ['colcon_meta']
[0.447s] Level 1:colcon.colcon_core.package_identification:_identify(src/mazeSolve_pkg) by extension 'colcon_meta'
[0.447s] Level 1:colcon.colcon_core.package_identification:_identify(src/mazeSolve_pkg) by extensions ['ros']
[0.447s] Level 1:colcon.colcon_core.package_identification:_identify(src/mazeSolve_pkg) by extension 'ros'
[0.449s] DEBUG:colcon.colcon_core.package_identification:Package 'src/mazeSolve_pkg' with type 'ros.ament_python' and name 'mazeSolve_pkg'
[0.449s] Level 1:colcon.colcon_core.package_discovery:discover_packages(recursive) using defaults
[0.450s] Level 1:colcon.colcon_core.package_discovery:discover_packages(ignore) discover
[0.450s] Level 1:colcon.colcon_core.package_discovery:discover_packages(ignore) using defaults
[0.450s] Level 1:colcon.colcon_core.package_discovery:discover_packages(path) discover
[0.450s] Level 1:colcon.colcon_core.package_discovery:discover_packages(path) using defaults
[0.497s] INFO:colcon.colcon_core.package_selection:Skipping not selected package 'maze_control' in 'src/MIA26_phase2_ros_contest/maze_control'
[0.498s] Level 5:colcon.colcon_core.verb:set package 'interfaces' build argument 'cmake_args' from command line to 'None'
[0.498s] Level 5:colcon.colcon_core.verb:set package 'interfaces' build argument 'cmake_target' from command line to 'None'
[0.498s] Level 5:colcon.colcon_core.verb:set package 'interfaces' build argument 'cmake_target_skip_unavailable' from command line to 'False'
[0.498s] Level 5:colcon.colcon_core.verb:set package 'interfaces' build argument 'cmake_clean_cache' from command line to 'False'
[0.498s] Level 5:colcon.colcon_core.verb:set package 'interfaces' build argument 'cmake_clean_first' from command line to 'False'
[0.499s] Level 5:colcon.colcon_core.verb:set package 'interfaces' build argument 'cmake_force_configure' from command line to 'False'
[0.499s] Level 5:colcon.colcon_core.verb:set package 'interfaces' build argument 'ament_cmake_args' from command line to 'None'
[0.499s] Level 5:colcon.colcon_core.verb:set package 'interfaces' build argument 'catkin_cmake_args' from command line to 'None'
[0.499s] Level 5:colcon.colcon_core.verb:set package 'interfaces' build argument 'catkin_skip_building_tests' from command line to 'False'
[0.499s] DEBUG:colcon.colcon_core.verb:Building package 'interfaces' with the following arguments: {'ament_cmake_args': None, 'build_base': '/root/training_ws_merge2/build/interfaces', 'catkin_cmake_args': None, 'catkin_skip_building_tests': False, 'cmake_args': None, 'cmake_clean_cache': False, 'cmake_clean_first': False, 'cmake_force_configure': False, 'cmake_target': None, 'cmake_target_skip_unavailable': False, 'install_base': '/root/training_ws_merge2/install/interfaces', 'merge_install': False, 'path': '/root/training_ws_merge2/src/interfaces', 'symlink_install': False, 'test_result_base': None}
[0.499s] Level 5:colcon.colcon_core.verb:set package 'mazeSolve_pkg' build argument 'cmake_args' from command line to 'None'
[0.499s] Level 5:colcon.colcon_core.verb:set package 'mazeSolve_pkg' build argument 'cmake_target' from command line to 'None'
[0.499s] Level 5:colcon.colcon_core.verb:set package 'mazeSolve_pkg' build argument 'cmake_target_skip_unavailable' from command line to 'False'
[0.499s] Level 5:colcon.colcon_core.verb:set package 'mazeSolve_pkg' build argument 'cmake_clean_cache' from command line to 'False'
[0.499s] Level 5:colcon.colcon_core.verb:set package 'mazeSolve_pkg' build argument 'cmake_clean_first' from command line to 'False'
[0.499s] Level 5:colcon.colcon_core.verb:set package 'mazeSolve_pkg' build argument 'cmake_force_configure' from command line to 'False'
[0.500s] Level 5:colcon.colcon_core.verb:set package 'mazeSolve_pkg' build argument 'ament_cmake_args' from command line to 'None'
[0.500s] Level 5:colcon.colcon_core.verb:set package 'mazeSolve_pkg' build argument 'catkin_cmake_args' from command line to 'None'
[0.500s] Level 5:colcon.colcon_core.verb:set package 'mazeSolve_pkg' build argument 'catkin_skip_building_tests' from command line to 'False'
[0.500s] DEBUG:colcon.colcon_core.verb:Building package 'mazeSolve_pkg' with the following arguments: {'ament_cmake_args': None, 'build_base': '/root/training_ws_merge2/build/mazeSolve_pkg', 'catkin_cmake_args': None, 'catkin_skip_building_tests': False, 'cmake_args': None, 'cmake_clean_cache': False, 'cmake_clean_first': False, 'cmake_force_configure': False, 'cmake_target': None, 'cmake_target_skip_unavailable': False, 'install_base': '/root/training_ws_merge2/install/mazeSolve_pkg', 'merge_install': False, 'path': '/root/training_ws_merge2/src/mazeSolve_pkg', 'symlink_install': False, 'test_result_base': None}
[0.500s] INFO:colcon.colcon_core.executor:Executing jobs using 'parallel' executor
[0.502s] DEBUG:colcon.colcon_parallel_executor.executor.parallel:run_until_complete
[0.503s] INFO:colcon.colcon_ros.task.ament_cmake.build:Building ROS package in '/root/training_ws_merge2/src/interfaces' with build type 'ament_cmake'
[0.504s] INFO:colcon.colcon_cmake.task.cmake.build:Building CMake package in '/root/training_ws_merge2/src/interfaces'
[0.513s] INFO:colcon.colcon_core.plugin_system:Skipping extension 'colcon_core.shell.bat': Not used on non-Windows systems
[0.513s] INFO:colcon.colcon_core.shell:Skip shell extension 'powershell' for command environment: Not usable outside of PowerShell
[0.513s] DEBUG:colcon.colcon_core.shell:Skip shell extension 'dsv' for command environment
[0.544s] DEBUG:colcon.colcon_core.event_handler.log_command:Invoking command in '/root/training_ws_merge2/build/interfaces': CMAKE_PREFIX_PATH=${CMAKE_PREFIX_PATH}:/root/training_ws_merge2/install/maze_control:/root/training_ws_merge2/install/mazeSolve_pkg:/opt/ros/jazzy /usr/bin/cmake --build /root/training_ws_merge2/build/interfaces -- -j8 -l8
[2.729s] DEBUG:colcon.colcon_core.event_handler.log_command:Invoked command in '/root/training_ws_merge2/build/interfaces' returned '0': CMAKE_PREFIX_PATH=${CMAKE_PREFIX_PATH}:/root/training_ws_merge2/install/maze_control:/root/training_ws_merge2/install/mazeSolve_pkg:/opt/ros/jazzy /usr/bin/cmake --build /root/training_ws_merge2/build/interfaces -- -j8 -l8
[2.769s] DEBUG:colcon.colcon_core.event_handler.log_command:Invoking command in '/root/training_ws_merge2/build/interfaces': CMAKE_PREFIX_PATH=${CMAKE_PREFIX_PATH}:/root/training_ws_merge2/install/maze_control:/root/training_ws_merge2/install/mazeSolve_pkg:/opt/ros/jazzy /usr/bin/cmake --install /root/training_ws_merge2/build/interfaces
[3.105s] Level 1:colcon.colcon_core.environment:create_environment_scripts_only(interfaces)
[3.106s] DEBUG:colcon.colcon_core.event_handler.log_command:Invoked command in '/root/training_ws_merge2/build/interfaces' returned '0': CMAKE_PREFIX_PATH=${CMAKE_PREFIX_PATH}:/root/training_ws_merge2/install/maze_control:/root/training_ws_merge2/install/mazeSolve_pkg:/opt/ros/jazzy /usr/bin/cmake --install /root/training_ws_merge2/build/interfaces
[3.116s] Level 1:colcon.colcon_core.environment:checking '/root/training_ws_merge2/install/interfaces' for CMake module files
[3.119s] Level 1:colcon.colcon_core.environment:checking '/root/training_ws_merge2/install/interfaces' for CMake config files
[3.121s] Level 1:colcon.colcon_core.shell:create_environment_hook('interfaces', 'cmake_prefix_path')
[3.122s] INFO:colcon.colcon_core.shell:Creating environment hook '/root/training_ws_merge2/install/interfaces/share/interfaces/hook/cmake_prefix_path.ps1'
[3.125s] INFO:colcon.colcon_core.shell:Creating environment descriptor '/root/training_ws_merge2/install/interfaces/share/interfaces/hook/cmake_prefix_path.dsv'
[3.127s] INFO:colcon.colcon_core.shell:Creating environment hook '/root/training_ws_merge2/install/interfaces/share/interfaces/hook/cmake_prefix_path.sh'
[3.130s] Level 1:colcon.colcon_core.environment:checking '/root/training_ws_merge2/install/interfaces/lib'
[3.131s] Level 1:colcon.colcon_core.shell:create_environment_hook('interfaces', 'ld_library_path_lib')
[3.131s] INFO:colcon.colcon_core.shell:Creating environment hook '/root/training_ws_merge2/install/interfaces/share/interfaces/hook/ld_library_path_lib.ps1'
[3.133s] INFO:colcon.colcon_core.shell:Creating environment descriptor '/root/training_ws_merge2/install/interfaces/share/interfaces/hook/ld_library_path_lib.dsv'
[3.135s] INFO:colcon.colcon_core.shell:Creating environment hook '/root/training_ws_merge2/install/interfaces/share/interfaces/hook/ld_library_path_lib.sh'
[3.137s] Level 1:colcon.colcon_core.environment:checking '/root/training_ws_merge2/install/interfaces/bin'
[3.137s] Level 1:colcon.colcon_core.environment:checking '/root/training_ws_merge2/install/interfaces/lib/pkgconfig/interfaces.pc'
[3.143s] Level 1:colcon.colcon_core.environment:checking '/root/training_ws_merge2/install/interfaces/lib/python3.12/site-packages'
[3.144s] Level 1:colcon.colcon_core.shell:create_environment_hook('interfaces', 'pythonpath')
[3.145s] INFO:colcon.colcon_core.shell:Creating environment hook '/root/training_ws_merge2/install/interfaces/share/interfaces/hook/pythonpath.ps1'
[3.146s] INFO:colcon.colcon_core.shell:Creating environment descriptor '/root/training_ws_merge2/install/interfaces/share/interfaces/hook/pythonpath.dsv'
[3.148s] INFO:colcon.colcon_core.shell:Creating environment hook '/root/training_ws_merge2/install/interfaces/share/interfaces/hook/pythonpath.sh'
[3.150s] Level 1:colcon.colcon_core.environment:checking '/root/training_ws_merge2/install/interfaces/bin'
[3.151s] INFO:colcon.colcon_core.shell:Creating package script '/root/training_ws_merge2/install/interfaces/share/interfaces/package.ps1'
[3.154s] INFO:colcon.colcon_core.shell:Creating package descriptor '/root/training_ws_merge2/install/interfaces/share/interfaces/package.dsv'
[3.157s] INFO:colcon.colcon_core.shell:Creating package script '/root/training_ws_merge2/install/interfaces/share/interfaces/package.sh'
[3.160s] INFO:colcon.colcon_core.shell:Creating package script '/root/training_ws_merge2/install/interfaces/share/interfaces/package.bash'
[3.162s] INFO:colcon.colcon_core.shell:Creating package script '/root/training_ws_merge2/install/interfaces/share/interfaces/package.zsh'
[3.165s] Level 1:colcon.colcon_core.environment:create_file_with_runtime_dependencies(/root/training_ws_merge2/install/interfaces/share/colcon-core/packages/interfaces)
[3.168s] Level 1:colcon.colcon_core.environment:create_environment_scripts_only(interfaces)
[3.168s] Level 1:colcon.colcon_core.environment:checking '/root/training_ws_merge2/install/interfaces' for CMake module files
[3.171s] Level 1:colcon.colcon_core.environment:checking '/root/training_ws_merge2/install/interfaces' for CMake config files
[3.174s] Level 1:colcon.colcon_core.shell:create_environment_hook('interfaces', 'cmake_prefix_path')
[3.175s] INFO:colcon.colcon_core.shell:Creating environment hook '/root/training_ws_merge2/install/interfaces/share/interfaces/hook/cmake_prefix_path.ps1'
[3.177s] INFO:colcon.colcon_core.shell:Creating environment descriptor '/root/training_ws_merge2/install/interfaces/share/interfaces/hook/cmake_prefix_path.dsv'
[3.178s] INFO:colcon.colcon_core.shell:Creating environment hook '/root/training_ws_merge2/install/interfaces/share/interfaces/hook/cmake_prefix_path.sh'
[3.179s] Level 1:colcon.colcon_core.environment:checking '/root/training_ws_merge2/install/interfaces/lib'
[3.180s] Level 1:colcon.colcon_core.shell:create_environment_hook('interfaces', 'ld_library_path_lib')
[3.180s] INFO:colcon.colcon_core.shell:Creating environment hook '/root/training_ws_merge2/install/interfaces/share/interfaces/hook/ld_library_path_lib.ps1'
[3.182s] INFO:colcon.colcon_core.shell:Creating environment descriptor '/root/training_ws_merge2/install/interfaces/share/interfaces/hook/ld_library_path_lib.dsv'
[3.183s] INFO:colcon.colcon_core.shell:Creating environment hook '/root/training_ws_merge2/install/interfaces/share/interfaces/hook/ld_library_path_lib.sh'
[3.184s] Level 1:colcon.colcon_core.environment:checking '/root/training_ws_merge2/install/interfaces/bin'
[3.184s] Level 1:colcon.colcon_core.environment:checking '/root/training_ws_merge2/install/interfaces/lib/pkgconfig/interfaces.pc'
[3.185s] Level 1:colcon.colcon_core.environment:checking '/root/training_ws_merge2/install/interfaces/lib/python3.12/site-packages'
[3.186s] Level 1:colcon.colcon_core.shell:create_environment_hook('interfaces', 'pythonpath')
[3.186s] INFO:colcon.colcon_core.shell:Creating environment hook '/root/training_ws_merge2/install/interfaces/share/interfaces/hook/pythonpath.ps1'
[3.188s] INFO:colcon.colcon_core.shell:Creating environment descriptor '/root/training_ws_merge2/install/interfaces/share/interfaces/hook/pythonpath.dsv'
[3.189s] INFO:colcon.colcon_core.shell:Creating environment hook '/root/training_ws_merge2/install/interfaces/share/interfaces/hook/pythonpath.sh'
[3.191s] Level 1:colcon.colcon_core.environment:checking '/root/training_ws_merge2/install/interfaces/bin'
[3.193s] INFO:colcon.colcon_core.shell:Creating package script '/root/training_ws_merge2/install/interfaces/share/interfaces/package.ps1'
[3.195s] INFO:colcon.colcon_core.shell:Creating package descriptor '/root/training_ws_merge2/install/interfaces/share/interfaces/package.dsv'
[3.197s] INFO:colcon.colcon_core.shell:Creating package script '/root/training_ws_merge2/install/interfaces/share/interfaces/package.sh'
[3.199s] INFO:colcon.colcon_core.shell:Creating package script '/root/training_ws_merge2/install/interfaces/share/interfaces/package.bash'
[3.201s] INFO:colcon.colcon_core.shell:Creating package script '/root/training_ws_merge2/install/interfaces/share/interfaces/package.zsh'
[3.202s] Level 1:colcon.colcon_core.environment:create_file_with_runtime_dependencies(/root/training_ws_merge2/install/interfaces/share/colcon-core/packages/interfaces)
[3.203s] INFO:colcon.colcon_ros.task.ament_python.build:Building ROS package in '/root/training_ws_merge2/src/mazeSolve_pkg' with build type 'ament_python'
[3.203s] Level 1:colcon.colcon_core.shell:create_environment_hook('mazeSolve_pkg', 'ament_prefix_path')
[3.204s] INFO:colcon.colcon_core.shell:Creating environment hook '/root/training_ws_merge2/install/mazeSolve_pkg/share/mazeSolve_pkg/hook/ament_prefix_path.ps1'
[3.207s] INFO:colcon.colcon_core.shell:Creating environment descriptor '/root/training_ws_merge2/install/mazeSolve_pkg/share/mazeSolve_pkg/hook/ament_prefix_path.dsv'
[3.209s] INFO:colcon.colcon_core.shell:Creating environment hook '/root/training_ws_merge2/install/mazeSolve_pkg/share/mazeSolve_pkg/hook/ament_prefix_path.sh'
[3.212s] INFO:colcon.colcon_core.shell:Skip shell extension 'powershell' for command environment: Not usable outside of PowerShell
[3.213s] DEBUG:colcon.colcon_core.shell:Skip shell extension 'dsv' for command environment
[3.903s] INFO:colcon.colcon_core.task.python.build:Building Python package in '/root/training_ws_merge2/src/mazeSolve_pkg'
[3.904s] INFO:colcon.colcon_core.shell:Skip shell extension 'powershell' for command environment: Not usable outside of PowerShell
[3.904s] DEBUG:colcon.colcon_core.shell:Skip shell extension 'dsv' for command environment
[5.497s] DEBUG:colcon.colcon_core.task.python.build:Available setuptools commands: update_catalog, editable_wheel, bdist, register, bdist_rpm, check, install_egg_info, alias, test, build_py, install_data, develop, install, setopt, build_clib, egg_info, build_scripts, symlink_data, upload, compile_catalog, init_catalog, install_headers, bdist_dumb, upload_docs, dist_info, clean, build, easy_install, install_lib, sdist, extract_messages, saveopts, bdist_egg, install_scripts, build_ext, rotate
[5.502s] DEBUG:colcon.colcon_core.event_handler.log_command:Invoking command in '/root/training_ws_merge2/src/mazeSolve_pkg': PYTHONPATH=/root/training_ws_merge2/build/mazeSolve_pkg/prefix_override:/usr/lib/python3/dist-packages/colcon_core/task/python/colcon_distutils_commands:/root/training_ws_merge2/install/mazeSolve_pkg/lib/python3.12/site-packages:/root/training_ws_merge2/install/interfaces/lib/python3.12/site-packages:/root/training_ws_merge2/build/maze_control:/root/training_ws_merge2/install/maze_control/lib/python3.12/site-packages:/root/training_ws_merge2/build/mazeSolve_pkg:/root/training_ws_merge2/install/mazeSolve_pkg/lib/python3.12/site-packages:/opt/ros/jazzy/lib/python3.12/site-packages /usr/bin/python3 -W ignore:setup.py install is deprecated -W ignore:easy_install command is deprecated setup.py egg_info --egg-base ../../build/mazeSolve_pkg build --build-base /root/training_ws_merge2/build/mazeSolve_pkg/build install --record /root/training_ws_merge2/build/mazeSolve_pkg/install.log --install-scripts $base/lib/mazeSolve_pkg --single-version-externally-managed install_data
[6.873s] Level 1:colcon.colcon_core.environment:checking '/root/training_ws_merge2/install/mazeSolve_pkg' for CMake module files
[6.874s] DEBUG:colcon.colcon_core.event_handler.log_command:Invoked command in '/root/training_ws_merge2/src/mazeSolve_pkg' returned '0': PYTHONPATH=/root/training_ws_merge2/build/mazeSolve_pkg/prefix_override:/usr/lib/python3/dist-packages/colcon_core/task/python/colcon_distutils_commands:/root/training_ws_merge2/install/mazeSolve_pkg/lib/python3.12/site-packages:/root/training_ws_merge2/install/interfaces/lib/python3.12/site-packages:/root/training_ws_merge2/build/maze_control:/root/training_ws_merge2/install/maze_control/lib/python3.12/site-packages:/root/training_ws_merge2/build/mazeSolve_pkg:/root/training_ws_merge2/install/mazeSolve_pkg/lib/python3.12/site-packages:/opt/ros/jazzy/lib/python3.12/site-packages /usr/bin/python3 -W ignore:setup.py install is deprecated -W ignore:easy_install command is deprecated setup.py egg_info --egg-base ../../build/mazeSolve_pkg build --build-base /root/training_ws_merge2/build/mazeSolve_pkg/build install --record /root/training_ws_merge2/build/mazeSolve_pkg/install.log --install-scripts $base/lib/mazeSolve_pkg --single-version-externally-managed install_data
[6.875s] Level 1:colcon.colcon_core.environment:checking '/root/training_ws_merge2/install/mazeSolve_pkg' for CMake config files
[6.877s] Level 1:colcon.colcon_core.environment:checking '/root/training_ws_merge2/install/mazeSolve_pkg/lib'
[6.877s] Level 1:colcon.colcon_core.environment:checking '/root/training_ws_merge2/install/mazeSolve_pkg/bin'
[6.877s] Level 1:colcon.colcon_core.environment:checking '/root/training_ws_merge2/install/mazeSolve_pkg/lib/pkgconfig/mazeSolve_pkg.pc'
[6.877s] Level 1:colcon.colcon_core.environment:checking '/root/training_ws_merge2/install/mazeSolve_pkg/lib/python3.12/site-packages'
[6.878s] Level 1:colcon.colcon_core.shell:create_environment_hook('mazeSolve_pkg', 'pythonpath')
[6.878s] INFO:colcon.colcon_core.shell:Creating environment hook '/root/training_ws_merge2/install/mazeSolve_pkg/share/mazeSolve_pkg/hook/pythonpath.ps1'
[6.879s] INFO:colcon.colcon_core.shell:Creating environment descriptor '/root/training_ws_merge2/install/mazeSolve_pkg/share/mazeSolve_pkg/hook/pythonpath.dsv'
[6.879s] INFO:colcon.colcon_core.shell:Creating environment hook '/root/training_ws_merge2/install/mazeSolve_pkg/share/mazeSolve_pkg/hook/pythonpath.sh'
[6.881s] Level 1:colcon.colcon_core.environment:checking '/root/training_ws_merge2/install/mazeSolve_pkg/bin'
[6.881s] Level 1:colcon.colcon_core.environment:create_environment_scripts_only(mazeSolve_pkg)
[6.881s] INFO:colcon.colcon_core.shell:Creating package script '/root/training_ws_merge2/install/mazeSolve_pkg/share/mazeSolve_pkg/package.ps1'
[6.883s] INFO:colcon.colcon_core.shell:Creating package descriptor '/root/training_ws_merge2/install/mazeSolve_pkg/share/mazeSolve_pkg/package.dsv'
[6.884s] INFO:colcon.colcon_core.shell:Creating package script '/root/training_ws_merge2/install/mazeSolve_pkg/share/mazeSolve_pkg/package.sh'
[6.885s] INFO:colcon.colcon_core.shell:Creating package script '/root/training_ws_merge2/install/mazeSolve_pkg/share/mazeSolve_pkg/package.bash'
[6.885s] INFO:colcon.colcon_core.shell:Creating package script '/root/training_ws_merge2/install/mazeSolve_pkg/share/mazeSolve_pkg/package.zsh'
[6.886s] Level 1:colcon.colcon_core.environment:create_file_with_runtime_dependencies(/root/training_ws_merge2/install/mazeSolve_pkg/share/colcon-core/packages/mazeSolve_pkg)
[6.887s] DEBUG:colcon.colcon_parallel_executor.executor.parallel:closing loop
[6.888s] DEBUG:colcon.colcon_parallel_executor.executor.parallel:loop closed
[6.889s] DEBUG:colcon.colcon_parallel_executor.executor.parallel:run_until_complete finished with '0'
[6.889s] DEBUG:colcon.colcon_core.event_reactor:joining thread
[6.907s] INFO:colcon.colcon_core.plugin_system:Skipping extension 'colcon_notification.desktop_notification.notify_send': Could not find 'notify-send'
[6.907s] INFO:colcon.colcon_core.plugin_system:Skipping extension 'colcon_notification.desktop_notification.terminal_notifier': Not used on non-Darwin systems
[6.908s] INFO:colcon.colcon_core.plugin_system:Skipping extension 'colcon_notification.desktop_notification.win32': Not used on non-Windows systems
[6.908s] INFO:colcon.colcon_notification.desktop_notification:Sending desktop notification using 'notify2'
[6.915s] DEBUG:colcon.colcon_notification.desktop_notification.notify2:Failed to initialize notify2: org.freedesktop.DBus.Error.Spawn.ExecFailed: /usr/bin/dbus-launch terminated abnormally without any error message
[6.916s] DEBUG:colcon.colcon_core.event_reactor:joined thread
[6.917s] INFO:colcon.colcon_core.shell:Creating prefix script '/root/training_ws_merge2/install/local_setup.ps1'
[6.921s] INFO:colcon.colcon_core.shell:Creating prefix util module '/root/training_ws_merge2/install/_local_setup_util_ps1.py'
[6.923s] INFO:colcon.colcon_core.shell:Creating prefix chain script '/root/training_ws_merge2/install/setup.ps1'
[6.926s] INFO:colcon.colcon_core.shell:Creating prefix script '/root/training_ws_merge2/install/local_setup.sh'
[6.927s] INFO:colcon.colcon_core.shell:Creating prefix util module '/root/training_ws_merge2/install/_local_setup_util_sh.py'
[6.928s] INFO:colcon.colcon_core.shell:Creating prefix chain script '/root/training_ws_merge2/install/setup.sh'
[6.930s] INFO:colcon.colcon_core.shell:Creating prefix script '/root/training_ws_merge2/install/local_setup.bash'
[6.931s] INFO:colcon.colcon_core.shell:Creating prefix chain script '/root/training_ws_merge2/install/setup.bash'
[6.934s] INFO:colcon.colcon_core.shell:Creating prefix script '/root/training_ws_merge2/install/local_setup.zsh'
[6.936s] INFO:colcon.colcon_core.shell:Creating prefix chain script '/root/training_ws_merge2/install/setup.zsh'
