[0.027s] Invoking command in '/root/training_ws_merge2/src/build/interfaces': CMAKE_PREFIX_PATH=${CMAKE_PREFIX_PATH}:/root/training_ws_merge2/src/install/maze_control:/root/training_ws_merge2/src/install/mazeSolve_pkg:/root/training_ws_merge2/install/maze_control:/root/training_ws_merge2/install/mazeSolve_pkg:/root/training_ws/install/mazeSolve_pkg:/opt/ros/jazzy /usr/bin/cmake --build /root/training_ws_merge2/src/build/interfaces -- -j8 -l8
[0.165s] [  2%] Built target interfaces__rosidl_generator_type_description
[0.230s] [  2%] Built target ament_cmake_python_symlink_interfaces
[0.276s] [  5%] Built target interfaces__cpp
[0.717s] running egg_info
[0.753s] writing interfaces.egg-info/PKG-INFO
[0.753s] writing dependency_links to interfaces.egg-info/dependency_links.txt
[0.754s] writing top-level names to interfaces.egg-info/top_level.txt
[0.859s] reading manifest file 'interfaces.egg-info/SOURCES.txt'
[0.860s] writing manifest file 'interfaces.egg-info/SOURCES.txt'
[0.927s] [  5%] Built target ament_cmake_python_build_interfaces_egg
[0.976s] [ 20%] Built target interfaces__rosidl_generator_c
[1.023s] [ 22%] Built target interfaces__rs
[1.075s] [ 31%] Built target interfaces__rosidl_typesupport_cpp
[1.126s] [ 40%] Built target interfaces__rosidl_typesupport_introspection_cpp
[1.178s] [ 48%] Built target interfaces__rosidl_typesupport_fastrtps_cpp
[1.227s] [ 57%] Built target interfaces__rosidl_typesupport_c
[1.276s] [ 65%] Built target interfaces__rosidl_typesupport_introspection_c
[1.326s] [ 74%] Built target interfaces__rosidl_typesupport_fastrtps_c
[1.373s] [ 74%] Built target interfaces
[1.421s] [ 77%] Built target interfaces__py
[1.470s] [ 82%] Built target interfaces__rosidl_generator_py
[1.519s] [ 88%] Built target interfaces_s__rosidl_typesupport_fastrtps_c
[1.568s] [ 94%] Built target interfaces_s__rosidl_typesupport_c
[1.621s] [100%] Built target interfaces_s__rosidl_typesupport_introspection_c
[1.648s] Invoked command in '/root/training_ws_merge2/src/build/interfaces' returned '0': CMAKE_PREFIX_PATH=${CMAKE_PREFIX_PATH}:/root/training_ws_merge2/src/install/maze_control:/root/training_ws_merge2/src/install/mazeSolve_pkg:/root/training_ws_merge2/install/maze_control:/root/training_ws_merge2/install/mazeSolve_pkg:/root/training_ws/install/mazeSolve_pkg:/opt/ros/jazzy /usr/bin/cmake --build /root/training_ws_merge2/src/build/interfaces -- -j8 -l8
[1.670s] Invoking command in '/root/training_ws_merge2/src/build/interfaces': CMAKE_PREFIX_PATH=${CMAKE_PREFIX_PATH}:/root/training_ws_merge2/src/install/maze_control:/root/training_ws_merge2/src/install/mazeSolve_pkg:/root/training_ws_merge2/install/maze_control:/root/training_ws_merge2/install/mazeSolve_pkg:/root/training_ws/install/mazeSolve_pkg:/opt/ros/jazzy /usr/bin/cmake --install /root/training_ws_merge2/src/build/interfaces
[1.690s] -- Install configuration: ""
[1.691s] -- Execute custom install script
[1.691s] -- Up-to-date symlink: /root/training_ws_merge2/src/install/interfaces/share/ament_index/resource_index/rosidl_interfaces/interfaces
[1.692s] -- Up-to-date symlink: /root/training_ws_merge2/src/install/interfaces/share/interfaces/action/Move.json
[1.693s] -- Up-to-date symlink: /root/training_ws_merge2/src/install/interfaces/include/interfaces/interfaces/action/detail/move__functions.h
[1.693s] -- Up-to-date symlink: /root/training_ws_merge2/src/install/interfaces/include/interfaces/interfaces/action/detail/move__struct.h
[1.693s] -- Up-to-date symlink: /root/training_ws_merge2/src/install/interfaces/include/interfaces/interfaces/action/detail/move__type_support.h
[1.693s] -- Up-to-date symlink: /root/training_ws_merge2/src/install/interfaces/include/interfaces/interfaces/action/move.h
[1.693s] -- Up-to-date symlink: /root/training_ws_merge2/src/install/interfaces/include/interfaces/interfaces/msg/rosidl_generator_c__visibility_control.h
[1.694s] -- Up-to-date symlink: /root/training_ws_merge2/src/install/interfaces/share/interfaces/environment/library_path.sh
[1.694s] -- Up-to-date symlink: /root/training_ws_merge2/src/install/interfaces/share/interfaces/environment/library_path.dsv
[1.695s] -- Up-to-date symlink: /root/training_ws_merge2/src/install/interfaces/include/interfaces/interfaces/action/detail/move__rosidl_typesupport_fastrtps_c.h
[1.695s] -- Up-to-date symlink: /root/training_ws_merge2/src/install/interfaces/include/interfaces/interfaces/msg/rosidl_typesupport_fastrtps_c__visibility_control.h
[1.695s] -- Up-to-date symlink: /root/training_ws_merge2/src/install/interfaces/include/interfaces/interfaces/action/detail/move__rosidl_typesupport_introspection_c.h
[1.696s] -- Up-to-date symlink: /root/training_ws_merge2/src/install/interfaces/include/interfaces/interfaces/msg/rosidl_typesupport_introspection_c__visibility_control.h
[1.697s] -- Up-to-date symlink: /root/training_ws_merge2/src/install/interfaces/include/interfaces/interfaces/action/detail/move__builder.hpp
[1.697s] -- Up-to-date symlink: /root/training_ws_merge2/src/install/interfaces/include/interfaces/interfaces/action/detail/move__struct.hpp
[1.697s] -- Up-to-date symlink: /root/training_ws_merge2/src/install/interfaces/include/interfaces/interfaces/action/detail/move__traits.hpp
[1.698s] -- Up-to-date symlink: /root/training_ws_merge2/src/install/interfaces/include/interfaces/interfaces/action/detail/move__type_support.hpp
[1.699s] -- Up-to-date symlink: /root/training_ws_merge2/src/install/interfaces/include/interfaces/interfaces/action/move.hpp
[1.700s] -- Up-to-date symlink: /root/training_ws_merge2/src/install/interfaces/include/interfaces/interfaces/msg/rosidl_generator_cpp__visibility_control.hpp
[1.702s] -- Up-to-date symlink: /root/training_ws_merge2/src/install/interfaces/include/interfaces/interfaces/action/detail/move__rosidl_typesupport_fastrtps_cpp.hpp
[1.703s] -- Up-to-date symlink: /root/training_ws_merge2/src/install/interfaces/include/interfaces/interfaces/msg/rosidl_typesupport_fastrtps_cpp__visibility_control.h
[1.703s] -- Up-to-date symlink: /root/training_ws_merge2/src/install/interfaces/include/interfaces/interfaces/action/detail/move__rosidl_typesupport_introspection_cpp.hpp
[1.703s] -- Up-to-date symlink: /root/training_ws_merge2/src/install/interfaces/share/interfaces/environment/pythonpath.sh
[1.703s] -- Up-to-date symlink: /root/training_ws_merge2/src/install/interfaces/share/interfaces/environment/pythonpath.dsv
[1.704s] -- Up-to-date symlink: /root/training_ws_merge2/src/install/interfaces/lib/python3.12/site-packages/interfaces-0.0.0-py3.12.egg-info/PKG-INFO
[1.704s] -- Up-to-date symlink: /root/training_ws_merge2/src/install/interfaces/lib/python3.12/site-packages/interfaces-0.0.0-py3.12.egg-info/SOURCES.txt
[1.704s] -- Up-to-date symlink: /root/training_ws_merge2/src/install/interfaces/lib/python3.12/site-packages/interfaces-0.0.0-py3.12.egg-info/dependency_links.txt
[1.704s] -- Up-to-date symlink: /root/training_ws_merge2/src/install/interfaces/lib/python3.12/site-packages/interfaces-0.0.0-py3.12.egg-info/top_level.txt
[1.705s] -- Up-to-date symlink: /root/training_ws_merge2/src/install/interfaces/lib/python3.12/site-packages/interfaces/__init__.py
[1.705s] -- Up-to-date symlink: /root/training_ws_merge2/src/install/interfaces/lib/python3.12/site-packages/interfaces/_interfaces_s.ep.rosidl_typesupport_c.c
[1.706s] -- Up-to-date symlink: /root/training_ws_merge2/src/install/interfaces/lib/python3.12/site-packages/interfaces/_interfaces_s.ep.rosidl_typesupport_fastrtps_c.c
[1.706s] -- Up-to-date symlink: /root/training_ws_merge2/src/install/interfaces/lib/python3.12/site-packages/interfaces/_interfaces_s.ep.rosidl_typesupport_introspection_c.c
[1.706s] -- Up-to-date symlink: /root/training_ws_merge2/src/install/interfaces/lib/python3.12/site-packages/interfaces/action/__init__.py
[1.706s] -- Up-to-date symlink: /root/training_ws_merge2/src/install/interfaces/lib/python3.12/site-packages/interfaces/action/_move.py
[1.707s] -- Up-to-date symlink: /root/training_ws_merge2/src/install/interfaces/lib/python3.12/site-packages/interfaces/action/_move_s.c
[1.707s] -- Up-to-date symlink: /root/training_ws_merge2/src/install/interfaces/lib/python3.12/site-packages/interfaces/interfaces_s__rosidl_typesupport_c.so
[1.707s] -- Up-to-date symlink: /root/training_ws_merge2/src/install/interfaces/lib/python3.12/site-packages/interfaces/interfaces_s__rosidl_typesupport_fastrtps_c.so
[1.707s] -- Up-to-date symlink: /root/training_ws_merge2/src/install/interfaces/lib/python3.12/site-packages/interfaces/interfaces_s__rosidl_typesupport_introspection_c.so
[1.708s] -- Up-to-date symlink: /root/training_ws_merge2/src/install/interfaces/lib/python3.12/site-packages/interfaces/interfaces_s__rosidl_typesupport_fastrtps_c.so
[1.709s] -- Up-to-date symlink: /root/training_ws_merge2/src/install/interfaces/lib/python3.12/site-packages/interfaces/interfaces_s__rosidl_typesupport_introspection_c.so
[1.709s] -- Up-to-date symlink: /root/training_ws_merge2/src/install/interfaces/lib/python3.12/site-packages/interfaces/interfaces_s__rosidl_typesupport_c.so
[1.710s] -- Up-to-date symlink: /root/training_ws_merge2/src/install/interfaces/share/ament_index/resource_index/rust_packages/interfaces
[1.710s] -- Up-to-date symlink: /root/training_ws_merge2/src/install/interfaces/share/interfaces/rust/Cargo.toml
[1.711s] -- Up-to-date symlink: /root/training_ws_merge2/src/install/interfaces/share/interfaces/rust/build.rs
[1.711s] -- Up-to-date symlink: /root/training_ws_merge2/src/install/interfaces/share/interfaces/rust/src/action.rs
[1.711s] -- Up-to-date symlink: /root/training_ws_merge2/src/install/interfaces/share/interfaces/rust/src/action/rmw.rs
[1.711s] -- Up-to-date symlink: /root/training_ws_merge2/src/install/interfaces/share/interfaces/rust/src/lib.rs
[1.712s] -- Up-to-date symlink: /root/training_ws_merge2/src/install/interfaces/share/interfaces/action/Move.idl
[1.712s] -- Up-to-date symlink: /root/training_ws_merge2/src/install/interfaces/share/interfaces/action/Move.action
[1.712s] -- Up-to-date symlink: /root/training_ws_merge2/src/install/interfaces/share/ament_index/resource_index/package_run_dependencies/interfaces
[1.713s] -- Up-to-date symlink: /root/training_ws_merge2/src/install/interfaces/share/ament_index/resource_index/parent_prefix_path/interfaces
[1.713s] -- Up-to-date symlink: /root/training_ws_merge2/src/install/interfaces/share/interfaces/environment/ament_prefix_path.sh
[1.714s] -- Up-to-date symlink: /root/training_ws_merge2/src/install/interfaces/share/interfaces/environment/ament_prefix_path.dsv
[1.714s] -- Up-to-date symlink: /root/training_ws_merge2/src/install/interfaces/share/interfaces/environment/path.sh
[1.715s] -- Up-to-date symlink: /root/training_ws_merge2/src/install/interfaces/share/interfaces/environment/path.dsv
[1.716s] -- Up-to-date symlink: /root/training_ws_merge2/src/install/interfaces/share/interfaces/local_setup.bash
[1.716s] -- Up-to-date symlink: /root/training_ws_merge2/src/install/interfaces/share/interfaces/local_setup.sh
[1.716s] -- Up-to-date symlink: /root/training_ws_merge2/src/install/interfaces/share/interfaces/local_setup.zsh
[1.716s] -- Up-to-date symlink: /root/training_ws_merge2/src/install/interfaces/share/interfaces/local_setup.dsv
[1.717s] -- Symlinking: /root/training_ws_merge2/src/install/interfaces/share/interfaces/package.dsv
[1.738s] -- Up-to-date symlink: /root/training_ws_merge2/src/install/interfaces/share/ament_index/resource_index/packages/interfaces
[1.739s] -- Up-to-date symlink: /root/training_ws_merge2/src/install/interfaces/share/interfaces/cmake/rosidl_cmake-extras.cmake
[1.739s] -- Up-to-date symlink: /root/training_ws_merge2/src/install/interfaces/share/interfaces/cmake/ament_cmake_export_dependencies-extras.cmake
[1.740s] -- Up-to-date symlink: /root/training_ws_merge2/src/install/interfaces/share/interfaces/cmake/ament_cmake_export_include_directories-extras.cmake
[1.740s] -- Up-to-date symlink: /root/training_ws_merge2/src/install/interfaces/share/interfaces/cmake/ament_cmake_export_libraries-extras.cmake
[1.740s] -- Up-to-date symlink: /root/training_ws_merge2/src/install/interfaces/share/interfaces/cmake/ament_cmake_export_targets-extras.cmake
[1.740s] -- Up-to-date symlink: /root/training_ws_merge2/src/install/interfaces/share/interfaces/cmake/rosidl_cmake_export_typesupport_targets-extras.cmake
[1.741s] -- Up-to-date symlink: /root/training_ws_merge2/src/install/interfaces/share/interfaces/cmake/rosidl_cmake_export_typesupport_libraries-extras.cmake
[1.741s] -- Up-to-date symlink: /root/training_ws_merge2/src/install/interfaces/share/interfaces/cmake/rosidl_cmake_aggregate_target-extras.cmake
[1.741s] -- Up-to-date symlink: /root/training_ws_merge2/src/install/interfaces/share/interfaces/cmake/interfacesConfig.cmake
[1.741s] -- Up-to-date symlink: /root/training_ws_merge2/src/install/interfaces/share/interfaces/cmake/interfacesConfig-version.cmake
[1.742s] -- Up-to-date symlink: /root/training_ws_merge2/src/install/interfaces/share/interfaces/package.xml
[1.742s] -- Up-to-date: /root/training_ws_merge2/src/install/interfaces/lib/libinterfaces__rosidl_generator_c.so
[1.743s] -- Up-to-date: /root/training_ws_merge2/src/install/interfaces/lib/libinterfaces__rosidl_typesupport_fastrtps_c.so
[1.743s] -- Up-to-date: /root/training_ws_merge2/src/install/interfaces/lib/libinterfaces__rosidl_typesupport_introspection_c.so
[1.744s] -- Up-to-date: /root/training_ws_merge2/src/install/interfaces/lib/libinterfaces__rosidl_typesupport_c.so
[1.744s] -- Up-to-date: /root/training_ws_merge2/src/install/interfaces/lib/libinterfaces__rosidl_typesupport_fastrtps_cpp.so
[1.745s] -- Up-to-date: /root/training_ws_merge2/src/install/interfaces/lib/libinterfaces__rosidl_typesupport_introspection_cpp.so
[1.745s] -- Up-to-date: /root/training_ws_merge2/src/install/interfaces/lib/libinterfaces__rosidl_typesupport_cpp.so
[1.823s] Listing '/root/training_ws_merge2/src/install/interfaces/lib/python3.12/site-packages/interfaces'...
[1.823s] Listing '/root/training_ws_merge2/src/install/interfaces/lib/python3.12/site-packages/interfaces/action'...
[1.835s] -- Up-to-date: /root/training_ws_merge2/src/install/interfaces/lib/libinterfaces__rosidl_generator_py.so
[1.836s] -- Up-to-date: /root/training_ws_merge2/src/install/interfaces/share/interfaces/cmake/export_interfaces__rosidl_generator_cExport.cmake
[1.836s] -- Up-to-date: /root/training_ws_merge2/src/install/interfaces/share/interfaces/cmake/export_interfaces__rosidl_generator_cExport-noconfig.cmake
[1.836s] -- Up-to-date: /root/training_ws_merge2/src/install/interfaces/share/interfaces/cmake/export_interfaces__rosidl_typesupport_fastrtps_cExport.cmake
[1.836s] -- Up-to-date: /root/training_ws_merge2/src/install/interfaces/share/interfaces/cmake/export_interfaces__rosidl_typesupport_fastrtps_cExport-noconfig.cmake
[1.837s] -- Up-to-date: /root/training_ws_merge2/src/install/interfaces/share/interfaces/cmake/interfaces__rosidl_typesupport_introspection_cExport.cmake
[1.837s] -- Up-to-date: /root/training_ws_merge2/src/install/interfaces/share/interfaces/cmake/interfaces__rosidl_typesupport_introspection_cExport-noconfig.cmake
[1.837s] -- Up-to-date: /root/training_ws_merge2/src/install/interfaces/share/interfaces/cmake/interfaces__rosidl_typesupport_cExport.cmake
[1.837s] -- Up-to-date: /root/training_ws_merge2/src/install/interfaces/share/interfaces/cmake/interfaces__rosidl_typesupport_cExport-noconfig.cmake
[1.837s] -- Up-to-date: /root/training_ws_merge2/src/install/interfaces/share/interfaces/cmake/export_interfaces__rosidl_generator_cppExport.cmake
[1.837s] -- Up-to-date: /root/training_ws_merge2/src/install/interfaces/share/interfaces/cmake/export_interfaces__rosidl_typesupport_fastrtps_cppExport.cmake
[1.838s] -- Up-to-date: /root/training_ws_merge2/src/install/interfaces/share/interfaces/cmake/export_interfaces__rosidl_typesupport_fastrtps_cppExport-noconfig.cmake
[1.838s] -- Up-to-date: /root/training_ws_merge2/src/install/interfaces/share/interfaces/cmake/interfaces__rosidl_typesupport_introspection_cppExport.cmake
[1.838s] -- Up-to-date: /root/training_ws_merge2/src/install/interfaces/share/interfaces/cmake/interfaces__rosidl_typesupport_introspection_cppExport-noconfig.cmake
[1.838s] -- Up-to-date: /root/training_ws_merge2/src/install/interfaces/share/interfaces/cmake/interfaces__rosidl_typesupport_cppExport.cmake
[1.838s] -- Up-to-date: /root/training_ws_merge2/src/install/interfaces/share/interfaces/cmake/interfaces__rosidl_typesupport_cppExport-noconfig.cmake
[1.838s] -- Up-to-date: /root/training_ws_merge2/src/install/interfaces/share/interfaces/cmake/export_interfaces__rosidl_generator_pyExport.cmake
[1.839s] -- Up-to-date: /root/training_ws_merge2/src/install/interfaces/share/interfaces/cmake/export_interfaces__rosidl_generator_pyExport-noconfig.cmake
[1.843s] Invoked command in '/root/training_ws_merge2/src/build/interfaces' returned '0': CMAKE_PREFIX_PATH=${CMAKE_PREFIX_PATH}:/root/training_ws_merge2/src/install/maze_control:/root/training_ws_merge2/src/install/mazeSolve_pkg:/root/training_ws_merge2/install/maze_control:/root/training_ws_merge2/install/mazeSolve_pkg:/root/training_ws/install/mazeSolve_pkg:/opt/ros/jazzy /usr/bin/cmake --install /root/training_ws_merge2/src/build/interfaces
